[0.004s][info][gc,init] CardTable entry size: 512
[0.004s][info][gc     ] Using Parallel
[0.006s][info][gc,init] Version: 21.0.7+6-LTS (release)
[0.006s][info][gc,init] CPUs: 8 total, 8 available
[0.006s][info][gc,init] Memory: 15994M
[0.006s][info][gc,init] Large Page Support: Disabled
[0.006s][info][gc,init] NUMA Support: Disabled
[0.006s][info][gc,init] Compressed Oops: Enabled (Zero based)
[0.006s][info][gc,init] Alignments: Space 512K, Generation 512K, Heap 2M
[0.006s][info][gc,init] Heap Min Capacity: 2054M
[0.006s][info][gc,init] Heap Initial Capacity: 2054M
[0.006s][info][gc,init] Heap Max Capacity: 5G
[0.006s][info][gc,init] Pre-touch: Disabled
[0.006s][info][gc,init] Parallel Workers: 4
[0.018s][info][gc,metaspace] CDS archive(s) mapped at: [0x0000768ae9000000-0x0000768ae9c97000-0x0000768ae9c97000), size 13201408, SharedBaseAddress: 0x0000768ae9000000, ArchiveRelocationMode: 1.
[0.018s][info][gc,metaspace] Compressed class space mapped at: 0x0000768aea000000-0x0000768b2a000000, reserved size: 1073741824
[0.018s][info][gc,metaspace] Narrow klass base: 0x0000768ae9000000, Narrow klass shift: 0, Narrow klass range: 0x100000000
[0.228s][info][safepoint   ] Safepoint "ICBufferFull", Time since last: 201773724 ns, Reaching safepoint: 4700 ns, Cleanup: 78002 ns, At safepoint: 9800 ns, Total: 92502 ns
[0.329s][info][safepoint   ] Safepoint "RedefineClasses", Time since last: 95660365 ns, Reaching safepoint: 4600 ns, Cleanup: 53001 ns, At safepoint: 5497502 ns, Total: 5555103 ns
[0.398s][info][safepoint   ] Safepoint "JFRCheckpoint", Time since last: 69086275 ns, Reaching safepoint: 75501 ns, Cleanup: 55401 ns, At safepoint: 13701 ns, Total: 144603 ns
[1.121s][info][safepoint   ] Safepoint "ICBufferFull", Time since last: 722367932 ns, Reaching safepoint: 3200 ns, Cleanup: 87301 ns, At safepoint: 2201 ns, Total: 92702 ns
[1.658s][info][safepoint   ] Safepoint "ICBufferFull", Time since last: 537094912 ns, Reaching safepoint: 5900 ns, Cleanup: 119303 ns, At safepoint: 9000 ns, Total: 134203 ns
[1.845s][info][gc,start    ] GC(0) Pause Young (Metadata GC Threshold)
[1.865s][debug][gc,phases   ] GC(0) Scavenge 20.165ms
[1.865s][debug][gc,ref      ] GC(0) ReferenceProcessor::execute queues: 2, RefProcThreadModel::Multi, marks_oops_alive: false
[1.866s][debug][gc,ref      ] GC(0) ReferenceProcessor::execute queues: 4, RefProcThreadModel::Multi, marks_oops_alive: true
[1.866s][debug][gc,ref      ] GC(0) ReferenceProcessor::execute queues: 1, RefProcThreadModel::Single, marks_oops_alive: false
[1.866s][debug][gc,phases   ] GC(0) Reference Processing 0.378ms
[1.866s][debug][gc,phases   ] GC(0)   VM Weak                        Min:  0.0, Avg:  0.0, Max:  0.0, Diff:  0.0, Sum:  0.0, Workers: 4
[1.866s][debug][gc,phases   ] GC(0)     Dead                           Min: 0, Avg:  0.0, Max: 0, Diff: 0, Sum: 0, Workers: 4
[1.866s][debug][gc,phases   ] GC(0)     Total                          Min: 0, Avg: 59.5, Max: 128, Diff: 128, Sum: 238, Workers: 4
[1.866s][debug][gc,phases   ] GC(0)   ObjectSynchronizer Weak        Min:  0.0, Avg:  0.0, Max:  0.0, Diff:  0.0, Sum:  0.0, Workers: 4
[1.866s][debug][gc,phases   ] GC(0)     Dead                           Min: 0, Avg:  0.0, Max: 0, Diff: 0, Sum: 0, Workers: 4
[1.866s][debug][gc,phases   ] GC(0)     Total                          Min: 0, Avg:  1.8, Max: 7, Diff: 7, Sum: 7, Workers: 4
[1.866s][debug][gc,phases   ] GC(0)   JVMTI Tag Weak OopStorage      Min:  0.0, Avg:  0.0, Max:  0.0, Diff:  0.0, Sum:  0.0, Workers: 4
[1.866s][debug][gc,phases   ] GC(0)     Dead                           Min: 0, Avg:  0.0, Max: 0, Diff: 0, Sum: 0, Workers: 4
[1.866s][debug][gc,phases   ] GC(0)     Total                          Min: 0, Avg:  0.0, Max: 0, Diff: 0, Sum: 0, Workers: 4
[1.866s][debug][gc,phases   ] GC(0)   StringTable Weak               Min:  0.1, Avg:  0.1, Max:  0.1, Diff:  0.0, Sum:  0.2, Workers: 4
[1.866s][debug][gc,phases   ] GC(0)     Dead                           Min: 1, Avg:  7.8, Max: 18, Diff: 17, Sum: 31, Workers: 4
[1.866s][debug][gc,phases   ] GC(0)     Total                          Min: 1536, Avg: 1994.8, Max: 2560, Diff: 1024, Sum: 7979, Workers: 4
[1.866s][debug][gc,phases   ] GC(0)   ResolvedMethodTable Weak       Min:  0.0, Avg:  0.0, Max:  0.0, Diff:  0.0, Sum:  0.1, Workers: 4
[1.866s][debug][gc,phases   ] GC(0)     Dead                           Min: 52, Avg: 95.2, Max: 144, Diff: 92, Sum: 381, Workers: 4
[1.866s][debug][gc,phases   ] GC(0)     Total                          Min: 384, Avg: 466.5, Max: 522, Diff: 138, Sum: 1866, Workers: 4
[1.866s][debug][gc,phases   ] GC(0)   JNI Weak                       Min:  0.0, Avg:  0.0, Max:  0.0, Diff:  0.0, Sum:  0.0, Workers: 4
[1.866s][debug][gc,phases   ] GC(0)     Dead                           Min: 0, Avg:  0.0, Max: 0, Diff: 0, Sum: 0, Workers: 4
[1.866s][debug][gc,phases   ] GC(0)     Total                          Min: 0, Avg: 12.0, Max: 48, Diff: 48, Sum: 48, Workers: 4
[1.866s][debug][gc,phases   ] GC(0)   StringDedup Table Weak         Min:  0.0, Avg:  0.0, Max:  0.0, Diff:  0.0, Sum:  0.0, Workers: 4
[1.866s][debug][gc,phases   ] GC(0)     Dead                           Min: 0, Avg:  0.0, Max: 0, Diff: 0, Sum: 0, Workers: 4
[1.866s][debug][gc,phases   ] GC(0)     Total                          Min: 0, Avg:  0.0, Max: 0, Diff: 0, Sum: 0, Workers: 4
[1.866s][debug][gc,phases   ] GC(0)   StringDedup Requests0 Weak     Min:  0.0, Avg:  0.0, Max:  0.0, Diff:  0.0, Sum:  0.0, Workers: 4
[1.866s][debug][gc,phases   ] GC(0)     Dead                           Min: 0, Avg:  0.0, Max: 0, Diff: 0, Sum: 0, Workers: 4
[1.866s][debug][gc,phases   ] GC(0)     Total                          Min: 0, Avg:  0.0, Max: 0, Diff: 0, Sum: 0, Workers: 4
[1.866s][debug][gc,phases   ] GC(0)   StringDedup Requests1 Weak     Min:  0.0, Avg:  0.0, Max:  0.0, Diff:  0.0, Sum:  0.0, Workers: 4
[1.866s][debug][gc,phases   ] GC(0)     Dead                           Min: 0, Avg:  0.0, Max: 0, Diff: 0, Sum: 0, Workers: 4
[1.866s][debug][gc,phases   ] GC(0)     Total                          Min: 0, Avg:  0.0, Max: 0, Diff: 0, Sum: 0, Workers: 4
[1.866s][debug][gc,phases   ] GC(0)   Weak JFR Old Object Samples    Min:  0.0, Avg:  0.0, Max:  0.0, Diff:  0.0, Sum:  0.0, Workers: 4
[1.866s][debug][gc,phases   ] GC(0)     Dead                           Min: 0, Avg:  0.0, Max: 0, Diff: 0, Sum: 0, Workers: 4
[1.866s][debug][gc,phases   ] GC(0)     Total                          Min: 0, Avg:  0.0, Max: 0, Diff: 0, Sum: 0, Workers: 4
[1.866s][debug][gc,phases   ] GC(0) Weak Processing 0.246ms
[1.866s][debug][gc,age      ] GC(0) Desired survivor size 536870912 bytes, new threshold 7 (max threshold 15)
[1.866s][info ][gc,heap     ] GC(0) PSYoungGen: 393195K(1572864K)->37847K(1572864K) Eden: 393195K(1048576K)->0K(1048576K) From: 0K(524288K)->37847K(524288K)
[1.866s][info ][gc,heap     ] GC(0) ParOldGen: 1073K(6144K)->1145K(6144K)
[1.866s][info ][gc,metaspace] GC(0) Metaspace: 21143K(21504K)->21143K(21504K) NonClass: 18822K(19008K)->18822K(19008K) Class: 2321K(2496K)->2321K(2496K)
[1.866s][info ][gc          ] GC(0) Pause Young (Metadata GC Threshold) 385M->38M(1542M) 21.426ms
[1.866s][info ][gc,cpu      ] GC(0) User=0.06s Sys=0.03s Real=0.02s
[1.866s][debug][gc,phases   ] GC(1) Pre Compact 0.014ms
[1.866s][info ][gc,start    ] GC(1) Pause Full (Metadata GC Threshold)
[1.866s][info ][gc,phases,start] GC(1) Marking Phase
[1.879s][debug][gc,phases      ] GC(1) Par Mark 13.108ms
[1.879s][debug][gc,ref         ] GC(1) ReferenceProcessor::execute queues: 2, RefProcThreadModel::Multi, marks_oops_alive: false
[1.879s][debug][gc,ref         ] GC(1) ReferenceProcessor::execute queues: 4, RefProcThreadModel::Multi, marks_oops_alive: true
[1.879s][debug][gc,ref         ] GC(1) ReferenceProcessor::execute queues: 1, RefProcThreadModel::Single, marks_oops_alive: false
[1.879s][debug][gc,phases      ] GC(1) Reference Processing 0.189ms
[1.879s][debug][gc,phases      ] GC(1)   VM Weak                        Min:  0.0, Avg:  0.0, Max:  0.0, Diff:  0.0, Sum:  0.0, Workers: 4
[1.880s][debug][gc,phases      ] GC(1)     Dead                           Min: 0, Avg:  0.0, Max: 0, Diff: 0, Sum: 0, Workers: 4
[1.880s][debug][gc,phases      ] GC(1)     Total                          Min: 0, Avg: 59.5, Max: 174, Diff: 174, Sum: 238, Workers: 4
[1.880s][debug][gc,phases      ] GC(1)   ObjectSynchronizer Weak        Min:  0.0, Avg:  0.0, Max:  0.0, Diff:  0.0, Sum:  0.0, Workers: 4
[1.880s][debug][gc,phases      ] GC(1)     Dead                           Min: 0, Avg:  0.0, Max: 0, Diff: 0, Sum: 0, Workers: 4
[1.880s][debug][gc,phases      ] GC(1)     Total                          Min: 0, Avg:  1.8, Max: 7, Diff: 7, Sum: 7, Workers: 4
[1.880s][debug][gc,phases      ] GC(1)   JVMTI Tag Weak OopStorage      Min:  0.0, Avg:  0.0, Max:  0.0, Diff:  0.0, Sum:  0.0, Workers: 4
[1.880s][debug][gc,phases      ] GC(1)     Dead                           Min: 0, Avg:  0.0, Max: 0, Diff: 0, Sum: 0, Workers: 4
[1.880s][debug][gc,phases      ] GC(1)     Total                          Min: 0, Avg:  0.0, Max: 0, Diff: 0, Sum: 0, Workers: 4
[1.880s][debug][gc,phases      ] GC(1)   StringTable Weak               Min:  0.0, Avg:  0.0, Max:  0.0, Diff:  0.0, Sum:  0.1, Workers: 4
[1.880s][debug][gc,phases      ] GC(1)     Dead                           Min: 0, Avg:  0.0, Max: 0, Diff: 0, Sum: 0, Workers: 4
[1.880s][debug][gc,phases      ] GC(1)     Total                          Min: 1643, Avg: 1994.8, Max: 2368, Diff: 725, Sum: 7979, Workers: 4
[1.880s][debug][gc,phases      ] GC(1)   ResolvedMethodTable Weak       Min:  0.0, Avg:  0.0, Max:  0.0, Diff:  0.0, Sum:  0.0, Workers: 4
[1.880s][debug][gc,phases      ] GC(1)     Dead                           Min: 0, Avg:  0.0, Max: 0, Diff: 0, Sum: 0, Workers: 4
[1.880s][debug][gc,phases      ] GC(1)     Total                          Min: 384, Avg: 466.5, Max: 576, Diff: 192, Sum: 1866, Workers: 4
[1.880s][debug][gc,phases      ] GC(1)   JNI Weak                       Min:  0.0, Avg:  0.0, Max:  0.0, Diff:  0.0, Sum:  0.0, Workers: 4
[1.880s][debug][gc,phases      ] GC(1)     Dead                           Min: 0, Avg:  0.0, Max: 0, Diff: 0, Sum: 0, Workers: 4
[1.880s][debug][gc,phases      ] GC(1)     Total                          Min: 0, Avg: 12.0, Max: 48, Diff: 48, Sum: 48, Workers: 4
[1.880s][debug][gc,phases      ] GC(1)   StringDedup Table Weak         Min:  0.0, Avg:  0.0, Max:  0.0, Diff:  0.0, Sum:  0.0, Workers: 4
[1.880s][debug][gc,phases      ] GC(1)     Dead                           Min: 0, Avg:  0.0, Max: 0, Diff: 0, Sum: 0, Workers: 4
[1.880s][debug][gc,phases      ] GC(1)     Total                          Min: 0, Avg:  0.0, Max: 0, Diff: 0, Sum: 0, Workers: 4
[1.880s][debug][gc,phases      ] GC(1)   StringDedup Requests0 Weak     Min:  0.0, Avg:  0.0, Max:  0.0, Diff:  0.0, Sum:  0.0, Workers: 4
[1.880s][debug][gc,phases      ] GC(1)     Dead                           Min: 0, Avg:  0.0, Max: 0, Diff: 0, Sum: 0, Workers: 4
[1.880s][debug][gc,phases      ] GC(1)     Total                          Min: 0, Avg:  0.0, Max: 0, Diff: 0, Sum: 0, Workers: 4
[1.880s][debug][gc,phases      ] GC(1)   StringDedup Requests1 Weak     Min:  0.0, Avg:  0.0, Max:  0.0, Diff:  0.0, Sum:  0.0, Workers: 4
[1.880s][debug][gc,phases      ] GC(1)     Dead                           Min: 0, Avg:  0.0, Max: 0, Diff: 0, Sum: 0, Workers: 4
[1.880s][debug][gc,phases      ] GC(1)     Total                          Min: 0, Avg:  0.0, Max: 0, Diff: 0, Sum: 0, Workers: 4
[1.880s][debug][gc,phases      ] GC(1)   Weak JFR Old Object Samples    Min:  0.0, Avg:  0.0, Max:  0.0, Diff:  0.0, Sum:  0.0, Workers: 4
[1.880s][debug][gc,phases      ] GC(1)     Dead                           Min: 0, Avg:  0.0, Max: 0, Diff: 0, Sum: 0, Workers: 4
[1.880s][debug][gc,phases      ] GC(1)     Total                          Min: 0, Avg:  0.0, Max: 0, Diff: 0, Sum: 0, Workers: 4
[1.880s][debug][gc,phases      ] GC(1) Weak Processing 0.218ms
[1.880s][debug][gc,phases      ] GC(1) ClassLoaderData 0.035ms
[1.880s][debug][gc,phases      ] GC(1) Trigger cleanups 0.000ms
[1.885s][debug][gc,phases      ] GC(1) Purge Unlinked NMethods 0.002ms
[1.885s][debug][gc,phases      ] GC(1) Unregister NMethods 0.055ms
[1.885s][debug][gc,phases      ] GC(1) Free Code Blobs 0.004ms
[1.885s][debug][gc,phases      ] GC(1) Class Unloading 5.474ms
[1.885s][debug][gc,phases      ] GC(1) Report Object Count 0.001ms
[1.885s][info ][gc,phases      ] GC(1) Marking Phase 19.053ms
[1.885s][info ][gc,phases,start] GC(1) Summary Phase
[1.885s][info ][gc,phases      ] GC(1) Summary Phase 0.005ms
[1.885s][info ][gc,phases,start] GC(1) Adjust Roots
[1.891s][info ][gc,phases      ] GC(1) Adjust Roots 5.399ms
[1.891s][info ][gc,phases,start] GC(1) Compaction Phase
[1.911s][info ][gc,phases      ] GC(1) Compaction Phase 20.437ms
[1.911s][info ][gc,phases,start] GC(1) Post Compact
[1.913s][debug][gc,phases      ] GC(1) Purge Class Loader Data 0.993ms
[1.913s][info ][gc,phases      ] GC(1) Post Compact 2.247ms
[1.913s][info ][gc,heap        ] GC(1) PSYoungGen: 37847K(1572864K)->33019K(1572864K) Eden: 0K(1048576K)->0K(1048576K) From: 37847K(524288K)->33019K(524288K)
[1.913s][info ][gc,heap        ] GC(1) ParOldGen: 1145K(6144K)->5668K(6144K)
[1.913s][info ][gc,metaspace   ] GC(1) Metaspace: 21143K(21504K)->21143K(21504K) NonClass: 18822K(19008K)->18822K(19008K) Class: 2321K(2496K)->2321K(2496K)
[1.913s][info ][gc             ] GC(1) Pause Full (Metadata GC Threshold) 38M->37M(1542M) 47.285ms
[1.913s][info ][gc,cpu         ] GC(1) User=0.13s Sys=0.01s Real=0.05s
[1.913s][info ][safepoint      ] Safepoint "CollectForMetadataAllocation", Time since last: 186288438 ns, Reaching safepoint: 5700 ns, Cleanup: 73601 ns, At safepoint: 68851471 ns, Total: 68930772 ns
[2.297s][info ][safepoint      ] Safepoint "ICBufferFull", Time since last: 383076470 ns, Reaching safepoint: 4700 ns, Cleanup: 127003 ns, At safepoint: 3500 ns, Total: 135203 ns
[2.530s][info ][safepoint      ] Safepoint "ICBufferFull", Time since last: 233410208 ns, Reaching safepoint: 80901 ns, Cleanup: 104402 ns, At safepoint: 8300 ns, Total: 193603 ns
[2.643s][info ][safepoint      ] Safepoint "ICBufferFull", Time since last: 112204371 ns, Reaching safepoint: 5500 ns, Cleanup: 127903 ns, At safepoint: 3300 ns, Total: 136703 ns
[2.977s][info ][safepoint      ] Safepoint "ICBufferFull", Time since last: 334183434 ns, Reaching safepoint: 6800 ns, Cleanup: 142302 ns, At safepoint: 5300 ns, Total: 154402 ns
[3.269s][info ][gc,start       ] GC(2) Pause Young (Metadata GC Threshold)
[3.304s][debug][gc,phases      ] GC(2) Scavenge 35.583ms
[3.305s][debug][gc,ref         ] GC(2) ReferenceProcessor::execute queues: 4, RefProcThreadModel::Multi, marks_oops_alive: false
[3.305s][debug][gc,ref         ] GC(2) ReferenceProcessor::execute queues: 4, RefProcThreadModel::Multi, marks_oops_alive: true
[3.305s][debug][gc,ref         ] GC(2) ReferenceProcessor::execute queues: 2, RefProcThreadModel::Multi, marks_oops_alive: false
[3.305s][debug][gc,phases      ] GC(2) Reference Processing 0.697ms
[3.305s][debug][gc,phases      ] GC(2)   VM Weak                        Min:  0.0, Avg:  0.0, Max:  0.0, Diff:  0.0, Sum:  0.0, Workers: 4
[3.305s][debug][gc,phases      ] GC(2)     Dead                           Min: 0, Avg:  0.0, Max: 0, Diff: 0, Sum: 0, Workers: 4
[3.305s][debug][gc,phases      ] GC(2)     Total                          Min: 0, Avg: 72.2, Max: 289, Diff: 289, Sum: 289, Workers: 4
[3.305s][debug][gc,phases      ] GC(2)   ObjectSynchronizer Weak        Min:  0.0, Avg:  0.0, Max:  0.0, Diff:  0.0, Sum:  0.0, Workers: 4
[3.305s][debug][gc,phases      ] GC(2)     Dead                           Min: 0, Avg:  0.0, Max: 0, Diff: 0, Sum: 0, Workers: 4
[3.305s][debug][gc,phases      ] GC(2)     Total                          Min: 0, Avg:  1.8, Max: 7, Diff: 7, Sum: 7, Workers: 4
[3.305s][debug][gc,phases      ] GC(2)   JVMTI Tag Weak OopStorage      Min:  0.0, Avg:  0.0, Max:  0.0, Diff:  0.0, Sum:  0.0, Workers: 4
[3.305s][debug][gc,phases      ] GC(2)     Dead                           Min: 0, Avg:  0.0, Max: 0, Diff: 0, Sum: 0, Workers: 4
[3.305s][debug][gc,phases      ] GC(2)     Total                          Min: 0, Avg:  0.0, Max: 0, Diff: 0, Sum: 0, Workers: 4
[3.305s][debug][gc,phases      ] GC(2)   StringTable Weak               Min:  0.1, Avg:  0.1, Max:  0.1, Diff:  0.0, Sum:  0.4, Workers: 4
[3.305s][debug][gc,phases      ] GC(2)     Dead                           Min: 1, Avg:  2.8, Max: 6, Diff: 5, Sum: 11, Workers: 4
[3.305s][debug][gc,phases      ] GC(2)     Total                          Min: 2560, Avg: 3681.5, Max: 4416, Diff: 1856, Sum: 14726, Workers: 4
[3.305s][debug][gc,phases      ] GC(2)   ResolvedMethodTable Weak       Min:  0.0, Avg:  0.0, Max:  0.0, Diff:  0.0, Sum:  0.1, Workers: 4
[3.306s][debug][gc,phases      ] GC(2)     Dead                           Min: 376, Avg: 434.2, Max: 491, Diff: 115, Sum: 1737, Workers: 4
[3.306s][debug][gc,phases      ] GC(2)     Total                          Min: 768, Avg: 1195.8, Max: 1408, Diff: 640, Sum: 4783, Workers: 4
[3.306s][debug][gc,phases      ] GC(2)   JNI Weak                       Min:  0.0, Avg:  0.0, Max:  0.0, Diff:  0.0, Sum:  0.0, Workers: 4
[3.306s][debug][gc,phases      ] GC(2)     Dead                           Min: 0, Avg:  0.0, Max: 0, Diff: 0, Sum: 0, Workers: 4
[3.306s][debug][gc,phases      ] GC(2)     Total                          Min: 0, Avg: 12.2, Max: 49, Diff: 49, Sum: 49, Workers: 4
[3.306s][debug][gc,phases      ] GC(2)   StringDedup Table Weak         Min:  0.0, Avg:  0.0, Max:  0.0, Diff:  0.0, Sum:  0.0, Workers: 4
[3.306s][debug][gc,phases      ] GC(2)     Dead                           Min: 0, Avg:  0.0, Max: 0, Diff: 0, Sum: 0, Workers: 4
[3.306s][debug][gc,phases      ] GC(2)     Total                          Min: 0, Avg:  0.0, Max: 0, Diff: 0, Sum: 0, Workers: 4
[3.306s][debug][gc,phases      ] GC(2)   StringDedup Requests0 Weak     Min:  0.0, Avg:  0.0, Max:  0.0, Diff:  0.0, Sum:  0.0, Workers: 4
[3.306s][debug][gc,phases      ] GC(2)     Dead                           Min: 0, Avg:  0.0, Max: 0, Diff: 0, Sum: 0, Workers: 4
[3.306s][debug][gc,phases      ] GC(2)     Total                          Min: 0, Avg:  0.0, Max: 0, Diff: 0, Sum: 0, Workers: 4
[3.306s][debug][gc,phases      ] GC(2)   StringDedup Requests1 Weak     Min:  0.0, Avg:  0.0, Max:  0.0, Diff:  0.0, Sum:  0.0, Workers: 4
[3.306s][debug][gc,phases      ] GC(2)     Dead                           Min: 0, Avg:  0.0, Max: 0, Diff: 0, Sum: 0, Workers: 4
[3.306s][debug][gc,phases      ] GC(2)     Total                          Min: 0, Avg:  0.0, Max: 0, Diff: 0, Sum: 0, Workers: 4
[3.306s][debug][gc,phases      ] GC(2)   Weak JFR Old Object Samples    Min:  0.0, Avg:  0.0, Max:  0.0, Diff:  0.0, Sum:  0.0, Workers: 4
[3.306s][debug][gc,phases      ] GC(2)     Dead                           Min: 0, Avg:  0.0, Max: 0, Diff: 0, Sum: 0, Workers: 4
[3.306s][debug][gc,phases      ] GC(2)     Total                          Min: 0, Avg:  0.0, Max: 0, Diff: 0, Sum: 0, Workers: 4
[3.306s][debug][gc,phases      ] GC(2) Weak Processing 0.334ms
[3.306s][debug][gc,age         ] GC(2) Desired survivor size 536870912 bytes, new threshold 7 (max threshold 15)
[3.306s][info ][gc,heap        ] GC(2) PSYoungGen: 578287K(1572864K)->55984K(1572864K) Eden: 545268K(1048576K)->0K(1048576K) From: 33019K(524288K)->55984K(524288K)
[3.306s][info ][gc,heap        ] GC(2) ParOldGen: 5668K(6144K)->5676K(6144K)
[3.306s][info ][gc,metaspace   ] GC(2) Metaspace: 35337K(35840K)->35337K(35840K) NonClass: 30829K(31104K)->30829K(31104K) Class: 4508K(4736K)->4508K(4736K)
[3.306s][info ][gc             ] GC(2) Pause Young (Metadata GC Threshold) 570M->60M(1542M) 36.763ms
[3.306s][info ][gc,cpu         ] GC(2) User=0.10s Sys=0.04s Real=0.03s
[3.306s][debug][gc,phases      ] GC(3) Pre Compact 0.009ms
[3.306s][info ][gc,start       ] GC(3) Pause Full (Metadata GC Threshold)
[3.306s][info ][gc,phases,start] GC(3) Marking Phase
[3.334s][debug][gc,phases      ] GC(3) Par Mark 27.898ms
[3.334s][debug][gc,ref         ] GC(3) ReferenceProcessor::execute queues: 4, RefProcThreadModel::Multi, marks_oops_alive: false
[3.334s][debug][gc,ref         ] GC(3) ReferenceProcessor::execute queues: 4, RefProcThreadModel::Multi, marks_oops_alive: true
[3.334s][debug][gc,ref         ] GC(3) ReferenceProcessor::execute queues: 1, RefProcThreadModel::Single, marks_oops_alive: false
[3.334s][debug][gc,phases      ] GC(3) Reference Processing 0.455ms
[3.334s][debug][gc,phases      ] GC(3)   VM Weak                        Min:  0.0, Avg:  0.0, Max:  0.0, Diff:  0.0, Sum:  0.0, Workers: 4
[3.334s][debug][gc,phases      ] GC(3)     Dead                           Min: 0, Avg:  0.0, Max: 0, Diff: 0, Sum: 0, Workers: 4
[3.334s][debug][gc,phases      ] GC(3)     Total                          Min: 0, Avg: 72.2, Max: 128, Diff: 128, Sum: 289, Workers: 4
[3.334s][debug][gc,phases      ] GC(3)   ObjectSynchronizer Weak        Min:  0.0, Avg:  0.0, Max:  0.0, Diff:  0.0, Sum:  0.0, Workers: 4
[3.334s][debug][gc,phases      ] GC(3)     Dead                           Min: 0, Avg:  0.0, Max: 0, Diff: 0, Sum: 0, Workers: 4
[3.334s][debug][gc,phases      ] GC(3)     Total                          Min: 0, Avg:  1.8, Max: 7, Diff: 7, Sum: 7, Workers: 4
[3.334s][debug][gc,phases      ] GC(3)   JVMTI Tag Weak OopStorage      Min:  0.0, Avg:  0.0, Max:  0.0, Diff:  0.0, Sum:  0.0, Workers: 4
[3.334s][debug][gc,phases      ] GC(3)     Dead                           Min: 0, Avg:  0.0, Max: 0, Diff: 0, Sum: 0, Workers: 4
[3.334s][debug][gc,phases      ] GC(3)     Total                          Min: 0, Avg:  0.0, Max: 0, Diff: 0, Sum: 0, Workers: 4
[3.334s][debug][gc,phases      ] GC(3)   StringTable Weak               Min:  0.1, Avg:  0.1, Max:  0.1, Diff:  0.0, Sum:  0.2, Workers: 4
[3.334s][debug][gc,phases      ] GC(3)     Dead                           Min: 0, Avg:  0.0, Max: 0, Diff: 0, Sum: 0, Workers: 4
[3.334s][debug][gc,phases      ] GC(3)     Total                          Min: 3328, Avg: 3681.5, Max: 3974, Diff: 646, Sum: 14726, Workers: 4
[3.334s][debug][gc,phases      ] GC(3)   ResolvedMethodTable Weak       Min:  0.0, Avg:  0.0, Max:  0.0, Diff:  0.0, Sum:  0.1, Workers: 4
[3.334s][debug][gc,phases      ] GC(3)     Dead                           Min: 0, Avg:  0.0, Max: 0, Diff: 0, Sum: 0, Workers: 4
[3.334s][debug][gc,phases      ] GC(3)     Total                          Min: 1024, Avg: 1195.8, Max: 1344, Diff: 320, Sum: 4783, Workers: 4
[3.334s][debug][gc,phases      ] GC(3)   JNI Weak                       Min:  0.0, Avg:  0.0, Max:  0.0, Diff:  0.0, Sum:  0.0, Workers: 4
[3.334s][debug][gc,phases      ] GC(3)     Dead                           Min: 0, Avg:  0.0, Max: 0, Diff: 0, Sum: 0, Workers: 4
[3.334s][debug][gc,phases      ] GC(3)     Total                          Min: 0, Avg: 12.2, Max: 49, Diff: 49, Sum: 49, Workers: 4
[3.334s][debug][gc,phases      ] GC(3)   StringDedup Table Weak         Min:  0.0, Avg:  0.0, Max:  0.0, Diff:  0.0, Sum:  0.0, Workers: 4
[3.334s][debug][gc,phases      ] GC(3)     Dead                           Min: 0, Avg:  0.0, Max: 0, Diff: 0, Sum: 0, Workers: 4
[3.334s][debug][gc,phases      ] GC(3)     Total                          Min: 0, Avg:  0.0, Max: 0, Diff: 0, Sum: 0, Workers: 4
[3.334s][debug][gc,phases      ] GC(3)   StringDedup Requests0 Weak     Min:  0.0, Avg:  0.0, Max:  0.0, Diff:  0.0, Sum:  0.0, Workers: 4
[3.334s][debug][gc,phases      ] GC(3)     Dead                           Min: 0, Avg:  0.0, Max: 0, Diff: 0, Sum: 0, Workers: 4
[3.334s][debug][gc,phases      ] GC(3)     Total                          Min: 0, Avg:  0.0, Max: 0, Diff: 0, Sum: 0, Workers: 4
[3.334s][debug][gc,phases      ] GC(3)   StringDedup Requests1 Weak     Min:  0.0, Avg:  0.0, Max:  0.0, Diff:  0.0, Sum:  0.0, Workers: 4
[3.334s][debug][gc,phases      ] GC(3)     Dead                           Min: 0, Avg:  0.0, Max: 0, Diff: 0, Sum: 0, Workers: 4
[3.334s][debug][gc,phases      ] GC(3)     Total                          Min: 0, Avg:  0.0, Max: 0, Diff: 0, Sum: 0, Workers: 4
[3.334s][debug][gc,phases      ] GC(3)   Weak JFR Old Object Samples    Min:  0.0, Avg:  0.0, Max:  0.0, Diff:  0.0, Sum:  0.0, Workers: 4
[3.334s][debug][gc,phases      ] GC(3)     Dead                           Min: 0, Avg:  0.0, Max: 0, Diff: 0, Sum: 0, Workers: 4
[3.334s][debug][gc,phases      ] GC(3)     Total                          Min: 0, Avg:  0.0, Max: 0, Diff: 0, Sum: 0, Workers: 4
[3.334s][debug][gc,phases      ] GC(3) Weak Processing 0.236ms
[3.334s][debug][gc,phases      ] GC(3) ClassLoaderData 0.044ms
[3.334s][debug][gc,phases      ] GC(3) Trigger cleanups 0.000ms
[3.342s][debug][gc,phases      ] GC(3) Purge Unlinked NMethods 0.640ms
[3.343s][debug][gc,phases      ] GC(3) Unregister NMethods 0.094ms
[3.343s][debug][gc,phases      ] GC(3) Free Code Blobs 0.145ms
[3.343s][debug][gc,phases      ] GC(3) Class Unloading 8.390ms
[3.343s][debug][gc,phases      ] GC(3) Report Object Count 0.001ms
[3.343s][info ][gc,phases      ] GC(3) Marking Phase 37.030ms
[3.343s][info ][gc,phases,start] GC(3) Summary Phase
[3.343s][info ][gc,phases      ] GC(3) Summary Phase 0.007ms
[3.343s][info ][gc,phases,start] GC(3) Adjust Roots
[3.348s][info ][gc,phases      ] GC(3) Adjust Roots 5.233ms
[3.348s][info ][gc,phases,start] GC(3) Compaction Phase
[3.556s][info ][gc,phases      ] GC(3) Compaction Phase 208.458ms
[3.556s][info ][gc,phases,start] GC(3) Post Compact
[3.559s][debug][gc,phases      ] GC(3) Purge Class Loader Data 1.353ms
[3.559s][info ][gc,phases      ] GC(3) Post Compact 2.776ms
[3.559s][info ][gc,heap        ] GC(3) PSYoungGen: 55984K(1572864K)->55226K(1572864K) Eden: 0K(1048576K)->0K(1048576K) From: 55984K(524288K)->55226K(524288K)
[3.559s][info ][gc,heap        ] GC(3) ParOldGen: 5676K(6144K)->6108K(6144K)
[3.559s][info ][gc,metaspace   ] GC(3) Metaspace: 35337K(35840K)->35337K(35840K) NonClass: 30829K(31104K)->30829K(31104K) Class: 4508K(4736K)->4508K(4736K)
[3.559s][info ][gc             ] GC(3) Pause Full (Metadata GC Threshold) 60M->59M(1542M) 253.625ms
[3.559s][info ][gc,cpu         ] GC(3) User=0.59s Sys=0.02s Real=0.26s
[3.559s][info ][safepoint      ] Safepoint "CollectForMetadataAllocation", Time since last: 291787063 ns, Reaching safepoint: 76702 ns, Cleanup: 82001 ns, At safepoint: 290522940 ns, Total: 290681643 ns
[3.698s][info ][safepoint      ] Safepoint "ICBufferFull", Time since last: 138183345 ns, Reaching safepoint: 77802 ns, Cleanup: 105401 ns, At safepoint: 8001 ns, Total: 191204 ns
[3.824s][info ][safepoint      ] Safepoint "ICBufferFull", Time since last: 126590339 ns, Reaching safepoint: 78602 ns, Cleanup: 92101 ns, At safepoint: 20201 ns, Total: 190904 ns
[3.896s][info ][safepoint      ] Safepoint "ICBufferFull", Time since last: 71055857 ns, Reaching safepoint: 4900 ns, Cleanup: 100102 ns, At safepoint: 4500 ns, Total: 109502 ns
[4.132s][info ][safepoint      ] Safepoint "ICBufferFull", Time since last: 235995376 ns, Reaching safepoint: 4500 ns, Cleanup: 102801 ns, At safepoint: 2000 ns, Total: 109301 ns
[4.498s][info ][safepoint      ] Safepoint "ICBufferFull", Time since last: 366077278 ns, Reaching safepoint: 5500 ns, Cleanup: 159202 ns, At safepoint: 7101 ns, Total: 171803 ns
[4.677s][info ][safepoint      ] Safepoint "ICBufferFull", Time since last: 178490258 ns, Reaching safepoint: 5100 ns, Cleanup: 101502 ns, At safepoint: 2000 ns, Total: 108602 ns
[5.024s][info ][safepoint      ] Safepoint "ICBufferFull", Time since last: 347564449 ns, Reaching safepoint: 5700 ns, Cleanup: 115602 ns, At safepoint: 2500 ns, Total: 123802 ns
[5.260s][info ][safepoint      ] Safepoint "ICBufferFull", Time since last: 235297964 ns, Reaching safepoint: 6100 ns, Cleanup: 127802 ns, At safepoint: 6700 ns, Total: 140602 ns
[5.749s][info ][gc,start       ] GC(4) Pause Young (Metadata GC Threshold)
[5.800s][debug][gc,phases      ] GC(4) Scavenge 50.180ms
[5.800s][debug][gc,ref         ] GC(4) ReferenceProcessor::execute queues: 4, RefProcThreadModel::Multi, marks_oops_alive: false
[5.800s][debug][gc,ref         ] GC(4) Skipped KeepAliveFinalRefsPhase of Reference Processing: no references
[5.801s][debug][gc,ref         ] GC(4) ReferenceProcessor::execute queues: 4, RefProcThreadModel::Multi, marks_oops_alive: false
[5.801s][debug][gc,phases      ] GC(4) Reference Processing 1.037ms
[5.801s][debug][gc,phases      ] GC(4)   VM Weak                        Min:  0.0, Avg:  0.0, Max:  0.0, Diff:  0.0, Sum:  0.0, Workers: 4
[5.801s][debug][gc,phases      ] GC(4)     Dead                           Min: 0, Avg:  0.0, Max: 0, Diff: 0, Sum: 0, Workers: 4
[5.801s][debug][gc,phases      ] GC(4)     Total                          Min: 0, Avg: 115.0, Max: 384, Diff: 384, Sum: 460, Workers: 4
[5.801s][debug][gc,phases      ] GC(4)   ObjectSynchronizer Weak        Min:  0.0, Avg:  0.0, Max:  0.0, Diff:  0.0, Sum:  0.0, Workers: 4
[5.801s][debug][gc,phases      ] GC(4)     Dead                           Min: 0, Avg:  0.0, Max: 0, Diff: 0, Sum: 0, Workers: 4
[5.801s][debug][gc,phases      ] GC(4)     Total                          Min: 0, Avg:  1.8, Max: 7, Diff: 7, Sum: 7, Workers: 4
[5.801s][debug][gc,phases      ] GC(4)   JVMTI Tag Weak OopStorage      Min:  0.0, Avg:  0.0, Max:  0.0, Diff:  0.0, Sum:  0.0, Workers: 4
[5.801s][debug][gc,phases      ] GC(4)     Dead                           Min: 0, Avg:  0.0, Max: 0, Diff: 0, Sum: 0, Workers: 4
[5.801s][debug][gc,phases      ] GC(4)     Total                          Min: 0, Avg:  0.0, Max: 0, Diff: 0, Sum: 0, Workers: 4
[5.801s][debug][gc,phases      ] GC(4)   StringTable Weak               Min:  0.2, Avg:  0.2, Max:  0.2, Diff:  0.0, Sum:  0.7, Workers: 4
[5.801s][debug][gc,phases      ] GC(4)     Dead                           Min: 1, Avg:  3.8, Max: 7, Diff: 6, Sum: 15, Workers: 4
[5.801s][debug][gc,phases      ] GC(4)     Total                          Min: 5286, Avg: 6969.5, Max: 8768, Diff: 3482, Sum: 27878, Workers: 4
[5.801s][debug][gc,phases      ] GC(4)   ResolvedMethodTable Weak       Min:  0.1, Avg:  0.1, Max:  0.1, Diff:  0.0, Sum:  0.3, Workers: 4
[5.801s][debug][gc,phases      ] GC(4)     Dead                           Min: 641, Avg: 980.2, Max: 1288, Diff: 647, Sum: 3921, Workers: 4
[5.801s][debug][gc,phases      ] GC(4)     Total                          Min: 2147, Avg: 2856.8, Max: 3456, Diff: 1309, Sum: 11427, Workers: 4
[5.801s][debug][gc,phases      ] GC(4)   JNI Weak                       Min:  0.0, Avg:  0.0, Max:  0.0, Diff:  0.0, Sum:  0.0, Workers: 4
[5.801s][debug][gc,phases      ] GC(4)     Dead                           Min: 0, Avg:  0.0, Max: 0, Diff: 0, Sum: 0, Workers: 4
[5.801s][debug][gc,phases      ] GC(4)     Total                          Min: 0, Avg: 12.0, Max: 48, Diff: 48, Sum: 48, Workers: 4
[5.801s][debug][gc,phases      ] GC(4)   StringDedup Table Weak         Min:  0.0, Avg:  0.0, Max:  0.0, Diff:  0.0, Sum:  0.0, Workers: 4
[5.801s][debug][gc,phases      ] GC(4)     Dead                           Min: 0, Avg:  0.0, Max: 0, Diff: 0, Sum: 0, Workers: 4
[5.801s][debug][gc,phases      ] GC(4)     Total                          Min: 0, Avg:  0.0, Max: 0, Diff: 0, Sum: 0, Workers: 4
[5.801s][debug][gc,phases      ] GC(4)   StringDedup Requests0 Weak     Min:  0.0, Avg:  0.0, Max:  0.0, Diff:  0.0, Sum:  0.0, Workers: 4
[5.801s][debug][gc,phases      ] GC(4)     Dead                           Min: 0, Avg:  0.0, Max: 0, Diff: 0, Sum: 0, Workers: 4
[5.801s][debug][gc,phases      ] GC(4)     Total                          Min: 0, Avg:  0.0, Max: 0, Diff: 0, Sum: 0, Workers: 4
[5.801s][debug][gc,phases      ] GC(4)   StringDedup Requests1 Weak     Min:  0.0, Avg:  0.0, Max:  0.0, Diff:  0.0, Sum:  0.0, Workers: 4
[5.801s][debug][gc,phases      ] GC(4)     Dead                           Min: 0, Avg:  0.0, Max: 0, Diff: 0, Sum: 0, Workers: 4
[5.801s][debug][gc,phases      ] GC(4)     Total                          Min: 0, Avg:  0.0, Max: 0, Diff: 0, Sum: 0, Workers: 4
[5.801s][debug][gc,phases      ] GC(4)   Weak JFR Old Object Samples    Min:  0.0, Avg:  0.0, Max:  0.0, Diff:  0.0, Sum:  0.0, Workers: 4
[5.801s][debug][gc,phases      ] GC(4)     Dead                           Min: 0, Avg:  0.0, Max: 0, Diff: 0, Sum: 0, Workers: 4
[5.801s][debug][gc,phases      ] GC(4)     Total                          Min: 0, Avg:  0.0, Max: 0, Diff: 0, Sum: 0, Workers: 4
[5.801s][debug][gc,phases      ] GC(4) Weak Processing 0.441ms
[5.801s][debug][gc,age         ] GC(4) Desired survivor size 536870912 bytes, new threshold 7 (max threshold 15)
[5.801s][info ][gc,heap        ] GC(4) PSYoungGen: 462581K(1572864K)->77629K(1572864K) Eden: 407355K(1048576K)->0K(1048576K) From: 55226K(524288K)->77629K(524288K)
[5.801s][info ][gc,heap        ] GC(4) ParOldGen: 6108K(6144K)->6132K(6144K)
[5.801s][info ][gc,metaspace   ] GC(4) Metaspace: 59183K(59776K)->59183K(59776K) NonClass: 49708K(50048K)->49708K(50048K) Class: 9474K(9728K)->9474K(9728K)
[5.801s][info ][gc             ] GC(4) Pause Young (Metadata GC Threshold) 457M->81M(1542M) 51.802ms
[5.801s][info ][gc,cpu         ] GC(4) User=0.18s Sys=0.03s Real=0.05s
[5.801s][debug][gc,phases      ] GC(5) Pre Compact 0.009ms
[5.801s][info ][gc,start       ] GC(5) Pause Full (Metadata GC Threshold)
[5.801s][info ][gc,phases,start] GC(5) Marking Phase
[5.846s][debug][gc,phases      ] GC(5) Par Mark 44.523ms
[5.846s][debug][gc,ref         ] GC(5) ReferenceProcessor::execute queues: 4, RefProcThreadModel::Multi, marks_oops_alive: false
[5.846s][debug][gc,ref         ] GC(5) ReferenceProcessor::execute queues: 4, RefProcThreadModel::Multi, marks_oops_alive: true
[5.846s][debug][gc,ref         ] GC(5) ReferenceProcessor::execute queues: 1, RefProcThreadModel::Single, marks_oops_alive: false
[5.846s][debug][gc,phases      ] GC(5) Reference Processing 0.544ms
[5.847s][debug][gc,phases      ] GC(5)   VM Weak                        Min:  0.0, Avg:  0.0, Max:  0.0, Diff:  0.0, Sum:  0.0, Workers: 4
[5.847s][debug][gc,phases      ] GC(5)     Dead                           Min: 0, Avg:  0.0, Max: 0, Diff: 0, Sum: 0, Workers: 4
[5.847s][debug][gc,phases      ] GC(5)     Total                          Min: 0, Avg: 115.0, Max: 256, Diff: 256, Sum: 460, Workers: 4
[5.847s][debug][gc,phases      ] GC(5)   ObjectSynchronizer Weak        Min:  0.0, Avg:  0.0, Max:  0.0, Diff:  0.0, Sum:  0.0, Workers: 4
[5.847s][debug][gc,phases      ] GC(5)     Dead                           Min: 0, Avg:  0.0, Max: 0, Diff: 0, Sum: 0, Workers: 4
[5.847s][debug][gc,phases      ] GC(5)     Total                          Min: 0, Avg:  1.8, Max: 7, Diff: 7, Sum: 7, Workers: 4
[5.847s][debug][gc,phases      ] GC(5)   JVMTI Tag Weak OopStorage      Min:  0.0, Avg:  0.0, Max:  0.0, Diff:  0.0, Sum:  0.0, Workers: 4
[5.847s][debug][gc,phases      ] GC(5)     Dead                           Min: 0, Avg:  0.0, Max: 0, Diff: 0, Sum: 0, Workers: 4
[5.847s][debug][gc,phases      ] GC(5)     Total                          Min: 0, Avg:  0.0, Max: 0, Diff: 0, Sum: 0, Workers: 4
[5.847s][debug][gc,phases      ] GC(5)   StringTable Weak               Min:  0.1, Avg:  0.1, Max:  0.1, Diff:  0.0, Sum:  0.4, Workers: 4
[5.847s][debug][gc,phases      ] GC(5)     Dead                           Min: 0, Avg:  0.0, Max: 0, Diff: 0, Sum: 0, Workers: 4
[5.847s][debug][gc,phases      ] GC(5)     Total                          Min: 5824, Avg: 6969.5, Max: 8128, Diff: 2304, Sum: 27878, Workers: 4
[5.847s][debug][gc,phases      ] GC(5)   ResolvedMethodTable Weak       Min:  0.0, Avg:  0.0, Max:  0.0, Diff:  0.0, Sum:  0.2, Workers: 4
[5.847s][debug][gc,phases      ] GC(5)     Dead                           Min: 0, Avg:  0.0, Max: 0, Diff: 0, Sum: 0, Workers: 4
[5.847s][debug][gc,phases      ] GC(5)     Total                          Min: 2560, Avg: 2856.8, Max: 3363, Diff: 803, Sum: 11427, Workers: 4
[5.847s][debug][gc,phases      ] GC(5)   JNI Weak                       Min:  0.0, Avg:  0.0, Max:  0.0, Diff:  0.0, Sum:  0.0, Workers: 4
[5.847s][debug][gc,phases      ] GC(5)     Dead                           Min: 0, Avg:  0.0, Max: 0, Diff: 0, Sum: 0, Workers: 4
[5.847s][debug][gc,phases      ] GC(5)     Total                          Min: 0, Avg: 12.0, Max: 48, Diff: 48, Sum: 48, Workers: 4
[5.847s][debug][gc,phases      ] GC(5)   StringDedup Table Weak         Min:  0.0, Avg:  0.0, Max:  0.0, Diff:  0.0, Sum:  0.0, Workers: 4
[5.847s][debug][gc,phases      ] GC(5)     Dead                           Min: 0, Avg:  0.0, Max: 0, Diff: 0, Sum: 0, Workers: 4
[5.847s][debug][gc,phases      ] GC(5)     Total                          Min: 0, Avg:  0.0, Max: 0, Diff: 0, Sum: 0, Workers: 4
[5.847s][debug][gc,phases      ] GC(5)   StringDedup Requests0 Weak     Min:  0.0, Avg:  0.0, Max:  0.0, Diff:  0.0, Sum:  0.0, Workers: 4
[5.847s][debug][gc,phases      ] GC(5)     Dead                           Min: 0, Avg:  0.0, Max: 0, Diff: 0, Sum: 0, Workers: 4
[5.847s][debug][gc,phases      ] GC(5)     Total                          Min: 0, Avg:  0.0, Max: 0, Diff: 0, Sum: 0, Workers: 4
[5.847s][debug][gc,phases      ] GC(5)   StringDedup Requests1 Weak     Min:  0.0, Avg:  0.0, Max:  0.0, Diff:  0.0, Sum:  0.0, Workers: 4
[5.847s][debug][gc,phases      ] GC(5)     Dead                           Min: 0, Avg:  0.0, Max: 0, Diff: 0, Sum: 0, Workers: 4
[5.847s][debug][gc,phases      ] GC(5)     Total                          Min: 0, Avg:  0.0, Max: 0, Diff: 0, Sum: 0, Workers: 4
[5.847s][debug][gc,phases      ] GC(5)   Weak JFR Old Object Samples    Min:  0.0, Avg:  0.0, Max:  0.0, Diff:  0.0, Sum:  0.0, Workers: 4
[5.847s][debug][gc,phases      ] GC(5)     Dead                           Min: 0, Avg:  0.0, Max: 0, Diff: 0, Sum: 0, Workers: 4
[5.847s][debug][gc,phases      ] GC(5)     Total                          Min: 0, Avg:  0.0, Max: 0, Diff: 0, Sum: 0, Workers: 4
[5.847s][debug][gc,phases      ] GC(5) Weak Processing 0.314ms
[5.847s][debug][gc,phases      ] GC(5) ClassLoaderData 0.074ms
[5.847s][debug][gc,phases      ] GC(5) Trigger cleanups 0.000ms
[5.856s][debug][gc,phases      ] GC(5) Purge Unlinked NMethods 0.247ms
[5.856s][debug][gc,phases      ] GC(5) Unregister NMethods 0.052ms
[5.856s][debug][gc,phases      ] GC(5) Free Code Blobs 0.055ms
[5.856s][debug][gc,phases      ] GC(5) Class Unloading 9.087ms
[5.856s][debug][gc,phases      ] GC(5) Report Object Count 0.001ms
[5.856s][info ][gc,phases      ] GC(5) Marking Phase 54.533ms
[5.856s][info ][gc,phases,start] GC(5) Summary Phase
[5.856s][info ][gc,phases      ] GC(5) Summary Phase 0.006ms
[5.856s][info ][gc,phases,start] GC(5) Adjust Roots
[5.865s][info ][gc,phases      ] GC(5) Adjust Roots 8.862ms
[5.865s][info ][gc,phases,start] GC(5) Compaction Phase
[6.256s][info ][gc,phases      ] GC(5) Compaction Phase 390.955ms
[6.256s][info ][gc,phases,start] GC(5) Post Compact
[6.257s][debug][gc,phases      ] GC(5) Purge Class Loader Data 0.473ms
[6.258s][info ][gc,phases      ] GC(5) Post Compact 2.026ms
[6.258s][info ][gc,heap        ] GC(5) PSYoungGen: 77629K(1572864K)->77415K(1572864K) Eden: 0K(1048576K)->0K(1048576K) From: 77629K(524288K)->77415K(524288K)
[6.258s][info ][gc,heap        ] GC(5) ParOldGen: 6132K(6144K)->6072K(6144K)
[6.258s][info ][gc,metaspace   ] GC(5) Metaspace: 59183K(59776K)->59183K(59776K) NonClass: 49708K(50048K)->49708K(50048K) Class: 9474K(9728K)->9474K(9728K)
[6.258s][info ][gc             ] GC(5) Pause Full (Metadata GC Threshold) 81M->81M(1542M) 456.558ms
[6.258s][info ][gc,cpu         ] GC(5) User=0.97s Sys=0.02s Real=0.45s
[6.258s][info ][safepoint      ] Safepoint "CollectForMetadataAllocation", Time since last: 489516861 ns, Reaching safepoint: 4700 ns, Cleanup: 82602 ns, At safepoint: 508521997 ns, Total: 508609299 ns
[6.729s][info ][safepoint      ] Safepoint "ICBufferFull", Time since last: 470553926 ns, Reaching safepoint: 76801 ns, Cleanup: 130303 ns, At safepoint: 12300 ns, Total: 219404 ns
[6.880s][info ][safepoint      ] Safepoint "ICBufferFull", Time since last: 151333277 ns, Reaching safepoint: 74902 ns, Cleanup: 96501 ns, At safepoint: 9701 ns, Total: 181104 ns
[6.965s][info ][safepoint      ] Safepoint "ICBufferFull", Time since last: 84352292 ns, Reaching safepoint: 76701 ns, Cleanup: 115003 ns, At safepoint: 10500 ns, Total: 202204 ns
[7.030s][info ][safepoint      ] Safepoint "ICBufferFull", Time since last: 64632443 ns, Reaching safepoint: 77302 ns, Cleanup: 105201 ns, At safepoint: 7301 ns, Total: 189804 ns
[7.144s][info ][safepoint      ] Safepoint "ICBufferFull", Time since last: 114656428 ns, Reaching safepoint: 6200 ns, Cleanup: 105002 ns, At safepoint: 2100 ns, Total: 113302 ns
[7.361s][info ][safepoint      ] Safepoint "ICBufferFull", Time since last: 216441730 ns, Reaching safepoint: 7300 ns, Cleanup: 121802 ns, At safepoint: 11100 ns, Total: 140202 ns
[7.528s][info ][safepoint      ] Safepoint "ICBufferFull", Time since last: 167126857 ns, Reaching safepoint: 84302 ns, Cleanup: 132102 ns, At safepoint: 6000 ns, Total: 222404 ns
[7.787s][info ][safepoint      ] Safepoint "ICBufferFull", Time since last: 258136568 ns, Reaching safepoint: 78901 ns, Cleanup: 112702 ns, At safepoint: 5500 ns, Total: 197103 ns
[7.977s][info ][safepoint      ] Safepoint "ICBufferFull", Time since last: 190582172 ns, Reaching safepoint: 78902 ns, Cleanup: 98701 ns, At safepoint: 5500 ns, Total: 183103 ns
[8.358s][info ][safepoint      ] Safepoint "ICBufferFull", Time since last: 380563734 ns, Reaching safepoint: 6800 ns, Cleanup: 134302 ns, At safepoint: 3200 ns, Total: 144302 ns
[8.683s][info ][safepoint      ] Safepoint "ICBufferFull", Time since last: 324859748 ns, Reaching safepoint: 4700 ns, Cleanup: 94402 ns, At safepoint: 9000 ns, Total: 108102 ns
[8.889s][info ][safepoint      ] Safepoint "ICBufferFull", Time since last: 205594538 ns, Reaching safepoint: 90901 ns, Cleanup: 127803 ns, At safepoint: 32200 ns, Total: 250904 ns
[9.891s][info ][safepoint      ] Safepoint "Cleanup", Time since last: 1001656823 ns, Reaching safepoint: 87601 ns, Cleanup: 43901 ns, At safepoint: 25301 ns, Total: 156803 ns
[10.618s][info ][safepoint      ] Safepoint "ICBufferFull", Time since last: 726845260 ns, Reaching safepoint: 86102 ns, Cleanup: 129902 ns, At safepoint: 35200 ns, Total: 251204 ns
[10.864s][info ][safepoint      ] Safepoint "ICBufferFull", Time since last: 246417360 ns, Reaching safepoint: 6501 ns, Cleanup: 96401 ns, At safepoint: 5400 ns, Total: 108302 ns
[11.050s][info ][safepoint      ] Safepoint "ICBufferFull", Time since last: 185649103 ns, Reaching safepoint: 5700 ns, Cleanup: 98302 ns, At safepoint: 6400 ns, Total: 110402 ns
[11.195s][info ][safepoint      ] Safepoint "ICBufferFull", Time since last: 145143328 ns, Reaching safepoint: 9400 ns, Cleanup: 107402 ns, At safepoint: 6700 ns, Total: 123502 ns
[11.376s][info ][safepoint      ] Safepoint "ICBufferFull", Time since last: 180802499 ns, Reaching safepoint: 10200 ns, Cleanup: 116502 ns, At safepoint: 2700 ns, Total: 129402 ns
[11.593s][info ][safepoint      ] Safepoint "ICBufferFull", Time since last: 216850377 ns, Reaching safepoint: 11000 ns, Cleanup: 109802 ns, At safepoint: 8900 ns, Total: 129702 ns
[12.127s][info ][safepoint      ] Safepoint "ICBufferFull", Time since last: 533809734 ns, Reaching safepoint: 9200 ns, Cleanup: 127903 ns, At safepoint: 2300 ns, Total: 139403 ns
[13.127s][info ][safepoint      ] Safepoint "Cleanup", Time since last: 1000114399 ns, Reaching safepoint: 82602 ns, Cleanup: 108902 ns, At safepoint: 15600 ns, Total: 207104 ns
[14.428s][info ][safepoint      ] Safepoint "ICBufferFull", Time since last: 1300681049 ns, Reaching safepoint: 10801 ns, Cleanup: 156703 ns, At safepoint: 2700 ns, Total: 170204 ns
[15.429s][info ][safepoint      ] Safepoint "Cleanup", Time since last: 1000209201 ns, Reaching safepoint: 88202 ns, Cleanup: 70001 ns, At safepoint: 12600 ns, Total: 170803 ns
[16.439s][info ][safepoint      ] Safepoint "Cleanup", Time since last: 1009895583 ns, Reaching safepoint: 8301 ns, Cleanup: 108002 ns, At safepoint: 5500 ns, Total: 121803 ns
[16.581s][info ][safepoint      ] Safepoint "ICBufferFull", Time since last: 142322475 ns, Reaching safepoint: 81501 ns, Cleanup: 109903 ns, At safepoint: 10300 ns, Total: 201704 ns
[16.654s][info ][safepoint      ] Safepoint "ICBufferFull", Time since last: 72934271 ns, Reaching safepoint: 80101 ns, Cleanup: 111902 ns, At safepoint: 8300 ns, Total: 200303 ns
[16.689s][info ][safepoint      ] Safepoint "ICBufferFull", Time since last: 34262745 ns, Reaching safepoint: 85901 ns, Cleanup: 118902 ns, At safepoint: 10901 ns, Total: 215704 ns
[16.779s][info ][safepoint      ] Safepoint "ICBufferFull", Time since last: 89497482 ns, Reaching safepoint: 8600 ns, Cleanup: 141103 ns, At safepoint: 9400 ns, Total: 159103 ns
[16.851s][info ][gc,start       ] GC(6) Pause Young (Metadata GC Threshold)
[16.934s][debug][gc,phases      ] GC(6) Scavenge 82.920ms
[16.934s][debug][gc,ref         ] GC(6) ReferenceProcessor::execute queues: 4, RefProcThreadModel::Multi, marks_oops_alive: false
[16.935s][debug][gc,ref         ] GC(6) ReferenceProcessor::execute queues: 4, RefProcThreadModel::Multi, marks_oops_alive: true
[16.935s][debug][gc,ref         ] GC(6) ReferenceProcessor::execute queues: 4, RefProcThreadModel::Multi, marks_oops_alive: false
[16.935s][debug][gc,phases      ] GC(6) Reference Processing 1.122ms
[16.936s][debug][gc,phases      ] GC(6)   VM Weak                        Min:  0.0, Avg:  0.0, Max:  0.0, Diff:  0.0, Sum:  0.0, Workers: 4
[16.936s][debug][gc,phases      ] GC(6)     Dead                           Min: 0, Avg:  0.0, Max: 0, Diff: 0, Sum: 0, Workers: 4
[16.936s][debug][gc,phases      ] GC(6)     Total                          Min: 0, Avg: 202.2, Max: 448, Diff: 448, Sum: 809, Workers: 4
[16.936s][debug][gc,phases      ] GC(6)   ObjectSynchronizer Weak        Min:  0.0, Avg:  0.0, Max:  0.0, Diff:  0.0, Sum:  0.0, Workers: 4
[16.936s][debug][gc,phases      ] GC(6)     Dead                           Min: 0, Avg: 11.2, Max: 31, Diff: 31, Sum: 45, Workers: 4
[16.936s][debug][gc,phases      ] GC(6)     Total                          Min: 0, Avg: 23.2, Max: 64, Diff: 64, Sum: 93, Workers: 4
[16.936s][debug][gc,phases      ] GC(6)   JVMTI Tag Weak OopStorage      Min:  0.0, Avg:  0.0, Max:  0.0, Diff:  0.0, Sum:  0.0, Workers: 4
[16.936s][debug][gc,phases      ] GC(6)     Dead                           Min: 0, Avg:  0.0, Max: 0, Diff: 0, Sum: 0, Workers: 4
[16.936s][debug][gc,phases      ] GC(6)     Total                          Min: 0, Avg:  0.0, Max: 0, Diff: 0, Sum: 0, Workers: 4
[16.936s][debug][gc,phases      ] GC(6)   StringTable Weak               Min:  0.3, Avg:  0.3, Max:  0.3, Diff:  0.0, Sum:  1.2, Workers: 4
[16.936s][debug][gc,phases      ] GC(6)     Dead                           Min: 6, Avg:  9.2, Max: 14, Diff: 8, Sum: 37, Workers: 4
[16.936s][debug][gc,phases      ] GC(6)     Total                          Min: 8960, Avg: 11282.5, Max: 13632, Diff: 4672, Sum: 45130, Workers: 4
[16.936s][debug][gc,phases      ] GC(6)   ResolvedMethodTable Weak       Min:  0.1, Avg:  0.2, Max:  0.2, Diff:  0.0, Sum:  0.6, Workers: 4
[16.936s][debug][gc,phases      ] GC(6)     Dead                           Min: 791, Avg: 1093.5, Max: 1336, Diff: 545, Sum: 4374, Workers: 4
[16.936s][debug][gc,phases      ] GC(6)     Total                          Min: 3648, Avg: 4457.8, Max: 5312, Diff: 1664, Sum: 17831, Workers: 4
[16.936s][debug][gc,phases      ] GC(6)   JNI Weak                       Min:  0.0, Avg:  0.0, Max:  0.0, Diff:  0.0, Sum:  0.0, Workers: 4
[16.936s][debug][gc,phases      ] GC(6)     Dead                           Min: 0, Avg:  0.0, Max: 0, Diff: 0, Sum: 0, Workers: 4
[16.936s][debug][gc,phases      ] GC(6)     Total                          Min: 0, Avg: 22.0, Max: 52, Diff: 52, Sum: 88, Workers: 4
[16.936s][debug][gc,phases      ] GC(6)   StringDedup Table Weak         Min:  0.0, Avg:  0.0, Max:  0.0, Diff:  0.0, Sum:  0.0, Workers: 4
[16.936s][debug][gc,phases      ] GC(6)     Dead                           Min: 0, Avg:  0.0, Max: 0, Diff: 0, Sum: 0, Workers: 4
[16.936s][debug][gc,phases      ] GC(6)     Total                          Min: 0, Avg:  0.0, Max: 0, Diff: 0, Sum: 0, Workers: 4
[16.936s][debug][gc,phases      ] GC(6)   StringDedup Requests0 Weak     Min:  0.0, Avg:  0.0, Max:  0.0, Diff:  0.0, Sum:  0.0, Workers: 4
[16.936s][debug][gc,phases      ] GC(6)     Dead                           Min: 0, Avg:  0.0, Max: 0, Diff: 0, Sum: 0, Workers: 4
[16.936s][debug][gc,phases      ] GC(6)     Total                          Min: 0, Avg:  0.0, Max: 0, Diff: 0, Sum: 0, Workers: 4
[16.936s][debug][gc,phases      ] GC(6)   StringDedup Requests1 Weak     Min:  0.0, Avg:  0.0, Max:  0.0, Diff:  0.0, Sum:  0.0, Workers: 4
[16.936s][debug][gc,phases      ] GC(6)     Dead                           Min: 0, Avg:  0.0, Max: 0, Diff: 0, Sum: 0, Workers: 4
[16.936s][debug][gc,phases      ] GC(6)     Total                          Min: 0, Avg:  0.0, Max: 0, Diff: 0, Sum: 0, Workers: 4
[16.936s][debug][gc,phases      ] GC(6)   Weak JFR Old Object Samples    Min:  0.0, Avg:  0.0, Max:  0.0, Diff:  0.0, Sum:  0.0, Workers: 4
[16.936s][debug][gc,phases      ] GC(6)     Dead                           Min: 0, Avg:  0.0, Max: 0, Diff: 0, Sum: 0, Workers: 4
[16.936s][debug][gc,phases      ] GC(6)     Total                          Min: 0, Avg:  0.0, Max: 0, Diff: 0, Sum: 0, Workers: 4
[16.936s][debug][gc,phases      ] GC(6) Weak Processing 0.635ms
[16.936s][debug][gc,age         ] GC(6) Desired survivor size 536870912 bytes, new threshold 7 (max threshold 15)
[16.936s][info ][gc,heap        ] GC(6) PSYoungGen: 984171K(1572864K)->126956K(1572864K) Eden: 906755K(1048576K)->0K(1048576K) From: 77415K(524288K)->126956K(524288K)
[16.936s][info ][gc,heap        ] GC(6) ParOldGen: 6072K(6144K)->6428K(6656K)
[16.936s][info ][gc,metaspace   ] GC(6) Metaspace: 98553K(99648K)->98553K(99648K) NonClass: 83090K(83712K)->83090K(83712K) Class: 15462K(15936K)->15462K(15936K)
[16.936s][info ][gc             ] GC(6) Pause Young (Metadata GC Threshold) 967M->130M(1542M) 84.817ms
[16.936s][info ][gc,cpu         ] GC(6) User=0.29s Sys=0.05s Real=0.08s
[16.936s][debug][gc,phases      ] GC(7) Pre Compact 0.011ms
[16.936s][info ][gc,start       ] GC(7) Pause Full (Metadata GC Threshold)
[16.936s][info ][gc,phases,start] GC(7) Marking Phase
[17.002s][debug][gc,phases      ] GC(7) Par Mark 66.182ms
[17.002s][debug][gc,ref         ] GC(7) ReferenceProcessor::execute queues: 4, RefProcThreadModel::Multi, marks_oops_alive: false
[17.003s][debug][gc,ref         ] GC(7) Skipped KeepAliveFinalRefsPhase of Reference Processing: no references
[17.003s][debug][gc,ref         ] GC(7) ReferenceProcessor::execute queues: 1, RefProcThreadModel::Single, marks_oops_alive: false
[17.003s][debug][gc,phases      ] GC(7) Reference Processing 0.607ms
[17.003s][debug][gc,phases      ] GC(7)   VM Weak                        Min:  0.0, Avg:  0.0, Max:  0.0, Diff:  0.0, Sum:  0.0, Workers: 4
[17.003s][debug][gc,phases      ] GC(7)     Dead                           Min: 0, Avg:  2.2, Max: 9, Diff: 9, Sum: 9, Workers: 4
[17.003s][debug][gc,phases      ] GC(7)     Total                          Min: 0, Avg: 202.2, Max: 320, Diff: 320, Sum: 809, Workers: 4
[17.003s][debug][gc,phases      ] GC(7)   ObjectSynchronizer Weak        Min:  0.0, Avg:  0.0, Max:  0.0, Diff:  0.0, Sum:  0.0, Workers: 4
[17.003s][debug][gc,phases      ] GC(7)     Dead                           Min: 0, Avg:  0.0, Max: 0, Diff: 0, Sum: 0, Workers: 4
[17.003s][debug][gc,phases      ] GC(7)     Total                          Min: 0, Avg: 23.2, Max: 64, Diff: 64, Sum: 93, Workers: 4
[17.003s][debug][gc,phases      ] GC(7)   JVMTI Tag Weak OopStorage      Min:  0.0, Avg:  0.0, Max:  0.0, Diff:  0.0, Sum:  0.0, Workers: 4
[17.003s][debug][gc,phases      ] GC(7)     Dead                           Min: 0, Avg:  0.0, Max: 0, Diff: 0, Sum: 0, Workers: 4
[17.003s][debug][gc,phases      ] GC(7)     Total                          Min: 0, Avg:  0.0, Max: 0, Diff: 0, Sum: 0, Workers: 4
[17.003s][debug][gc,phases      ] GC(7)   StringTable Weak               Min:  0.2, Avg:  0.2, Max:  0.2, Diff:  0.0, Sum:  0.6, Workers: 4
[17.003s][debug][gc,phases      ] GC(7)     Dead                           Min: 0, Avg:  0.0, Max: 0, Diff: 0, Sum: 0, Workers: 4
[17.003s][debug][gc,phases      ] GC(7)     Total                          Min: 11072, Avg: 11282.5, Max: 11584, Diff: 512, Sum: 45130, Workers: 4
[17.003s][debug][gc,phases      ] GC(7)   ResolvedMethodTable Weak       Min:  0.1, Avg:  0.1, Max:  0.1, Diff:  0.0, Sum:  0.2, Workers: 4
[17.003s][debug][gc,phases      ] GC(7)     Dead                           Min: 0, Avg:  2.2, Max: 5, Diff: 5, Sum: 9, Workers: 4
[17.003s][debug][gc,phases      ] GC(7)     Total                          Min: 4263, Avg: 4457.8, Max: 4608, Diff: 345, Sum: 17831, Workers: 4
[17.003s][debug][gc,phases      ] GC(7)   JNI Weak                       Min:  0.0, Avg:  0.0, Max:  0.0, Diff:  0.0, Sum:  0.0, Workers: 4
[17.003s][debug][gc,phases      ] GC(7)     Dead                           Min: 0, Avg:  0.0, Max: 0, Diff: 0, Sum: 0, Workers: 4
[17.003s][debug][gc,phases      ] GC(7)     Total                          Min: 0, Avg: 22.0, Max: 52, Diff: 52, Sum: 88, Workers: 4
[17.003s][debug][gc,phases      ] GC(7)   StringDedup Table Weak         Min:  0.0, Avg:  0.0, Max:  0.0, Diff:  0.0, Sum:  0.0, Workers: 4
[17.003s][debug][gc,phases      ] GC(7)     Dead                           Min: 0, Avg:  0.0, Max: 0, Diff: 0, Sum: 0, Workers: 4
[17.003s][debug][gc,phases      ] GC(7)     Total                          Min: 0, Avg:  0.0, Max: 0, Diff: 0, Sum: 0, Workers: 4
[17.003s][debug][gc,phases      ] GC(7)   StringDedup Requests0 Weak     Min:  0.0, Avg:  0.0, Max:  0.0, Diff:  0.0, Sum:  0.0, Workers: 4
[17.003s][debug][gc,phases      ] GC(7)     Dead                           Min: 0, Avg:  0.0, Max: 0, Diff: 0, Sum: 0, Workers: 4
[17.003s][debug][gc,phases      ] GC(7)     Total                          Min: 0, Avg:  0.0, Max: 0, Diff: 0, Sum: 0, Workers: 4
[17.003s][debug][gc,phases      ] GC(7)   StringDedup Requests1 Weak     Min:  0.0, Avg:  0.0, Max:  0.0, Diff:  0.0, Sum:  0.0, Workers: 4
[17.003s][debug][gc,phases      ] GC(7)     Dead                           Min: 0, Avg:  0.0, Max: 0, Diff: 0, Sum: 0, Workers: 4
[17.003s][debug][gc,phases      ] GC(7)     Total                          Min: 0, Avg:  0.0, Max: 0, Diff: 0, Sum: 0, Workers: 4
[17.003s][debug][gc,phases      ] GC(7)   Weak JFR Old Object Samples    Min:  0.0, Avg:  0.0, Max:  0.0, Diff:  0.0, Sum:  0.0, Workers: 4
[17.003s][debug][gc,phases      ] GC(7)     Dead                           Min: 0, Avg:  0.0, Max: 0, Diff: 0, Sum: 0, Workers: 4
[17.003s][debug][gc,phases      ] GC(7)     Total                          Min: 0, Avg:  0.0, Max: 0, Diff: 0, Sum: 0, Workers: 4
[17.003s][debug][gc,phases      ] GC(7) Weak Processing 0.402ms
[17.003s][debug][gc,phases      ] GC(7) ClassLoaderData 0.248ms
[17.003s][debug][gc,phases      ] GC(7) Trigger cleanups 0.001ms
[17.027s][debug][gc,phases      ] GC(7) Purge Unlinked NMethods 0.450ms
[17.027s][debug][gc,phases      ] GC(7) Unregister NMethods 0.175ms
[17.027s][debug][gc,phases      ] GC(7) Free Code Blobs 0.082ms
[17.038s][debug][gc,phases      ] GC(7) Class Unloading 34.626ms
[17.038s][debug][gc,phases      ] GC(7) Report Object Count 0.001ms
[17.038s][info ][gc,phases      ] GC(7) Marking Phase 101.918ms
[17.038s][info ][gc,phases,start] GC(7) Summary Phase
[17.038s][info ][gc,phases      ] GC(7) Summary Phase 0.008ms
[17.038s][info ][gc,phases,start] GC(7) Adjust Roots
[17.056s][info ][gc,phases      ] GC(7) Adjust Roots 17.883ms
[17.056s][info ][gc,phases,start] GC(7) Compaction Phase
[17.615s][info ][gc,phases      ] GC(7) Compaction Phase 559.460ms
[17.615s][info ][gc,phases,start] GC(7) Post Compact
[17.618s][debug][gc,phases      ] GC(7) Purge Class Loader Data 1.554ms
[17.620s][info ][gc,phases      ] GC(7) Post Compact 4.421ms
[17.620s][info ][gc,heap        ] GC(7) PSYoungGen: 126956K(1572864K)->126450K(1572864K) Eden: 0K(1048576K)->0K(1048576K) From: 126956K(524288K)->126450K(524288K)
[17.620s][info ][gc,heap        ] GC(7) ParOldGen: 6428K(6656K)->6398K(6656K)
[17.620s][info ][gc,metaspace   ] GC(7) Metaspace: 98553K(99648K)->98538K(99648K) NonClass: 83090K(83712K)->83080K(83712K) Class: 15462K(15936K)->15457K(15936K)
[17.620s][info ][gc             ] GC(7) Pause Full (Metadata GC Threshold) 130M->129M(1542M) 683.848ms
[17.620s][info ][gc,cpu         ] GC(7) User=1.44s Sys=0.02s Real=0.69s
[17.620s][info ][safepoint      ] Safepoint "CollectForMetadataAllocation", Time since last: 72155556 ns, Reaching safepoint: 86202 ns, Cleanup: 62901 ns, At safepoint: 768840152 ns, Total: 768989255 ns
[17.729s][info ][safepoint      ] Safepoint "ICBufferFull", Time since last: 109172252 ns, Reaching safepoint: 87802 ns, Cleanup: 152503 ns, At safepoint: 12800 ns, Total: 253105 ns
[17.851s][info ][safepoint      ] Safepoint "ICBufferFull", Time since last: 121811190 ns, Reaching safepoint: 10600 ns, Cleanup: 126102 ns, At safepoint: 9000 ns, Total: 145702 ns
[17.967s][info ][safepoint      ] Safepoint "ICBufferFull", Time since last: 115304768 ns, Reaching safepoint: 86602 ns, Cleanup: 118702 ns, At safepoint: 24200 ns, Total: 229504 ns
[17.967s][info ][safepoint      ] Safepoint "ICBufferFull", Time since last: 627012 ns, Reaching safepoint: 80702 ns, Cleanup: 5300 ns, At safepoint: 31600 ns, Total: 117602 ns
[18.092s][info ][safepoint      ] Safepoint "ICBufferFull", Time since last: 124820847 ns, Reaching safepoint: 85101 ns, Cleanup: 113602 ns, At safepoint: 29801 ns, Total: 228504 ns
[18.242s][info ][safepoint      ] Safepoint "ICBufferFull", Time since last: 149204104 ns, Reaching safepoint: 90002 ns, Cleanup: 118002 ns, At safepoint: 40601 ns, Total: 248605 ns
[18.485s][info ][safepoint      ] Safepoint "ICBufferFull", Time since last: 242940467 ns, Reaching safepoint: 83301 ns, Cleanup: 120303 ns, At safepoint: 69901 ns, Total: 273505 ns
[18.762s][info ][safepoint      ] Safepoint "ICBufferFull", Time since last: 277076908 ns, Reaching safepoint: 88502 ns, Cleanup: 130802 ns, At safepoint: 29301 ns, Total: 248605 ns
[19.151s][info ][safepoint      ] Safepoint "ICBufferFull", Time since last: 388816245 ns, Reaching safepoint: 84502 ns, Cleanup: 112502 ns, At safepoint: 14800 ns, Total: 211804 ns
[19.446s][info ][safepoint      ] Safepoint "ICBufferFull", Time since last: 293957631 ns, Reaching safepoint: 86001 ns, Cleanup: 132403 ns, At safepoint: 8900 ns, Total: 227304 ns
[19.742s][info ][gc,start       ] GC(8) Pause Young (Allocation Failure)
[19.823s][debug][gc,phases      ] GC(8) Scavenge 81.293ms
[19.823s][debug][gc,ref         ] GC(8) ReferenceProcessor::execute queues: 4, RefProcThreadModel::Multi, marks_oops_alive: false
[19.824s][debug][gc,ref         ] GC(8) ReferenceProcessor::execute queues: 4, RefProcThreadModel::Multi, marks_oops_alive: true
[19.824s][debug][gc,ref         ] GC(8) ReferenceProcessor::execute queues: 1, RefProcThreadModel::Single, marks_oops_alive: false
[19.824s][debug][gc,phases      ] GC(8) Reference Processing 0.767ms
[19.824s][debug][gc,phases      ] GC(8)   VM Weak                        Min:  0.0, Avg:  0.0, Max:  0.0, Diff:  0.0, Sum:  0.0, Workers: 4
[19.824s][debug][gc,phases      ] GC(8)     Dead                           Min: 0, Avg:  0.0, Max: 0, Diff: 0, Sum: 0, Workers: 4
[19.824s][debug][gc,phases      ] GC(8)     Total                          Min: 64, Avg: 209.5, Max: 448, Diff: 384, Sum: 838, Workers: 4
[19.825s][debug][gc,phases      ] GC(8)   ObjectSynchronizer Weak        Min:  0.0, Avg:  0.0, Max:  0.0, Diff:  0.0, Sum:  0.0, Workers: 4
[19.825s][debug][gc,phases      ] GC(8)     Dead                           Min: 0, Avg:  0.2, Max: 1, Diff: 1, Sum: 1, Workers: 4
[19.825s][debug][gc,phases      ] GC(8)     Total                          Min: 0, Avg: 23.5, Max: 64, Diff: 64, Sum: 94, Workers: 4
[19.825s][debug][gc,phases      ] GC(8)   JVMTI Tag Weak OopStorage      Min:  0.0, Avg:  0.0, Max:  0.0, Diff:  0.0, Sum:  0.0, Workers: 4
[19.825s][debug][gc,phases      ] GC(8)     Dead                           Min: 0, Avg:  0.0, Max: 0, Diff: 0, Sum: 0, Workers: 4
[19.825s][debug][gc,phases      ] GC(8)     Total                          Min: 0, Avg:  0.0, Max: 0, Diff: 0, Sum: 0, Workers: 4
[19.825s][debug][gc,phases      ] GC(8)   StringTable Weak               Min:  0.4, Avg:  0.4, Max:  0.4, Diff:  0.0, Sum:  1.5, Workers: 4
[19.825s][debug][gc,phases      ] GC(8)     Dead                           Min: 1, Avg:  1.2, Max: 2, Diff: 1, Sum: 5, Workers: 4
[19.825s][debug][gc,phases      ] GC(8)     Total                          Min: 9728, Avg: 11450.0, Max: 15336, Diff: 5608, Sum: 45800, Workers: 4
[19.825s][debug][gc,phases      ] GC(8)   ResolvedMethodTable Weak       Min:  0.1, Avg:  0.1, Max:  0.1, Diff:  0.0, Sum:  0.5, Workers: 4
[19.825s][debug][gc,phases      ] GC(8)     Dead                           Min: 12, Avg: 31.2, Max: 67, Diff: 55, Sum: 125, Workers: 4
[19.825s][debug][gc,phases      ] GC(8)     Total                          Min: 2974, Avg: 3479.2, Max: 4819, Diff: 1845, Sum: 13917, Workers: 4
[19.825s][debug][gc,phases      ] GC(8)   JNI Weak                       Min:  0.0, Avg:  0.0, Max:  0.0, Diff:  0.0, Sum:  0.0, Workers: 4
[19.825s][debug][gc,phases      ] GC(8)     Dead                           Min: 0, Avg:  0.0, Max: 0, Diff: 0, Sum: 0, Workers: 4
[19.825s][debug][gc,phases      ] GC(8)     Total                          Min: 0, Avg: 22.5, Max: 52, Diff: 52, Sum: 90, Workers: 4
[19.825s][debug][gc,phases      ] GC(8)   StringDedup Table Weak         Min:  0.0, Avg:  0.0, Max:  0.0, Diff:  0.0, Sum:  0.0, Workers: 4
[19.825s][debug][gc,phases      ] GC(8)     Dead                           Min: 0, Avg:  0.0, Max: 0, Diff: 0, Sum: 0, Workers: 4
[19.825s][debug][gc,phases      ] GC(8)     Total                          Min: 0, Avg:  0.0, Max: 0, Diff: 0, Sum: 0, Workers: 4
[19.825s][debug][gc,phases      ] GC(8)   StringDedup Requests0 Weak     Min:  0.0, Avg:  0.0, Max:  0.0, Diff:  0.0, Sum:  0.0, Workers: 4
[19.825s][debug][gc,phases      ] GC(8)     Dead                           Min: 0, Avg:  0.0, Max: 0, Diff: 0, Sum: 0, Workers: 4
[19.825s][debug][gc,phases      ] GC(8)     Total                          Min: 0, Avg:  0.0, Max: 0, Diff: 0, Sum: 0, Workers: 4
[19.825s][debug][gc,phases      ] GC(8)   StringDedup Requests1 Weak     Min:  0.0, Avg:  0.0, Max:  0.0, Diff:  0.0, Sum:  0.0, Workers: 4
[19.825s][debug][gc,phases      ] GC(8)     Dead                           Min: 0, Avg:  0.0, Max: 0, Diff: 0, Sum: 0, Workers: 4
[19.825s][debug][gc,phases      ] GC(8)     Total                          Min: 0, Avg:  0.0, Max: 0, Diff: 0, Sum: 0, Workers: 4
[19.825s][debug][gc,phases      ] GC(8)   Weak JFR Old Object Samples    Min:  0.0, Avg:  0.0, Max:  0.0, Diff:  0.0, Sum:  0.0, Workers: 4
[19.825s][debug][gc,phases      ] GC(8)     Dead                           Min: 0, Avg:  0.0, Max: 0, Diff: 0, Sum: 0, Workers: 4
[19.825s][debug][gc,phases      ] GC(8)     Total                          Min: 0, Avg:  0.0, Max: 0, Diff: 0, Sum: 0, Workers: 4
[19.825s][debug][gc,phases      ] GC(8) Weak Processing 0.698ms
[19.825s][debug][gc,age         ] GC(8) Desired survivor size 202375168 bytes, new threshold 6 (max threshold 15)
[19.825s][info ][gc,heap        ] GC(8) PSYoungGen: 1175026K(1572864K)->182998K(1572864K) Eden: 1048576K(1048576K)->0K(1048576K) From: 126450K(524288K)->182998K(524288K)
[19.825s][info ][gc,heap        ] GC(8) ParOldGen: 6398K(6656K)->6414K(6656K)
[19.825s][info ][gc,metaspace   ] GC(8) Metaspace: 100588K(101696K)->100588K(101696K) NonClass: 84930K(85568K)->84930K(85568K) Class: 15658K(16128K)->15658K(16128K)
[19.825s][info ][gc             ] GC(8) Pause Young (Allocation Failure) 1153M->184M(1542M) 82.908ms
[19.825s][info ][gc,cpu         ] GC(8) User=0.26s Sys=0.07s Real=0.08s
[19.825s][info ][safepoint      ] Safepoint "ParallelGCFailedAllocation", Time since last: 295927367 ns, Reaching safepoint: 88502 ns, Cleanup: 102002 ns, At safepoint: 83015534 ns, Total: 83206038 ns
[20.076s][info ][safepoint      ] Safepoint "ICBufferFull", Time since last: 251434745 ns, Reaching safepoint: 87701 ns, Cleanup: 99402 ns, At safepoint: 17001 ns, Total: 204104 ns
[20.393s][info ][safepoint      ] Safepoint "ICBufferFull", Time since last: 316353644 ns, Reaching safepoint: 9800 ns, Cleanup: 116803 ns, At safepoint: 6000 ns, Total: 132603 ns
[21.078s][info ][safepoint      ] Safepoint "ICBufferFull", Time since last: 685336861 ns, Reaching safepoint: 12200 ns, Cleanup: 126003 ns, At safepoint: 4500 ns, Total: 142703 ns
[21.529s][info ][safepoint      ] Safepoint "ICBufferFull", Time since last: 450109316 ns, Reaching safepoint: 84901 ns, Cleanup: 107802 ns, At safepoint: 10900 ns, Total: 203603 ns
[22.278s][info ][safepoint      ] Safepoint "ICBufferFull", Time since last: 748734133 ns, Reaching safepoint: 15800 ns, Cleanup: 162503 ns, At safepoint: 12401 ns, Total: 190704 ns
[23.132s][info ][safepoint      ] Safepoint "ICBufferFull", Time since last: 853938176 ns, Reaching safepoint: 10900 ns, Cleanup: 140403 ns, At safepoint: 7400 ns, Total: 158703 ns
[23.928s][info ][safepoint      ] Safepoint "ICBufferFull", Time since last: 795684600 ns, Reaching safepoint: 92702 ns, Cleanup: 154803 ns, At safepoint: 13900 ns, Total: 261405 ns
[24.928s][info ][safepoint      ] Safepoint "Cleanup", Time since last: 1000164378 ns, Reaching safepoint: 13800 ns, Cleanup: 96902 ns, At safepoint: 9700 ns, Total: 120402 ns
[25.627s][info ][safepoint      ] Safepoint "ICBufferFull", Time since last: 698538406 ns, Reaching safepoint: 9400 ns, Cleanup: 141803 ns, At safepoint: 2700 ns, Total: 153903 ns
[25.809s][info ][safepoint      ] Safepoint "ICBufferFull", Time since last: 181815059 ns, Reaching safepoint: 82001 ns, Cleanup: 100002 ns, At safepoint: 7800 ns, Total: 189803 ns
[25.993s][info ][safepoint      ] Safepoint "ICBufferFull", Time since last: 184605211 ns, Reaching safepoint: 85901 ns, Cleanup: 102302 ns, At safepoint: 9200 ns, Total: 197403 ns
[26.358s][info ][gc,start       ] GC(9) Pause Young (Allocation Failure)
[26.468s][debug][gc,phases      ] GC(9) Scavenge 109.902ms
[26.468s][debug][gc,ref         ] GC(9) ReferenceProcessor::execute queues: 4, RefProcThreadModel::Multi, marks_oops_alive: false
[26.468s][debug][gc,ref         ] GC(9) ReferenceProcessor::execute queues: 4, RefProcThreadModel::Multi, marks_oops_alive: true
[26.468s][debug][gc,ref         ] GC(9) ReferenceProcessor::execute queues: 1, RefProcThreadModel::Single, marks_oops_alive: false
[26.468s][debug][gc,phases      ] GC(9) Reference Processing 0.669ms
[26.469s][debug][gc,phases      ] GC(9)   VM Weak                        Min:  0.0, Avg:  0.0, Max:  0.0, Diff:  0.0, Sum:  0.0, Workers: 4
[26.469s][debug][gc,phases      ] GC(9)     Dead                           Min: 0, Avg:  0.0, Max: 0, Diff: 0, Sum: 0, Workers: 4
[26.469s][debug][gc,phases      ] GC(9)     Total                          Min: 64, Avg: 215.2, Max: 413, Diff: 349, Sum: 861, Workers: 4
[26.469s][debug][gc,phases      ] GC(9)   ObjectSynchronizer Weak        Min:  0.0, Avg:  0.0, Max:  0.0, Diff:  0.0, Sum:  0.0, Workers: 4
[26.469s][debug][gc,phases      ] GC(9)     Dead                           Min: 0, Avg:  0.2, Max: 1, Diff: 1, Sum: 1, Workers: 4
[26.469s][debug][gc,phases      ] GC(9)     Total                          Min: 0, Avg: 24.5, Max: 64, Diff: 64, Sum: 98, Workers: 4
[26.469s][debug][gc,phases      ] GC(9)   JVMTI Tag Weak OopStorage      Min:  0.0, Avg:  0.0, Max:  0.0, Diff:  0.0, Sum:  0.0, Workers: 4
[26.469s][debug][gc,phases      ] GC(9)     Dead                           Min: 0, Avg:  0.0, Max: 0, Diff: 0, Sum: 0, Workers: 4
[26.469s][debug][gc,phases      ] GC(9)     Total                          Min: 0, Avg:  0.0, Max: 0, Diff: 0, Sum: 0, Workers: 4
[26.469s][debug][gc,phases      ] GC(9)   StringTable Weak               Min:  0.3, Avg:  0.3, Max:  0.3, Diff:  0.0, Sum:  1.3, Workers: 4
[26.469s][debug][gc,phases      ] GC(9)     Dead                           Min: 0, Avg:  0.8, Max: 3, Diff: 3, Sum: 3, Workers: 4
[26.469s][debug][gc,phases      ] GC(9)     Total                          Min: 9088, Avg: 11575.8, Max: 14208, Diff: 5120, Sum: 46303, Workers: 4
[26.469s][debug][gc,phases      ] GC(9)   ResolvedMethodTable Weak       Min:  0.1, Avg:  0.1, Max:  0.1, Diff:  0.0, Sum:  0.4, Workers: 4
[26.469s][debug][gc,phases      ] GC(9)     Dead                           Min: 3, Avg: 13.0, Max: 28, Diff: 25, Sum: 52, Workers: 4
[26.469s][debug][gc,phases      ] GC(9)     Total                          Min: 2786, Avg: 3526.8, Max: 4241, Diff: 1455, Sum: 14107, Workers: 4
[26.469s][debug][gc,phases      ] GC(9)   JNI Weak                       Min:  0.0, Avg:  0.0, Max:  0.0, Diff:  0.0, Sum:  0.0, Workers: 4
[26.469s][debug][gc,phases      ] GC(9)     Dead                           Min: 0, Avg:  0.0, Max: 0, Diff: 0, Sum: 0, Workers: 4
[26.469s][debug][gc,phases      ] GC(9)     Total                          Min: 0, Avg: 26.0, Max: 55, Diff: 55, Sum: 104, Workers: 4
[26.469s][debug][gc,phases      ] GC(9)   StringDedup Table Weak         Min:  0.0, Avg:  0.0, Max:  0.0, Diff:  0.0, Sum:  0.0, Workers: 4
[26.469s][debug][gc,phases      ] GC(9)     Dead                           Min: 0, Avg:  0.0, Max: 0, Diff: 0, Sum: 0, Workers: 4
[26.469s][debug][gc,phases      ] GC(9)     Total                          Min: 0, Avg:  0.0, Max: 0, Diff: 0, Sum: 0, Workers: 4
[26.469s][debug][gc,phases      ] GC(9)   StringDedup Requests0 Weak     Min:  0.0, Avg:  0.0, Max:  0.0, Diff:  0.0, Sum:  0.0, Workers: 4
[26.469s][debug][gc,phases      ] GC(9)     Dead                           Min: 0, Avg:  0.0, Max: 0, Diff: 0, Sum: 0, Workers: 4
[26.469s][debug][gc,phases      ] GC(9)     Total                          Min: 0, Avg:  0.0, Max: 0, Diff: 0, Sum: 0, Workers: 4
[26.469s][debug][gc,phases      ] GC(9)   StringDedup Requests1 Weak     Min:  0.0, Avg:  0.0, Max:  0.0, Diff:  0.0, Sum:  0.0, Workers: 4
[26.469s][debug][gc,phases      ] GC(9)     Dead                           Min: 0, Avg:  0.0, Max: 0, Diff: 0, Sum: 0, Workers: 4
[26.469s][debug][gc,phases      ] GC(9)     Total                          Min: 0, Avg:  0.0, Max: 0, Diff: 0, Sum: 0, Workers: 4
[26.469s][debug][gc,phases      ] GC(9)   Weak JFR Old Object Samples    Min:  0.0, Avg:  0.0, Max:  0.0, Diff:  0.0, Sum:  0.0, Workers: 4
[26.469s][debug][gc,phases      ] GC(9)     Dead                           Min: 0, Avg:  0.0, Max: 0, Diff: 0, Sum: 0, Workers: 4
[26.469s][debug][gc,phases      ] GC(9)     Total                          Min: 0, Avg:  0.0, Max: 0, Diff: 0, Sum: 0, Workers: 4
[26.469s][debug][gc,phases      ] GC(9) Weak Processing 0.630ms
[26.469s][debug][gc,age         ] GC(9) Desired survivor size 252182528 bytes, new threshold 5 (max threshold 15)
[26.469s][info ][gc,heap        ] GC(9) PSYoungGen: 1231574K(1572864K)->197609K(1802240K) Eden: 1048576K(1048576K)->0K(1604608K) From: 182998K(524288K)->197609K(197632K)
[26.469s][info ][gc,heap        ] GC(9) ParOldGen: 6414K(6656K)->20305K(20480K)
[26.469s][info ][gc,metaspace   ] GC(9) Metaspace: 101989K(103168K)->101989K(103168K) NonClass: 86220K(86912K)->86220K(86912K) Class: 15768K(16256K)->15768K(16256K)
[26.469s][info ][gc             ] GC(9) Pause Young (Allocation Failure) 1208M->212M(1780M) 111.335ms
[26.469s][info ][gc,cpu         ] GC(9) User=0.33s Sys=0.11s Real=0.12s
[26.469s][info ][safepoint      ] Safepoint "ParallelGCFailedAllocation", Time since last: 364131628 ns, Reaching safepoint: 87501 ns, Cleanup: 81702 ns, At safepoint: 111440659 ns, Total: 111609862 ns
[26.674s][info ][safepoint      ] Safepoint "ICBufferFull", Time since last: 204855084 ns, Reaching safepoint: 91502 ns, Cleanup: 105602 ns, At safepoint: 21600 ns, Total: 218704 ns
[27.190s][info ][safepoint      ] Safepoint "ICBufferFull", Time since last: 515367363 ns, Reaching safepoint: 88202 ns, Cleanup: 97102 ns, At safepoint: 26100 ns, Total: 211404 ns
[27.959s][info ][safepoint      ] Safepoint "ICBufferFull", Time since last: 768993694 ns, Reaching safepoint: 11400 ns, Cleanup: 143903 ns, At safepoint: 7200 ns, Total: 162503 ns
[28.101s][info ][safepoint      ] Safepoint "ICBufferFull", Time since last: 142190817 ns, Reaching safepoint: 9400 ns, Cleanup: 97602 ns, At safepoint: 6200 ns, Total: 113202 ns
[28.230s][info ][safepoint      ] Safepoint "ICBufferFull", Time since last: 128680659 ns, Reaching safepoint: 154202 ns, Cleanup: 115803 ns, At safepoint: 8900 ns, Total: 278905 ns
[28.505s][info ][safepoint      ] Safepoint "ICBufferFull", Time since last: 274658048 ns, Reaching safepoint: 10400 ns, Cleanup: 99702 ns, At safepoint: 2800 ns, Total: 112902 ns
[28.859s][info ][safepoint      ] Safepoint "ICBufferFull", Time since last: 354142467 ns, Reaching safepoint: 91501 ns, Cleanup: 123303 ns, At safepoint: 6200 ns, Total: 221004 ns
[29.369s][info ][safepoint      ] Safepoint "ICBufferFull", Time since last: 509491835 ns, Reaching safepoint: 76401 ns, Cleanup: 122503 ns, At safepoint: 12000 ns, Total: 210904 ns
[30.360s][info ][safepoint      ] Safepoint "ICBufferFull", Time since last: 991049036 ns, Reaching safepoint: 89802 ns, Cleanup: 136702 ns, At safepoint: 30001 ns, Total: 256505 ns
[30.361s][info ][safepoint      ] Safepoint "ICBufferFull", Time since last: 700413 ns, Reaching safepoint: 83902 ns, Cleanup: 5300 ns, At safepoint: 26301 ns, Total: 115503 ns
[31.029s][info ][safepoint      ] Safepoint "ICBufferFull", Time since last: 667216248 ns, Reaching safepoint: 82602 ns, Cleanup: 124702 ns, At safepoint: 5900 ns, Total: 213204 ns
[31.782s][info ][safepoint      ] Safepoint "ICBufferFull", Time since last: 753560699 ns, Reaching safepoint: 10800 ns, Cleanup: 129803 ns, At safepoint: 3200 ns, Total: 143803 ns
[32.783s][info ][safepoint      ] Safepoint "Cleanup", Time since last: 1000141710 ns, Reaching safepoint: 98601 ns, Cleanup: 85002 ns, At safepoint: 11600 ns, Total: 195203 ns
[33.783s][info ][safepoint      ] Safepoint "Cleanup", Time since last: 1000190711 ns, Reaching safepoint: 83902 ns, Cleanup: 88501 ns, At safepoint: 5501 ns, Total: 177904 ns
[34.783s][info ][safepoint      ] Safepoint "Cleanup", Time since last: 1000219811 ns, Reaching safepoint: 86302 ns, Cleanup: 36900 ns, At safepoint: 8801 ns, Total: 132003 ns
[35.784s][info ][safepoint      ] Safepoint "Cleanup", Time since last: 1000113751 ns, Reaching safepoint: 21001 ns, Cleanup: 54001 ns, At safepoint: 2700 ns, Total: 77702 ns
[36.784s][info ][safepoint      ] Safepoint "Cleanup", Time since last: 1000108413 ns, Reaching safepoint: 10500 ns, Cleanup: 28000 ns, At safepoint: 2601 ns, Total: 41101 ns
[37.784s][info ][safepoint      ] Safepoint "Cleanup", Time since last: 1000183614 ns, Reaching safepoint: 11200 ns, Cleanup: 26201 ns, At safepoint: 27100 ns, Total: 64501 ns
[38.784s][info ][safepoint      ] Safepoint "Cleanup", Time since last: 1000182415 ns, Reaching safepoint: 12000 ns, Cleanup: 26200 ns, At safepoint: 9700 ns, Total: 47900 ns
[39.784s][info ][safepoint      ] Safepoint "Cleanup", Time since last: 1000197315 ns, Reaching safepoint: 10200 ns, Cleanup: 27301 ns, At safepoint: 3900 ns, Total: 41401 ns
[40.785s][info ][safepoint      ] Safepoint "Cleanup", Time since last: 1000179114 ns, Reaching safepoint: 10900 ns, Cleanup: 40901 ns, At safepoint: 4000 ns, Total: 55801 ns
[41.279s][info ][gc,start       ] GC(10) Pause Young (Allocation Failure)
[41.401s][debug][gc,phases      ] GC(10) Scavenge 122.081ms
[41.401s][debug][gc,ref         ] GC(10) ReferenceProcessor::execute queues: 4, RefProcThreadModel::Multi, marks_oops_alive: false
[41.401s][debug][gc,ref         ] GC(10) ReferenceProcessor::execute queues: 4, RefProcThreadModel::Multi, marks_oops_alive: true
[41.401s][debug][gc,ref         ] GC(10) ReferenceProcessor::execute queues: 1, RefProcThreadModel::Single, marks_oops_alive: false
[41.401s][debug][gc,phases      ] GC(10) Reference Processing 0.593ms
[41.402s][debug][gc,phases      ] GC(10)   VM Weak                        Min:  0.0, Avg:  0.0, Max:  0.0, Diff:  0.0, Sum:  0.0, Workers: 4
[41.402s][debug][gc,phases      ] GC(10)     Dead                           Min: 0, Avg:  0.0, Max: 0, Diff: 0, Sum: 0, Workers: 4
[41.402s][debug][gc,phases      ] GC(10)     Total                          Min: 0, Avg: 222.5, Max: 448, Diff: 448, Sum: 890, Workers: 4
[41.402s][debug][gc,phases      ] GC(10)   ObjectSynchronizer Weak        Min:  0.0, Avg:  0.0, Max:  0.0, Diff:  0.0, Sum:  0.0, Workers: 4
[41.402s][debug][gc,phases      ] GC(10)     Dead                           Min: 0, Avg:  0.0, Max: 0, Diff: 0, Sum: 0, Workers: 4
[41.402s][debug][gc,phases      ] GC(10)     Total                          Min: 0, Avg: 25.0, Max: 64, Diff: 64, Sum: 100, Workers: 4
[41.402s][debug][gc,phases      ] GC(10)   JVMTI Tag Weak OopStorage      Min:  0.0, Avg:  0.0, Max:  0.0, Diff:  0.0, Sum:  0.0, Workers: 4
[41.402s][debug][gc,phases      ] GC(10)     Dead                           Min: 0, Avg:  0.0, Max: 0, Diff: 0, Sum: 0, Workers: 4
[41.402s][debug][gc,phases      ] GC(10)     Total                          Min: 0, Avg:  0.0, Max: 0, Diff: 0, Sum: 0, Workers: 4
[41.402s][debug][gc,phases      ] GC(10)   StringTable Weak               Min:  0.3, Avg:  0.3, Max:  0.3, Diff:  0.0, Sum:  1.1, Workers: 4
[41.402s][debug][gc,phases      ] GC(10)     Dead                           Min: 0, Avg:  1.8, Max: 5, Diff: 5, Sum: 7, Workers: 4
[41.402s][debug][gc,phases      ] GC(10)     Total                          Min: 11520, Avg: 11684.2, Max: 11985, Diff: 465, Sum: 46737, Workers: 4
[41.402s][debug][gc,phases      ] GC(10)   ResolvedMethodTable Weak       Min:  0.1, Avg:  0.1, Max:  0.1, Diff:  0.0, Sum:  0.4, Workers: 4
[41.402s][debug][gc,phases      ] GC(10)     Dead                           Min: 3, Avg: 18.5, Max: 42, Diff: 39, Sum: 74, Workers: 4
[41.402s][debug][gc,phases      ] GC(10)     Total                          Min: 3537, Avg: 3615.8, Max: 3818, Diff: 281, Sum: 14463, Workers: 4
[41.402s][debug][gc,phases      ] GC(10)   JNI Weak                       Min:  0.0, Avg:  0.0, Max:  0.0, Diff:  0.0, Sum:  0.0, Workers: 4
[41.402s][debug][gc,phases      ] GC(10)     Dead                           Min: 0, Avg:  0.0, Max: 0, Diff: 0, Sum: 0, Workers: 4
[41.402s][debug][gc,phases      ] GC(10)     Total                          Min: 0, Avg: 13.0, Max: 52, Diff: 52, Sum: 52, Workers: 4
[41.402s][debug][gc,phases      ] GC(10)   StringDedup Table Weak         Min:  0.0, Avg:  0.0, Max:  0.0, Diff:  0.0, Sum:  0.0, Workers: 4
[41.402s][debug][gc,phases      ] GC(10)     Dead                           Min: 0, Avg:  0.0, Max: 0, Diff: 0, Sum: 0, Workers: 4
[41.402s][debug][gc,phases      ] GC(10)     Total                          Min: 0, Avg:  0.0, Max: 0, Diff: 0, Sum: 0, Workers: 4
[41.402s][debug][gc,phases      ] GC(10)   StringDedup Requests0 Weak     Min:  0.0, Avg:  0.0, Max:  0.0, Diff:  0.0, Sum:  0.0, Workers: 4
[41.402s][debug][gc,phases      ] GC(10)     Dead                           Min: 0, Avg:  0.0, Max: 0, Diff: 0, Sum: 0, Workers: 4
[41.402s][debug][gc,phases      ] GC(10)     Total                          Min: 0, Avg:  0.0, Max: 0, Diff: 0, Sum: 0, Workers: 4
[41.402s][debug][gc,phases      ] GC(10)   StringDedup Requests1 Weak     Min:  0.0, Avg:  0.0, Max:  0.0, Diff:  0.0, Sum:  0.0, Workers: 4
[41.402s][debug][gc,phases      ] GC(10)     Dead                           Min: 0, Avg:  0.0, Max: 0, Diff: 0, Sum: 0, Workers: 4
[41.402s][debug][gc,phases      ] GC(10)     Total                          Min: 0, Avg:  0.0, Max: 0, Diff: 0, Sum: 0, Workers: 4
[41.402s][debug][gc,phases      ] GC(10)   Weak JFR Old Object Samples    Min:  0.0, Avg:  0.0, Max:  0.0, Diff:  0.0, Sum:  0.0, Workers: 4
[41.402s][debug][gc,phases      ] GC(10)     Dead                           Min: 0, Avg:  0.0, Max: 0, Diff: 0, Sum: 0, Workers: 4
[41.402s][debug][gc,phases      ] GC(10)     Total                          Min: 0, Avg:  0.0, Max: 0, Diff: 0, Sum: 0, Workers: 4
[41.402s][debug][gc,phases      ] GC(10) Weak Processing 0.582ms
[41.402s][debug][gc,age         ] GC(10) Desired survivor size 264765440 bytes, new threshold 4 (max threshold 15)
[41.402s][info ][gc,heap        ] GC(10) PSYoungGen: 1802217K(1802240K)->175964K(1780736K) Eden: 1604608K(1604608K)->0K(1604608K) From: 197609K(197632K)->175964K(176128K)
[41.402s][info ][gc,heap        ] GC(10) ParOldGen: 20305K(20480K)->74389K(74752K)
[41.402s][info ][gc,metaspace   ] GC(10) Metaspace: 103578K(104832K)->103578K(104832K) NonClass: 87658K(88384K)->87658K(88384K) Class: 15920K(16448K)->15920K(16448K)
[41.402s][info ][gc             ] GC(10) Pause Young (Allocation Failure) 1779M->244M(1812M) 123.413ms
[41.402s][info ][gc,cpu         ] GC(10) User=0.41s Sys=0.08s Real=0.12s
[41.402s][info ][safepoint      ] Safepoint "ParallelGCFailedAllocation", Time since last: 493783391 ns, Reaching safepoint: 11401 ns, Cleanup: 54401 ns, At safepoint: 123503973 ns, Total: 123569775 ns
[42.402s][info ][safepoint      ] Safepoint "Cleanup", Time since last: 1000107313 ns, Reaching safepoint: 14501 ns, Cleanup: 81701 ns, At safepoint: 3700 ns, Total: 99902 ns
[43.402s][info ][safepoint      ] Safepoint "Cleanup", Time since last: 1000121888 ns, Reaching safepoint: 12400 ns, Cleanup: 29401 ns, At safepoint: 3100 ns, Total: 44901 ns
[44.403s][info ][safepoint      ] Safepoint "Cleanup", Time since last: 1000177296 ns, Reaching safepoint: 11201 ns, Cleanup: 22600 ns, At safepoint: 3900 ns, Total: 37701 ns
[45.404s][info ][safepoint      ] Safepoint "Cleanup", Time since last: 1000136396 ns, Reaching safepoint: 724613 ns, Cleanup: 16801 ns, At safepoint: 24000 ns, Total: 765414 ns
[46.404s][info ][safepoint      ] Safepoint "Cleanup", Time since last: 1000224597 ns, Reaching safepoint: 11901 ns, Cleanup: 40700 ns, At safepoint: 4300 ns, Total: 56901 ns
[47.404s][info ][safepoint      ] Safepoint "Cleanup", Time since last: 1000201697 ns, Reaching safepoint: 11501 ns, Cleanup: 23800 ns, At safepoint: 3500 ns, Total: 38801 ns
[48.404s][info ][safepoint      ] Safepoint "Cleanup", Time since last: 1000191297 ns, Reaching safepoint: 12500 ns, Cleanup: 57301 ns, At safepoint: 4100 ns, Total: 73901 ns
[49.405s][info ][safepoint      ] Safepoint "Cleanup", Time since last: 1000151596 ns, Reaching safepoint: 12100 ns, Cleanup: 27301 ns, At safepoint: 28800 ns, Total: 68201 ns
[50.405s][info ][safepoint      ] Safepoint "Cleanup", Time since last: 1000217098 ns, Reaching safepoint: 11800 ns, Cleanup: 33600 ns, At safepoint: 3800 ns, Total: 49200 ns
[51.405s][info ][safepoint      ] Safepoint "Cleanup", Time since last: 1000203056 ns, Reaching safepoint: 13300 ns, Cleanup: 24901 ns, At safepoint: 4000 ns, Total: 42201 ns
[52.405s][info ][safepoint      ] Safepoint "Cleanup", Time since last: 1000205044 ns, Reaching safepoint: 12600 ns, Cleanup: 23601 ns, At safepoint: 4100 ns, Total: 40301 ns
[53.405s][info ][safepoint      ] Safepoint "Cleanup", Time since last: 1000124943 ns, Reaching safepoint: 11400 ns, Cleanup: 14100 ns, At safepoint: 2900 ns, Total: 28400 ns
[54.406s][info ][safepoint      ] Safepoint "Cleanup", Time since last: 1000117143 ns, Reaching safepoint: 15100 ns, Cleanup: 20400 ns, At safepoint: 3600 ns, Total: 39100 ns
[55.406s][info ][safepoint      ] Safepoint "Cleanup", Time since last: 1000128443 ns, Reaching safepoint: 12200 ns, Cleanup: 26201 ns, At safepoint: 3400 ns, Total: 41801 ns
[56.406s][info ][safepoint      ] Safepoint "Cleanup", Time since last: 1000188044 ns, Reaching safepoint: 11800 ns, Cleanup: 17000 ns, At safepoint: 4000 ns, Total: 32800 ns
[57.406s][info ][safepoint      ] Safepoint "Cleanup", Time since last: 1000193144 ns, Reaching safepoint: 13200 ns, Cleanup: 20301 ns, At safepoint: 4000 ns, Total: 37501 ns
[58.406s][info ][safepoint      ] Safepoint "Cleanup", Time since last: 1000215744 ns, Reaching safepoint: 12300 ns, Cleanup: 29601 ns, At safepoint: 4100 ns, Total: 46001 ns
[59.407s][info ][safepoint      ] Safepoint "Cleanup", Time since last: 1000207916 ns, Reaching safepoint: 12401 ns, Cleanup: 26100 ns, At safepoint: 4000 ns, Total: 42501 ns
[61.067s][info ][safepoint      ] Safepoint "Cleanup", Time since last: 1660116469 ns, Reaching safepoint: 12700 ns, Cleanup: 38901 ns, At safepoint: 3700 ns, Total: 55301 ns
[62.067s][info ][safepoint      ] Safepoint "Cleanup", Time since last: 1000212917 ns, Reaching safepoint: 12800 ns, Cleanup: 22001 ns, At safepoint: 4400 ns, Total: 39201 ns
[63.067s][info ][safepoint      ] Safepoint "Cleanup", Time since last: 1000133816 ns, Reaching safepoint: 11900 ns, Cleanup: 20200 ns, At safepoint: 3100 ns, Total: 35200 ns
[64.068s][info ][safepoint      ] Safepoint "Cleanup", Time since last: 1000210218 ns, Reaching safepoint: 12300 ns, Cleanup: 26100 ns, At safepoint: 3100 ns, Total: 41500 ns
[65.068s][info ][safepoint      ] Safepoint "Cleanup", Time since last: 1000188017 ns, Reaching safepoint: 12801 ns, Cleanup: 22100 ns, At safepoint: 4000 ns, Total: 38901 ns
[66.068s][info ][safepoint      ] Safepoint "Cleanup", Time since last: 1000128116 ns, Reaching safepoint: 11200 ns, Cleanup: 12500 ns, At safepoint: 2600 ns, Total: 26300 ns
[67.068s][info ][safepoint      ] Safepoint "Cleanup", Time since last: 1000121916 ns, Reaching safepoint: 12400 ns, Cleanup: 20401 ns, At safepoint: 3300 ns, Total: 36101 ns
[68.068s][info ][safepoint      ] Safepoint "Cleanup", Time since last: 1000185019 ns, Reaching safepoint: 13600 ns, Cleanup: 74302 ns, At safepoint: 4300 ns, Total: 92202 ns
[69.069s][info ][safepoint      ] Safepoint "Cleanup", Time since last: 1000191619 ns, Reaching safepoint: 15100 ns, Cleanup: 46401 ns, At safepoint: 4000 ns, Total: 65501 ns
[70.069s][info ][safepoint      ] Safepoint "Cleanup", Time since last: 1000399423 ns, Reaching safepoint: 23001 ns, Cleanup: 44001 ns, At safepoint: 8200 ns, Total: 75202 ns
[71.069s][info ][safepoint      ] Safepoint "Cleanup", Time since last: 1000157318 ns, Reaching safepoint: 12301 ns, Cleanup: 32600 ns, At safepoint: 3700 ns, Total: 48601 ns
[72.070s][info ][safepoint      ] Safepoint "Cleanup", Time since last: 1000216120 ns, Reaching safepoint: 12200 ns, Cleanup: 59201 ns, At safepoint: 3300 ns, Total: 74701 ns
[73.070s][info ][safepoint      ] Safepoint "Cleanup", Time since last: 1000230520 ns, Reaching safepoint: 13601 ns, Cleanup: 15300 ns, At safepoint: 3300 ns, Total: 32201 ns
[74.070s][info ][safepoint      ] Safepoint "Cleanup", Time since last: 1000129718 ns, Reaching safepoint: 13500 ns, Cleanup: 24901 ns, At safepoint: 3400 ns, Total: 41801 ns
[75.070s][info ][safepoint      ] Safepoint "Cleanup", Time since last: 1000173022 ns, Reaching safepoint: 11800 ns, Cleanup: 29701 ns, At safepoint: 3000 ns, Total: 44501 ns
[77.071s][info ][safepoint      ] Safepoint "Cleanup", Time since last: 2000216109 ns, Reaching safepoint: 13100 ns, Cleanup: 46701 ns, At safepoint: 4600 ns, Total: 64401 ns
[78.071s][info ][safepoint      ] Safepoint "Cleanup", Time since last: 1000141705 ns, Reaching safepoint: 12500 ns, Cleanup: 19101 ns, At safepoint: 4100 ns, Total: 35701 ns
[79.071s][info ][safepoint      ] Safepoint "Cleanup", Time since last: 1000128505 ns, Reaching safepoint: 11700 ns, Cleanup: 33301 ns, At safepoint: 4200 ns, Total: 49201 ns
[80.071s][info ][safepoint      ] Safepoint "Cleanup", Time since last: 1000217806 ns, Reaching safepoint: 12600 ns, Cleanup: 34701 ns, At safepoint: 4300 ns, Total: 51601 ns
[81.071s][info ][safepoint      ] Safepoint "Cleanup", Time since last: 1000127205 ns, Reaching safepoint: 13200 ns, Cleanup: 22801 ns, At safepoint: 3400 ns, Total: 39401 ns
[82.072s][info ][safepoint      ] Safepoint "Cleanup", Time since last: 1000241907 ns, Reaching safepoint: 13100 ns, Cleanup: 15900 ns, At safepoint: 3901 ns, Total: 32901 ns
[83.072s][info ][safepoint      ] Safepoint "Cleanup", Time since last: 1000139400 ns, Reaching safepoint: 13201 ns, Cleanup: 22200 ns, At safepoint: 3100 ns, Total: 38501 ns
[84.072s][info ][safepoint      ] Safepoint "Cleanup", Time since last: 1000136424 ns, Reaching safepoint: 14700 ns, Cleanup: 31601 ns, At safepoint: 4000 ns, Total: 50301 ns
[85.072s][info ][safepoint      ] Safepoint "Cleanup", Time since last: 1000133723 ns, Reaching safepoint: 13701 ns, Cleanup: 32300 ns, At safepoint: 3800 ns, Total: 49801 ns
[86.072s][info ][safepoint      ] Safepoint "Cleanup", Time since last: 1000264226 ns, Reaching safepoint: 10501 ns, Cleanup: 18000 ns, At safepoint: 3200 ns, Total: 31701 ns
[87.073s][info ][safepoint      ] Safepoint "Cleanup", Time since last: 1000132024 ns, Reaching safepoint: 11600 ns, Cleanup: 22600 ns, At safepoint: 2800 ns, Total: 37000 ns
[88.073s][info ][safepoint      ] Safepoint "Cleanup", Time since last: 1000128024 ns, Reaching safepoint: 13400 ns, Cleanup: 18200 ns, At safepoint: 3401 ns, Total: 35001 ns
[89.073s][info ][safepoint      ] Safepoint "Cleanup", Time since last: 1000128523 ns, Reaching safepoint: 13000 ns, Cleanup: 28801 ns, At safepoint: 3500 ns, Total: 45301 ns
[90.073s][info ][safepoint      ] Safepoint "Cleanup", Time since last: 1000130724 ns, Reaching safepoint: 13300 ns, Cleanup: 73801 ns, At safepoint: 3500 ns, Total: 90601 ns
[91.073s][info ][safepoint      ] Safepoint "Cleanup", Time since last: 1000122329 ns, Reaching safepoint: 10200 ns, Cleanup: 30201 ns, At safepoint: 3100 ns, Total: 43501 ns
[92.074s][info ][safepoint      ] Safepoint "Cleanup", Time since last: 1000128004 ns, Reaching safepoint: 11301 ns, Cleanup: 45400 ns, At safepoint: 2901 ns, Total: 59602 ns
[93.074s][info ][safepoint      ] Safepoint "Cleanup", Time since last: 1000132904 ns, Reaching safepoint: 11300 ns, Cleanup: 26801 ns, At safepoint: 3500 ns, Total: 41601 ns
[93.257s][info ][safepoint      ] Safepoint "ParallelGCSystemGC", Time since last: 183557733 ns, Reaching safepoint: 80801 ns, Cleanup: 81602 ns, At safepoint: 11200 ns, Total: 173603 ns
[93.258s][info ][gc,start       ] GC(11) Pause Young (GCLocker Initiated GC)
[93.352s][debug][gc,phases      ] GC(11) Scavenge 94.164ms
[93.352s][debug][gc,ref         ] GC(11) ReferenceProcessor::execute queues: 2, RefProcThreadModel::Multi, marks_oops_alive: false
[93.352s][debug][gc,ref         ] GC(11) Skipped KeepAliveFinalRefsPhase of Reference Processing: no references
[93.352s][debug][gc,ref         ] GC(11) ReferenceProcessor::execute queues: 1, RefProcThreadModel::Single, marks_oops_alive: false
[93.352s][debug][gc,phases      ] GC(11) Reference Processing 0.191ms
[93.353s][debug][gc,phases      ] GC(11)   VM Weak                        Min:  0.0, Avg:  0.0, Max:  0.0, Diff:  0.0, Sum:  0.0, Workers: 4
[93.353s][debug][gc,phases      ] GC(11)     Dead                           Min: 0, Avg:  0.0, Max: 0, Diff: 0, Sum: 0, Workers: 4
[93.353s][debug][gc,phases      ] GC(11)     Total                          Min: 0, Avg: 225.2, Max: 581, Diff: 581, Sum: 901, Workers: 4
[93.353s][debug][gc,phases      ] GC(11)   ObjectSynchronizer Weak        Min:  0.0, Avg:  0.0, Max:  0.0, Diff:  0.0, Sum:  0.0, Workers: 4
[93.353s][debug][gc,phases      ] GC(11)     Dead                           Min: 0, Avg:  0.0, Max: 0, Diff: 0, Sum: 0, Workers: 4
[93.353s][debug][gc,phases      ] GC(11)     Total                          Min: 0, Avg:  1.2, Max: 5, Diff: 5, Sum: 5, Workers: 4
[93.353s][debug][gc,phases      ] GC(11)   JVMTI Tag Weak OopStorage      Min:  0.0, Avg:  0.0, Max:  0.0, Diff:  0.0, Sum:  0.0, Workers: 4
[93.353s][debug][gc,phases      ] GC(11)     Dead                           Min: 0, Avg:  0.0, Max: 0, Diff: 0, Sum: 0, Workers: 4
[93.353s][debug][gc,phases      ] GC(11)     Total                          Min: 0, Avg:  0.0, Max: 0, Diff: 0, Sum: 0, Workers: 4
[93.353s][debug][gc,phases      ] GC(11)   StringTable Weak               Min:  0.2, Avg:  0.2, Max:  0.2, Diff:  0.0, Sum:  0.9, Workers: 4
[93.353s][debug][gc,phases      ] GC(11)     Dead                           Min: 0, Avg:  0.8, Max: 2, Diff: 2, Sum: 3, Workers: 4
[93.353s][debug][gc,phases      ] GC(11)     Total                          Min: 11072, Avg: 11725.8, Max: 11968, Diff: 896, Sum: 46903, Workers: 4
[93.353s][debug][gc,phases      ] GC(11)   ResolvedMethodTable Weak       Min:  0.1, Avg:  0.1, Max:  0.1, Diff:  0.0, Sum:  0.3, Workers: 4
[93.353s][debug][gc,phases      ] GC(11)     Dead                           Min: 0, Avg:  9.5, Max: 24, Diff: 24, Sum: 38, Workers: 4
[93.353s][debug][gc,phases      ] GC(11)     Total                          Min: 3554, Avg: 3641.5, Max: 3717, Diff: 163, Sum: 14566, Workers: 4
[93.353s][debug][gc,phases      ] GC(11)   JNI Weak                       Min:  0.0, Avg:  0.0, Max:  0.0, Diff:  0.0, Sum:  0.0, Workers: 4
[93.353s][debug][gc,phases      ] GC(11)     Dead                           Min: 0, Avg:  0.0, Max: 0, Diff: 0, Sum: 0, Workers: 4
[93.353s][debug][gc,phases      ] GC(11)     Total                          Min: 0, Avg: 18.2, Max: 62, Diff: 62, Sum: 73, Workers: 4
[93.353s][debug][gc,phases      ] GC(11)   StringDedup Table Weak         Min:  0.0, Avg:  0.0, Max:  0.0, Diff:  0.0, Sum:  0.0, Workers: 4
[93.353s][debug][gc,phases      ] GC(11)     Dead                           Min: 0, Avg:  0.0, Max: 0, Diff: 0, Sum: 0, Workers: 4
[93.353s][debug][gc,phases      ] GC(11)     Total                          Min: 0, Avg:  0.0, Max: 0, Diff: 0, Sum: 0, Workers: 4
[93.353s][debug][gc,phases      ] GC(11)   StringDedup Requests0 Weak     Min:  0.0, Avg:  0.0, Max:  0.0, Diff:  0.0, Sum:  0.0, Workers: 4
[93.353s][debug][gc,phases      ] GC(11)     Dead                           Min: 0, Avg:  0.0, Max: 0, Diff: 0, Sum: 0, Workers: 4
[93.353s][debug][gc,phases      ] GC(11)     Total                          Min: 0, Avg:  0.0, Max: 0, Diff: 0, Sum: 0, Workers: 4
[93.353s][debug][gc,phases      ] GC(11)   StringDedup Requests1 Weak     Min:  0.0, Avg:  0.0, Max:  0.0, Diff:  0.0, Sum:  0.0, Workers: 4
[93.353s][debug][gc,phases      ] GC(11)     Dead                           Min: 0, Avg:  0.0, Max: 0, Diff: 0, Sum: 0, Workers: 4
[93.353s][debug][gc,phases      ] GC(11)     Total                          Min: 0, Avg:  0.0, Max: 0, Diff: 0, Sum: 0, Workers: 4
[93.353s][debug][gc,phases      ] GC(11)   Weak JFR Old Object Samples    Min:  0.0, Avg:  0.0, Max:  0.0, Diff:  0.0, Sum:  0.0, Workers: 4
[93.353s][debug][gc,phases      ] GC(11)     Dead                           Min: 0, Avg:  0.0, Max: 0, Diff: 0, Sum: 0, Workers: 4
[93.353s][debug][gc,phases      ] GC(11)     Total                          Min: 0, Avg:  0.0, Max: 0, Diff: 0, Sum: 0, Workers: 4
[93.353s][debug][gc,phases      ] GC(11) Weak Processing 0.526ms
[93.353s][debug][gc,age         ] GC(11) Desired survivor size 249036800 bytes, new threshold 3 (max threshold 15)
[93.353s][info ][gc,heap        ] GC(11) PSYoungGen: 1596985K(1780736K)->119037K(1853952K) Eden: 1421021K(1604608K)->0K(1595392K) From: 175964K(176128K)->119037K(258560K)
[93.353s][info ][gc,heap        ] GC(11) ParOldGen: 74389K(74752K)->141574K(141824K)
[93.353s][info ][gc,metaspace   ] GC(11) Metaspace: 104075K(105280K)->104075K(105280K) NonClass: 88114K(88832K)->88114K(88832K) Class: 15960K(16448K)->15960K(16448K)
[93.353s][info ][gc             ] GC(11) Pause Young (GCLocker Initiated GC) 1632M->254M(1949M) 95.001ms
[93.353s][info ][gc,cpu         ] GC(11) User=0.31s Sys=0.06s Real=0.10s
[93.353s][info ][safepoint      ] Safepoint "ParallelGCSystemGC", Time since last: 86602 ns, Reaching safepoint: 143202 ns, Cleanup: 1900 ns, At safepoint: 95083579 ns, Total: 95228681 ns
[93.824s][info ][safepoint      ] Safepoint "ICBufferFull", Time since last: 470804705 ns, Reaching safepoint: 8400 ns, Cleanup: 107402 ns, At safepoint: 2200 ns, Total: 118002 ns
[94.299s][info ][safepoint      ] Safepoint "ICBufferFull", Time since last: 474952183 ns, Reaching safepoint: 79501 ns, Cleanup: 109802 ns, At safepoint: 7800 ns, Total: 197103 ns
[95.299s][info ][safepoint      ] Safepoint "Cleanup", Time since last: 1000111805 ns, Reaching safepoint: 8700 ns, Cleanup: 51201 ns, At safepoint: 2600 ns, Total: 62501 ns
[96.299s][info ][safepoint      ] Safepoint "Cleanup", Time since last: 1000239306 ns, Reaching safepoint: 17301 ns, Cleanup: 42800 ns, At safepoint: 7101 ns, Total: 67202 ns
[97.300s][info ][safepoint      ] Safepoint "Cleanup", Time since last: 1000233306 ns, Reaching safepoint: 15800 ns, Cleanup: 31601 ns, At safepoint: 6300 ns, Total: 53701 ns
[98.300s][info ][safepoint      ] Safepoint "Cleanup", Time since last: 1000146005 ns, Reaching safepoint: 11000 ns, Cleanup: 15900 ns, At safepoint: 3301 ns, Total: 30201 ns
[99.300s][info ][safepoint      ] Safepoint "Cleanup", Time since last: 1000149252 ns, Reaching safepoint: 15900 ns, Cleanup: 20300 ns, At safepoint: 3601 ns, Total: 39801 ns
[100.300s][info ][safepoint      ] Safepoint "Cleanup", Time since last: 1000125574 ns, Reaching safepoint: 10700 ns, Cleanup: 15700 ns, At safepoint: 3401 ns, Total: 29801 ns
[101.300s][info ][safepoint      ] Safepoint "Cleanup", Time since last: 1000189475 ns, Reaching safepoint: 12800 ns, Cleanup: 19501 ns, At safepoint: 3900 ns, Total: 36201 ns
[102.301s][info ][safepoint      ] Safepoint "Cleanup", Time since last: 1000193276 ns, Reaching safepoint: 11900 ns, Cleanup: 17900 ns, At safepoint: 3900 ns, Total: 33700 ns
[103.301s][info ][safepoint      ] Safepoint "Cleanup", Time since last: 1000121875 ns, Reaching safepoint: 11400 ns, Cleanup: 14400 ns, At safepoint: 5400 ns, Total: 31200 ns
[104.301s][info ][safepoint      ] Safepoint "Cleanup", Time since last: 1000122775 ns, Reaching safepoint: 10800 ns, Cleanup: 13600 ns, At safepoint: 3300 ns, Total: 27700 ns
[105.301s][info ][safepoint      ] Safepoint "Cleanup", Time since last: 1000122675 ns, Reaching safepoint: 11000 ns, Cleanup: 33300 ns, At safepoint: 3400 ns, Total: 47700 ns
[106.301s][info ][safepoint      ] Safepoint "Cleanup", Time since last: 1000195476 ns, Reaching safepoint: 11800 ns, Cleanup: 21601 ns, At safepoint: 3300 ns, Total: 36701 ns
[107.302s][info ][safepoint      ] Safepoint "Cleanup", Time since last: 1000246678 ns, Reaching safepoint: 15400 ns, Cleanup: 17801 ns, At safepoint: 4800 ns, Total: 38001 ns
[108.302s][info ][safepoint      ] Safepoint "Cleanup", Time since last: 1000144702 ns, Reaching safepoint: 11101 ns, Cleanup: 17500 ns, At safepoint: 3500 ns, Total: 32101 ns
[109.302s][info ][safepoint      ] Safepoint "Cleanup", Time since last: 1000200904 ns, Reaching safepoint: 13500 ns, Cleanup: 14801 ns, At safepoint: 4200 ns, Total: 32501 ns
[110.302s][info ][safepoint      ] Safepoint "Cleanup", Time since last: 1000196004 ns, Reaching safepoint: 10700 ns, Cleanup: 16200 ns, At safepoint: 2900 ns, Total: 29800 ns
[111.302s][info ][safepoint      ] Safepoint "Cleanup", Time since last: 1000204804 ns, Reaching safepoint: 13401 ns, Cleanup: 23600 ns, At safepoint: 4301 ns, Total: 41302 ns
[112.303s][info ][safepoint      ] Safepoint "Cleanup", Time since last: 1000129702 ns, Reaching safepoint: 12500 ns, Cleanup: 37301 ns, At safepoint: 3200 ns, Total: 53001 ns
[113.303s][info ][safepoint      ] Safepoint "Cleanup", Time since last: 1000191058 ns, Reaching safepoint: 9701 ns, Cleanup: 17100 ns, At safepoint: 3100 ns, Total: 29901 ns
[114.303s][info ][safepoint      ] Safepoint "Cleanup", Time since last: 1000185932 ns, Reaching safepoint: 12200 ns, Cleanup: 23301 ns, At safepoint: 3700 ns, Total: 39201 ns
[115.303s][info ][safepoint      ] Safepoint "Cleanup", Time since last: 1000127145 ns, Reaching safepoint: 11000 ns, Cleanup: 17500 ns, At safepoint: 2801 ns, Total: 31301 ns
[117.304s][info ][safepoint      ] Safepoint "Cleanup", Time since last: 2000323000 ns, Reaching safepoint: 11300 ns, Cleanup: 14600 ns, At safepoint: 3100 ns, Total: 29000 ns
[118.304s][info ][safepoint      ] Safepoint "Cleanup", Time since last: 1000127600 ns, Reaching safepoint: 12400 ns, Cleanup: 21100 ns, At safepoint: 3600 ns, Total: 37100 ns
[119.304s][info ][safepoint      ] Safepoint "Cleanup", Time since last: 1000196501 ns, Reaching safepoint: 10600 ns, Cleanup: 20301 ns, At safepoint: 3800 ns, Total: 34701 ns
[124.097s][info ][safepoint      ] Safepoint "Cleanup", Time since last: 4793308941 ns, Reaching safepoint: 13500 ns, Cleanup: 22801 ns, At safepoint: 3400 ns, Total: 39701 ns
[127.098s][info ][safepoint      ] Safepoint "Cleanup", Time since last: 3000372678 ns, Reaching safepoint: 11000 ns, Cleanup: 21200 ns, At safepoint: 3600 ns, Total: 35800 ns
[128.098s][info ][safepoint      ] Safepoint "Cleanup", Time since last: 1000207861 ns, Reaching safepoint: 12900 ns, Cleanup: 18301 ns, At safepoint: 3600 ns, Total: 34801 ns
[129.098s][info ][safepoint      ] Safepoint "Cleanup", Time since last: 1000137359 ns, Reaching safepoint: 13100 ns, Cleanup: 18601 ns, At safepoint: 3500 ns, Total: 35201 ns
[130.098s][info ][safepoint      ] Safepoint "Cleanup", Time since last: 1000147060 ns, Reaching safepoint: 10200 ns, Cleanup: 12800 ns, At safepoint: 3200 ns, Total: 26200 ns
[131.098s][info ][safepoint      ] Safepoint "Cleanup", Time since last: 1000127759 ns, Reaching safepoint: 10001 ns, Cleanup: 17200 ns, At safepoint: 3200 ns, Total: 30401 ns
[132.099s][info ][safepoint      ] Safepoint "Cleanup", Time since last: 1000143735 ns, Reaching safepoint: 11601 ns, Cleanup: 16600 ns, At safepoint: 3300 ns, Total: 31501 ns
[133.099s][info ][safepoint      ] Safepoint "Cleanup", Time since last: 1000205538 ns, Reaching safepoint: 11100 ns, Cleanup: 15901 ns, At safepoint: 3500 ns, Total: 30501 ns
[134.099s][info ][safepoint      ] Safepoint "Cleanup", Time since last: 1000220438 ns, Reaching safepoint: 15700 ns, Cleanup: 20801 ns, At safepoint: 7300 ns, Total: 43801 ns
[135.099s][info ][safepoint      ] Safepoint "Cleanup", Time since last: 1000156437 ns, Reaching safepoint: 10600 ns, Cleanup: 24801 ns, At safepoint: 3900 ns, Total: 39301 ns
[136.100s][info ][safepoint      ] Safepoint "Cleanup", Time since last: 1000126436 ns, Reaching safepoint: 11401 ns, Cleanup: 40800 ns, At safepoint: 4600 ns, Total: 56801 ns
[137.100s][info ][safepoint      ] Safepoint "Cleanup", Time since last: 1000183138 ns, Reaching safepoint: 10800 ns, Cleanup: 17401 ns, At safepoint: 3700 ns, Total: 31901 ns
[138.100s][info ][safepoint      ] Safepoint "Cleanup", Time since last: 1000256939 ns, Reaching safepoint: 16100 ns, Cleanup: 32701 ns, At safepoint: 7300 ns, Total: 56101 ns
[139.100s][info ][safepoint      ] Safepoint "Cleanup", Time since last: 1000208038 ns, Reaching safepoint: 10600 ns, Cleanup: 22000 ns, At safepoint: 4101 ns, Total: 36701 ns
[140.101s][info ][safepoint      ] Safepoint "Cleanup", Time since last: 1000185105 ns, Reaching safepoint: 44701 ns, Cleanup: 16800 ns, At safepoint: 3900 ns, Total: 65401 ns
[141.101s][info ][safepoint      ] Safepoint "Cleanup", Time since last: 1000197305 ns, Reaching safepoint: 13001 ns, Cleanup: 17900 ns, At safepoint: 3600 ns, Total: 34501 ns
[142.101s][info ][safepoint      ] Safepoint "Cleanup", Time since last: 1000232606 ns, Reaching safepoint: 11100 ns, Cleanup: 19800 ns, At safepoint: 3600 ns, Total: 34500 ns
[143.101s][info ][safepoint      ] Safepoint "Cleanup", Time since last: 1000123404 ns, Reaching safepoint: 12400 ns, Cleanup: 19301 ns, At safepoint: 3200 ns, Total: 34901 ns
[144.101s][info ][safepoint      ] Safepoint "Cleanup", Time since last: 1000195205 ns, Reaching safepoint: 11400 ns, Cleanup: 24200 ns, At safepoint: 4200 ns, Total: 39800 ns
[145.102s][info ][safepoint      ] Safepoint "Cleanup", Time since last: 1000125404 ns, Reaching safepoint: 11300 ns, Cleanup: 18101 ns, At safepoint: 3700 ns, Total: 33101 ns
[146.102s][info ][safepoint      ] Safepoint "Cleanup", Time since last: 1000217205 ns, Reaching safepoint: 10900 ns, Cleanup: 18101 ns, At safepoint: 3600 ns, Total: 32601 ns
[149.102s][info ][safepoint      ] Safepoint "Cleanup", Time since last: 3000479201 ns, Reaching safepoint: 15600 ns, Cleanup: 27800 ns, At safepoint: 4601 ns, Total: 48001 ns
[150.103s][info ][safepoint      ] Safepoint "Cleanup", Time since last: 1000218599 ns, Reaching safepoint: 14000 ns, Cleanup: 31501 ns, At safepoint: 4500 ns, Total: 50001 ns
[151.103s][info ][safepoint      ] Safepoint "Cleanup", Time since last: 1000144398 ns, Reaching safepoint: 12900 ns, Cleanup: 21700 ns, At safepoint: 29701 ns, Total: 64301 ns
[151.728s][info ][gc,start       ] GC(12) Pause Young (Allocation Failure)
[151.796s][debug][gc,phases      ] GC(12) Scavenge 67.791ms
[151.796s][debug][gc,ref         ] GC(12) ReferenceProcessor::execute queues: 1, RefProcThreadModel::Single, marks_oops_alive: false
[151.796s][debug][gc,ref         ] GC(12) Skipped KeepAliveFinalRefsPhase of Reference Processing: no references
[151.796s][debug][gc,ref         ] GC(12) ReferenceProcessor::execute queues: 1, RefProcThreadModel::Single, marks_oops_alive: false
[151.796s][debug][gc,phases      ] GC(12) Reference Processing 0.131ms
[151.796s][debug][gc,phases      ] GC(12)   VM Weak                        Min:  0.0, Avg:  0.0, Max:  0.0, Diff:  0.0, Sum:  0.0, Workers: 4
[151.796s][debug][gc,phases      ] GC(12)     Dead                           Min: 0, Avg:  0.0, Max: 0, Diff: 0, Sum: 0, Workers: 4
[151.796s][debug][gc,phases      ] GC(12)     Total                          Min: 0, Avg: 225.5, Max: 576, Diff: 576, Sum: 902, Workers: 4
[151.796s][debug][gc,phases      ] GC(12)   ObjectSynchronizer Weak        Min:  0.0, Avg:  0.0, Max:  0.0, Diff:  0.0, Sum:  0.0, Workers: 4
[151.796s][debug][gc,phases      ] GC(12)     Dead                           Min: 0, Avg:  0.0, Max: 0, Diff: 0, Sum: 0, Workers: 4
[151.796s][debug][gc,phases      ] GC(12)     Total                          Min: 0, Avg:  0.8, Max: 3, Diff: 3, Sum: 3, Workers: 4
[151.796s][debug][gc,phases      ] GC(12)   JVMTI Tag Weak OopStorage      Min:  0.0, Avg:  0.0, Max:  0.0, Diff:  0.0, Sum:  0.0, Workers: 4
[151.796s][debug][gc,phases      ] GC(12)     Dead                           Min: 0, Avg:  0.0, Max: 0, Diff: 0, Sum: 0, Workers: 4
[151.796s][debug][gc,phases      ] GC(12)     Total                          Min: 0, Avg:  0.0, Max: 0, Diff: 0, Sum: 0, Workers: 4
[151.796s][debug][gc,phases      ] GC(12)   StringTable Weak               Min:  0.1, Avg:  0.1, Max:  0.1, Diff:  0.0, Sum:  0.4, Workers: 4
[151.796s][debug][gc,phases      ] GC(12)     Dead                           Min: 0, Avg:  0.0, Max: 0, Diff: 0, Sum: 0, Workers: 4
[151.796s][debug][gc,phases      ] GC(12)     Total                          Min: 11008, Avg: 11747.5, Max: 12046, Diff: 1038, Sum: 46990, Workers: 4
[151.796s][debug][gc,phases      ] GC(12)   ResolvedMethodTable Weak       Min:  0.0, Avg:  0.0, Max:  0.0, Diff:  0.0, Sum:  0.2, Workers: 4
[151.796s][debug][gc,phases      ] GC(12)     Dead                           Min: 0, Avg:  4.0, Max: 16, Diff: 16, Sum: 16, Workers: 4
[151.796s][debug][gc,phases      ] GC(12)     Total                          Min: 3268, Avg: 3641.2, Max: 3910, Diff: 642, Sum: 14565, Workers: 4
[151.796s][debug][gc,phases      ] GC(12)   JNI Weak                       Min:  0.0, Avg:  0.0, Max:  0.0, Diff:  0.0, Sum:  0.0, Workers: 4
[151.796s][debug][gc,phases      ] GC(12)     Dead                           Min: 0, Avg:  0.0, Max: 0, Diff: 0, Sum: 0, Workers: 4
[151.796s][debug][gc,phases      ] GC(12)     Total                          Min: 0, Avg: 13.0, Max: 52, Diff: 52, Sum: 52, Workers: 4
[151.796s][debug][gc,phases      ] GC(12)   StringDedup Table Weak         Min:  0.0, Avg:  0.0, Max:  0.0, Diff:  0.0, Sum:  0.0, Workers: 4
[151.796s][debug][gc,phases      ] GC(12)     Dead                           Min: 0, Avg:  0.0, Max: 0, Diff: 0, Sum: 0, Workers: 4
[151.796s][debug][gc,phases      ] GC(12)     Total                          Min: 0, Avg:  0.0, Max: 0, Diff: 0, Sum: 0, Workers: 4
[151.796s][debug][gc,phases      ] GC(12)   StringDedup Requests0 Weak     Min:  0.0, Avg:  0.0, Max:  0.0, Diff:  0.0, Sum:  0.0, Workers: 4
[151.796s][debug][gc,phases      ] GC(12)     Dead                           Min: 0, Avg:  0.0, Max: 0, Diff: 0, Sum: 0, Workers: 4
[151.796s][debug][gc,phases      ] GC(12)     Total                          Min: 0, Avg:  0.0, Max: 0, Diff: 0, Sum: 0, Workers: 4
[151.796s][debug][gc,phases      ] GC(12)   StringDedup Requests1 Weak     Min:  0.0, Avg:  0.0, Max:  0.0, Diff:  0.0, Sum:  0.0, Workers: 4
[151.796s][debug][gc,phases      ] GC(12)     Dead                           Min: 0, Avg:  0.0, Max: 0, Diff: 0, Sum: 0, Workers: 4
[151.796s][debug][gc,phases      ] GC(12)     Total                          Min: 0, Avg:  0.0, Max: 0, Diff: 0, Sum: 0, Workers: 4
[151.796s][debug][gc,phases      ] GC(12)   Weak JFR Old Object Samples    Min:  0.0, Avg:  0.0, Max:  0.0, Diff:  0.0, Sum:  0.0, Workers: 4
[151.796s][debug][gc,phases      ] GC(12)     Dead                           Min: 0, Avg:  0.0, Max: 0, Diff: 0, Sum: 0, Workers: 4
[151.796s][debug][gc,phases      ] GC(12)     Total                          Min: 0, Avg:  0.0, Max: 0, Diff: 0, Sum: 0, Workers: 4
[151.796s][debug][gc,phases      ] GC(12) Weak Processing 0.342ms
[151.796s][debug][gc,age         ] GC(12) Desired survivor size 247463936 bytes, new threshold 2 (max threshold 15)
[151.796s][info ][gc,heap        ] GC(12) PSYoungGen: 1714429K(1853952K)->59348K(1838592K) Eden: 1595392K(1595392K)->0K(1595392K) From: 119037K(258560K)->59348K(243200K)
[151.796s][info ][gc,heap        ] GC(12) ParOldGen: 141574K(141824K)->213973K(214016K)
[151.796s][info ][gc,metaspace   ] GC(12) Metaspace: 104276K(105472K)->104276K(105472K) NonClass: 88310K(88960K)->88310K(88960K) Class: 15966K(16512K)->15966K(16512K)
[151.796s][info ][gc             ] GC(12) Pause Young (Allocation Failure) 1812M->266M(2004M) 68.409ms
[151.796s][info ][gc,cpu         ] GC(12) User=0.23s Sys=0.04s Real=0.07s
[151.796s][info ][safepoint      ] Safepoint "ParallelGCFailedAllocation", Time since last: 624831819 ns, Reaching safepoint: 84601 ns, Cleanup: 15401 ns, At safepoint: 68496373 ns, Total: 68596375 ns
[152.797s][info ][safepoint      ] Safepoint "Cleanup", Time since last: 1000181099 ns, Reaching safepoint: 10800 ns, Cleanup: 37601 ns, At safepoint: 5900 ns, Total: 54301 ns
[156.797s][info ][safepoint      ] Safepoint "Cleanup", Time since last: 4000696820 ns, Reaching safepoint: 15901 ns, Cleanup: 23800 ns, At safepoint: 7100 ns, Total: 46801 ns
[157.797s][info ][safepoint      ] Safepoint "Cleanup", Time since last: 1000174672 ns, Reaching safepoint: 10100 ns, Cleanup: 12200 ns, At safepoint: 3500 ns, Total: 25800 ns
[158.798s][info ][safepoint      ] Safepoint "Cleanup", Time since last: 1000220773 ns, Reaching safepoint: 11700 ns, Cleanup: 22400 ns, At safepoint: 3500 ns, Total: 37600 ns
[160.798s][info ][safepoint      ] Safepoint "Cleanup", Time since last: 2000406845 ns, Reaching safepoint: 12900 ns, Cleanup: 19700 ns, At safepoint: 31101 ns, Total: 63701 ns
[161.798s][info ][safepoint      ] Safepoint "Cleanup", Time since last: 1000132471 ns, Reaching safepoint: 12400 ns, Cleanup: 21101 ns, At safepoint: 3900 ns, Total: 37401 ns
[162.799s][info ][safepoint      ] Safepoint "Cleanup", Time since last: 1000203172 ns, Reaching safepoint: 13100 ns, Cleanup: 18900 ns, At safepoint: 3900 ns, Total: 35900 ns
[163.799s][info ][safepoint      ] Safepoint "Cleanup", Time since last: 1000201229 ns, Reaching safepoint: 11700 ns, Cleanup: 19901 ns, At safepoint: 3700 ns, Total: 35301 ns
[166.799s][info ][safepoint      ] Safepoint "Cleanup", Time since last: 3000467974 ns, Reaching safepoint: 11101 ns, Cleanup: 14400 ns, At safepoint: 3000 ns, Total: 28501 ns
[167.800s][info ][safepoint      ] Safepoint "Cleanup", Time since last: 1000205092 ns, Reaching safepoint: 12300 ns, Cleanup: 17001 ns, At safepoint: 3700 ns, Total: 33001 ns
[168.800s][info ][safepoint      ] Safepoint "Cleanup", Time since last: 1000197792 ns, Reaching safepoint: 14300 ns, Cleanup: 18401 ns, At safepoint: 3800 ns, Total: 36501 ns
[169.800s][info ][safepoint      ] Safepoint "Cleanup", Time since last: 1000201292 ns, Reaching safepoint: 13400 ns, Cleanup: 15500 ns, At safepoint: 3801 ns, Total: 32701 ns
[170.800s][info ][safepoint      ] Safepoint "Cleanup", Time since last: 1000198092 ns, Reaching safepoint: 9800 ns, Cleanup: 13100 ns, At safepoint: 2900 ns, Total: 25800 ns
[171.801s][info ][safepoint      ] Safepoint "Cleanup", Time since last: 1000251021 ns, Reaching safepoint: 17101 ns, Cleanup: 18100 ns, At safepoint: 3900 ns, Total: 39101 ns
[173.801s][info ][safepoint      ] Safepoint "Cleanup", Time since last: 2000347648 ns, Reaching safepoint: 11600 ns, Cleanup: 17901 ns, At safepoint: 3500 ns, Total: 33001 ns
[174.801s][info ][safepoint      ] Safepoint "Cleanup", Time since last: 1000194074 ns, Reaching safepoint: 16400 ns, Cleanup: 18301 ns, At safepoint: 4100 ns, Total: 38801 ns
[175.801s][info ][safepoint      ] Safepoint "Cleanup", Time since last: 1000196374 ns, Reaching safepoint: 11501 ns, Cleanup: 18200 ns, At safepoint: 3500 ns, Total: 33201 ns
[176.802s][info ][safepoint      ] Safepoint "Cleanup", Time since last: 1000214775 ns, Reaching safepoint: 11100 ns, Cleanup: 20800 ns, At safepoint: 3600 ns, Total: 35500 ns
[178.802s][info ][safepoint      ] Safepoint "Cleanup", Time since last: 2000337648 ns, Reaching safepoint: 10900 ns, Cleanup: 16301 ns, At safepoint: 3700 ns, Total: 30901 ns
[181.803s][info ][safepoint      ] Safepoint "Cleanup", Time since last: 3000508093 ns, Reaching safepoint: 17400 ns, Cleanup: 25000 ns, At safepoint: 4901 ns, Total: 47301 ns
[182.803s][info ][safepoint      ] Safepoint "Cleanup", Time since last: 1000165362 ns, Reaching safepoint: 11801 ns, Cleanup: 19500 ns, At safepoint: 4000 ns, Total: 35301 ns
[183.803s][info ][safepoint      ] Safepoint "Cleanup", Time since last: 1000140262 ns, Reaching safepoint: 15901 ns, Cleanup: 14600 ns, At safepoint: 3300 ns, Total: 33801 ns
[184.803s][info ][safepoint      ] Safepoint "Cleanup", Time since last: 1000272365 ns, Reaching safepoint: 15800 ns, Cleanup: 20301 ns, At safepoint: 7100 ns, Total: 43201 ns
[186.804s][info ][safepoint      ] Safepoint "Cleanup", Time since last: 2000384826 ns, Reaching safepoint: 12801 ns, Cleanup: 20800 ns, At safepoint: 4600 ns, Total: 38201 ns
[187.804s][info ][safepoint      ] Safepoint "Cleanup", Time since last: 1000238410 ns, Reaching safepoint: 12701 ns, Cleanup: 21700 ns, At safepoint: 3600 ns, Total: 38001 ns
[188.804s][info ][safepoint      ] Safepoint "Cleanup", Time since last: 1000288341 ns, Reaching safepoint: 12600 ns, Cleanup: 21201 ns, At safepoint: 4000 ns, Total: 37801 ns
[189.804s][info ][safepoint      ] Safepoint "Cleanup", Time since last: 1000137638 ns, Reaching safepoint: 10300 ns, Cleanup: 16201 ns, At safepoint: 3100 ns, Total: 29601 ns
[190.805s][info ][safepoint      ] Safepoint "Cleanup", Time since last: 1000162739 ns, Reaching safepoint: 9900 ns, Cleanup: 13200 ns, At safepoint: 3200 ns, Total: 26300 ns
[192.805s][info ][safepoint      ] Safepoint "Cleanup", Time since last: 2000334078 ns, Reaching safepoint: 9200 ns, Cleanup: 32100 ns, At safepoint: 4001 ns, Total: 45301 ns
[193.805s][info ][safepoint      ] Safepoint "Cleanup", Time since last: 1000202739 ns, Reaching safepoint: 10000 ns, Cleanup: 16901 ns, At safepoint: 3600 ns, Total: 30501 ns
[194.805s][info ][safepoint      ] Safepoint "Cleanup", Time since last: 1000190039 ns, Reaching safepoint: 11800 ns, Cleanup: 18200 ns, At safepoint: 3800 ns, Total: 33800 ns
[195.806s][info ][safepoint      ] Safepoint "Cleanup", Time since last: 1000230737 ns, Reaching safepoint: 10700 ns, Cleanup: 19501 ns, At safepoint: 3600 ns, Total: 33801 ns
[197.806s][info ][safepoint      ] Safepoint "Cleanup", Time since last: 2000260164 ns, Reaching safepoint: 14900 ns, Cleanup: 16801 ns, At safepoint: 2900 ns, Total: 34601 ns
[200.807s][info ][safepoint      ] Safepoint "Cleanup", Time since last: 3000511199 ns, Reaching safepoint: 10900 ns, Cleanup: 17700 ns, At safepoint: 3400 ns, Total: 32000 ns
[201.807s][info ][safepoint      ] Safepoint "Cleanup", Time since last: 1000213134 ns, Reaching safepoint: 13000 ns, Cleanup: 18301 ns, At safepoint: 3800 ns, Total: 35101 ns
[203.807s][info ][safepoint      ] Safepoint "Cleanup", Time since last: 2000336440 ns, Reaching safepoint: 11700 ns, Cleanup: 21100 ns, At safepoint: 3801 ns, Total: 36601 ns
[204.807s][info ][safepoint      ] Safepoint "Cleanup", Time since last: 1000131488 ns, Reaching safepoint: 11300 ns, Cleanup: 16100 ns, At safepoint: 3100 ns, Total: 30500 ns
[208.808s][info ][safepoint      ] Safepoint "Cleanup", Time since last: 4000648455 ns, Reaching safepoint: 16100 ns, Cleanup: 32300 ns, At safepoint: 7201 ns, Total: 55601 ns
[209.808s][info ][safepoint      ] Safepoint "Cleanup", Time since last: 1000225889 ns, Reaching safepoint: 11801 ns, Cleanup: 71301 ns, At safepoint: 4300 ns, Total: 87402 ns
[210.809s][info ][safepoint      ] Safepoint "Cleanup", Time since last: 1000198989 ns, Reaching safepoint: 12901 ns, Cleanup: 78501 ns, At safepoint: 4100 ns, Total: 95502 ns
[211.078s][info ][safepoint      ] Safepoint "ICBufferFull", Time since last: 269459554 ns, Reaching safepoint: 84602 ns, Cleanup: 151203 ns, At safepoint: 5800 ns, Total: 241605 ns
[211.079s][info ][safepoint      ] Safepoint "ICBufferFull", Time since last: 97401 ns, Reaching safepoint: 81302 ns, Cleanup: 4000 ns, At safepoint: 13300 ns, Total: 98602 ns
[212.079s][info ][safepoint      ] Safepoint "Cleanup", Time since last: 1000117975 ns, Reaching safepoint: 93001 ns, Cleanup: 61801 ns, At safepoint: 11601 ns, Total: 166403 ns
[213.079s][info ][safepoint      ] Safepoint "Cleanup", Time since last: 1000140884 ns, Reaching safepoint: 82601 ns, Cleanup: 45201 ns, At safepoint: 8400 ns, Total: 136202 ns
[214.079s][info ][safepoint      ] Safepoint "Cleanup", Time since last: 1000118183 ns, Reaching safepoint: 83302 ns, Cleanup: 26100 ns, At safepoint: 8401 ns, Total: 117803 ns
[215.080s][info ][safepoint      ] Safepoint "Cleanup", Time since last: 1000141983 ns, Reaching safepoint: 88002 ns, Cleanup: 24900 ns, At safepoint: 8501 ns, Total: 121403 ns
[216.080s][info ][safepoint      ] Safepoint "Cleanup", Time since last: 1000143783 ns, Reaching safepoint: 90102 ns, Cleanup: 21900 ns, At safepoint: 11501 ns, Total: 123503 ns
[217.080s][info ][safepoint      ] Safepoint "Cleanup", Time since last: 1000143984 ns, Reaching safepoint: 88201 ns, Cleanup: 13700 ns, At safepoint: 31201 ns, Total: 133102 ns
[218.080s][info ][safepoint      ] Safepoint "Cleanup", Time since last: 1000131384 ns, Reaching safepoint: 82501 ns, Cleanup: 16400 ns, At safepoint: 7000 ns, Total: 105901 ns
[219.081s][info ][safepoint      ] Safepoint "Cleanup", Time since last: 1000128884 ns, Reaching safepoint: 90702 ns, Cleanup: 16800 ns, At safepoint: 10300 ns, Total: 117802 ns
[220.081s][info ][safepoint      ] Safepoint "Cleanup", Time since last: 1000129274 ns, Reaching safepoint: 87201 ns, Cleanup: 13800 ns, At safepoint: 10501 ns, Total: 111502 ns
[221.081s][info ][safepoint      ] Safepoint "Cleanup", Time since last: 1000139247 ns, Reaching safepoint: 14900 ns, Cleanup: 17500 ns, At safepoint: 8901 ns, Total: 41301 ns
[222.081s][info ][safepoint      ] Safepoint "Cleanup", Time since last: 1000140847 ns, Reaching safepoint: 89102 ns, Cleanup: 18400 ns, At safepoint: 28000 ns, Total: 135502 ns
[223.082s][info ][safepoint      ] Safepoint "Cleanup", Time since last: 1000117047 ns, Reaching safepoint: 23201 ns, Cleanup: 14300 ns, At safepoint: 2800 ns, Total: 40301 ns
[224.082s][info ][safepoint      ] Safepoint "Cleanup", Time since last: 1000127047 ns, Reaching safepoint: 87902 ns, Cleanup: 12500 ns, At safepoint: 7400 ns, Total: 107802 ns
[225.082s][info ][safepoint      ] Safepoint "Cleanup", Time since last: 1000129047 ns, Reaching safepoint: 85202 ns, Cleanup: 12400 ns, At safepoint: 8100 ns, Total: 105702 ns
[226.490s][info ][safepoint      ] Safepoint "Cleanup", Time since last: 1408063790 ns, Reaching safepoint: 10600 ns, Cleanup: 94702 ns, At safepoint: 3100 ns, Total: 108402 ns
[226.979s][info ][gc,start       ] GC(13) Pause Young (Allocation Failure)
[227.024s][debug][gc,phases      ] GC(13) Scavenge 44.564ms
[227.024s][debug][gc,ref         ] GC(13) ReferenceProcessor::execute queues: 1, RefProcThreadModel::Single, marks_oops_alive: false
[227.024s][debug][gc,ref         ] GC(13) Skipped KeepAliveFinalRefsPhase of Reference Processing: no references
[227.024s][debug][gc,ref         ] GC(13) ReferenceProcessor::execute queues: 1, RefProcThreadModel::Single, marks_oops_alive: false
[227.024s][debug][gc,phases      ] GC(13) Reference Processing 0.130ms
[227.024s][debug][gc,phases      ] GC(13)   VM Weak                        Min:  0.0, Avg:  0.0, Max:  0.0, Diff:  0.0, Sum:  0.0, Workers: 4
[227.024s][debug][gc,phases      ] GC(13)     Dead                           Min: 0, Avg:  0.0, Max: 0, Diff: 0, Sum: 0, Workers: 4
[227.024s][debug][gc,phases      ] GC(13)     Total                          Min: 0, Avg: 227.5, Max: 896, Diff: 896, Sum: 910, Workers: 4
[227.024s][debug][gc,phases      ] GC(13)   ObjectSynchronizer Weak        Min:  0.0, Avg:  0.0, Max:  0.0, Diff:  0.0, Sum:  0.0, Workers: 4
[227.024s][debug][gc,phases      ] GC(13)     Dead                           Min: 0, Avg:  0.5, Max: 2, Diff: 2, Sum: 2, Workers: 4
[227.024s][debug][gc,phases      ] GC(13)     Total                          Min: 0, Avg:  2.5, Max: 10, Diff: 10, Sum: 10, Workers: 4
[227.024s][debug][gc,phases      ] GC(13)   JVMTI Tag Weak OopStorage      Min:  0.0, Avg:  0.0, Max:  0.0, Diff:  0.0, Sum:  0.0, Workers: 4
[227.024s][debug][gc,phases      ] GC(13)     Dead                           Min: 0, Avg:  0.0, Max: 0, Diff: 0, Sum: 0, Workers: 4
[227.024s][debug][gc,phases      ] GC(13)     Total                          Min: 0, Avg:  0.0, Max: 0, Diff: 0, Sum: 0, Workers: 4
[227.024s][debug][gc,phases      ] GC(13)   StringTable Weak               Min:  0.1, Avg:  0.1, Max:  0.1, Diff:  0.0, Sum:  0.5, Workers: 4
[227.024s][debug][gc,phases      ] GC(13)     Dead                           Min: 0, Avg:  1.2, Max: 3, Diff: 3, Sum: 5, Workers: 4
[227.024s][debug][gc,phases      ] GC(13)     Total                          Min: 10688, Avg: 12047.8, Max: 12608, Diff: 1920, Sum: 48191, Workers: 4
[227.024s][debug][gc,phases      ] GC(13)   ResolvedMethodTable Weak       Min:  0.0, Avg:  0.0, Max:  0.0, Diff:  0.0, Sum:  0.2, Workers: 4
[227.024s][debug][gc,phases      ] GC(13)     Dead                           Min: 18, Avg: 30.5, Max: 59, Diff: 41, Sum: 122, Workers: 4
[227.024s][debug][gc,phases      ] GC(13)     Total                          Min: 2741, Avg: 3696.2, Max: 4184, Diff: 1443, Sum: 14785, Workers: 4
[227.024s][debug][gc,phases      ] GC(13)   JNI Weak                       Min:  0.0, Avg:  0.0, Max:  0.0, Diff:  0.0, Sum:  0.0, Workers: 4
[227.024s][debug][gc,phases      ] GC(13)     Dead                           Min: 0, Avg:  0.0, Max: 0, Diff: 0, Sum: 0, Workers: 4
[227.024s][debug][gc,phases      ] GC(13)     Total                          Min: 0, Avg: 13.0, Max: 52, Diff: 52, Sum: 52, Workers: 4
[227.024s][debug][gc,phases      ] GC(13)   StringDedup Table Weak         Min:  0.0, Avg:  0.0, Max:  0.0, Diff:  0.0, Sum:  0.0, Workers: 4
[227.024s][debug][gc,phases      ] GC(13)     Dead                           Min: 0, Avg:  0.0, Max: 0, Diff: 0, Sum: 0, Workers: 4
[227.024s][debug][gc,phases      ] GC(13)     Total                          Min: 0, Avg:  0.0, Max: 0, Diff: 0, Sum: 0, Workers: 4
[227.024s][debug][gc,phases      ] GC(13)   StringDedup Requests0 Weak     Min:  0.0, Avg:  0.0, Max:  0.0, Diff:  0.0, Sum:  0.0, Workers: 4
[227.024s][debug][gc,phases      ] GC(13)     Dead                           Min: 0, Avg:  0.0, Max: 0, Diff: 0, Sum: 0, Workers: 4
[227.024s][debug][gc,phases      ] GC(13)     Total                          Min: 0, Avg:  0.0, Max: 0, Diff: 0, Sum: 0, Workers: 4
[227.024s][debug][gc,phases      ] GC(13)   StringDedup Requests1 Weak     Min:  0.0, Avg:  0.0, Max:  0.0, Diff:  0.0, Sum:  0.0, Workers: 4
[227.024s][debug][gc,phases      ] GC(13)     Dead                           Min: 0, Avg:  0.0, Max: 0, Diff: 0, Sum: 0, Workers: 4
[227.024s][debug][gc,phases      ] GC(13)     Total                          Min: 0, Avg:  0.0, Max: 0, Diff: 0, Sum: 0, Workers: 4
[227.024s][debug][gc,phases      ] GC(13)   Weak JFR Old Object Samples    Min:  0.0, Avg:  0.0, Max:  0.0, Diff:  0.0, Sum:  0.0, Workers: 4
[227.024s][debug][gc,phases      ] GC(13)     Dead                           Min: 0, Avg:  0.0, Max: 0, Diff: 0, Sum: 0, Workers: 4
[227.024s][debug][gc,phases      ] GC(13)     Total                          Min: 0, Avg:  0.0, Max: 0, Diff: 0, Sum: 0, Workers: 4
[227.024s][debug][gc,phases      ] GC(13) Weak Processing 0.350ms
[227.024s][debug][gc,age         ] GC(13) Desired survivor size 251133952 bytes, new threshold 1 (max threshold 15)
[227.024s][info ][gc,heap        ] GC(13) PSYoungGen: 1654740K(1838592K)->20800K(1848320K) Eden: 1595392K(1595392K)->0K(1606656K) From: 59348K(243200K)->20800K(241664K)
[227.024s][info ][gc,heap        ] GC(13) ParOldGen: 213973K(214016K)->259586K(260096K)
[227.024s][info ][gc,metaspace   ] GC(13) Metaspace: 107949K(109184K)->107949K(109184K) NonClass: 91539K(92224K)->91539K(92224K) Class: 16410K(16960K)->16410K(16960K)
[227.024s][info ][gc             ] GC(13) Pause Young (Allocation Failure) 1824M->273M(2059M) 45.173ms
[227.024s][info ][gc,cpu         ] GC(13) User=0.14s Sys=0.04s Real=0.04s
[227.024s][info ][safepoint      ] Safepoint "ParallelGCFailedAllocation", Time since last: 489002622 ns, Reaching safepoint: 9600 ns, Cleanup: 44401 ns, At safepoint: 45258325 ns, Total: 45312326 ns
[228.025s][info ][safepoint      ] Safepoint "Cleanup", Time since last: 1000101436 ns, Reaching safepoint: 11300 ns, Cleanup: 41000 ns, At safepoint: 2801 ns, Total: 55101 ns
[229.025s][info ][safepoint      ] Safepoint "Cleanup", Time since last: 1000104973 ns, Reaching safepoint: 10700 ns, Cleanup: 23700 ns, At safepoint: 2701 ns, Total: 37101 ns
[230.025s][info ][safepoint      ] Safepoint "Cleanup", Time since last: 1000102773 ns, Reaching safepoint: 9700 ns, Cleanup: 10900 ns, At safepoint: 2200 ns, Total: 22800 ns
[231.025s][info ][safepoint      ] Safepoint "Cleanup", Time since last: 1000187175 ns, Reaching safepoint: 11600 ns, Cleanup: 17201 ns, At safepoint: 3100 ns, Total: 31901 ns
[232.025s][info ][safepoint      ] Safepoint "Cleanup", Time since last: 1000115173 ns, Reaching safepoint: 86202 ns, Cleanup: 26700 ns, At safepoint: 8300 ns, Total: 121202 ns
[233.026s][info ][safepoint      ] Safepoint "Cleanup", Time since last: 1000114674 ns, Reaching safepoint: 83001 ns, Cleanup: 12201 ns, At safepoint: 6700 ns, Total: 101902 ns
[234.026s][info ][safepoint      ] Safepoint "Cleanup", Time since last: 1000126773 ns, Reaching safepoint: 87502 ns, Cleanup: 15500 ns, At safepoint: 7100 ns, Total: 110102 ns
[235.026s][info ][safepoint      ] Safepoint "Cleanup", Time since last: 1000118074 ns, Reaching safepoint: 89402 ns, Cleanup: 34200 ns, At safepoint: 8000 ns, Total: 131602 ns
[236.026s][info ][safepoint      ] Safepoint "Cleanup", Time since last: 1000114681 ns, Reaching safepoint: 86902 ns, Cleanup: 17100 ns, At safepoint: 7200 ns, Total: 111202 ns
[237.027s][info ][safepoint      ] Safepoint "Cleanup", Time since last: 1000114876 ns, Reaching safepoint: 85501 ns, Cleanup: 53601 ns, At safepoint: 6600 ns, Total: 145702 ns
[238.027s][info ][safepoint      ] Safepoint "Cleanup", Time since last: 1000117476 ns, Reaching safepoint: 85601 ns, Cleanup: 15901 ns, At safepoint: 6500 ns, Total: 108002 ns
[239.027s][info ][safepoint      ] Safepoint "Cleanup", Time since last: 1000124876 ns, Reaching safepoint: 85501 ns, Cleanup: 19201 ns, At safepoint: 7700 ns, Total: 112402 ns
[240.027s][info ][safepoint      ] Safepoint "Cleanup", Time since last: 1000112875 ns, Reaching safepoint: 81902 ns, Cleanup: 12400 ns, At safepoint: 6500 ns, Total: 100802 ns
[241.156s][info ][safepoint      ] Safepoint "Cleanup", Time since last: 1128675538 ns, Reaching safepoint: 12400 ns, Cleanup: 18000 ns, At safepoint: 3600 ns, Total: 34000 ns
[242.156s][info ][safepoint      ] Safepoint "Cleanup", Time since last: 1000120176 ns, Reaching safepoint: 12200 ns, Cleanup: 15800 ns, At safepoint: 3500 ns, Total: 31500 ns
[243.017s][info ][safepoint      ] Safepoint "ICBufferFull", Time since last: 860377308 ns, Reaching safepoint: 10701 ns, Cleanup: 136902 ns, At safepoint: 2500 ns, Total: 150103 ns
[244.017s][info ][safepoint      ] Safepoint "Cleanup", Time since last: 1000204397 ns, Reaching safepoint: 11501 ns, Cleanup: 60801 ns, At safepoint: 4000 ns, Total: 76302 ns
[245.017s][info ][safepoint      ] Safepoint "Cleanup", Time since last: 1000191504 ns, Reaching safepoint: 10700 ns, Cleanup: 21300 ns, At safepoint: 3400 ns, Total: 35400 ns
[246.017s][info ][safepoint      ] Safepoint "Cleanup", Time since last: 1000186204 ns, Reaching safepoint: 12501 ns, Cleanup: 16200 ns, At safepoint: 3200 ns, Total: 31901 ns
[247.018s][info ][safepoint      ] Safepoint "Cleanup", Time since last: 1000191204 ns, Reaching safepoint: 11600 ns, Cleanup: 30101 ns, At safepoint: 3300 ns, Total: 45001 ns
[248.018s][info ][safepoint      ] Safepoint "Cleanup", Time since last: 1000192904 ns, Reaching safepoint: 83501 ns, Cleanup: 36601 ns, At safepoint: 11100 ns, Total: 131202 ns
[249.018s][info ][safepoint      ] Safepoint "Cleanup", Time since last: 1000112603 ns, Reaching safepoint: 10500 ns, Cleanup: 19100 ns, At safepoint: 3700 ns, Total: 33300 ns
[251.018s][info ][safepoint      ] Safepoint "Cleanup", Time since last: 2000191105 ns, Reaching safepoint: 10300 ns, Cleanup: 13300 ns, At safepoint: 2800 ns, Total: 26400 ns
[254.019s][info ][safepoint      ] Safepoint "Cleanup", Time since last: 3000451139 ns, Reaching safepoint: 10301 ns, Cleanup: 9100 ns, At safepoint: 1900 ns, Total: 21301 ns
[255.019s][info ][safepoint      ] Safepoint "Cleanup", Time since last: 1000130513 ns, Reaching safepoint: 15201 ns, Cleanup: 14900 ns, At safepoint: 6500 ns, Total: 36601 ns
[258.019s][info ][safepoint      ] Safepoint "Cleanup", Time since last: 3000403741 ns, Reaching safepoint: 13100 ns, Cleanup: 23801 ns, At safepoint: 3500 ns, Total: 40401 ns
[259.855s][info ][safepoint      ] Safepoint "Cleanup", Time since last: 1835360091 ns, Reaching safepoint: 17101 ns, Cleanup: 44801 ns, At safepoint: 6900 ns, Total: 68802 ns
[260.855s][info ][safepoint      ] Safepoint "Cleanup", Time since last: 1000290817 ns, Reaching safepoint: 17201 ns, Cleanup: 28800 ns, At safepoint: 7300 ns, Total: 53301 ns
[261.855s][info ][safepoint      ] Safepoint "Cleanup", Time since last: 1000233917 ns, Reaching safepoint: 11700 ns, Cleanup: 11400 ns, At safepoint: 3600 ns, Total: 26700 ns
[262.856s][info ][safepoint      ] Safepoint "Cleanup", Time since last: 1000200116 ns, Reaching safepoint: 12900 ns, Cleanup: 36701 ns, At safepoint: 4400 ns, Total: 54001 ns
[264.349s][info ][safepoint      ] Safepoint "Cleanup", Time since last: 1492787285 ns, Reaching safepoint: 13500 ns, Cleanup: 53101 ns, At safepoint: 39301 ns, Total: 105902 ns
[265.349s][info ][safepoint      ] Safepoint "Cleanup", Time since last: 1000208716 ns, Reaching safepoint: 12000 ns, Cleanup: 16801 ns, At safepoint: 3100 ns, Total: 31901 ns
[266.349s][info ][safepoint      ] Safepoint "Cleanup", Time since last: 1000194815 ns, Reaching safepoint: 11101 ns, Cleanup: 14600 ns, At safepoint: 3200 ns, Total: 28901 ns
[267.349s][info ][safepoint      ] Safepoint "Cleanup", Time since last: 1000126915 ns, Reaching safepoint: 10400 ns, Cleanup: 32001 ns, At safepoint: 3200 ns, Total: 45601 ns
[268.349s][info ][safepoint      ] Safepoint "Cleanup", Time since last: 1000117638 ns, Reaching safepoint: 11200 ns, Cleanup: 19901 ns, At safepoint: 2800 ns, Total: 33901 ns
[270.350s][info ][safepoint      ] Safepoint "Cleanup", Time since last: 2000343977 ns, Reaching safepoint: 12601 ns, Cleanup: 17600 ns, At safepoint: 3700 ns, Total: 33901 ns
[271.350s][info ][safepoint      ] Safepoint "Cleanup", Time since last: 1000207340 ns, Reaching safepoint: 12400 ns, Cleanup: 17200 ns, At safepoint: 3500 ns, Total: 33100 ns
[272.350s][info ][safepoint      ] Safepoint "Cleanup", Time since last: 1000231340 ns, Reaching safepoint: 11400 ns, Cleanup: 16201 ns, At safepoint: 3200 ns, Total: 30801 ns
[274.351s][info ][safepoint      ] Safepoint "Cleanup", Time since last: 2000344477 ns, Reaching safepoint: 12801 ns, Cleanup: 18400 ns, At safepoint: 3900 ns, Total: 35101 ns
[276.351s][info ][safepoint      ] Safepoint "Cleanup", Time since last: 2000335357 ns, Reaching safepoint: 14301 ns, Cleanup: 17500 ns, At safepoint: 3800 ns, Total: 35601 ns
[277.351s][info ][safepoint      ] Safepoint "Cleanup", Time since last: 1000210017 ns, Reaching safepoint: 12100 ns, Cleanup: 16600 ns, At safepoint: 3900 ns, Total: 32600 ns
[279.267s][info ][gc,start       ] GC(14) Pause Young (Allocation Failure)
[279.283s][debug][gc,phases      ] GC(14) Scavenge 15.890ms
[279.283s][debug][gc,ref         ] GC(14) ReferenceProcessor::execute queues: 1, RefProcThreadModel::Single, marks_oops_alive: false
[279.283s][debug][gc,ref         ] GC(14) Skipped KeepAliveFinalRefsPhase of Reference Processing: no references
[279.283s][debug][gc,ref         ] GC(14) ReferenceProcessor::execute queues: 1, RefProcThreadModel::Single, marks_oops_alive: false
[279.283s][debug][gc,phases      ] GC(14) Reference Processing 0.106ms
[279.283s][debug][gc,phases      ] GC(14)   VM Weak                        Min:  0.0, Avg:  0.0, Max:  0.0, Diff:  0.0, Sum:  0.0, Workers: 4
[279.283s][debug][gc,phases      ] GC(14)     Dead                           Min: 0, Avg:  0.0, Max: 0, Diff: 0, Sum: 0, Workers: 4
[279.283s][debug][gc,phases      ] GC(14)     Total                          Min: 0, Avg: 227.5, Max: 654, Diff: 654, Sum: 910, Workers: 4
[279.283s][debug][gc,phases      ] GC(14)   ObjectSynchronizer Weak        Min:  0.0, Avg:  0.0, Max:  0.0, Diff:  0.0, Sum:  0.0, Workers: 4
[279.283s][debug][gc,phases      ] GC(14)     Dead                           Min: 0, Avg:  0.0, Max: 0, Diff: 0, Sum: 0, Workers: 4
[279.283s][debug][gc,phases      ] GC(14)     Total                          Min: 0, Avg:  1.0, Max: 4, Diff: 4, Sum: 4, Workers: 4
[279.283s][debug][gc,phases      ] GC(14)   JVMTI Tag Weak OopStorage      Min:  0.0, Avg:  0.0, Max:  0.0, Diff:  0.0, Sum:  0.0, Workers: 4
[279.283s][debug][gc,phases      ] GC(14)     Dead                           Min: 0, Avg:  0.0, Max: 0, Diff: 0, Sum: 0, Workers: 4
[279.283s][debug][gc,phases      ] GC(14)     Total                          Min: 0, Avg:  0.0, Max: 0, Diff: 0, Sum: 0, Workers: 4
[279.283s][debug][gc,phases      ] GC(14)   StringTable Weak               Min:  0.1, Avg:  0.1, Max:  0.1, Diff:  0.0, Sum:  0.5, Workers: 4
[279.283s][debug][gc,phases      ] GC(14)     Dead                           Min: 0, Avg:  0.2, Max: 1, Diff: 1, Sum: 1, Workers: 4
[279.283s][debug][gc,phases      ] GC(14)     Total                          Min: 10368, Avg: 12070.8, Max: 12800, Diff: 2432, Sum: 48283, Workers: 4
[279.283s][debug][gc,phases      ] GC(14)   ResolvedMethodTable Weak       Min:  0.0, Avg:  0.0, Max:  0.0, Diff:  0.0, Sum:  0.2, Workers: 4
[279.283s][debug][gc,phases      ] GC(14)     Dead                           Min: 0, Avg:  4.2, Max: 14, Diff: 14, Sum: 17, Workers: 4
[279.283s][debug][gc,phases      ] GC(14)     Total                          Min: 3208, Avg: 3701.2, Max: 3920, Diff: 712, Sum: 14805, Workers: 4
[279.283s][debug][gc,phases      ] GC(14)   JNI Weak                       Min:  0.0, Avg:  0.0, Max:  0.0, Diff:  0.0, Sum:  0.0, Workers: 4
[279.283s][debug][gc,phases      ] GC(14)     Dead                           Min: 0, Avg:  0.0, Max: 0, Diff: 0, Sum: 0, Workers: 4
[279.283s][debug][gc,phases      ] GC(14)     Total                          Min: 0, Avg: 13.0, Max: 52, Diff: 52, Sum: 52, Workers: 4
[279.283s][debug][gc,phases      ] GC(14)   StringDedup Table Weak         Min:  0.0, Avg:  0.0, Max:  0.0, Diff:  0.0, Sum:  0.0, Workers: 4
[279.283s][debug][gc,phases      ] GC(14)     Dead                           Min: 0, Avg:  0.0, Max: 0, Diff: 0, Sum: 0, Workers: 4
[279.283s][debug][gc,phases      ] GC(14)     Total                          Min: 0, Avg:  0.0, Max: 0, Diff: 0, Sum: 0, Workers: 4
[279.283s][debug][gc,phases      ] GC(14)   StringDedup Requests0 Weak     Min:  0.0, Avg:  0.0, Max:  0.0, Diff:  0.0, Sum:  0.0, Workers: 4
[279.283s][debug][gc,phases      ] GC(14)     Dead                           Min: 0, Avg:  0.0, Max: 0, Diff: 0, Sum: 0, Workers: 4
[279.283s][debug][gc,phases      ] GC(14)     Total                          Min: 0, Avg:  0.0, Max: 0, Diff: 0, Sum: 0, Workers: 4
[279.283s][debug][gc,phases      ] GC(14)   StringDedup Requests1 Weak     Min:  0.0, Avg:  0.0, Max:  0.0, Diff:  0.0, Sum:  0.0, Workers: 4
[279.283s][debug][gc,phases      ] GC(14)     Dead                           Min: 0, Avg:  0.0, Max: 0, Diff: 0, Sum: 0, Workers: 4
[279.283s][debug][gc,phases      ] GC(14)     Total                          Min: 0, Avg:  0.0, Max: 0, Diff: 0, Sum: 0, Workers: 4
[279.283s][debug][gc,phases      ] GC(14)   Weak JFR Old Object Samples    Min:  0.0, Avg:  0.0, Max:  0.0, Diff:  0.0, Sum:  0.0, Workers: 4
[279.283s][debug][gc,phases      ] GC(14)     Dead                           Min: 0, Avg:  0.0, Max: 0, Diff: 0, Sum: 0, Workers: 4
[279.283s][debug][gc,phases      ] GC(14)     Total                          Min: 0, Avg:  0.0, Max: 0, Diff: 0, Sum: 0, Workers: 4
[279.283s][debug][gc,phases      ] GC(14) Weak Processing 0.344ms
[279.283s][debug][gc,age         ] GC(14) Desired survivor size 253755392 bytes, new threshold 1 (max threshold 15)
[279.283s][info ][gc,heap        ] GC(14) PSYoungGen: 1627456K(1848320K)->11472K(1618432K) Eden: 1606656K(1606656K)->0K(1606656K) From: 20800K(241664K)->11472K(11776K)
[279.283s][info ][gc,heap        ] GC(14) ParOldGen: 259586K(260096K)->277913K(278016K)
[279.283s][info ][gc,metaspace   ] GC(14) Metaspace: 108310K(109632K)->108310K(109632K) NonClass: 91872K(92608K)->91872K(92608K) Class: 16437K(17024K)->16437K(17024K)
[279.283s][info ][gc             ] GC(14) Pause Young (Allocation Failure) 1842M->282M(1852M) 16.477ms
[279.283s][info ][gc,cpu         ] GC(14) User=0.06s Sys=0.01s Real=0.02s
[279.283s][info ][safepoint      ] Safepoint "ParallelGCFailedAllocation", Time since last: 1915421160 ns, Reaching safepoint: 9900 ns, Cleanup: 4900 ns, At safepoint: 16560707 ns, Total: 16575507 ns
[280.283s][info ][safepoint      ] Safepoint "Cleanup", Time since last: 1000094115 ns, Reaching safepoint: 9600 ns, Cleanup: 12700 ns, At safepoint: 2300 ns, Total: 24600 ns
[282.284s][info ][safepoint      ] Safepoint "Cleanup", Time since last: 2000182729 ns, Reaching safepoint: 24800 ns, Cleanup: 12901 ns, At safepoint: 6200 ns, Total: 43901 ns
[284.284s][info ][safepoint      ] Safepoint "Cleanup", Time since last: 2000213123 ns, Reaching safepoint: 10900 ns, Cleanup: 10900 ns, At safepoint: 2600 ns, Total: 24400 ns
[285.284s][info ][safepoint      ] Safepoint "Cleanup", Time since last: 1000128209 ns, Reaching safepoint: 84801 ns, Cleanup: 10700 ns, At safepoint: 8200 ns, Total: 103701 ns
[286.284s][info ][safepoint      ] Safepoint "Cleanup", Time since last: 1000116309 ns, Reaching safepoint: 10700 ns, Cleanup: 10100 ns, At safepoint: 2700 ns, Total: 23500 ns
[287.284s][info ][safepoint      ] Safepoint "Cleanup", Time since last: 1000261511 ns, Reaching safepoint: 16400 ns, Cleanup: 46701 ns, At safepoint: 7500 ns, Total: 70601 ns
[288.285s][info ][safepoint      ] Safepoint "Cleanup", Time since last: 1000208710 ns, Reaching safepoint: 11700 ns, Cleanup: 20400 ns, At safepoint: 3700 ns, Total: 35800 ns
[289.285s][info ][safepoint      ] Safepoint "Cleanup", Time since last: 1000124009 ns, Reaching safepoint: 9900 ns, Cleanup: 10400 ns, At safepoint: 2700 ns, Total: 23000 ns
[290.285s][info ][safepoint      ] Safepoint "Cleanup", Time since last: 1000121408 ns, Reaching safepoint: 10600 ns, Cleanup: 12301 ns, At safepoint: 3100 ns, Total: 26001 ns
[291.285s][info ][safepoint      ] Safepoint "Cleanup", Time since last: 1000106708 ns, Reaching safepoint: 10100 ns, Cleanup: 10900 ns, At safepoint: 3100 ns, Total: 24100 ns
[292.285s][info ][safepoint      ] Safepoint "Cleanup", Time since last: 1000183459 ns, Reaching safepoint: 11200 ns, Cleanup: 15200 ns, At safepoint: 3300 ns, Total: 29700 ns
[293.286s][info ][safepoint      ] Safepoint "Cleanup", Time since last: 1000202368 ns, Reaching safepoint: 12600 ns, Cleanup: 19500 ns, At safepoint: 3601 ns, Total: 35701 ns
[294.286s][info ][safepoint      ] Safepoint "Cleanup", Time since last: 1000261168 ns, Reaching safepoint: 11700 ns, Cleanup: 13801 ns, At safepoint: 3400 ns, Total: 28901 ns
[295.286s][info ][safepoint      ] Safepoint "Cleanup", Time since last: 1000120366 ns, Reaching safepoint: 10900 ns, Cleanup: 12900 ns, At safepoint: 2600 ns, Total: 26400 ns
[297.286s][info ][safepoint      ] Safepoint "Cleanup", Time since last: 2000310733 ns, Reaching safepoint: 11601 ns, Cleanup: 27000 ns, At safepoint: 3400 ns, Total: 42001 ns
[298.287s][info ][safepoint      ] Safepoint "Cleanup", Time since last: 1000201768 ns, Reaching safepoint: 12800 ns, Cleanup: 18100 ns, At safepoint: 3700 ns, Total: 34600 ns
[299.287s][info ][safepoint      ] Safepoint "Cleanup", Time since last: 1000188967 ns, Reaching safepoint: 13301 ns, Cleanup: 72901 ns, At safepoint: 4300 ns, Total: 90502 ns
[301.186s][info ][safepoint      ] Safepoint "Cleanup", Time since last: 1898884771 ns, Reaching safepoint: 12001 ns, Cleanup: 22600 ns, At safepoint: 3100 ns, Total: 37701 ns
[302.186s][info ][safepoint      ] Safepoint "Cleanup", Time since last: 1000113610 ns, Reaching safepoint: 9301 ns, Cleanup: 31200 ns, At safepoint: 2200 ns, Total: 42701 ns
[303.186s][info ][safepoint      ] Safepoint "Cleanup", Time since last: 1000213613 ns, Reaching safepoint: 11900 ns, Cleanup: 80801 ns, At safepoint: 3400 ns, Total: 96101 ns
[304.187s][info ][safepoint      ] Safepoint "Cleanup", Time since last: 1000191512 ns, Reaching safepoint: 10200 ns, Cleanup: 79902 ns, At safepoint: 4000 ns, Total: 94102 ns
[305.187s][info ][safepoint      ] Safepoint "Cleanup", Time since last: 1000193512 ns, Reaching safepoint: 12000 ns, Cleanup: 24400 ns, At safepoint: 3600 ns, Total: 40000 ns
[306.187s][info ][safepoint      ] Safepoint "Cleanup", Time since last: 1000196012 ns, Reaching safepoint: 10401 ns, Cleanup: 11600 ns, At safepoint: 3300 ns, Total: 25301 ns
[307.187s][info ][safepoint      ] Safepoint "Cleanup", Time since last: 1000193512 ns, Reaching safepoint: 11800 ns, Cleanup: 15200 ns, At safepoint: 3500 ns, Total: 30500 ns
[310.188s][info ][safepoint      ] Safepoint "Cleanup", Time since last: 3000366681 ns, Reaching safepoint: 12900 ns, Cleanup: 15201 ns, At safepoint: 3500 ns, Total: 31601 ns
[312.051s][info ][safepoint      ] Safepoint "Cleanup", Time since last: 1863582774 ns, Reaching safepoint: 13500 ns, Cleanup: 127302 ns, At safepoint: 5200 ns, Total: 146002 ns
[313.052s][info ][safepoint      ] Safepoint "Cleanup", Time since last: 1000148287 ns, Reaching safepoint: 14301 ns, Cleanup: 23700 ns, At safepoint: 3500 ns, Total: 41501 ns
[314.052s][info ][safepoint      ] Safepoint "Cleanup", Time since last: 1000125887 ns, Reaching safepoint: 12700 ns, Cleanup: 27500 ns, At safepoint: 3200 ns, Total: 43400 ns
[315.052s][info ][safepoint      ] Safepoint "Cleanup", Time since last: 1000125487 ns, Reaching safepoint: 11800 ns, Cleanup: 25401 ns, At safepoint: 3000 ns, Total: 40201 ns
[316.052s][info ][safepoint      ] Safepoint "Cleanup", Time since last: 1000190749 ns, Reaching safepoint: 14200 ns, Cleanup: 18501 ns, At safepoint: 4700 ns, Total: 37401 ns
[317.052s][info ][safepoint      ] Safepoint "Cleanup", Time since last: 1000193979 ns, Reaching safepoint: 13100 ns, Cleanup: 17500 ns, At safepoint: 3100 ns, Total: 33700 ns
[318.053s][info ][safepoint      ] Safepoint "Cleanup", Time since last: 1000119378 ns, Reaching safepoint: 36500 ns, Cleanup: 15901 ns, At safepoint: 3500 ns, Total: 55901 ns
[319.053s][info ][safepoint      ] Safepoint "Cleanup", Time since last: 1000125377 ns, Reaching safepoint: 12300 ns, Cleanup: 25401 ns, At safepoint: 4000 ns, Total: 41701 ns
[320.053s][info ][safepoint      ] Safepoint "Cleanup", Time since last: 1000120977 ns, Reaching safepoint: 12701 ns, Cleanup: 24300 ns, At safepoint: 3700 ns, Total: 40701 ns
[321.053s][info ][safepoint      ] Safepoint "Cleanup", Time since last: 1000220379 ns, Reaching safepoint: 12901 ns, Cleanup: 19200 ns, At safepoint: 3700 ns, Total: 35801 ns
[322.053s][info ][safepoint      ] Safepoint "Cleanup", Time since last: 1000179579 ns, Reaching safepoint: 15100 ns, Cleanup: 24500 ns, At safepoint: 3700 ns, Total: 43300 ns
[323.054s][info ][safepoint      ] Safepoint "Cleanup", Time since last: 1000131578 ns, Reaching safepoint: 14100 ns, Cleanup: 42701 ns, At safepoint: 4700 ns, Total: 61501 ns
[324.054s][info ][safepoint      ] Safepoint "Cleanup", Time since last: 1000195500 ns, Reaching safepoint: 14100 ns, Cleanup: 20901 ns, At safepoint: 4300 ns, Total: 39301 ns
[328.054s][info ][safepoint      ] Safepoint "Cleanup", Time since last: 4000584038 ns, Reaching safepoint: 11700 ns, Cleanup: 24001 ns, At safepoint: 3400 ns, Total: 39101 ns
[329.055s][info ][safepoint      ] Safepoint "Cleanup", Time since last: 1000193510 ns, Reaching safepoint: 15500 ns, Cleanup: 16101 ns, At safepoint: 3600 ns, Total: 35201 ns
[332.055s][info ][safepoint      ] Safepoint "Cleanup", Time since last: 3000452725 ns, Reaching safepoint: 12800 ns, Cleanup: 13701 ns, At safepoint: 3700 ns, Total: 30201 ns
[333.055s][info ][safepoint      ] Safepoint "Cleanup", Time since last: 1000194805 ns, Reaching safepoint: 12900 ns, Cleanup: 18900 ns, At safepoint: 3600 ns, Total: 35400 ns
[334.056s][info ][safepoint      ] Safepoint "Cleanup", Time since last: 1000193805 ns, Reaching safepoint: 12301 ns, Cleanup: 14300 ns, At safepoint: 3600 ns, Total: 30201 ns
[335.056s][info ][safepoint      ] Safepoint "Cleanup", Time since last: 1000187505 ns, Reaching safepoint: 14600 ns, Cleanup: 18600 ns, At safepoint: 4301 ns, Total: 37501 ns
[336.056s][info ][safepoint      ] Safepoint "Cleanup", Time since last: 1000188004 ns, Reaching safepoint: 11901 ns, Cleanup: 15000 ns, At safepoint: 3500 ns, Total: 30401 ns
[338.056s][info ][safepoint      ] Safepoint "Cleanup", Time since last: 2000267108 ns, Reaching safepoint: 13800 ns, Cleanup: 15400 ns, At safepoint: 4100 ns, Total: 33300 ns
[340.829s][info ][gc,start       ] GC(15) Pause Young (Allocation Failure)
[340.839s][debug][gc,phases      ] GC(15) Scavenge 10.597ms
[340.839s][debug][gc,ref         ] GC(15) ReferenceProcessor::execute queues: 1, RefProcThreadModel::Single, marks_oops_alive: false
[340.839s][debug][gc,ref         ] GC(15) Skipped KeepAliveFinalRefsPhase of Reference Processing: no references
[340.839s][debug][gc,ref         ] GC(15) ReferenceProcessor::execute queues: 1, RefProcThreadModel::Single, marks_oops_alive: false
[340.839s][debug][gc,phases      ] GC(15) Reference Processing 0.126ms
[340.840s][debug][gc,phases      ] GC(15)   VM Weak                        Min:  0.0, Avg:  0.0, Max:  0.0, Diff:  0.0, Sum:  0.0, Workers: 4
[340.840s][debug][gc,phases      ] GC(15)     Dead                           Min: 0, Avg:  0.0, Max: 0, Diff: 0, Sum: 0, Workers: 4
[340.840s][debug][gc,phases      ] GC(15)     Total                          Min: 0, Avg: 228.8, Max: 640, Diff: 640, Sum: 915, Workers: 4
[340.840s][debug][gc,phases      ] GC(15)   ObjectSynchronizer Weak        Min:  0.0, Avg:  0.0, Max:  0.0, Diff:  0.0, Sum:  0.0, Workers: 4
[340.840s][debug][gc,phases      ] GC(15)     Dead                           Min: 0, Avg:  0.0, Max: 0, Diff: 0, Sum: 0, Workers: 4
[340.840s][debug][gc,phases      ] GC(15)     Total                          Min: 0, Avg:  1.0, Max: 4, Diff: 4, Sum: 4, Workers: 4
[340.840s][debug][gc,phases      ] GC(15)   JVMTI Tag Weak OopStorage      Min:  0.0, Avg:  0.0, Max:  0.0, Diff:  0.0, Sum:  0.0, Workers: 4
[340.840s][debug][gc,phases      ] GC(15)     Dead                           Min: 0, Avg:  0.0, Max: 0, Diff: 0, Sum: 0, Workers: 4
[340.840s][debug][gc,phases      ] GC(15)     Total                          Min: 0, Avg:  0.0, Max: 0, Diff: 0, Sum: 0, Workers: 4
[340.840s][debug][gc,phases      ] GC(15)   StringTable Weak               Min:  0.1, Avg:  0.1, Max:  0.1, Diff:  0.0, Sum:  0.5, Workers: 4
[340.840s][debug][gc,phases      ] GC(15)     Dead                           Min: 0, Avg:  1.0, Max: 2, Diff: 2, Sum: 4, Workers: 4
[340.840s][debug][gc,phases      ] GC(15)     Total                          Min: 10624, Avg: 12107.5, Max: 13102, Diff: 2478, Sum: 48430, Workers: 4
[340.840s][debug][gc,phases      ] GC(15)   ResolvedMethodTable Weak       Min:  0.0, Avg:  0.0, Max:  0.0, Diff:  0.0, Sum:  0.2, Workers: 4
[340.840s][debug][gc,phases      ] GC(15)     Dead                           Min: 0, Avg: 12.2, Max: 29, Diff: 29, Sum: 49, Workers: 4
[340.840s][debug][gc,phases      ] GC(15)     Total                          Min: 3097, Avg: 3734.0, Max: 4035, Diff: 938, Sum: 14936, Workers: 4
[340.840s][debug][gc,phases      ] GC(15)   JNI Weak                       Min:  0.0, Avg:  0.0, Max:  0.0, Diff:  0.0, Sum:  0.0, Workers: 4
[340.840s][debug][gc,phases      ] GC(15)     Dead                           Min: 0, Avg:  0.0, Max: 0, Diff: 0, Sum: 0, Workers: 4
[340.840s][debug][gc,phases      ] GC(15)     Total                          Min: 0, Avg: 13.0, Max: 52, Diff: 52, Sum: 52, Workers: 4
[340.840s][debug][gc,phases      ] GC(15)   StringDedup Table Weak         Min:  0.0, Avg:  0.0, Max:  0.0, Diff:  0.0, Sum:  0.0, Workers: 4
[340.840s][debug][gc,phases      ] GC(15)     Dead                           Min: 0, Avg:  0.0, Max: 0, Diff: 0, Sum: 0, Workers: 4
[340.840s][debug][gc,phases      ] GC(15)     Total                          Min: 0, Avg:  0.0, Max: 0, Diff: 0, Sum: 0, Workers: 4
[340.840s][debug][gc,phases      ] GC(15)   StringDedup Requests0 Weak     Min:  0.0, Avg:  0.0, Max:  0.0, Diff:  0.0, Sum:  0.0, Workers: 4
[340.840s][debug][gc,phases      ] GC(15)     Dead                           Min: 0, Avg:  0.0, Max: 0, Diff: 0, Sum: 0, Workers: 4
[340.840s][debug][gc,phases      ] GC(15)     Total                          Min: 0, Avg:  0.0, Max: 0, Diff: 0, Sum: 0, Workers: 4
[340.840s][debug][gc,phases      ] GC(15)   StringDedup Requests1 Weak     Min:  0.0, Avg:  0.0, Max:  0.0, Diff:  0.0, Sum:  0.0, Workers: 4
[340.840s][debug][gc,phases      ] GC(15)     Dead                           Min: 0, Avg:  0.0, Max: 0, Diff: 0, Sum: 0, Workers: 4
[340.840s][debug][gc,phases      ] GC(15)     Total                          Min: 0, Avg:  0.0, Max: 0, Diff: 0, Sum: 0, Workers: 4
[340.840s][debug][gc,phases      ] GC(15)   Weak JFR Old Object Samples    Min:  0.0, Avg:  0.0, Max:  0.0, Diff:  0.0, Sum:  0.0, Workers: 4
[340.840s][debug][gc,phases      ] GC(15)     Dead                           Min: 0, Avg:  0.0, Max: 0, Diff: 0, Sum: 0, Workers: 4
[340.840s][debug][gc,phases      ] GC(15)     Total                          Min: 0, Avg:  0.0, Max: 0, Diff: 0, Sum: 0, Workers: 4
[340.840s][debug][gc,phases      ] GC(15) Weak Processing 0.346ms
[340.840s][debug][gc,age         ] GC(15) Desired survivor size 254279680 bytes, new threshold 1 (max threshold 15)
[340.840s][info ][gc,heap        ] GC(15) PSYoungGen: 1618128K(1618432K)->5008K(1848320K) Eden: 1606656K(1606656K)->0K(1600512K) From: 11472K(11776K)->5008K(247808K)
[340.840s][info ][gc,heap        ] GC(15) ParOldGen: 277913K(278016K)->287274K(287744K)
[340.840s][info ][gc,metaspace   ] GC(15) Metaspace: 108769K(110080K)->108769K(110080K) NonClass: 92269K(92992K)->92269K(92992K) Class: 16500K(17088K)->16500K(17088K)
[340.840s][info ][gc             ] GC(15) Pause Young (Allocation Failure) 1851M->285M(2086M) 11.220ms
[340.840s][info ][gc,cpu         ] GC(15) User=0.04s Sys=0.00s Real=0.01s
[340.840s][info ][safepoint      ] Safepoint "ParallelGCFailedAllocation", Time since last: 2772075432 ns, Reaching safepoint: 88501 ns, Cleanup: 12701 ns, At safepoint: 11332708 ns, Total: 11433910 ns
[344.840s][info ][safepoint      ] Safepoint "Cleanup", Time since last: 4000586676 ns, Reaching safepoint: 12300 ns, Cleanup: 13301 ns, At safepoint: 4000 ns, Total: 29601 ns
[347.841s][info ][safepoint      ] Safepoint "Cleanup", Time since last: 3000588750 ns, Reaching safepoint: 13801 ns, Cleanup: 14500 ns, At safepoint: 3800 ns, Total: 32101 ns
[349.841s][info ][safepoint      ] Safepoint "Cleanup", Time since last: 2000343996 ns, Reaching safepoint: 11800 ns, Cleanup: 15001 ns, At safepoint: 3300 ns, Total: 30101 ns
[350.842s][info ][safepoint      ] Safepoint "Cleanup", Time since last: 1000209298 ns, Reaching safepoint: 13401 ns, Cleanup: 14000 ns, At safepoint: 4000 ns, Total: 31401 ns
[351.842s][info ][safepoint      ] Safepoint "Cleanup", Time since last: 1000202998 ns, Reaching safepoint: 10901 ns, Cleanup: 40000 ns, At safepoint: 3700 ns, Total: 54601 ns
[352.842s][info ][safepoint      ] Safepoint "Cleanup", Time since last: 1000186499 ns, Reaching safepoint: 12100 ns, Cleanup: 19000 ns, At safepoint: 3600 ns, Total: 34700 ns
[353.842s][info ][safepoint      ] Safepoint "Cleanup", Time since last: 1000195399 ns, Reaching safepoint: 11400 ns, Cleanup: 13400 ns, At safepoint: 2800 ns, Total: 27600 ns
[355.843s][info ][safepoint      ] Safepoint "Cleanup", Time since last: 2000277594 ns, Reaching safepoint: 14401 ns, Cleanup: 23400 ns, At safepoint: 4000 ns, Total: 41801 ns
[356.843s][info ][safepoint      ] Safepoint "Cleanup", Time since last: 1000140296 ns, Reaching safepoint: 13900 ns, Cleanup: 19600 ns, At safepoint: 3500 ns, Total: 37000 ns
[357.843s][info ][safepoint      ] Safepoint "Cleanup", Time since last: 1000200597 ns, Reaching safepoint: 12200 ns, Cleanup: 11200 ns, At safepoint: 3400 ns, Total: 26800 ns
[358.843s][info ][safepoint      ] Safepoint "Cleanup", Time since last: 1000131996 ns, Reaching safepoint: 13300 ns, Cleanup: 16700 ns, At safepoint: 3800 ns, Total: 33800 ns
[359.843s][info ][safepoint      ] Safepoint "Cleanup", Time since last: 1000190597 ns, Reaching safepoint: 12800 ns, Cleanup: 14500 ns, At safepoint: 3500 ns, Total: 30800 ns
[361.215s][info ][safepoint      ] Safepoint "Cleanup", Time since last: 1371458525 ns, Reaching safepoint: 12700 ns, Cleanup: 17801 ns, At safepoint: 28800 ns, Total: 59301 ns
[362.215s][info ][safepoint      ] Safepoint "Cleanup", Time since last: 1000110595 ns, Reaching safepoint: 10900 ns, Cleanup: 14201 ns, At safepoint: 2900 ns, Total: 28001 ns
[364.216s][info ][safepoint      ] Safepoint "Cleanup", Time since last: 2000318449 ns, Reaching safepoint: 12600 ns, Cleanup: 64701 ns, At safepoint: 3400 ns, Total: 80701 ns
[365.216s][info ][safepoint      ] Safepoint "Cleanup", Time since last: 1000207628 ns, Reaching safepoint: 11500 ns, Cleanup: 15801 ns, At safepoint: 3400 ns, Total: 30701 ns
[366.216s][info ][safepoint      ] Safepoint "Cleanup", Time since last: 1000129626 ns, Reaching safepoint: 11900 ns, Cleanup: 12901 ns, At safepoint: 3200 ns, Total: 28001 ns
[367.216s][info ][safepoint      ] Safepoint "Cleanup", Time since last: 1000133426 ns, Reaching safepoint: 83102 ns, Cleanup: 12400 ns, At safepoint: 8700 ns, Total: 104202 ns
[368.216s][info ][safepoint      ] Safepoint "Cleanup", Time since last: 1000193328 ns, Reaching safepoint: 11700 ns, Cleanup: 12900 ns, At safepoint: 3200 ns, Total: 27800 ns
[370.217s][info ][safepoint      ] Safepoint "Cleanup", Time since last: 2000311454 ns, Reaching safepoint: 13500 ns, Cleanup: 17101 ns, At safepoint: 3400 ns, Total: 34001 ns
[372.217s][info ][safepoint      ] Safepoint "Cleanup", Time since last: 2000208943 ns, Reaching safepoint: 10900 ns, Cleanup: 15300 ns, At safepoint: 3200 ns, Total: 29400 ns
[373.217s][info ][safepoint      ] Safepoint "Cleanup", Time since last: 1000123775 ns, Reaching safepoint: 13500 ns, Cleanup: 17700 ns, At safepoint: 3000 ns, Total: 34200 ns
[374.217s][info ][safepoint      ] Safepoint "Cleanup", Time since last: 1000118375 ns, Reaching safepoint: 10300 ns, Cleanup: 12000 ns, At safepoint: 3100 ns, Total: 25400 ns
[376.218s][info ][safepoint      ] Safepoint "Cleanup", Time since last: 2000353052 ns, Reaching safepoint: 11900 ns, Cleanup: 17300 ns, At safepoint: 3700 ns, Total: 32900 ns
[379.218s][info ][safepoint      ] Safepoint "Cleanup", Time since last: 3000277423 ns, Reaching safepoint: 11500 ns, Cleanup: 12900 ns, At safepoint: 3200 ns, Total: 27600 ns
[381.218s][info ][safepoint      ] Safepoint "Cleanup", Time since last: 2000271880 ns, Reaching safepoint: 11300 ns, Cleanup: 14001 ns, At safepoint: 3200 ns, Total: 28501 ns
[386.219s][info ][safepoint      ] Safepoint "Cleanup", Time since last: 5000618197 ns, Reaching safepoint: 15201 ns, Cleanup: 13100 ns, At safepoint: 6600 ns, Total: 34901 ns
[393.220s][info ][safepoint      ] Safepoint "Cleanup", Time since last: 7000757303 ns, Reaching safepoint: 13100 ns, Cleanup: 15501 ns, At safepoint: 3800 ns, Total: 32401 ns
[394.220s][info ][safepoint      ] Safepoint "Cleanup", Time since last: 1000199185 ns, Reaching safepoint: 12100 ns, Cleanup: 15300 ns, At safepoint: 3500 ns, Total: 30900 ns
[395.220s][info ][safepoint      ] Safepoint "Cleanup", Time since last: 1000148784 ns, Reaching safepoint: 15101 ns, Cleanup: 18100 ns, At safepoint: 3700 ns, Total: 36901 ns
[397.220s][info ][safepoint      ] Safepoint "Cleanup", Time since last: 2000235979 ns, Reaching safepoint: 14600 ns, Cleanup: 13601 ns, At safepoint: 3800 ns, Total: 32001 ns
[400.221s][info ][safepoint      ] Safepoint "Cleanup", Time since last: 3000327470 ns, Reaching safepoint: 14401 ns, Cleanup: 35400 ns, At safepoint: 3400 ns, Total: 53201 ns
[404.221s][info ][safepoint      ] Safepoint "Cleanup", Time since last: 4000449862 ns, Reaching safepoint: 12400 ns, Cleanup: 22501 ns, At safepoint: 3600 ns, Total: 38501 ns
[406.222s][info ][safepoint      ] Safepoint "Cleanup", Time since last: 2000264983 ns, Reaching safepoint: 15300 ns, Cleanup: 24901 ns, At safepoint: 3900 ns, Total: 44101 ns
[407.222s][info ][safepoint      ] Safepoint "Cleanup", Time since last: 1000142791 ns, Reaching safepoint: 13601 ns, Cleanup: 15500 ns, At safepoint: 3600 ns, Total: 32701 ns
[407.727s][info ][gc,start       ] GC(16) Pause Young (Allocation Failure)
[407.731s][debug][gc,phases      ] GC(16) Scavenge 4.598ms
[407.731s][debug][gc,ref         ] GC(16) ReferenceProcessor::execute queues: 1, RefProcThreadModel::Single, marks_oops_alive: false
[407.731s][debug][gc,ref         ] GC(16) Skipped KeepAliveFinalRefsPhase of Reference Processing: no references
[407.731s][debug][gc,ref         ] GC(16) ReferenceProcessor::execute queues: 1, RefProcThreadModel::Single, marks_oops_alive: false
[407.731s][debug][gc,phases      ] GC(16) Reference Processing 0.116ms
[407.732s][debug][gc,phases      ] GC(16)   VM Weak                        Min:  0.0, Avg:  0.0, Max:  0.0, Diff:  0.0, Sum:  0.0, Workers: 4
[407.732s][debug][gc,phases      ] GC(16)     Dead                           Min: 0, Avg:  0.0, Max: 0, Diff: 0, Sum: 0, Workers: 4
[407.732s][debug][gc,phases      ] GC(16)     Total                          Min: 0, Avg: 228.8, Max: 640, Diff: 640, Sum: 915, Workers: 4
[407.732s][debug][gc,phases      ] GC(16)   ObjectSynchronizer Weak        Min:  0.0, Avg:  0.0, Max:  0.0, Diff:  0.0, Sum:  0.0, Workers: 4
[407.732s][debug][gc,phases      ] GC(16)     Dead                           Min: 0, Avg:  0.0, Max: 0, Diff: 0, Sum: 0, Workers: 4
[407.732s][debug][gc,phases      ] GC(16)     Total                          Min: 0, Avg:  1.0, Max: 4, Diff: 4, Sum: 4, Workers: 4
[407.732s][debug][gc,phases      ] GC(16)   JVMTI Tag Weak OopStorage      Min:  0.0, Avg:  0.0, Max:  0.0, Diff:  0.0, Sum:  0.0, Workers: 4
[407.732s][debug][gc,phases      ] GC(16)     Dead                           Min: 0, Avg:  0.0, Max: 0, Diff: 0, Sum: 0, Workers: 4
[407.732s][debug][gc,phases      ] GC(16)     Total                          Min: 0, Avg:  0.0, Max: 0, Diff: 0, Sum: 0, Workers: 4
[407.732s][debug][gc,phases      ] GC(16)   StringTable Weak               Min:  0.1, Avg:  0.1, Max:  0.1, Diff:  0.0, Sum:  0.5, Workers: 4
[407.732s][debug][gc,phases      ] GC(16)     Dead                           Min: 0, Avg:  0.5, Max: 2, Diff: 2, Sum: 2, Workers: 4
[407.732s][debug][gc,phases      ] GC(16)     Total                          Min: 10435, Avg: 12112.8, Max: 13568, Diff: 3133, Sum: 48451, Workers: 4
[407.732s][debug][gc,phases      ] GC(16)   ResolvedMethodTable Weak       Min:  0.0, Avg:  0.0, Max:  0.0, Diff:  0.0, Sum:  0.2, Workers: 4
[407.732s][debug][gc,phases      ] GC(16)     Dead                           Min: 2, Avg:  5.0, Max: 10, Diff: 8, Sum: 20, Workers: 4
[407.732s][debug][gc,phases      ] GC(16)     Total                          Min: 3122, Avg: 3738.0, Max: 4012, Diff: 890, Sum: 14952, Workers: 4
[407.732s][debug][gc,phases      ] GC(16)   JNI Weak                       Min:  0.0, Avg:  0.0, Max:  0.0, Diff:  0.0, Sum:  0.0, Workers: 4
[407.732s][debug][gc,phases      ] GC(16)     Dead                           Min: 0, Avg:  0.0, Max: 0, Diff: 0, Sum: 0, Workers: 4
[407.732s][debug][gc,phases      ] GC(16)     Total                          Min: 0, Avg: 13.0, Max: 52, Diff: 52, Sum: 52, Workers: 4
[407.732s][debug][gc,phases      ] GC(16)   StringDedup Table Weak         Min:  0.0, Avg:  0.0, Max:  0.0, Diff:  0.0, Sum:  0.0, Workers: 4
[407.732s][debug][gc,phases      ] GC(16)     Dead                           Min: 0, Avg:  0.0, Max: 0, Diff: 0, Sum: 0, Workers: 4
[407.732s][debug][gc,phases      ] GC(16)     Total                          Min: 0, Avg:  0.0, Max: 0, Diff: 0, Sum: 0, Workers: 4
[407.732s][debug][gc,phases      ] GC(16)   StringDedup Requests0 Weak     Min:  0.0, Avg:  0.0, Max:  0.0, Diff:  0.0, Sum:  0.0, Workers: 4
[407.732s][debug][gc,phases      ] GC(16)     Dead                           Min: 0, Avg:  0.0, Max: 0, Diff: 0, Sum: 0, Workers: 4
[407.732s][debug][gc,phases      ] GC(16)     Total                          Min: 0, Avg:  0.0, Max: 0, Diff: 0, Sum: 0, Workers: 4
[407.732s][debug][gc,phases      ] GC(16)   StringDedup Requests1 Weak     Min:  0.0, Avg:  0.0, Max:  0.0, Diff:  0.0, Sum:  0.0, Workers: 4
[407.732s][debug][gc,phases      ] GC(16)     Dead                           Min: 0, Avg:  0.0, Max: 0, Diff: 0, Sum: 0, Workers: 4
[407.732s][debug][gc,phases      ] GC(16)     Total                          Min: 0, Avg:  0.0, Max: 0, Diff: 0, Sum: 0, Workers: 4
[407.732s][debug][gc,phases      ] GC(16)   Weak JFR Old Object Samples    Min:  0.0, Avg:  0.0, Max:  0.0, Diff:  0.0, Sum:  0.0, Workers: 4
[407.732s][debug][gc,phases      ] GC(16)     Dead                           Min: 0, Avg:  0.0, Max: 0, Diff: 0, Sum: 0, Workers: 4
[407.732s][debug][gc,phases      ] GC(16)     Total                          Min: 0, Avg:  0.0, Max: 0, Diff: 0, Sum: 0, Workers: 4
[407.732s][debug][gc,phases      ] GC(16) Weak Processing 0.339ms
[407.732s][debug][gc,age         ] GC(16) Desired survivor size 252182528 bytes, new threshold 1 (max threshold 15)
[407.732s][info ][gc,heap        ] GC(16) PSYoungGen: 1605520K(1848320K)->2944K(1848832K) Eden: 1600512K(1600512K)->0K(1600512K) From: 5008K(247808K)->2944K(248320K)
[407.732s][info ][gc,heap        ] GC(16) ParOldGen: 287274K(287744K)->289739K(289792K)
[407.732s][info ][gc,metaspace   ] GC(16) Metaspace: 108884K(110144K)->108884K(110144K) NonClass: 92377K(93056K)->92377K(93056K) Class: 16506K(17088K)->16506K(17088K)
[407.732s][info ][gc             ] GC(16) Pause Young (Allocation Failure) 1848M->285M(2088M) 5.188ms
[407.732s][info ][gc,cpu         ] GC(16) User=0.01s Sys=0.00s Real=0.01s
[407.732s][info ][safepoint      ] Safepoint "ParallelGCFailedAllocation", Time since last: 504760482 ns, Reaching safepoint: 13900 ns, Cleanup: 16101 ns, At safepoint: 5271196 ns, Total: 5301197 ns
[408.732s][info ][safepoint      ] Safepoint "Cleanup", Time since last: 1000173093 ns, Reaching safepoint: 88301 ns, Cleanup: 14201 ns, At safepoint: 9600 ns, Total: 112102 ns
[409.732s][info ][safepoint      ] Safepoint "Cleanup", Time since last: 1000123491 ns, Reaching safepoint: 82702 ns, Cleanup: 12000 ns, At safepoint: 7200 ns, Total: 101902 ns
[411.733s][info ][safepoint      ] Safepoint "Cleanup", Time since last: 2000207382 ns, Reaching safepoint: 13400 ns, Cleanup: 18101 ns, At safepoint: 3300 ns, Total: 34801 ns
[414.733s][info ][safepoint      ] Safepoint "Cleanup", Time since last: 3000269879 ns, Reaching safepoint: 13300 ns, Cleanup: 20900 ns, At safepoint: 3401 ns, Total: 37601 ns
[415.733s][info ][safepoint      ] Safepoint "Cleanup", Time since last: 1000132293 ns, Reaching safepoint: 11100 ns, Cleanup: 18401 ns, At safepoint: 3400 ns, Total: 32901 ns
[416.733s][info ][safepoint      ] Safepoint "Cleanup", Time since last: 1000124793 ns, Reaching safepoint: 84002 ns, Cleanup: 27701 ns, At safepoint: 9900 ns, Total: 121603 ns
[418.734s][info ][safepoint      ] Safepoint "Cleanup", Time since last: 2000322388 ns, Reaching safepoint: 11601 ns, Cleanup: 15800 ns, At safepoint: 4700 ns, Total: 32101 ns
[419.734s][info ][safepoint      ] Safepoint "Cleanup", Time since last: 1000199400 ns, Reaching safepoint: 11700 ns, Cleanup: 19300 ns, At safepoint: 3700 ns, Total: 34700 ns
[421.241s][info ][safepoint      ] Safepoint "Cleanup", Time since last: 1506977948 ns, Reaching safepoint: 12800 ns, Cleanup: 20401 ns, At safepoint: 3400 ns, Total: 36601 ns
[422.241s][info ][safepoint      ] Safepoint "Cleanup", Time since last: 1000190416 ns, Reaching safepoint: 13600 ns, Cleanup: 21901 ns, At safepoint: 4200 ns, Total: 39701 ns
[423.241s][info ][safepoint      ] Safepoint "Cleanup", Time since last: 1000134715 ns, Reaching safepoint: 14300 ns, Cleanup: 16200 ns, At safepoint: 3201 ns, Total: 33701 ns
[424.242s][info ][safepoint      ] Safepoint "Cleanup", Time since last: 1000186716 ns, Reaching safepoint: 13100 ns, Cleanup: 37201 ns, At safepoint: 4700 ns, Total: 55001 ns
[425.242s][info ][safepoint      ] Safepoint "Cleanup", Time since last: 1000131615 ns, Reaching safepoint: 12900 ns, Cleanup: 18101 ns, At safepoint: 3900 ns, Total: 34901 ns
[428.242s][info ][safepoint      ] Safepoint "Cleanup", Time since last: 3000414934 ns, Reaching safepoint: 12000 ns, Cleanup: 16900 ns, At safepoint: 3400 ns, Total: 32300 ns
[432.243s][info ][safepoint      ] Safepoint "Cleanup", Time since last: 4000532794 ns, Reaching safepoint: 13900 ns, Cleanup: 17701 ns, At safepoint: 3700 ns, Total: 35301 ns
[434.243s][info ][safepoint      ] Safepoint "Cleanup", Time since last: 2000372198 ns, Reaching safepoint: 12701 ns, Cleanup: 14900 ns, At safepoint: 3500 ns, Total: 31101 ns
[437.243s][info ][safepoint      ] Safepoint "Cleanup", Time since last: 3000326322 ns, Reaching safepoint: 14201 ns, Cleanup: 14400 ns, At safepoint: 2800 ns, Total: 31401 ns
[439.244s][info ][safepoint      ] Safepoint "Cleanup", Time since last: 2000217829 ns, Reaching safepoint: 14200 ns, Cleanup: 56901 ns, At safepoint: 4501 ns, Total: 75602 ns
[440.244s][info ][safepoint      ] Safepoint "Cleanup", Time since last: 1000216116 ns, Reaching safepoint: 14000 ns, Cleanup: 32901 ns, At safepoint: 3600 ns, Total: 50501 ns
[441.244s][info ][safepoint      ] Safepoint "Cleanup", Time since last: 1000220817 ns, Reaching safepoint: 9900 ns, Cleanup: 17500 ns, At safepoint: 3300 ns, Total: 30700 ns
[442.245s][info ][safepoint      ] Safepoint "Cleanup", Time since last: 1000117115 ns, Reaching safepoint: 83802 ns, Cleanup: 104902 ns, At safepoint: 7800 ns, Total: 196504 ns
[443.224s][info ][safepoint      ] Safepoint "ICBufferFull", Time since last: 979566636 ns, Reaching safepoint: 10100 ns, Cleanup: 125003 ns, At safepoint: 7300 ns, Total: 142403 ns
[443.282s][info ][gc,start       ] GC(17) Pause Young (Allocation Failure)
[443.295s][debug][gc,phases      ] GC(17) Scavenge 13.600ms
[443.295s][debug][gc,ref         ] GC(17) ReferenceProcessor::execute queues: 1, RefProcThreadModel::Single, marks_oops_alive: false
[443.295s][debug][gc,ref         ] GC(17) Skipped KeepAliveFinalRefsPhase of Reference Processing: no references
[443.295s][debug][gc,ref         ] GC(17) ReferenceProcessor::execute queues: 1, RefProcThreadModel::Single, marks_oops_alive: false
[443.295s][debug][gc,phases      ] GC(17) Reference Processing 0.114ms
[443.296s][debug][gc,phases      ] GC(17)   VM Weak                        Min:  0.0, Avg:  0.0, Max:  0.0, Diff:  0.0, Sum:  0.0, Workers: 4
[443.296s][debug][gc,phases      ] GC(17)     Dead                           Min: 0, Avg:  0.0, Max: 0, Diff: 0, Sum: 0, Workers: 4
[443.296s][debug][gc,phases      ] GC(17)     Total                          Min: 0, Avg: 228.8, Max: 384, Diff: 384, Sum: 915, Workers: 4
[443.296s][debug][gc,phases      ] GC(17)   ObjectSynchronizer Weak        Min:  0.0, Avg:  0.0, Max:  0.0, Diff:  0.0, Sum:  0.0, Workers: 4
[443.296s][debug][gc,phases      ] GC(17)     Dead                           Min: 0, Avg:  0.0, Max: 0, Diff: 0, Sum: 0, Workers: 4
[443.296s][debug][gc,phases      ] GC(17)     Total                          Min: 0, Avg:  1.5, Max: 6, Diff: 6, Sum: 6, Workers: 4
[443.296s][debug][gc,phases      ] GC(17)   JVMTI Tag Weak OopStorage      Min:  0.0, Avg:  0.0, Max:  0.0, Diff:  0.0, Sum:  0.0, Workers: 4
[443.296s][debug][gc,phases      ] GC(17)     Dead                           Min: 0, Avg:  0.0, Max: 0, Diff: 0, Sum: 0, Workers: 4
[443.296s][debug][gc,phases      ] GC(17)     Total                          Min: 0, Avg:  0.0, Max: 0, Diff: 0, Sum: 0, Workers: 4
[443.296s][debug][gc,phases      ] GC(17)   StringTable Weak               Min:  0.1, Avg:  0.1, Max:  0.1, Diff:  0.0, Sum:  0.5, Workers: 4
[443.296s][debug][gc,phases      ] GC(17)     Dead                           Min: 0, Avg:  0.5, Max: 2, Diff: 2, Sum: 2, Workers: 4
[443.296s][debug][gc,phases      ] GC(17)     Total                          Min: 11072, Avg: 12126.2, Max: 13248, Diff: 2176, Sum: 48505, Workers: 4
[443.296s][debug][gc,phases      ] GC(17)   ResolvedMethodTable Weak       Min:  0.0, Avg:  0.0, Max:  0.0, Diff:  0.0, Sum:  0.2, Workers: 4
[443.296s][debug][gc,phases      ] GC(17)     Dead                           Min: 0, Avg:  7.0, Max: 25, Diff: 25, Sum: 28, Workers: 4
[443.296s][debug][gc,phases      ] GC(17)     Total                          Min: 3308, Avg: 3743.8, Max: 4042, Diff: 734, Sum: 14975, Workers: 4
[443.296s][debug][gc,phases      ] GC(17)   JNI Weak                       Min:  0.0, Avg:  0.0, Max:  0.0, Diff:  0.0, Sum:  0.0, Workers: 4
[443.296s][debug][gc,phases      ] GC(17)     Dead                           Min: 0, Avg:  0.0, Max: 0, Diff: 0, Sum: 0, Workers: 4
[443.296s][debug][gc,phases      ] GC(17)     Total                          Min: 0, Avg: 15.5, Max: 59, Diff: 59, Sum: 62, Workers: 4
[443.296s][debug][gc,phases      ] GC(17)   StringDedup Table Weak         Min:  0.0, Avg:  0.0, Max:  0.0, Diff:  0.0, Sum:  0.0, Workers: 4
[443.296s][debug][gc,phases      ] GC(17)     Dead                           Min: 0, Avg:  0.0, Max: 0, Diff: 0, Sum: 0, Workers: 4
[443.296s][debug][gc,phases      ] GC(17)     Total                          Min: 0, Avg:  0.0, Max: 0, Diff: 0, Sum: 0, Workers: 4
[443.296s][debug][gc,phases      ] GC(17)   StringDedup Requests0 Weak     Min:  0.0, Avg:  0.0, Max:  0.0, Diff:  0.0, Sum:  0.0, Workers: 4
[443.296s][debug][gc,phases      ] GC(17)     Dead                           Min: 0, Avg:  0.0, Max: 0, Diff: 0, Sum: 0, Workers: 4
[443.296s][debug][gc,phases      ] GC(17)     Total                          Min: 0, Avg:  0.0, Max: 0, Diff: 0, Sum: 0, Workers: 4
[443.296s][debug][gc,phases      ] GC(17)   StringDedup Requests1 Weak     Min:  0.0, Avg:  0.0, Max:  0.0, Diff:  0.0, Sum:  0.0, Workers: 4
[443.296s][debug][gc,phases      ] GC(17)     Dead                           Min: 0, Avg:  0.0, Max: 0, Diff: 0, Sum: 0, Workers: 4
[443.296s][debug][gc,phases      ] GC(17)     Total                          Min: 0, Avg:  0.0, Max: 0, Diff: 0, Sum: 0, Workers: 4
[443.296s][debug][gc,phases      ] GC(17)   Weak JFR Old Object Samples    Min:  0.0, Avg:  0.0, Max:  0.0, Diff:  0.0, Sum:  0.0, Workers: 4
[443.296s][debug][gc,phases      ] GC(17)     Dead                           Min: 0, Avg:  0.0, Max: 0, Diff: 0, Sum: 0, Workers: 4
[443.296s][debug][gc,phases      ] GC(17)     Total                          Min: 0, Avg:  0.0, Max: 0, Diff: 0, Sum: 0, Workers: 4
[443.296s][debug][gc,phases      ] GC(17) Weak Processing 0.343ms
[443.296s][debug][gc,age         ] GC(17) Desired survivor size 244842496 bytes, new threshold 1 (max threshold 15)
[443.296s][info ][gc,heap        ] GC(17) PSYoungGen: 1603456K(1848832K)->25090K(1858048K) Eden: 1600512K(1600512K)->0K(1611776K) From: 2944K(248320K)->25090K(246272K)
[443.296s][info ][gc,heap        ] GC(17) ParOldGen: 289739K(289792K)->290851K(291328K)
[443.296s][info ][gc,metaspace   ] GC(17) Metaspace: 109043K(110336K)->109043K(110336K) NonClass: 92525K(93248K)->92525K(93248K) Class: 16517K(17088K)->16517K(17088K)
[443.296s][info ][gc             ] GC(17) Pause Young (Allocation Failure) 1848M->308M(2099M) 14.176ms
[443.296s][info ][gc,cpu         ] GC(17) User=0.06s Sys=0.01s Real=0.01s
[443.296s][info ][safepoint      ] Safepoint "ParallelGCFailedAllocation", Time since last: 57214253 ns, Reaching safepoint: 100902 ns, Cleanup: 56201 ns, At safepoint: 14299163 ns, Total: 14456266 ns
[444.296s][info ][safepoint      ] Safepoint "Cleanup", Time since last: 1000101254 ns, Reaching safepoint: 11300 ns, Cleanup: 66101 ns, At safepoint: 2900 ns, Total: 80301 ns
[445.296s][info ][safepoint      ] Safepoint "Cleanup", Time since last: 1000195669 ns, Reaching safepoint: 13100 ns, Cleanup: 55601 ns, At safepoint: 4300 ns, Total: 73001 ns
[446.297s][info ][safepoint      ] Safepoint "Cleanup", Time since last: 1000230269 ns, Reaching safepoint: 12700 ns, Cleanup: 24501 ns, At safepoint: 3300 ns, Total: 40501 ns
[447.297s][info ][safepoint      ] Safepoint "Cleanup", Time since last: 1000172068 ns, Reaching safepoint: 90302 ns, Cleanup: 93301 ns, At safepoint: 39701 ns, Total: 223304 ns
[448.297s][info ][safepoint      ] Safepoint "Cleanup", Time since last: 1000214369 ns, Reaching safepoint: 15300 ns, Cleanup: 59901 ns, At safepoint: 4000 ns, Total: 79201 ns
[449.298s][info ][safepoint      ] Safepoint "Cleanup", Time since last: 1000137568 ns, Reaching safepoint: 11200 ns, Cleanup: 12100 ns, At safepoint: 3100 ns, Total: 26400 ns
[450.298s][info ][safepoint      ] Safepoint "Cleanup", Time since last: 1000197568 ns, Reaching safepoint: 13501 ns, Cleanup: 19400 ns, At safepoint: 3800 ns, Total: 36701 ns
[451.298s][info ][safepoint      ] Safepoint "Cleanup", Time since last: 1000216469 ns, Reaching safepoint: 16200 ns, Cleanup: 37201 ns, At safepoint: 4100 ns, Total: 57501 ns
[452.298s][info ][safepoint      ] Safepoint "Cleanup", Time since last: 1000232134 ns, Reaching safepoint: 13701 ns, Cleanup: 21000 ns, At safepoint: 3800 ns, Total: 38501 ns
[454.299s][info ][safepoint      ] Safepoint "Cleanup", Time since last: 2000357084 ns, Reaching safepoint: 13100 ns, Cleanup: 15600 ns, At safepoint: 4200 ns, Total: 32900 ns
[455.299s][info ][safepoint      ] Safepoint "Cleanup", Time since last: 1000132491 ns, Reaching safepoint: 13900 ns, Cleanup: 14401 ns, At safepoint: 3300 ns, Total: 31601 ns
[456.299s][info ][safepoint      ] Safepoint "Cleanup", Time since last: 1000134191 ns, Reaching safepoint: 14700 ns, Cleanup: 18000 ns, At safepoint: 3100 ns, Total: 35800 ns
[457.299s][info ][safepoint      ] Safepoint "Cleanup", Time since last: 1000138291 ns, Reaching safepoint: 13801 ns, Cleanup: 17400 ns, At safepoint: 3100 ns, Total: 34301 ns
[458.299s][info ][safepoint      ] Safepoint "Cleanup", Time since last: 1000202792 ns, Reaching safepoint: 19501 ns, Cleanup: 29300 ns, At safepoint: 4100 ns, Total: 52901 ns
[459.300s][info ][safepoint      ] Safepoint "Cleanup", Time since last: 1000154192 ns, Reaching safepoint: 23700 ns, Cleanup: 15300 ns, At safepoint: 3000 ns, Total: 42000 ns
[460.300s][info ][safepoint      ] Safepoint "Cleanup", Time since last: 1000124701 ns, Reaching safepoint: 17100 ns, Cleanup: 22401 ns, At safepoint: 4200 ns, Total: 43701 ns
[461.300s][info ][safepoint      ] Safepoint "Cleanup", Time since last: 1000131567 ns, Reaching safepoint: 18800 ns, Cleanup: 15801 ns, At safepoint: 3200 ns, Total: 37801 ns
[462.300s][info ][safepoint      ] Safepoint "Cleanup", Time since last: 1000167268 ns, Reaching safepoint: 20700 ns, Cleanup: 25600 ns, At safepoint: 7401 ns, Total: 53701 ns
[463.300s][info ][safepoint      ] Safepoint "Cleanup", Time since last: 1000147767 ns, Reaching safepoint: 18400 ns, Cleanup: 32301 ns, At safepoint: 3100 ns, Total: 53801 ns
[465.301s][info ][safepoint      ] Safepoint "Cleanup", Time since last: 2000233534 ns, Reaching safepoint: 16400 ns, Cleanup: 16701 ns, At safepoint: 3700 ns, Total: 36801 ns
[466.301s][info ][safepoint      ] Safepoint "Cleanup", Time since last: 1000133067 ns, Reaching safepoint: 18000 ns, Cleanup: 15900 ns, At safepoint: 3501 ns, Total: 37401 ns
[468.301s][info ][safepoint      ] Safepoint "Cleanup", Time since last: 2000223560 ns, Reaching safepoint: 17901 ns, Cleanup: 23900 ns, At safepoint: 3600 ns, Total: 45401 ns
[469.301s][info ][safepoint      ] Safepoint "Cleanup", Time since last: 1000150566 ns, Reaching safepoint: 17801 ns, Cleanup: 19800 ns, At safepoint: 4100 ns, Total: 41701 ns
[470.302s][info ][safepoint      ] Safepoint "Cleanup", Time since last: 1000142066 ns, Reaching safepoint: 44401 ns, Cleanup: 17500 ns, At safepoint: 3900 ns, Total: 65801 ns
[471.302s][info ][safepoint      ] Safepoint "Cleanup", Time since last: 1000216468 ns, Reaching safepoint: 15400 ns, Cleanup: 18000 ns, At safepoint: 4000 ns, Total: 37400 ns
[472.302s][info ][safepoint      ] Safepoint "Cleanup", Time since last: 1000124166 ns, Reaching safepoint: 15900 ns, Cleanup: 14301 ns, At safepoint: 3700 ns, Total: 33901 ns
[473.302s][info ][safepoint      ] Safepoint "Cleanup", Time since last: 1000195067 ns, Reaching safepoint: 16300 ns, Cleanup: 16600 ns, At safepoint: 4300 ns, Total: 37200 ns
[475.303s][info ][safepoint      ] Safepoint "Cleanup", Time since last: 2000338033 ns, Reaching safepoint: 16701 ns, Cleanup: 15900 ns, At safepoint: 4700 ns, Total: 37301 ns
[475.532s][info ][gc,start       ] GC(18) Pause Young (Allocation Failure)
[475.553s][debug][gc,phases      ] GC(18) Scavenge 21.394ms
[475.554s][debug][gc,ref         ] GC(18) ReferenceProcessor::execute queues: 1, RefProcThreadModel::Single, marks_oops_alive: false
[475.554s][debug][gc,ref         ] GC(18) Skipped KeepAliveFinalRefsPhase of Reference Processing: no references
[475.554s][debug][gc,ref         ] GC(18) ReferenceProcessor::execute queues: 1, RefProcThreadModel::Single, marks_oops_alive: false
[475.554s][debug][gc,phases      ] GC(18) Reference Processing 0.117ms
[475.554s][debug][gc,phases      ] GC(18)   VM Weak                        Min:  0.0, Avg:  0.0, Max:  0.0, Diff:  0.0, Sum:  0.0, Workers: 4
[475.554s][debug][gc,phases      ] GC(18)     Dead                           Min: 0, Avg:  0.0, Max: 0, Diff: 0, Sum: 0, Workers: 4
[475.554s][debug][gc,phases      ] GC(18)     Total                          Min: 0, Avg: 229.8, Max: 791, Diff: 791, Sum: 919, Workers: 4
[475.554s][debug][gc,phases      ] GC(18)   ObjectSynchronizer Weak        Min:  0.0, Avg:  0.0, Max:  0.0, Diff:  0.0, Sum:  0.0, Workers: 4
[475.554s][debug][gc,phases      ] GC(18)     Dead                           Min: 0, Avg:  0.0, Max: 0, Diff: 0, Sum: 0, Workers: 4
[475.554s][debug][gc,phases      ] GC(18)     Total                          Min: 0, Avg:  1.8, Max: 7, Diff: 7, Sum: 7, Workers: 4
[475.554s][debug][gc,phases      ] GC(18)   JVMTI Tag Weak OopStorage      Min:  0.0, Avg:  0.0, Max:  0.0, Diff:  0.0, Sum:  0.0, Workers: 4
[475.554s][debug][gc,phases      ] GC(18)     Dead                           Min: 0, Avg:  0.0, Max: 0, Diff: 0, Sum: 0, Workers: 4
[475.554s][debug][gc,phases      ] GC(18)     Total                          Min: 0, Avg:  0.0, Max: 0, Diff: 0, Sum: 0, Workers: 4
[475.554s][debug][gc,phases      ] GC(18)   StringTable Weak               Min:  0.1, Avg:  0.1, Max:  0.1, Diff:  0.0, Sum:  0.5, Workers: 4
[475.554s][debug][gc,phases      ] GC(18)     Dead                           Min: 0, Avg:  0.0, Max: 0, Diff: 0, Sum: 0, Workers: 4
[475.554s][debug][gc,phases      ] GC(18)     Total                          Min: 10450, Avg: 12132.5, Max: 13952, Diff: 3502, Sum: 48530, Workers: 4
[475.554s][debug][gc,phases      ] GC(18)   ResolvedMethodTable Weak       Min:  0.0, Avg:  0.0, Max:  0.0, Diff:  0.0, Sum:  0.2, Workers: 4
[475.554s][debug][gc,phases      ] GC(18)     Dead                           Min: 0, Avg:  6.8, Max: 16, Diff: 16, Sum: 27, Workers: 4
[475.554s][debug][gc,phases      ] GC(18)     Total                          Min: 3313, Avg: 3747.8, Max: 4110, Diff: 797, Sum: 14991, Workers: 4
[475.554s][debug][gc,phases      ] GC(18)   JNI Weak                       Min:  0.0, Avg:  0.0, Max:  0.0, Diff:  0.0, Sum:  0.0, Workers: 4
[475.554s][debug][gc,phases      ] GC(18)     Dead                           Min: 0, Avg:  0.0, Max: 0, Diff: 0, Sum: 0, Workers: 4
[475.554s][debug][gc,phases      ] GC(18)     Total                          Min: 0, Avg: 13.0, Max: 52, Diff: 52, Sum: 52, Workers: 4
[475.554s][debug][gc,phases      ] GC(18)   StringDedup Table Weak         Min:  0.0, Avg:  0.0, Max:  0.0, Diff:  0.0, Sum:  0.0, Workers: 4
[475.554s][debug][gc,phases      ] GC(18)     Dead                           Min: 0, Avg:  0.0, Max: 0, Diff: 0, Sum: 0, Workers: 4
[475.554s][debug][gc,phases      ] GC(18)     Total                          Min: 0, Avg:  0.0, Max: 0, Diff: 0, Sum: 0, Workers: 4
[475.554s][debug][gc,phases      ] GC(18)   StringDedup Requests0 Weak     Min:  0.0, Avg:  0.0, Max:  0.0, Diff:  0.0, Sum:  0.0, Workers: 4
[475.554s][debug][gc,phases      ] GC(18)     Dead                           Min: 0, Avg:  0.0, Max: 0, Diff: 0, Sum: 0, Workers: 4
[475.554s][debug][gc,phases      ] GC(18)     Total                          Min: 0, Avg:  0.0, Max: 0, Diff: 0, Sum: 0, Workers: 4
[475.554s][debug][gc,phases      ] GC(18)   StringDedup Requests1 Weak     Min:  0.0, Avg:  0.0, Max:  0.0, Diff:  0.0, Sum:  0.0, Workers: 4
[475.554s][debug][gc,phases      ] GC(18)     Dead                           Min: 0, Avg:  0.0, Max: 0, Diff: 0, Sum: 0, Workers: 4
[475.554s][debug][gc,phases      ] GC(18)     Total                          Min: 0, Avg:  0.0, Max: 0, Diff: 0, Sum: 0, Workers: 4
[475.554s][debug][gc,phases      ] GC(18)   Weak JFR Old Object Samples    Min:  0.0, Avg:  0.0, Max:  0.0, Diff:  0.0, Sum:  0.0, Workers: 4
[475.554s][debug][gc,phases      ] GC(18)     Dead                           Min: 0, Avg:  0.0, Max: 0, Diff: 0, Sum: 0, Workers: 4
[475.554s][debug][gc,phases      ] GC(18)     Total                          Min: 0, Avg:  0.0, Max: 0, Diff: 0, Sum: 0, Workers: 4
[475.554s][debug][gc,phases      ] GC(18) Weak Processing 0.347ms
[475.554s][debug][gc,age         ] GC(18) Desired survivor size 238026752 bytes, new threshold 1 (max threshold 15)
[475.554s][info ][gc,heap        ] GC(18) PSYoungGen: 1636866K(1858048K)->13680K(1850880K) Eden: 1611776K(1611776K)->0K(1611776K) From: 25090K(246272K)->13680K(239104K)
[475.554s][info ][gc,heap        ] GC(18) ParOldGen: 290851K(291328K)->312383K(312832K)
[475.554s][info ][gc,metaspace   ] GC(18) Metaspace: 109201K(110528K)->109201K(110528K) NonClass: 92679K(93440K)->92679K(93440K) Class: 16522K(17088K)->16522K(17088K)
[475.554s][info ][gc             ] GC(18) Pause Young (Allocation Failure) 1882M->318M(2113M) 22.013ms
[475.554s][info ][gc,cpu         ] GC(18) User=0.08s Sys=0.01s Real=0.02s
[475.554s][info ][safepoint      ] Safepoint "ParallelGCFailedAllocation", Time since last: 229323834 ns, Reaching safepoint: 15501 ns, Cleanup: 16800 ns, At safepoint: 22107308 ns, Total: 22139609 ns
[476.554s][info ][safepoint      ] Safepoint "Cleanup", Time since last: 1000090081 ns, Reaching safepoint: 21401 ns, Cleanup: 14700 ns, At safepoint: 2800 ns, Total: 38901 ns
[477.554s][info ][safepoint      ] Safepoint "Cleanup", Time since last: 1000176083 ns, Reaching safepoint: 14800 ns, Cleanup: 13601 ns, At safepoint: 4200 ns, Total: 32601 ns
[478.555s][info ][safepoint      ] Safepoint "Cleanup", Time since last: 1000190083 ns, Reaching safepoint: 16701 ns, Cleanup: 20200 ns, At safepoint: 4400 ns, Total: 41301 ns
[479.555s][info ][safepoint      ] Safepoint "Cleanup", Time since last: 1000126583 ns, Reaching safepoint: 19500 ns, Cleanup: 53201 ns, At safepoint: 6100 ns, Total: 78801 ns
[481.285s][info ][safepoint      ] Safepoint "Cleanup", Time since last: 1730371077 ns, Reaching safepoint: 13701 ns, Cleanup: 111802 ns, At safepoint: 4200 ns, Total: 129703 ns
[482.285s][info ][safepoint      ] Safepoint "Cleanup", Time since last: 1000123882 ns, Reaching safepoint: 11500 ns, Cleanup: 31001 ns, At safepoint: 6600 ns, Total: 49101 ns
[483.286s][info ][safepoint      ] Safepoint "Cleanup", Time since last: 1000191784 ns, Reaching safepoint: 13100 ns, Cleanup: 29601 ns, At safepoint: 29500 ns, Total: 72201 ns
[485.286s][info ][safepoint      ] Safepoint "Cleanup", Time since last: 2000359150 ns, Reaching safepoint: 12601 ns, Cleanup: 16800 ns, At safepoint: 3600 ns, Total: 33001 ns
[486.286s][info ][safepoint      ] Safepoint "Cleanup", Time since last: 1000188533 ns, Reaching safepoint: 11300 ns, Cleanup: 11301 ns, At safepoint: 3200 ns, Total: 25801 ns
[487.287s][info ][safepoint      ] Safepoint "Cleanup", Time since last: 1000209933 ns, Reaching safepoint: 11300 ns, Cleanup: 16101 ns, At safepoint: 3400 ns, Total: 30801 ns
[489.287s][info ][safepoint      ] Safepoint "Cleanup", Time since last: 2000304965 ns, Reaching safepoint: 11800 ns, Cleanup: 11600 ns, At safepoint: 3500 ns, Total: 26900 ns
[490.287s][info ][safepoint      ] Safepoint "Cleanup", Time since last: 1000109632 ns, Reaching safepoint: 10400 ns, Cleanup: 58201 ns, At safepoint: 3600 ns, Total: 72201 ns
[491.287s][info ][safepoint      ] Safepoint "Cleanup", Time since last: 1000309536 ns, Reaching safepoint: 11900 ns, Cleanup: 27500 ns, At safepoint: 3500 ns, Total: 42900 ns
[493.288s][info ][safepoint      ] Safepoint "Cleanup", Time since last: 2000207223 ns, Reaching safepoint: 13100 ns, Cleanup: 27201 ns, At safepoint: 3700 ns, Total: 44001 ns
[494.288s][info ][safepoint      ] Safepoint "Cleanup", Time since last: 1000216669 ns, Reaching safepoint: 13700 ns, Cleanup: 13600 ns, At safepoint: 3300 ns, Total: 30600 ns
[495.288s][info ][safepoint      ] Safepoint "Cleanup", Time since last: 1000179769 ns, Reaching safepoint: 13200 ns, Cleanup: 13500 ns, At safepoint: 4300 ns, Total: 31000 ns
[496.288s][info ][safepoint      ] Safepoint "Cleanup", Time since last: 1000113168 ns, Reaching safepoint: 12300 ns, Cleanup: 14200 ns, At safepoint: 2700 ns, Total: 29200 ns
[497.289s][info ][safepoint      ] Safepoint "Cleanup", Time since last: 1000235470 ns, Reaching safepoint: 19600 ns, Cleanup: 24101 ns, At safepoint: 8000 ns, Total: 51701 ns
[498.289s][info ][safepoint      ] Safepoint "Cleanup", Time since last: 1000241869 ns, Reaching safepoint: 12901 ns, Cleanup: 17800 ns, At safepoint: 3500 ns, Total: 34201 ns
[500.289s][info ][safepoint      ] Safepoint "Cleanup", Time since last: 2000384417 ns, Reaching safepoint: 18201 ns, Cleanup: 25300 ns, At safepoint: 8400 ns, Total: 51901 ns
[501.290s][info ][safepoint      ] Safepoint "Cleanup", Time since last: 1000226540 ns, Reaching safepoint: 12500 ns, Cleanup: 23000 ns, At safepoint: 3900 ns, Total: 39400 ns
[502.290s][info ][safepoint      ] Safepoint "Cleanup", Time since last: 1000217940 ns, Reaching safepoint: 18000 ns, Cleanup: 20400 ns, At safepoint: 5501 ns, Total: 43901 ns
[504.290s][info ][safepoint      ] Safepoint "Cleanup", Time since last: 2000319576 ns, Reaching safepoint: 18400 ns, Cleanup: 17701 ns, At safepoint: 7200 ns, Total: 43301 ns
[505.291s][info ][safepoint      ] Safepoint "Cleanup", Time since last: 1000262640 ns, Reaching safepoint: 20600 ns, Cleanup: 74201 ns, At safepoint: 10701 ns, Total: 105502 ns
[506.291s][info ][safepoint      ] Safepoint "Cleanup", Time since last: 1000226039 ns, Reaching safepoint: 11600 ns, Cleanup: 13501 ns, At safepoint: 3500 ns, Total: 28601 ns
[507.078s][info ][gc,start       ] GC(19) Pause Young (Allocation Failure)
[507.089s][debug][gc,phases      ] GC(19) Scavenge 11.213ms
[507.089s][debug][gc,ref         ] GC(19) ReferenceProcessor::execute queues: 1, RefProcThreadModel::Single, marks_oops_alive: false
[507.089s][debug][gc,ref         ] GC(19) Skipped KeepAliveFinalRefsPhase of Reference Processing: no references
[507.089s][debug][gc,ref         ] GC(19) ReferenceProcessor::execute queues: 1, RefProcThreadModel::Single, marks_oops_alive: false
[507.089s][debug][gc,phases      ] GC(19) Reference Processing 0.110ms
[507.090s][debug][gc,phases      ] GC(19)   VM Weak                        Min:  0.0, Avg:  0.0, Max:  0.0, Diff:  0.0, Sum:  0.0, Workers: 4
[507.090s][debug][gc,phases      ] GC(19)     Dead                           Min: 0, Avg:  0.0, Max: 0, Diff: 0, Sum: 0, Workers: 4
[507.090s][debug][gc,phases      ] GC(19)     Total                          Min: 0, Avg: 231.5, Max: 768, Diff: 768, Sum: 926, Workers: 4
[507.090s][debug][gc,phases      ] GC(19)   ObjectSynchronizer Weak        Min:  0.0, Avg:  0.0, Max:  0.0, Diff:  0.0, Sum:  0.0, Workers: 4
[507.090s][debug][gc,phases      ] GC(19)     Dead                           Min: 0, Avg:  0.0, Max: 0, Diff: 0, Sum: 0, Workers: 4
[507.090s][debug][gc,phases      ] GC(19)     Total                          Min: 0, Avg:  1.8, Max: 7, Diff: 7, Sum: 7, Workers: 4
[507.090s][debug][gc,phases      ] GC(19)   JVMTI Tag Weak OopStorage      Min:  0.0, Avg:  0.0, Max:  0.0, Diff:  0.0, Sum:  0.0, Workers: 4
[507.090s][debug][gc,phases      ] GC(19)     Dead                           Min: 0, Avg:  0.0, Max: 0, Diff: 0, Sum: 0, Workers: 4
[507.090s][debug][gc,phases      ] GC(19)     Total                          Min: 0, Avg:  0.0, Max: 0, Diff: 0, Sum: 0, Workers: 4
[507.090s][debug][gc,phases      ] GC(19)   StringTable Weak               Min:  0.1, Avg:  0.1, Max:  0.1, Diff:  0.0, Sum:  0.5, Workers: 4
[507.090s][debug][gc,phases      ] GC(19)     Dead                           Min: 0, Avg:  0.2, Max: 1, Diff: 1, Sum: 1, Workers: 4
[507.090s][debug][gc,phases      ] GC(19)     Total                          Min: 11584, Avg: 12141.8, Max: 12672, Diff: 1088, Sum: 48567, Workers: 4
[507.090s][debug][gc,phases      ] GC(19)   ResolvedMethodTable Weak       Min:  0.0, Avg:  0.0, Max:  0.0, Diff:  0.0, Sum:  0.1, Workers: 4
[507.090s][debug][gc,phases      ] GC(19)     Dead                           Min: 0, Avg:  8.5, Max: 29, Diff: 29, Sum: 34, Workers: 4
[507.090s][debug][gc,phases      ] GC(19)     Total                          Min: 3556, Avg: 3761.8, Max: 3886, Diff: 330, Sum: 15047, Workers: 4
[507.090s][debug][gc,phases      ] GC(19)   JNI Weak                       Min:  0.0, Avg:  0.0, Max:  0.0, Diff:  0.0, Sum:  0.0, Workers: 4
[507.090s][debug][gc,phases      ] GC(19)     Dead                           Min: 0, Avg:  0.0, Max: 0, Diff: 0, Sum: 0, Workers: 4
[507.090s][debug][gc,phases      ] GC(19)     Total                          Min: 0, Avg: 13.0, Max: 52, Diff: 52, Sum: 52, Workers: 4
[507.090s][debug][gc,phases      ] GC(19)   StringDedup Table Weak         Min:  0.0, Avg:  0.0, Max:  0.0, Diff:  0.0, Sum:  0.0, Workers: 4
[507.090s][debug][gc,phases      ] GC(19)     Dead                           Min: 0, Avg:  0.0, Max: 0, Diff: 0, Sum: 0, Workers: 4
[507.090s][debug][gc,phases      ] GC(19)     Total                          Min: 0, Avg:  0.0, Max: 0, Diff: 0, Sum: 0, Workers: 4
[507.090s][debug][gc,phases      ] GC(19)   StringDedup Requests0 Weak     Min:  0.0, Avg:  0.0, Max:  0.0, Diff:  0.0, Sum:  0.0, Workers: 4
[507.090s][debug][gc,phases      ] GC(19)     Dead                           Min: 0, Avg:  0.0, Max: 0, Diff: 0, Sum: 0, Workers: 4
[507.090s][debug][gc,phases      ] GC(19)     Total                          Min: 0, Avg:  0.0, Max: 0, Diff: 0, Sum: 0, Workers: 4
[507.090s][debug][gc,phases      ] GC(19)   StringDedup Requests1 Weak     Min:  0.0, Avg:  0.0, Max:  0.0, Diff:  0.0, Sum:  0.0, Workers: 4
[507.090s][debug][gc,phases      ] GC(19)     Dead                           Min: 0, Avg:  0.0, Max: 0, Diff: 0, Sum: 0, Workers: 4
[507.090s][debug][gc,phases      ] GC(19)     Total                          Min: 0, Avg:  0.0, Max: 0, Diff: 0, Sum: 0, Workers: 4
[507.090s][debug][gc,phases      ] GC(19)   Weak JFR Old Object Samples    Min:  0.0, Avg:  0.0, Max:  0.0, Diff:  0.0, Sum:  0.0, Workers: 4
[507.090s][debug][gc,phases      ] GC(19)     Dead                           Min: 0, Avg:  0.0, Max: 0, Diff: 0, Sum: 0, Workers: 4
[507.090s][debug][gc,phases      ] GC(19)     Total                          Min: 0, Avg:  0.0, Max: 0, Diff: 0, Sum: 0, Workers: 4
[507.090s][debug][gc,phases      ] GC(19) Weak Processing 0.341ms
[507.090s][debug][gc,age         ] GC(19) Desired survivor size 231211008 bytes, new threshold 1 (max threshold 15)
[507.090s][info ][gc,heap        ] GC(19) PSYoungGen: 1625456K(1850880K)->10256K(1871360K) Eden: 1611776K(1611776K)->0K(1638912K) From: 13680K(239104K)->10256K(232448K)
[507.090s][info ][gc,heap        ] GC(19) ParOldGen: 312383K(312832K)->323291K(323584K)
[507.090s][info ][gc,metaspace   ] GC(19) Metaspace: 109393K(110656K)->109393K(110656K) NonClass: 92849K(93568K)->92849K(93568K) Class: 16543K(17088K)->16543K(17088K)
[507.090s][info ][gc             ] GC(19) Pause Young (Allocation Failure) 1892M->325M(2143M) 11.806ms
[507.090s][info ][gc,cpu         ] GC(19) User=0.04s Sys=0.00s Real=0.02s
[507.090s][info ][safepoint      ] Safepoint "ParallelGCFailedAllocation", Time since last: 787049088 ns, Reaching safepoint: 92401 ns, Cleanup: 15601 ns, At safepoint: 11898120 ns, Total: 12006122 ns
[508.090s][info ][safepoint      ] Safepoint "Cleanup", Time since last: 1000164041 ns, Reaching safepoint: 12601 ns, Cleanup: 16200 ns, At safepoint: 3300 ns, Total: 32101 ns
[509.090s][info ][safepoint      ] Safepoint "Cleanup", Time since last: 1000199726 ns, Reaching safepoint: 15300 ns, Cleanup: 15600 ns, At safepoint: 3500 ns, Total: 34400 ns
[510.090s][info ][safepoint      ] Safepoint "Cleanup", Time since last: 1000137125 ns, Reaching safepoint: 14200 ns, Cleanup: 15500 ns, At safepoint: 3400 ns, Total: 33100 ns
[511.091s][info ][safepoint      ] Safepoint "Cleanup", Time since last: 1000230027 ns, Reaching safepoint: 14200 ns, Cleanup: 15000 ns, At safepoint: 3500 ns, Total: 32700 ns
[512.091s][info ][safepoint      ] Safepoint "Cleanup", Time since last: 1000122125 ns, Reaching safepoint: 13500 ns, Cleanup: 14300 ns, At safepoint: 3200 ns, Total: 31000 ns
[513.091s][info ][safepoint      ] Safepoint "Cleanup", Time since last: 1000199326 ns, Reaching safepoint: 12400 ns, Cleanup: 16900 ns, At safepoint: 4600 ns, Total: 33900 ns
[515.091s][info ][safepoint      ] Safepoint "Cleanup", Time since last: 2000264449 ns, Reaching safepoint: 12600 ns, Cleanup: 16201 ns, At safepoint: 3200 ns, Total: 32001 ns
[516.092s][info ][safepoint      ] Safepoint "Cleanup", Time since last: 1000195860 ns, Reaching safepoint: 14200 ns, Cleanup: 16500 ns, At safepoint: 4100 ns, Total: 34800 ns
[518.092s][info ][safepoint      ] Safepoint "Cleanup", Time since last: 2000341705 ns, Reaching safepoint: 19600 ns, Cleanup: 28000 ns, At safepoint: 7101 ns, Total: 54701 ns
[520.092s][info ][safepoint      ] Safepoint "Cleanup", Time since last: 2000245102 ns, Reaching safepoint: 13100 ns, Cleanup: 15900 ns, At safepoint: 3200 ns, Total: 32200 ns
[521.092s][info ][safepoint      ] Safepoint "Cleanup", Time since last: 1000125602 ns, Reaching safepoint: 14300 ns, Cleanup: 15800 ns, At safepoint: 3900 ns, Total: 34000 ns
[524.093s][info ][safepoint      ] Safepoint "Cleanup", Time since last: 3000448201 ns, Reaching safepoint: 16200 ns, Cleanup: 72202 ns, At safepoint: 4300 ns, Total: 92702 ns
[525.093s][info ][safepoint      ] Safepoint "Cleanup", Time since last: 1000134721 ns, Reaching safepoint: 11600 ns, Cleanup: 25100 ns, At safepoint: 3301 ns, Total: 40001 ns
[526.093s][info ][safepoint      ] Safepoint "Cleanup", Time since last: 1000159721 ns, Reaching safepoint: 18700 ns, Cleanup: 25601 ns, At safepoint: 7200 ns, Total: 51501 ns
[527.094s][info ][safepoint      ] Safepoint "Cleanup", Time since last: 1000226323 ns, Reaching safepoint: 12300 ns, Cleanup: 12800 ns, At safepoint: 3700 ns, Total: 28800 ns
[528.094s][info ][safepoint      ] Safepoint "Cleanup", Time since last: 1000251923 ns, Reaching safepoint: 13601 ns, Cleanup: 24300 ns, At safepoint: 3500 ns, Total: 41401 ns
[529.094s][info ][safepoint      ] Safepoint "Cleanup", Time since last: 1000113521 ns, Reaching safepoint: 81501 ns, Cleanup: 51701 ns, At safepoint: 9500 ns, Total: 142702 ns
[530.094s][info ][safepoint      ] Safepoint "Cleanup", Time since last: 1000177522 ns, Reaching safepoint: 12700 ns, Cleanup: 22301 ns, At safepoint: 5000 ns, Total: 40001 ns
[531.095s][info ][safepoint      ] Safepoint "Cleanup", Time since last: 1000255823 ns, Reaching safepoint: 12200 ns, Cleanup: 16801 ns, At safepoint: 4100 ns, Total: 33101 ns
[533.095s][info ][safepoint      ] Safepoint "Cleanup", Time since last: 2000362200 ns, Reaching safepoint: 12100 ns, Cleanup: 20400 ns, At safepoint: 3701 ns, Total: 36201 ns
[534.095s][info ][safepoint      ] Safepoint "Cleanup", Time since last: 1000234512 ns, Reaching safepoint: 10801 ns, Cleanup: 22400 ns, At safepoint: 3700 ns, Total: 36901 ns
[535.096s][info ][safepoint      ] Safepoint "Cleanup", Time since last: 1000170012 ns, Reaching safepoint: 13000 ns, Cleanup: 32100 ns, At safepoint: 3901 ns, Total: 49001 ns
[536.096s][info ][safepoint      ] Safepoint "Cleanup", Time since last: 1000122610 ns, Reaching safepoint: 15301 ns, Cleanup: 21100 ns, At safepoint: 3500 ns, Total: 39901 ns
[537.096s][info ][safepoint      ] Safepoint "Cleanup", Time since last: 1000206912 ns, Reaching safepoint: 15601 ns, Cleanup: 27500 ns, At safepoint: 4200 ns, Total: 47301 ns
[539.096s][info ][safepoint      ] Safepoint "Cleanup", Time since last: 2000373624 ns, Reaching safepoint: 13400 ns, Cleanup: 14601 ns, At safepoint: 3300 ns, Total: 31301 ns
[540.097s][info ][safepoint      ] Safepoint "Cleanup", Time since last: 1000162026 ns, Reaching safepoint: 14700 ns, Cleanup: 19001 ns, At safepoint: 3800 ns, Total: 37501 ns
[541.314s][info ][safepoint      ] Safepoint "Cleanup", Time since last: 1216884102 ns, Reaching safepoint: 17500 ns, Cleanup: 17801 ns, At safepoint: 4000 ns, Total: 39301 ns
[542.314s][info ][safepoint      ] Safepoint "Cleanup", Time since last: 1000143130 ns, Reaching safepoint: 17200 ns, Cleanup: 16500 ns, At safepoint: 4000 ns, Total: 37700 ns
[543.314s][info ][safepoint      ] Safepoint "Cleanup", Time since last: 1000124830 ns, Reaching safepoint: 86601 ns, Cleanup: 64202 ns, At safepoint: 8300 ns, Total: 159103 ns
[543.632s][info ][gc,start       ] GC(20) Pause Young (Allocation Failure)
[543.647s][debug][gc,phases      ] GC(20) Scavenge 14.496ms
[543.647s][debug][gc,ref         ] GC(20) ReferenceProcessor::execute queues: 1, RefProcThreadModel::Single, marks_oops_alive: false
[543.647s][debug][gc,ref         ] GC(20) Skipped KeepAliveFinalRefsPhase of Reference Processing: no references
[543.647s][debug][gc,ref         ] GC(20) ReferenceProcessor::execute queues: 1, RefProcThreadModel::Single, marks_oops_alive: false
[543.647s][debug][gc,phases      ] GC(20) Reference Processing 0.115ms
[543.647s][debug][gc,phases      ] GC(20)   VM Weak                        Min:  0.0, Avg:  0.0, Max:  0.0, Diff:  0.0, Sum:  0.0, Workers: 4
[543.647s][debug][gc,phases      ] GC(20)     Dead                           Min: 0, Avg:  0.0, Max: 0, Diff: 0, Sum: 0, Workers: 4
[543.647s][debug][gc,phases      ] GC(20)     Total                          Min: 0, Avg: 232.5, Max: 482, Diff: 482, Sum: 930, Workers: 4
[543.647s][debug][gc,phases      ] GC(20)   ObjectSynchronizer Weak        Min:  0.0, Avg:  0.0, Max:  0.0, Diff:  0.0, Sum:  0.0, Workers: 4
[543.647s][debug][gc,phases      ] GC(20)     Dead                           Min: 0, Avg:  0.0, Max: 0, Diff: 0, Sum: 0, Workers: 4
[543.647s][debug][gc,phases      ] GC(20)     Total                          Min: 0, Avg:  1.2, Max: 5, Diff: 5, Sum: 5, Workers: 4
[543.647s][debug][gc,phases      ] GC(20)   JVMTI Tag Weak OopStorage      Min:  0.0, Avg:  0.0, Max:  0.0, Diff:  0.0, Sum:  0.0, Workers: 4
[543.647s][debug][gc,phases      ] GC(20)     Dead                           Min: 0, Avg:  0.0, Max: 0, Diff: 0, Sum: 0, Workers: 4
[543.647s][debug][gc,phases      ] GC(20)     Total                          Min: 0, Avg:  0.0, Max: 0, Diff: 0, Sum: 0, Workers: 4
[543.647s][debug][gc,phases      ] GC(20)   StringTable Weak               Min:  0.1, Avg:  0.1, Max:  0.1, Diff:  0.0, Sum:  0.5, Workers: 4
[543.647s][debug][gc,phases      ] GC(20)     Dead                           Min: 0, Avg:  0.5, Max: 2, Diff: 2, Sum: 2, Workers: 4
[543.647s][debug][gc,phases      ] GC(20)     Total                          Min: 10944, Avg: 12163.0, Max: 13504, Diff: 2560, Sum: 48652, Workers: 4
[543.647s][debug][gc,phases      ] GC(20)   ResolvedMethodTable Weak       Min:  0.0, Avg:  0.0, Max:  0.0, Diff:  0.0, Sum:  0.2, Workers: 4
[543.647s][debug][gc,phases      ] GC(20)     Dead                           Min: 0, Avg: 14.5, Max: 27, Diff: 27, Sum: 58, Workers: 4
[543.647s][debug][gc,phases      ] GC(20)     Total                          Min: 3278, Avg: 3782.0, Max: 4185, Diff: 907, Sum: 15128, Workers: 4
[543.647s][debug][gc,phases      ] GC(20)   JNI Weak                       Min:  0.0, Avg:  0.0, Max:  0.0, Diff:  0.0, Sum:  0.0, Workers: 4
[543.647s][debug][gc,phases      ] GC(20)     Dead                           Min: 0, Avg:  0.0, Max: 0, Diff: 0, Sum: 0, Workers: 4
[543.647s][debug][gc,phases      ] GC(20)     Total                          Min: 0, Avg: 15.0, Max: 60, Diff: 60, Sum: 60, Workers: 4
[543.647s][debug][gc,phases      ] GC(20)   StringDedup Table Weak         Min:  0.0, Avg:  0.0, Max:  0.0, Diff:  0.0, Sum:  0.0, Workers: 4
[543.647s][debug][gc,phases      ] GC(20)     Dead                           Min: 0, Avg:  0.0, Max: 0, Diff: 0, Sum: 0, Workers: 4
[543.647s][debug][gc,phases      ] GC(20)     Total                          Min: 0, Avg:  0.0, Max: 0, Diff: 0, Sum: 0, Workers: 4
[543.647s][debug][gc,phases      ] GC(20)   StringDedup Requests0 Weak     Min:  0.0, Avg:  0.0, Max:  0.0, Diff:  0.0, Sum:  0.0, Workers: 4
[543.647s][debug][gc,phases      ] GC(20)     Dead                           Min: 0, Avg:  0.0, Max: 0, Diff: 0, Sum: 0, Workers: 4
[543.647s][debug][gc,phases      ] GC(20)     Total                          Min: 0, Avg:  0.0, Max: 0, Diff: 0, Sum: 0, Workers: 4
[543.647s][debug][gc,phases      ] GC(20)   StringDedup Requests1 Weak     Min:  0.0, Avg:  0.0, Max:  0.0, Diff:  0.0, Sum:  0.0, Workers: 4
[543.647s][debug][gc,phases      ] GC(20)     Dead                           Min: 0, Avg:  0.0, Max: 0, Diff: 0, Sum: 0, Workers: 4
[543.647s][debug][gc,phases      ] GC(20)     Total                          Min: 0, Avg:  0.0, Max: 0, Diff: 0, Sum: 0, Workers: 4
[543.647s][debug][gc,phases      ] GC(20)   Weak JFR Old Object Samples    Min:  0.0, Avg:  0.0, Max:  0.0, Diff:  0.0, Sum:  0.0, Workers: 4
[543.647s][debug][gc,phases      ] GC(20)     Dead                           Min: 0, Avg:  0.0, Max: 0, Diff: 0, Sum: 0, Workers: 4
[543.647s][debug][gc,phases      ] GC(20)     Total                          Min: 0, Avg:  0.0, Max: 0, Diff: 0, Sum: 0, Workers: 4
[543.647s][debug][gc,phases      ] GC(20) Weak Processing 0.350ms
[543.647s][debug][gc,age         ] GC(20) Desired survivor size 221773824 bytes, new threshold 1 (max threshold 15)
[543.647s][info ][gc,heap        ] GC(20) PSYoungGen: 1649168K(1871360K)->19472K(1864704K) Eden: 1638912K(1638912K)->0K(1638912K) From: 10256K(232448K)->19472K(225792K)
[543.647s][info ][gc,heap        ] GC(20) ParOldGen: 323291K(323584K)->331964K(332288K)
[543.647s][info ][gc,metaspace   ] GC(20) Metaspace: 109631K(110912K)->109631K(110912K) NonClass: 93060K(93760K)->93060K(93760K) Class: 16571K(17152K)->16571K(17152K)
[543.647s][info ][gc             ] GC(20) Pause Young (Allocation Failure) 1926M->343M(2145M) 15.097ms
[543.647s][info ][gc,cpu         ] GC(20) User=0.07s Sys=0.01s Real=0.01s
[543.647s][info ][safepoint      ] Safepoint "ParallelGCFailedAllocation", Time since last: 318069729 ns, Reaching safepoint: 92802 ns, Cleanup: 29700 ns, At safepoint: 15199979 ns, Total: 15322481 ns
[544.648s][info ][safepoint      ] Safepoint "Cleanup", Time since last: 1000170230 ns, Reaching safepoint: 14500 ns, Cleanup: 14901 ns, At safepoint: 21700 ns, Total: 51101 ns
[548.648s][info ][safepoint      ] Safepoint "Cleanup", Time since last: 4000649817 ns, Reaching safepoint: 13100 ns, Cleanup: 14600 ns, At safepoint: 3800 ns, Total: 31500 ns
[549.648s][info ][safepoint      ] Safepoint "Cleanup", Time since last: 1000127930 ns, Reaching safepoint: 16100 ns, Cleanup: 15700 ns, At safepoint: 3401 ns, Total: 35201 ns
[552.649s][info ][safepoint      ] Safepoint "Cleanup", Time since last: 3000442689 ns, Reaching safepoint: 14300 ns, Cleanup: 15701 ns, At safepoint: 3400 ns, Total: 33401 ns
[553.649s][info ][safepoint      ] Safepoint "Cleanup", Time since last: 1000123429 ns, Reaching safepoint: 14400 ns, Cleanup: 15401 ns, At safepoint: 3000 ns, Total: 32801 ns
[555.650s][info ][safepoint      ] Safepoint "Cleanup", Time since last: 2000359061 ns, Reaching safepoint: 14200 ns, Cleanup: 39001 ns, At safepoint: 4000 ns, Total: 57201 ns
[557.650s][info ][safepoint      ] Safepoint "Cleanup", Time since last: 2000361659 ns, Reaching safepoint: 15200 ns, Cleanup: 16100 ns, At safepoint: 3600 ns, Total: 34900 ns
[568.651s][info ][safepoint      ] Safepoint "Cleanup", Time since last: 11001103945 ns, Reaching safepoint: 13900 ns, Cleanup: 24301 ns, At safepoint: 4000 ns, Total: 42201 ns
[569.651s][info ][safepoint      ] Safepoint "Cleanup", Time since last: 1000225838 ns, Reaching safepoint: 14300 ns, Cleanup: 22600 ns, At safepoint: 3600 ns, Total: 40500 ns
[570.652s][info ][safepoint      ] Safepoint "Cleanup", Time since last: 1000195638 ns, Reaching safepoint: 16200 ns, Cleanup: 18000 ns, At safepoint: 4000 ns, Total: 38200 ns
[572.583s][info ][safepoint      ] Safepoint "Cleanup", Time since last: 1931781816 ns, Reaching safepoint: 4800 ns, Cleanup: 68702 ns, At safepoint: 7200 ns, Total: 80702 ns
[573.584s][info ][safepoint      ] Safepoint "Cleanup", Time since last: 1000106659 ns, Reaching safepoint: 11501 ns, Cleanup: 27900 ns, At safepoint: 3200 ns, Total: 42601 ns
[574.584s][info ][safepoint      ] Safepoint "Cleanup", Time since last: 1000111660 ns, Reaching safepoint: 86001 ns, Cleanup: 17301 ns, At safepoint: 18100 ns, Total: 121402 ns
[575.584s][info ][safepoint      ] Safepoint "Cleanup", Time since last: 1000187761 ns, Reaching safepoint: 12200 ns, Cleanup: 22301 ns, At safepoint: 3300 ns, Total: 37801 ns
[576.587s][info ][safepoint      ] Safepoint "Cleanup", Time since last: 1002477103 ns, Reaching safepoint: 90702 ns, Cleanup: 24701 ns, At safepoint: 28600 ns, Total: 144003 ns
[577.587s][info ][safepoint      ] Safepoint "Cleanup", Time since last: 1000205161 ns, Reaching safepoint: 11001 ns, Cleanup: 53001 ns, At safepoint: 3500 ns, Total: 67502 ns
[578.587s][info ][safepoint      ] Safepoint "Cleanup", Time since last: 1000121560 ns, Reaching safepoint: 12000 ns, Cleanup: 10700 ns, At safepoint: 3300 ns, Total: 26000 ns
[579.266s][info ][gc,start       ] GC(21) Pause Young (Allocation Failure)
[579.283s][debug][gc,phases      ] GC(21) Scavenge 17.812ms
[579.284s][debug][gc,ref         ] GC(21) ReferenceProcessor::execute queues: 1, RefProcThreadModel::Single, marks_oops_alive: false
[579.284s][debug][gc,ref         ] GC(21) Skipped KeepAliveFinalRefsPhase of Reference Processing: no references
[579.284s][debug][gc,ref         ] GC(21) ReferenceProcessor::execute queues: 1, RefProcThreadModel::Single, marks_oops_alive: false
[579.284s][debug][gc,phases      ] GC(21) Reference Processing 0.152ms
[579.284s][debug][gc,phases      ] GC(21)   VM Weak                        Min:  0.0, Avg:  0.0, Max:  0.0, Diff:  0.0, Sum:  0.0, Workers: 4
[579.284s][debug][gc,phases      ] GC(21)     Dead                           Min: 0, Avg:  0.0, Max: 0, Diff: 0, Sum: 0, Workers: 4
[579.284s][debug][gc,phases      ] GC(21)     Total                          Min: 0, Avg: 232.8, Max: 512, Diff: 512, Sum: 931, Workers: 4
[579.284s][debug][gc,phases      ] GC(21)   ObjectSynchronizer Weak        Min:  0.0, Avg:  0.0, Max:  0.0, Diff:  0.0, Sum:  0.0, Workers: 4
[579.284s][debug][gc,phases      ] GC(21)     Dead                           Min: 0, Avg:  0.0, Max: 0, Diff: 0, Sum: 0, Workers: 4
[579.284s][debug][gc,phases      ] GC(21)     Total                          Min: 0, Avg:  1.5, Max: 6, Diff: 6, Sum: 6, Workers: 4
[579.284s][debug][gc,phases      ] GC(21)   JVMTI Tag Weak OopStorage      Min:  0.0, Avg:  0.0, Max:  0.0, Diff:  0.0, Sum:  0.0, Workers: 4
[579.284s][debug][gc,phases      ] GC(21)     Dead                           Min: 0, Avg:  0.0, Max: 0, Diff: 0, Sum: 0, Workers: 4
[579.284s][debug][gc,phases      ] GC(21)     Total                          Min: 0, Avg:  0.0, Max: 0, Diff: 0, Sum: 0, Workers: 4
[579.284s][debug][gc,phases      ] GC(21)   StringTable Weak               Min:  0.1, Avg:  0.1, Max:  0.1, Diff:  0.0, Sum:  0.5, Workers: 4
[579.284s][debug][gc,phases      ] GC(21)     Dead                           Min: 0, Avg:  0.5, Max: 2, Diff: 2, Sum: 2, Workers: 4
[579.284s][debug][gc,phases      ] GC(21)     Total                          Min: 10368, Avg: 12181.0, Max: 13376, Diff: 3008, Sum: 48724, Workers: 4
[579.284s][debug][gc,phases      ] GC(21)   ResolvedMethodTable Weak       Min:  0.0, Avg:  0.0, Max:  0.0, Diff:  0.0, Sum:  0.2, Workers: 4
[579.284s][debug][gc,phases      ] GC(21)     Dead                           Min: 4, Avg: 13.0, Max: 24, Diff: 20, Sum: 52, Workers: 4
[579.284s][debug][gc,phases      ] GC(21)     Total                          Min: 3199, Avg: 3801.5, Max: 4067, Diff: 868, Sum: 15206, Workers: 4
[579.284s][debug][gc,phases      ] GC(21)   JNI Weak                       Min:  0.0, Avg:  0.0, Max:  0.0, Diff:  0.0, Sum:  0.0, Workers: 4
[579.284s][debug][gc,phases      ] GC(21)     Dead                           Min: 0, Avg:  0.0, Max: 0, Diff: 0, Sum: 0, Workers: 4
[579.284s][debug][gc,phases      ] GC(21)     Total                          Min: 0, Avg: 13.0, Max: 52, Diff: 52, Sum: 52, Workers: 4
[579.284s][debug][gc,phases      ] GC(21)   StringDedup Table Weak         Min:  0.0, Avg:  0.0, Max:  0.0, Diff:  0.0, Sum:  0.0, Workers: 4
[579.284s][debug][gc,phases      ] GC(21)     Dead                           Min: 0, Avg:  0.0, Max: 0, Diff: 0, Sum: 0, Workers: 4
[579.284s][debug][gc,phases      ] GC(21)     Total                          Min: 0, Avg:  0.0, Max: 0, Diff: 0, Sum: 0, Workers: 4
[579.284s][debug][gc,phases      ] GC(21)   StringDedup Requests0 Weak     Min:  0.0, Avg:  0.0, Max:  0.0, Diff:  0.0, Sum:  0.0, Workers: 4
[579.284s][debug][gc,phases      ] GC(21)     Dead                           Min: 0, Avg:  0.0, Max: 0, Diff: 0, Sum: 0, Workers: 4
[579.284s][debug][gc,phases      ] GC(21)     Total                          Min: 0, Avg:  0.0, Max: 0, Diff: 0, Sum: 0, Workers: 4
[579.284s][debug][gc,phases      ] GC(21)   StringDedup Requests1 Weak     Min:  0.0, Avg:  0.0, Max:  0.0, Diff:  0.0, Sum:  0.0, Workers: 4
[579.284s][debug][gc,phases      ] GC(21)     Dead                           Min: 0, Avg:  0.0, Max: 0, Diff: 0, Sum: 0, Workers: 4
[579.284s][debug][gc,phases      ] GC(21)     Total                          Min: 0, Avg:  0.0, Max: 0, Diff: 0, Sum: 0, Workers: 4
[579.284s][debug][gc,phases      ] GC(21)   Weak JFR Old Object Samples    Min:  0.0, Avg:  0.0, Max:  0.0, Diff:  0.0, Sum:  0.0, Workers: 4
[579.284s][debug][gc,phases      ] GC(21)     Dead                           Min: 0, Avg:  0.0, Max: 0, Diff: 0, Sum: 0, Workers: 4
[579.284s][debug][gc,phases      ] GC(21)     Total                          Min: 0, Avg:  0.0, Max: 0, Diff: 0, Sum: 0, Workers: 4
[579.284s][debug][gc,phases      ] GC(21) Weak Processing 0.335ms
[579.284s][debug][gc,age         ] GC(21) Desired survivor size 211812352 bytes, new threshold 1 (max threshold 15)
[579.284s][info ][gc,heap        ] GC(21) PSYoungGen: 1658384K(1864704K)->22208K(1890304K) Eden: 1638912K(1638912K)->0K(1673728K) From: 19472K(225792K)->22208K(216576K)
[579.284s][info ][gc,heap        ] GC(21) ParOldGen: 331964K(332288K)->346440K(346624K)
[579.284s][info ][gc,metaspace   ] GC(21) Metaspace: 109867K(111104K)->109867K(111104K) NonClass: 93262K(93952K)->93262K(93952K) Class: 16604K(17152K)->16604K(17152K)
[579.284s][info ][gc             ] GC(21) Pause Young (Allocation Failure) 1943M->360M(2184M) 18.437ms
[579.284s][info ][gc,cpu         ] GC(21) User=0.06s Sys=0.01s Real=0.02s
[579.286s][info ][safepoint      ] Safepoint "ParallelGCFailedAllocation", Time since last: 678311188 ns, Reaching safepoint: 92002 ns, Cleanup: 5600 ns, At safepoint: 20030271 ns, Total: 20127873 ns
[580.286s][info ][safepoint      ] Safepoint "Cleanup", Time since last: 1000115126 ns, Reaching safepoint: 12201 ns, Cleanup: 61101 ns, At safepoint: 3300 ns, Total: 76602 ns
[581.286s][info ][safepoint      ] Safepoint "Cleanup", Time since last: 1000185100 ns, Reaching safepoint: 12200 ns, Cleanup: 23600 ns, At safepoint: 3901 ns, Total: 39701 ns
[582.286s][info ][safepoint      ] Safepoint "Cleanup", Time since last: 1000187399 ns, Reaching safepoint: 12101 ns, Cleanup: 16600 ns, At safepoint: 3200 ns, Total: 31901 ns
[583.286s][info ][safepoint      ] Safepoint "Cleanup", Time since last: 1000115099 ns, Reaching safepoint: 10700 ns, Cleanup: 13800 ns, At safepoint: 3300 ns, Total: 27800 ns
[585.287s][info ][safepoint      ] Safepoint "Cleanup", Time since last: 2000422601 ns, Reaching safepoint: 13500 ns, Cleanup: 12100 ns, At safepoint: 4200 ns, Total: 29800 ns
[586.287s][info ][safepoint      ] Safepoint "Cleanup", Time since last: 1000195001 ns, Reaching safepoint: 12100 ns, Cleanup: 16400 ns, At safepoint: 3200 ns, Total: 31700 ns
[592.288s][info ][safepoint      ] Safepoint "Cleanup", Time since last: 6000996446 ns, Reaching safepoint: 12200 ns, Cleanup: 14000 ns, At safepoint: 3100 ns, Total: 29300 ns
[593.288s][info ][safepoint      ] Safepoint "Cleanup", Time since last: 1000192246 ns, Reaching safepoint: 12501 ns, Cleanup: 11000 ns, At safepoint: 3200 ns, Total: 26701 ns
[594.288s][info ][safepoint      ] Safepoint "Cleanup", Time since last: 1000183746 ns, Reaching safepoint: 12700 ns, Cleanup: 15301 ns, At safepoint: 3000 ns, Total: 31001 ns
[595.289s][info ][safepoint      ] Safepoint "Cleanup", Time since last: 1000238647 ns, Reaching safepoint: 12400 ns, Cleanup: 17100 ns, At safepoint: 3300 ns, Total: 32800 ns
[596.289s][info ][safepoint      ] Safepoint "Cleanup", Time since last: 1000189507 ns, Reaching safepoint: 11300 ns, Cleanup: 13700 ns, At safepoint: 3300 ns, Total: 28300 ns
[597.289s][info ][safepoint      ] Safepoint "Cleanup", Time since last: 1000117758 ns, Reaching safepoint: 12900 ns, Cleanup: 14901 ns, At safepoint: 3300 ns, Total: 31101 ns
[598.289s][info ][safepoint      ] Safepoint "Cleanup", Time since last: 1000189459 ns, Reaching safepoint: 12300 ns, Cleanup: 22700 ns, At safepoint: 4201 ns, Total: 39201 ns
[599.290s][info ][safepoint      ] Safepoint "Cleanup", Time since last: 1000222259 ns, Reaching safepoint: 13601 ns, Cleanup: 25700 ns, At safepoint: 4400 ns, Total: 43701 ns
[600.290s][info ][safepoint      ] Safepoint "Cleanup", Time since last: 1000115258 ns, Reaching safepoint: 11100 ns, Cleanup: 12300 ns, At safepoint: 2801 ns, Total: 26201 ns
[601.358s][info ][safepoint      ] Safepoint "Cleanup", Time since last: 1068470712 ns, Reaching safepoint: 16700 ns, Cleanup: 15101 ns, At safepoint: 3800 ns, Total: 35601 ns
[602.358s][info ][safepoint      ] Safepoint "Cleanup", Time since last: 1000208859 ns, Reaching safepoint: 14001 ns, Cleanup: 14100 ns, At safepoint: 3700 ns, Total: 31801 ns
[604.359s][info ][safepoint      ] Safepoint "Cleanup", Time since last: 2000244335 ns, Reaching safepoint: 16900 ns, Cleanup: 26301 ns, At safepoint: 4100 ns, Total: 47301 ns
[606.359s][info ][safepoint      ] Safepoint "Cleanup", Time since last: 2000229120 ns, Reaching safepoint: 14900 ns, Cleanup: 15600 ns, At safepoint: 33401 ns, Total: 63901 ns
[607.359s][info ][safepoint      ] Safepoint "Cleanup", Time since last: 1000122160 ns, Reaching safepoint: 16100 ns, Cleanup: 18801 ns, At safepoint: 3800 ns, Total: 38701 ns
[608.359s][info ][safepoint      ] Safepoint "Cleanup", Time since last: 1000148761 ns, Reaching safepoint: 18000 ns, Cleanup: 25500 ns, At safepoint: 4100 ns, Total: 47600 ns
[611.360s][info ][safepoint      ] Safepoint "Cleanup", Time since last: 3000310480 ns, Reaching safepoint: 18000 ns, Cleanup: 72001 ns, At safepoint: 4500 ns, Total: 94501 ns
[614.360s][info ][safepoint      ] Safepoint "Cleanup", Time since last: 3000382918 ns, Reaching safepoint: 14700 ns, Cleanup: 16900 ns, At safepoint: 3900 ns, Total: 35500 ns
[615.360s][info ][safepoint      ] Safepoint "Cleanup", Time since last: 1000209960 ns, Reaching safepoint: 14200 ns, Cleanup: 18201 ns, At safepoint: 4300 ns, Total: 36701 ns
[619.361s][info ][safepoint      ] Safepoint "Cleanup", Time since last: 4000458431 ns, Reaching safepoint: 16601 ns, Cleanup: 17600 ns, At safepoint: 4000 ns, Total: 38201 ns
[620.361s][info ][safepoint      ] Safepoint "Cleanup", Time since last: 1000232249 ns, Reaching safepoint: 17400 ns, Cleanup: 20900 ns, At safepoint: 4200 ns, Total: 42500 ns
[621.361s][info ][safepoint      ] Safepoint "Cleanup", Time since last: 1000135138 ns, Reaching safepoint: 15200 ns, Cleanup: 15401 ns, At safepoint: 3400 ns, Total: 34001 ns
[622.362s][info ][safepoint      ] Safepoint "Cleanup", Time since last: 1000134037 ns, Reaching safepoint: 17001 ns, Cleanup: 22200 ns, At safepoint: 3900 ns, Total: 43101 ns
[623.327s][info ][gc,start       ] GC(22) Pause Young (Allocation Failure)
[623.346s][debug][gc,phases      ] GC(22) Scavenge 18.959ms
[623.346s][debug][gc,ref         ] GC(22) ReferenceProcessor::execute queues: 1, RefProcThreadModel::Single, marks_oops_alive: false
[623.346s][debug][gc,ref         ] GC(22) Skipped KeepAliveFinalRefsPhase of Reference Processing: no references
[623.346s][debug][gc,ref         ] GC(22) ReferenceProcessor::execute queues: 1, RefProcThreadModel::Single, marks_oops_alive: false
[623.346s][debug][gc,phases      ] GC(22) Reference Processing 0.119ms
[623.346s][debug][gc,phases      ] GC(22)   VM Weak                        Min:  0.0, Avg:  0.0, Max:  0.0, Diff:  0.0, Sum:  0.0, Workers: 4
[623.346s][debug][gc,phases      ] GC(22)     Dead                           Min: 0, Avg:  0.0, Max: 0, Diff: 0, Sum: 0, Workers: 4
[623.346s][debug][gc,phases      ] GC(22)     Total                          Min: 0, Avg: 232.8, Max: 739, Diff: 739, Sum: 931, Workers: 4
[623.346s][debug][gc,phases      ] GC(22)   ObjectSynchronizer Weak        Min:  0.0, Avg:  0.0, Max:  0.0, Diff:  0.0, Sum:  0.0, Workers: 4
[623.346s][debug][gc,phases      ] GC(22)     Dead                           Min: 0, Avg:  0.0, Max: 0, Diff: 0, Sum: 0, Workers: 4
[623.346s][debug][gc,phases      ] GC(22)     Total                          Min: 0, Avg:  1.5, Max: 6, Diff: 6, Sum: 6, Workers: 4
[623.346s][debug][gc,phases      ] GC(22)   JVMTI Tag Weak OopStorage      Min:  0.0, Avg:  0.0, Max:  0.0, Diff:  0.0, Sum:  0.0, Workers: 4
[623.346s][debug][gc,phases      ] GC(22)     Dead                           Min: 0, Avg:  0.0, Max: 0, Diff: 0, Sum: 0, Workers: 4
[623.346s][debug][gc,phases      ] GC(22)     Total                          Min: 0, Avg:  0.0, Max: 0, Diff: 0, Sum: 0, Workers: 4
[623.346s][debug][gc,phases      ] GC(22)   StringTable Weak               Min:  0.1, Avg:  0.1, Max:  0.1, Diff:  0.0, Sum:  0.5, Workers: 4
[623.346s][debug][gc,phases      ] GC(22)     Dead                           Min: 0, Avg:  0.0, Max: 0, Diff: 0, Sum: 0, Workers: 4
[623.346s][debug][gc,phases      ] GC(22)     Total                          Min: 11392, Avg: 12185.0, Max: 12608, Diff: 1216, Sum: 48740, Workers: 4
[623.346s][debug][gc,phases      ] GC(22)   ResolvedMethodTable Weak       Min:  0.0, Avg:  0.0, Max:  0.0, Diff:  0.0, Sum:  0.1, Workers: 4
[623.346s][debug][gc,phases      ] GC(22)     Dead                           Min: 0, Avg:  4.2, Max: 17, Diff: 17, Sum: 17, Workers: 4
[623.346s][debug][gc,phases      ] GC(22)     Total                          Min: 3732, Avg: 3803.0, Max: 3909, Diff: 177, Sum: 15212, Workers: 4
[623.346s][debug][gc,phases      ] GC(22)   JNI Weak                       Min:  0.0, Avg:  0.0, Max:  0.0, Diff:  0.0, Sum:  0.0, Workers: 4
[623.346s][debug][gc,phases      ] GC(22)     Dead                           Min: 0, Avg:  0.0, Max: 0, Diff: 0, Sum: 0, Workers: 4
[623.346s][debug][gc,phases      ] GC(22)     Total                          Min: 0, Avg: 13.0, Max: 52, Diff: 52, Sum: 52, Workers: 4
[623.346s][debug][gc,phases      ] GC(22)   StringDedup Table Weak         Min:  0.0, Avg:  0.0, Max:  0.0, Diff:  0.0, Sum:  0.0, Workers: 4
[623.346s][debug][gc,phases      ] GC(22)     Dead                           Min: 0, Avg:  0.0, Max: 0, Diff: 0, Sum: 0, Workers: 4
[623.346s][debug][gc,phases      ] GC(22)     Total                          Min: 0, Avg:  0.0, Max: 0, Diff: 0, Sum: 0, Workers: 4
[623.346s][debug][gc,phases      ] GC(22)   StringDedup Requests0 Weak     Min:  0.0, Avg:  0.0, Max:  0.0, Diff:  0.0, Sum:  0.0, Workers: 4
[623.346s][debug][gc,phases      ] GC(22)     Dead                           Min: 0, Avg:  0.0, Max: 0, Diff: 0, Sum: 0, Workers: 4
[623.346s][debug][gc,phases      ] GC(22)     Total                          Min: 0, Avg:  0.0, Max: 0, Diff: 0, Sum: 0, Workers: 4
[623.346s][debug][gc,phases      ] GC(22)   StringDedup Requests1 Weak     Min:  0.0, Avg:  0.0, Max:  0.0, Diff:  0.0, Sum:  0.0, Workers: 4
[623.346s][debug][gc,phases      ] GC(22)     Dead                           Min: 0, Avg:  0.0, Max: 0, Diff: 0, Sum: 0, Workers: 4
[623.346s][debug][gc,phases      ] GC(22)     Total                          Min: 0, Avg:  0.0, Max: 0, Diff: 0, Sum: 0, Workers: 4
[623.346s][debug][gc,phases      ] GC(22)   Weak JFR Old Object Samples    Min:  0.0, Avg:  0.0, Max:  0.0, Diff:  0.0, Sum:  0.0, Workers: 4
[623.346s][debug][gc,phases      ] GC(22)     Dead                           Min: 0, Avg:  0.0, Max: 0, Diff: 0, Sum: 0, Workers: 4
[623.346s][debug][gc,phases      ] GC(22)     Total                          Min: 0, Avg:  0.0, Max: 0, Diff: 0, Sum: 0, Workers: 4
[623.346s][debug][gc,phases      ] GC(22) Weak Processing 0.339ms
[623.346s][debug][gc,age         ] GC(22) Desired survivor size 204472320 bytes, new threshold 1 (max threshold 15)
[623.346s][info ][gc,heap        ] GC(22) PSYoungGen: 1695936K(1890304K)->7456K(1880576K) Eden: 1673728K(1673728K)->0K(1673728K) From: 22208K(216576K)->7456K(206848K)
[623.346s][info ][gc,heap        ] GC(22) ParOldGen: 346440K(346624K)->366554K(366592K)
[623.346s][info ][gc,metaspace   ] GC(22) Metaspace: 109970K(111232K)->109970K(111232K) NonClass: 93363K(94080K)->93363K(94080K) Class: 16606K(17152K)->16606K(17152K)
[623.346s][info ][gc             ] GC(22) Pause Young (Allocation Failure) 1994M->365M(2194M) 19.559ms
[623.346s][info ][gc,cpu         ] GC(22) User=0.06s Sys=0.01s Real=0.02s
[623.346s][info ][safepoint      ] Safepoint "ParallelGCFailedAllocation", Time since last: 965062391 ns, Reaching safepoint: 13300 ns, Cleanup: 7101 ns, At safepoint: 19650562 ns, Total: 19670963 ns
[625.347s][info ][safepoint      ] Safepoint "Cleanup", Time since last: 2000241075 ns, Reaching safepoint: 16900 ns, Cleanup: 20200 ns, At safepoint: 3000 ns, Total: 40100 ns
[626.347s][info ][safepoint      ] Safepoint "Cleanup", Time since last: 1000193039 ns, Reaching safepoint: 14600 ns, Cleanup: 14901 ns, At safepoint: 3900 ns, Total: 33401 ns
[627.347s][info ][safepoint      ] Safepoint "Cleanup", Time since last: 1000134237 ns, Reaching safepoint: 16001 ns, Cleanup: 21600 ns, At safepoint: 4000 ns, Total: 41601 ns
[628.347s][info ][safepoint      ] Safepoint "Cleanup", Time since last: 1000159942 ns, Reaching safepoint: 14700 ns, Cleanup: 17500 ns, At safepoint: 3700 ns, Total: 35900 ns
[630.348s][info ][safepoint      ] Safepoint "Cleanup", Time since last: 2000218087 ns, Reaching safepoint: 91502 ns, Cleanup: 16100 ns, At safepoint: 13200 ns, Total: 120802 ns
[631.348s][info ][safepoint      ] Safepoint "Cleanup", Time since last: 1000203046 ns, Reaching safepoint: 14700 ns, Cleanup: 67501 ns, At safepoint: 4700 ns, Total: 86901 ns
[632.348s][info ][safepoint      ] Safepoint "Cleanup", Time since last: 1000199845 ns, Reaching safepoint: 14501 ns, Cleanup: 22500 ns, At safepoint: 3800 ns, Total: 40801 ns
[633.348s][info ][safepoint      ] Safepoint "Cleanup", Time since last: 1000225546 ns, Reaching safepoint: 13900 ns, Cleanup: 15400 ns, At safepoint: 4200 ns, Total: 33500 ns
[635.349s][info ][safepoint      ] Safepoint "Cleanup", Time since last: 2000400791 ns, Reaching safepoint: 16900 ns, Cleanup: 27200 ns, At safepoint: 3900 ns, Total: 48000 ns
[637.349s][info ][safepoint      ] Safepoint "Cleanup", Time since last: 2000197286 ns, Reaching safepoint: 13400 ns, Cleanup: 17601 ns, At safepoint: 30700 ns, Total: 61701 ns
[638.349s][info ][safepoint      ] Safepoint "Cleanup", Time since last: 1000187944 ns, Reaching safepoint: 15201 ns, Cleanup: 20300 ns, At safepoint: 4000 ns, Total: 39501 ns
[639.350s][info ][safepoint      ] Safepoint "Cleanup", Time since last: 1000193145 ns, Reaching safepoint: 14700 ns, Cleanup: 52201 ns, At safepoint: 6000 ns, Total: 72901 ns
[642.350s][info ][safepoint      ] Safepoint "Cleanup", Time since last: 3000438530 ns, Reaching safepoint: 14701 ns, Cleanup: 16100 ns, At safepoint: 3800 ns, Total: 34601 ns
[644.350s][info ][safepoint      ] Safepoint "Cleanup", Time since last: 2000379787 ns, Reaching safepoint: 16501 ns, Cleanup: 15200 ns, At safepoint: 3600 ns, Total: 35301 ns
[645.351s][info ][safepoint      ] Safepoint "Cleanup", Time since last: 1000121540 ns, Reaching safepoint: 92402 ns, Cleanup: 37600 ns, At safepoint: 24801 ns, Total: 154803 ns
[646.351s][info ][safepoint      ] Safepoint "Cleanup", Time since last: 1000133140 ns, Reaching safepoint: 14601 ns, Cleanup: 22700 ns, At safepoint: 3100 ns, Total: 40401 ns
[647.351s][info ][safepoint      ] Safepoint "Cleanup", Time since last: 1000187341 ns, Reaching safepoint: 14201 ns, Cleanup: 20100 ns, At safepoint: 3900 ns, Total: 38201 ns
[648.351s][info ][safepoint      ] Safepoint "Cleanup", Time since last: 1000202042 ns, Reaching safepoint: 28500 ns, Cleanup: 20201 ns, At safepoint: 5100 ns, Total: 53801 ns
[649.352s][info ][safepoint      ] Safepoint "Cleanup", Time since last: 1000193441 ns, Reaching safepoint: 16201 ns, Cleanup: 17100 ns, At safepoint: 4100 ns, Total: 37401 ns
[651.352s][info ][safepoint      ] Safepoint "Cleanup", Time since last: 2000390983 ns, Reaching safepoint: 16900 ns, Cleanup: 16501 ns, At safepoint: 4300 ns, Total: 37701 ns
[652.352s][info ][safepoint      ] Safepoint "Cleanup", Time since last: 1000210440 ns, Reaching safepoint: 15900 ns, Cleanup: 31301 ns, At safepoint: 3800 ns, Total: 51001 ns
[653.029s][info ][gc,start       ] GC(23) Pause Young (Allocation Failure)
[653.040s][debug][gc,phases      ] GC(23) Scavenge 11.421ms
[653.040s][debug][gc,ref         ] GC(23) ReferenceProcessor::execute queues: 1, RefProcThreadModel::Single, marks_oops_alive: false
[653.040s][debug][gc,ref         ] GC(23) Skipped KeepAliveFinalRefsPhase of Reference Processing: no references
[653.040s][debug][gc,ref         ] GC(23) ReferenceProcessor::execute queues: 1, RefProcThreadModel::Single, marks_oops_alive: false
[653.040s][debug][gc,phases      ] GC(23) Reference Processing 0.107ms
[653.041s][debug][gc,phases      ] GC(23)   VM Weak                        Min:  0.0, Avg:  0.0, Max:  0.0, Diff:  0.0, Sum:  0.0, Workers: 4
[653.041s][debug][gc,phases      ] GC(23)     Dead                           Min: 0, Avg:  0.0, Max: 0, Diff: 0, Sum: 0, Workers: 4
[653.041s][debug][gc,phases      ] GC(23)     Total                          Min: 0, Avg: 234.5, Max: 576, Diff: 576, Sum: 938, Workers: 4
[653.041s][debug][gc,phases      ] GC(23)   ObjectSynchronizer Weak        Min:  0.0, Avg:  0.0, Max:  0.0, Diff:  0.0, Sum:  0.0, Workers: 4
[653.041s][debug][gc,phases      ] GC(23)     Dead                           Min: 0, Avg:  0.0, Max: 0, Diff: 0, Sum: 0, Workers: 4
[653.041s][debug][gc,phases      ] GC(23)     Total                          Min: 0, Avg:  1.5, Max: 6, Diff: 6, Sum: 6, Workers: 4
[653.041s][debug][gc,phases      ] GC(23)   JVMTI Tag Weak OopStorage      Min:  0.0, Avg:  0.0, Max:  0.0, Diff:  0.0, Sum:  0.0, Workers: 4
[653.041s][debug][gc,phases      ] GC(23)     Dead                           Min: 0, Avg:  0.0, Max: 0, Diff: 0, Sum: 0, Workers: 4
[653.041s][debug][gc,phases      ] GC(23)     Total                          Min: 0, Avg:  0.0, Max: 0, Diff: 0, Sum: 0, Workers: 4
[653.041s][debug][gc,phases      ] GC(23)   StringTable Weak               Min:  0.1, Avg:  0.1, Max:  0.1, Diff:  0.0, Sum:  0.4, Workers: 4
[653.041s][debug][gc,phases      ] GC(23)     Dead                           Min: 0, Avg:  0.5, Max: 2, Diff: 2, Sum: 2, Workers: 4
[653.041s][debug][gc,phases      ] GC(23)     Total                          Min: 11072, Avg: 12189.0, Max: 12926, Diff: 1854, Sum: 48756, Workers: 4
[653.041s][debug][gc,phases      ] GC(23)   ResolvedMethodTable Weak       Min:  0.0, Avg:  0.0, Max:  0.0, Diff:  0.0, Sum:  0.1, Workers: 4
[653.041s][debug][gc,phases      ] GC(23)     Dead                           Min: 0, Avg:  5.0, Max: 17, Diff: 17, Sum: 20, Workers: 4
[653.041s][debug][gc,phases      ] GC(23)     Total                          Min: 3741, Avg: 3812.2, Max: 3906, Diff: 165, Sum: 15249, Workers: 4
[653.041s][debug][gc,phases      ] GC(23)   JNI Weak                       Min:  0.0, Avg:  0.0, Max:  0.0, Diff:  0.0, Sum:  0.0, Workers: 4
[653.041s][debug][gc,phases      ] GC(23)     Dead                           Min: 0, Avg:  0.0, Max: 0, Diff: 0, Sum: 0, Workers: 4
[653.041s][debug][gc,phases      ] GC(23)     Total                          Min: 0, Avg: 13.0, Max: 52, Diff: 52, Sum: 52, Workers: 4
[653.041s][debug][gc,phases      ] GC(23)   StringDedup Table Weak         Min:  0.0, Avg:  0.0, Max:  0.0, Diff:  0.0, Sum:  0.0, Workers: 4
[653.041s][debug][gc,phases      ] GC(23)     Dead                           Min: 0, Avg:  0.0, Max: 0, Diff: 0, Sum: 0, Workers: 4
[653.041s][debug][gc,phases      ] GC(23)     Total                          Min: 0, Avg:  0.0, Max: 0, Diff: 0, Sum: 0, Workers: 4
[653.041s][debug][gc,phases      ] GC(23)   StringDedup Requests0 Weak     Min:  0.0, Avg:  0.0, Max:  0.0, Diff:  0.0, Sum:  0.0, Workers: 4
[653.041s][debug][gc,phases      ] GC(23)     Dead                           Min: 0, Avg:  0.0, Max: 0, Diff: 0, Sum: 0, Workers: 4
[653.041s][debug][gc,phases      ] GC(23)     Total                          Min: 0, Avg:  0.0, Max: 0, Diff: 0, Sum: 0, Workers: 4
[653.041s][debug][gc,phases      ] GC(23)   StringDedup Requests1 Weak     Min:  0.0, Avg:  0.0, Max:  0.0, Diff:  0.0, Sum:  0.0, Workers: 4
[653.041s][debug][gc,phases      ] GC(23)     Dead                           Min: 0, Avg:  0.0, Max: 0, Diff: 0, Sum: 0, Workers: 4
[653.041s][debug][gc,phases      ] GC(23)     Total                          Min: 0, Avg:  0.0, Max: 0, Diff: 0, Sum: 0, Workers: 4
[653.041s][debug][gc,phases      ] GC(23)   Weak JFR Old Object Samples    Min:  0.0, Avg:  0.0, Max:  0.0, Diff:  0.0, Sum:  0.0, Workers: 4
[653.041s][debug][gc,phases      ] GC(23)     Dead                           Min: 0, Avg:  0.0, Max: 0, Diff: 0, Sum: 0, Workers: 4
[653.041s][debug][gc,phases      ] GC(23)     Total                          Min: 0, Avg:  0.0, Max: 0, Diff: 0, Sum: 0, Workers: 4
[653.041s][debug][gc,phases      ] GC(23) Weak Processing 0.343ms
[653.041s][debug][gc,age         ] GC(23) Desired survivor size 194510848 bytes, new threshold 1 (max threshold 15)
[653.041s][info ][gc,heap        ] GC(23) PSYoungGen: 1681184K(1880576K)->18656K(1907200K) Eden: 1673728K(1673728K)->0K(1707520K) From: 7456K(206848K)->18656K(199680K)
[653.041s][info ][gc,heap        ] GC(23) ParOldGen: 366554K(366592K)->372139K(372224K)
[653.041s][info ][gc,metaspace   ] GC(23) Metaspace: 110077K(111360K)->110077K(111360K) NonClass: 93459K(94144K)->93459K(94144K) Class: 16618K(17216K)->16618K(17216K)
[653.041s][info ][gc             ] GC(23) Pause Young (Allocation Failure) 1999M->381M(2226M) 12.022ms
[653.041s][info ][gc,cpu         ] GC(23) User=0.03s Sys=0.01s Real=0.01s
[653.041s][info ][safepoint      ] Safepoint "ParallelGCFailedAllocation", Time since last: 676438770 ns, Reaching safepoint: 87602 ns, Cleanup: 5700 ns, At safepoint: 12114223 ns, Total: 12207525 ns
[656.041s][info ][safepoint      ] Safepoint "Cleanup", Time since last: 3000313311 ns, Reaching safepoint: 12501 ns, Cleanup: 22300 ns, At safepoint: 3200 ns, Total: 38001 ns
[657.042s][info ][safepoint      ] Safepoint "Cleanup", Time since last: 1000204139 ns, Reaching safepoint: 14400 ns, Cleanup: 35201 ns, At safepoint: 4200 ns, Total: 53801 ns
[658.042s][info ][safepoint      ] Safepoint "Cleanup", Time since last: 1000196539 ns, Reaching safepoint: 13200 ns, Cleanup: 14600 ns, At safepoint: 3500 ns, Total: 31300 ns
[659.042s][info ][safepoint      ] Safepoint "Cleanup", Time since last: 1000114237 ns, Reaching safepoint: 11701 ns, Cleanup: 12100 ns, At safepoint: 2800 ns, Total: 26601 ns
[660.042s][info ][safepoint      ] Safepoint "Cleanup", Time since last: 1000237140 ns, Reaching safepoint: 12600 ns, Cleanup: 22001 ns, At safepoint: 4000 ns, Total: 38601 ns
[661.390s][info ][safepoint      ] Safepoint "Cleanup", Time since last: 1347735649 ns, Reaching safepoint: 14701 ns, Cleanup: 15800 ns, At safepoint: 3800 ns, Total: 34301 ns
[664.391s][info ][safepoint      ] Safepoint "Cleanup", Time since last: 3000482123 ns, Reaching safepoint: 14700 ns, Cleanup: 53701 ns, At safepoint: 24301 ns, Total: 92702 ns
[665.391s][info ][safepoint      ] Safepoint "Cleanup", Time since last: 1000187541 ns, Reaching safepoint: 12301 ns, Cleanup: 19700 ns, At safepoint: 4100 ns, Total: 36101 ns
[666.391s][info ][safepoint      ] Safepoint "Cleanup", Time since last: 1000208242 ns, Reaching safepoint: 13600 ns, Cleanup: 50201 ns, At safepoint: 3900 ns, Total: 67701 ns
[669.391s][info ][safepoint      ] Safepoint "Cleanup", Time since last: 3000420028 ns, Reaching safepoint: 12000 ns, Cleanup: 18000 ns, At safepoint: 3401 ns, Total: 33401 ns
[670.392s][info ][safepoint      ] Safepoint "Cleanup", Time since last: 1000259546 ns, Reaching safepoint: 19000 ns, Cleanup: 19301 ns, At safepoint: 7800 ns, Total: 46101 ns
[672.392s][info ][safepoint      ] Safepoint "Cleanup", Time since last: 2000405291 ns, Reaching safepoint: 96002 ns, Cleanup: 68301 ns, At safepoint: 16900 ns, Total: 181203 ns
[673.393s][info ][safepoint      ] Safepoint "Cleanup", Time since last: 1000124644 ns, Reaching safepoint: 27801 ns, Cleanup: 15300 ns, At safepoint: 3400 ns, Total: 46501 ns
[674.393s][info ][safepoint      ] Safepoint "Cleanup", Time since last: 1000118144 ns, Reaching safepoint: 10800 ns, Cleanup: 15801 ns, At safepoint: 3000 ns, Total: 29601 ns
[675.393s][info ][safepoint      ] Safepoint "Cleanup", Time since last: 1000166545 ns, Reaching safepoint: 18700 ns, Cleanup: 17300 ns, At safepoint: 7000 ns, Total: 43000 ns
[676.393s][info ][safepoint      ] Safepoint "Cleanup", Time since last: 1000138937 ns, Reaching safepoint: 11501 ns, Cleanup: 14100 ns, At safepoint: 3200 ns, Total: 28801 ns
[678.393s][info ][safepoint      ] Safepoint "Cleanup", Time since last: 2000293161 ns, Reaching safepoint: 12100 ns, Cleanup: 15100 ns, At safepoint: 3300 ns, Total: 30500 ns
[679.394s][info ][safepoint      ] Safepoint "Cleanup", Time since last: 1000145031 ns, Reaching safepoint: 12000 ns, Cleanup: 67101 ns, At safepoint: 3100 ns, Total: 82201 ns
[680.029s][info ][gc,start       ] GC(24) Pause Young (Allocation Failure)
[680.048s][debug][gc,phases      ] GC(24) Scavenge 18.957ms
[680.048s][debug][gc,ref         ] GC(24) ReferenceProcessor::execute queues: 1, RefProcThreadModel::Single, marks_oops_alive: false
[680.048s][debug][gc,ref         ] GC(24) Skipped KeepAliveFinalRefsPhase of Reference Processing: no references
[680.049s][debug][gc,ref         ] GC(24) ReferenceProcessor::execute queues: 1, RefProcThreadModel::Single, marks_oops_alive: false
[680.049s][debug][gc,phases      ] GC(24) Reference Processing 0.132ms
[680.049s][debug][gc,phases      ] GC(24)   VM Weak                        Min:  0.0, Avg:  0.0, Max:  0.0, Diff:  0.0, Sum:  0.0, Workers: 4
[680.049s][debug][gc,phases      ] GC(24)     Dead                           Min: 0, Avg:  0.0, Max: 0, Diff: 0, Sum: 0, Workers: 4
[680.049s][debug][gc,phases      ] GC(24)     Total                          Min: 0, Avg: 234.5, Max: 490, Diff: 490, Sum: 938, Workers: 4
[680.049s][debug][gc,phases      ] GC(24)   ObjectSynchronizer Weak        Min:  0.0, Avg:  0.0, Max:  0.0, Diff:  0.0, Sum:  0.0, Workers: 4
[680.049s][debug][gc,phases      ] GC(24)     Dead                           Min: 0, Avg:  0.0, Max: 0, Diff: 0, Sum: 0, Workers: 4
[680.049s][debug][gc,phases      ] GC(24)     Total                          Min: 0, Avg:  1.0, Max: 4, Diff: 4, Sum: 4, Workers: 4
[680.049s][debug][gc,phases      ] GC(24)   JVMTI Tag Weak OopStorage      Min:  0.0, Avg:  0.0, Max:  0.0, Diff:  0.0, Sum:  0.0, Workers: 4
[680.049s][debug][gc,phases      ] GC(24)     Dead                           Min: 0, Avg:  0.0, Max: 0, Diff: 0, Sum: 0, Workers: 4
[680.049s][debug][gc,phases      ] GC(24)     Total                          Min: 0, Avg:  0.0, Max: 0, Diff: 0, Sum: 0, Workers: 4
[680.049s][debug][gc,phases      ] GC(24)   StringTable Weak               Min:  0.1, Avg:  0.1, Max:  0.1, Diff:  0.0, Sum:  0.4, Workers: 4
[680.049s][debug][gc,phases      ] GC(24)     Dead                           Min: 0, Avg:  0.2, Max: 1, Diff: 1, Sum: 1, Workers: 4
[680.049s][debug][gc,phases      ] GC(24)     Total                          Min: 11840, Avg: 12193.5, Max: 12352, Diff: 512, Sum: 48774, Workers: 4
[680.049s][debug][gc,phases      ] GC(24)   ResolvedMethodTable Weak       Min:  0.0, Avg:  0.0, Max:  0.0, Diff:  0.0, Sum:  0.1, Workers: 4
[680.049s][debug][gc,phases      ] GC(24)     Dead                           Min: 0, Avg:  6.2, Max: 20, Diff: 20, Sum: 25, Workers: 4
[680.049s][debug][gc,phases      ] GC(24)     Total                          Min: 3737, Avg: 3816.0, Max: 3952, Diff: 215, Sum: 15264, Workers: 4
[680.049s][debug][gc,phases      ] GC(24)   JNI Weak                       Min:  0.0, Avg:  0.0, Max:  0.0, Diff:  0.0, Sum:  0.0, Workers: 4
[680.049s][debug][gc,phases      ] GC(24)     Dead                           Min: 0, Avg:  0.0, Max: 0, Diff: 0, Sum: 0, Workers: 4
[680.049s][debug][gc,phases      ] GC(24)     Total                          Min: 0, Avg: 13.0, Max: 52, Diff: 52, Sum: 52, Workers: 4
[680.049s][debug][gc,phases      ] GC(24)   StringDedup Table Weak         Min:  0.0, Avg:  0.0, Max:  0.0, Diff:  0.0, Sum:  0.0, Workers: 4
[680.049s][debug][gc,phases      ] GC(24)     Dead                           Min: 0, Avg:  0.0, Max: 0, Diff: 0, Sum: 0, Workers: 4
[680.049s][debug][gc,phases      ] GC(24)     Total                          Min: 0, Avg:  0.0, Max: 0, Diff: 0, Sum: 0, Workers: 4
[680.049s][debug][gc,phases      ] GC(24)   StringDedup Requests0 Weak     Min:  0.0, Avg:  0.0, Max:  0.0, Diff:  0.0, Sum:  0.0, Workers: 4
[680.049s][debug][gc,phases      ] GC(24)     Dead                           Min: 0, Avg:  0.0, Max: 0, Diff: 0, Sum: 0, Workers: 4
[680.049s][debug][gc,phases      ] GC(24)     Total                          Min: 0, Avg:  0.0, Max: 0, Diff: 0, Sum: 0, Workers: 4
[680.049s][debug][gc,phases      ] GC(24)   StringDedup Requests1 Weak     Min:  0.0, Avg:  0.0, Max:  0.0, Diff:  0.0, Sum:  0.0, Workers: 4
[680.049s][debug][gc,phases      ] GC(24)     Dead                           Min: 0, Avg:  0.0, Max: 0, Diff: 0, Sum: 0, Workers: 4
[680.049s][debug][gc,phases      ] GC(24)     Total                          Min: 0, Avg:  0.0, Max: 0, Diff: 0, Sum: 0, Workers: 4
[680.049s][debug][gc,phases      ] GC(24)   Weak JFR Old Object Samples    Min:  0.0, Avg:  0.0, Max:  0.0, Diff:  0.0, Sum:  0.0, Workers: 4
[680.049s][debug][gc,phases      ] GC(24)     Dead                           Min: 0, Avg:  0.0, Max: 0, Diff: 0, Sum: 0, Workers: 4
[680.049s][debug][gc,phases      ] GC(24)     Total                          Min: 0, Avg:  0.0, Max: 0, Diff: 0, Sum: 0, Workers: 4
[680.049s][debug][gc,phases      ] GC(24) Weak Processing 0.323ms
[680.049s][debug][gc,age         ] GC(24) Desired survivor size 184025088 bytes, new threshold 1 (max threshold 15)
[680.049s][info ][gc,heap        ] GC(24) PSYoungGen: 1726176K(1907200K)->21466K(1897472K) Eden: 1707520K(1707520K)->0K(1707520K) From: 18656K(199680K)->21466K(189952K)
[680.049s][info ][gc,heap        ] GC(24) ParOldGen: 372139K(372224K)->388005K(388096K)
[680.049s][info ][gc,metaspace   ] GC(24) Metaspace: 110165K(111488K)->110165K(111488K) NonClass: 93540K(94272K)->93540K(94272K) Class: 16625K(17216K)->16625K(17216K)
[680.049s][info ][gc             ] GC(24) Pause Young (Allocation Failure) 2049M->399M(2232M) 19.559ms
[680.049s][info ][gc,cpu         ] GC(24) User=0.07s Sys=0.01s Real=0.02s
[680.049s][info ][safepoint      ] Safepoint "ParallelGCFailedAllocation", Time since last: 635656114 ns, Reaching safepoint: 12000 ns, Cleanup: 21100 ns, At safepoint: 19648562 ns, Total: 19681662 ns
[681.049s][info ][safepoint      ] Safepoint "Cleanup", Time since last: 1000161131 ns, Reaching safepoint: 15700 ns, Cleanup: 41701 ns, At safepoint: 4200 ns, Total: 61601 ns
[682.049s][info ][safepoint      ] Safepoint "Cleanup", Time since last: 1000123630 ns, Reaching safepoint: 13000 ns, Cleanup: 15101 ns, At safepoint: 3300 ns, Total: 31401 ns
[683.050s][info ][safepoint      ] Safepoint "Cleanup", Time since last: 1000200231 ns, Reaching safepoint: 13800 ns, Cleanup: 21001 ns, At safepoint: 3700 ns, Total: 38501 ns
[684.050s][info ][safepoint      ] Safepoint "Cleanup", Time since last: 1000183830 ns, Reaching safepoint: 13600 ns, Cleanup: 15900 ns, At safepoint: 3900 ns, Total: 33400 ns
[685.050s][info ][safepoint      ] Safepoint "Cleanup", Time since last: 1000205324 ns, Reaching safepoint: 17600 ns, Cleanup: 35201 ns, At safepoint: 4000 ns, Total: 56801 ns
[686.050s][info ][safepoint      ] Safepoint "Cleanup", Time since last: 1000200923 ns, Reaching safepoint: 14100 ns, Cleanup: 30001 ns, At safepoint: 3600 ns, Total: 47701 ns
[687.051s][info ][safepoint      ] Safepoint "Cleanup", Time since last: 1000236924 ns, Reaching safepoint: 14900 ns, Cleanup: 22101 ns, At safepoint: 4600 ns, Total: 41601 ns
[688.051s][info ][safepoint      ] Safepoint "Cleanup", Time since last: 1000209824 ns, Reaching safepoint: 17900 ns, Cleanup: 17300 ns, At safepoint: 4400 ns, Total: 39600 ns
[689.051s][info ][safepoint      ] Safepoint "Cleanup", Time since last: 1000219624 ns, Reaching safepoint: 16100 ns, Cleanup: 16801 ns, At safepoint: 4700 ns, Total: 37601 ns
[692.052s][info ][safepoint      ] Safepoint "Cleanup", Time since last: 3000599474 ns, Reaching safepoint: 15100 ns, Cleanup: 19701 ns, At safepoint: 4300 ns, Total: 39101 ns
[693.052s][info ][safepoint      ] Safepoint "Cleanup", Time since last: 1000206548 ns, Reaching safepoint: 13600 ns, Cleanup: 23300 ns, At safepoint: 3600 ns, Total: 40500 ns
[694.052s][info ][safepoint      ] Safepoint "Cleanup", Time since last: 1000255549 ns, Reaching safepoint: 14500 ns, Cleanup: 17101 ns, At safepoint: 5100 ns, Total: 36701 ns
[696.053s][info ][safepoint      ] Safepoint "Cleanup", Time since last: 2000230492 ns, Reaching safepoint: 29701 ns, Cleanup: 16700 ns, At safepoint: 3600 ns, Total: 50001 ns
[697.053s][info ][safepoint      ] Safepoint "Cleanup", Time since last: 1000154747 ns, Reaching safepoint: 15001 ns, Cleanup: 22300 ns, At safepoint: 4300 ns, Total: 41601 ns
[698.053s][info ][safepoint      ] Safepoint "Cleanup", Time since last: 1000266749 ns, Reaching safepoint: 15500 ns, Cleanup: 18101 ns, At safepoint: 4000 ns, Total: 37601 ns
[699.053s][info ][safepoint      ] Safepoint "Cleanup", Time since last: 1000133846 ns, Reaching safepoint: 15301 ns, Cleanup: 16200 ns, At safepoint: 3500 ns, Total: 35001 ns
[700.053s][info ][safepoint      ] Safepoint "Cleanup", Time since last: 1000207237 ns, Reaching safepoint: 15700 ns, Cleanup: 17600 ns, At safepoint: 3900 ns, Total: 37200 ns
[701.054s][info ][safepoint      ] Safepoint "Cleanup", Time since last: 1000128372 ns, Reaching safepoint: 14300 ns, Cleanup: 19701 ns, At safepoint: 3300 ns, Total: 37301 ns
[702.054s][info ][safepoint      ] Safepoint "Cleanup", Time since last: 1000210073 ns, Reaching safepoint: 13700 ns, Cleanup: 18001 ns, At safepoint: 4300 ns, Total: 36001 ns
[707.054s][info ][safepoint      ] Safepoint "Cleanup", Time since last: 5000598058 ns, Reaching safepoint: 13200 ns, Cleanup: 17701 ns, At safepoint: 3500 ns, Total: 34401 ns
[708.055s][info ][safepoint      ] Safepoint "Cleanup", Time since last: 1000151964 ns, Reaching safepoint: 15200 ns, Cleanup: 18200 ns, At safepoint: 3600 ns, Total: 37000 ns
[709.055s][info ][safepoint      ] Safepoint "Cleanup", Time since last: 1000132712 ns, Reaching safepoint: 15800 ns, Cleanup: 20400 ns, At safepoint: 3700 ns, Total: 39900 ns
[710.055s][info ][safepoint      ] Safepoint "Cleanup", Time since last: 1000197013 ns, Reaching safepoint: 14000 ns, Cleanup: 14700 ns, At safepoint: 3400 ns, Total: 32100 ns
[715.056s][info ][safepoint      ] Safepoint "Cleanup", Time since last: 5000715358 ns, Reaching safepoint: 14801 ns, Cleanup: 15000 ns, At safepoint: 3300 ns, Total: 33101 ns
[716.056s][info ][safepoint      ] Safepoint "Cleanup", Time since last: 1000190794 ns, Reaching safepoint: 14700 ns, Cleanup: 44901 ns, At safepoint: 4100 ns, Total: 63701 ns
[717.056s][info ][safepoint      ] Safepoint "Cleanup", Time since last: 1000190372 ns, Reaching safepoint: 16301 ns, Cleanup: 28300 ns, At safepoint: 4100 ns, Total: 48701 ns
[718.057s][info ][safepoint      ] Safepoint "Cleanup", Time since last: 1000130371 ns, Reaching safepoint: 15801 ns, Cleanup: 40100 ns, At safepoint: 3101 ns, Total: 59002 ns
[719.057s][info ][safepoint      ] Safepoint "Cleanup", Time since last: 1000132071 ns, Reaching safepoint: 14500 ns, Cleanup: 15600 ns, At safepoint: 3800 ns, Total: 33900 ns
[720.057s][info ][safepoint      ] Safepoint "Cleanup", Time since last: 1000227173 ns, Reaching safepoint: 14701 ns, Cleanup: 15800 ns, At safepoint: 3600 ns, Total: 34101 ns
[721.421s][info ][safepoint      ] Safepoint "Cleanup", Time since last: 1364305088 ns, Reaching safepoint: 17800 ns, Cleanup: 18300 ns, At safepoint: 4600 ns, Total: 40700 ns
[723.422s][info ][safepoint      ] Safepoint "Cleanup", Time since last: 2000295543 ns, Reaching safepoint: 12701 ns, Cleanup: 29900 ns, At safepoint: 3700 ns, Total: 46301 ns
[725.422s][info ][safepoint      ] Safepoint "Cleanup", Time since last: 2000227693 ns, Reaching safepoint: 15000 ns, Cleanup: 16101 ns, At safepoint: 3500 ns, Total: 34601 ns
[726.422s][info ][safepoint      ] Safepoint "Cleanup", Time since last: 1000142740 ns, Reaching safepoint: 17000 ns, Cleanup: 21301 ns, At safepoint: 3800 ns, Total: 42101 ns
[727.422s][info ][safepoint      ] Safepoint "Cleanup", Time since last: 1000143740 ns, Reaching safepoint: 14700 ns, Cleanup: 15401 ns, At safepoint: 3100 ns, Total: 33201 ns
[728.422s][info ][safepoint      ] Safepoint "Cleanup", Time since last: 1000127940 ns, Reaching safepoint: 13400 ns, Cleanup: 12900 ns, At safepoint: 3500 ns, Total: 29800 ns
[731.298s][info ][gc,start       ] GC(25) Pause Young (Allocation Failure)
[731.317s][debug][gc,phases      ] GC(25) Scavenge 19.310ms
[731.317s][debug][gc,ref         ] GC(25) ReferenceProcessor::execute queues: 1, RefProcThreadModel::Single, marks_oops_alive: false
[731.317s][debug][gc,ref         ] GC(25) Skipped KeepAliveFinalRefsPhase of Reference Processing: no references
[731.317s][debug][gc,ref         ] GC(25) ReferenceProcessor::execute queues: 1, RefProcThreadModel::Single, marks_oops_alive: false
[731.317s][debug][gc,phases      ] GC(25) Reference Processing 0.112ms
[731.317s][debug][gc,phases      ] GC(25)   VM Weak                        Min:  0.0, Avg:  0.0, Max:  0.0, Diff:  0.0, Sum:  0.0, Workers: 4
[731.317s][debug][gc,phases      ] GC(25)     Dead                           Min: 0, Avg:  0.0, Max: 0, Diff: 0, Sum: 0, Workers: 4
[731.317s][debug][gc,phases      ] GC(25)     Total                          Min: 0, Avg: 235.5, Max: 750, Diff: 750, Sum: 942, Workers: 4
[731.317s][debug][gc,phases      ] GC(25)   ObjectSynchronizer Weak        Min:  0.0, Avg:  0.0, Max:  0.0, Diff:  0.0, Sum:  0.0, Workers: 4
[731.317s][debug][gc,phases      ] GC(25)     Dead                           Min: 0, Avg:  0.0, Max: 0, Diff: 0, Sum: 0, Workers: 4
[731.317s][debug][gc,phases      ] GC(25)     Total                          Min: 0, Avg:  1.5, Max: 6, Diff: 6, Sum: 6, Workers: 4
[731.317s][debug][gc,phases      ] GC(25)   JVMTI Tag Weak OopStorage      Min:  0.0, Avg:  0.0, Max:  0.0, Diff:  0.0, Sum:  0.0, Workers: 4
[731.317s][debug][gc,phases      ] GC(25)     Dead                           Min: 0, Avg:  0.0, Max: 0, Diff: 0, Sum: 0, Workers: 4
[731.317s][debug][gc,phases      ] GC(25)     Total                          Min: 0, Avg:  0.0, Max: 0, Diff: 0, Sum: 0, Workers: 4
[731.317s][debug][gc,phases      ] GC(25)   StringTable Weak               Min:  0.1, Avg:  0.1, Max:  0.1, Diff:  0.0, Sum:  0.4, Workers: 4
[731.317s][debug][gc,phases      ] GC(25)     Dead                           Min: 0, Avg:  0.5, Max: 2, Diff: 2, Sum: 2, Workers: 4
[731.317s][debug][gc,phases      ] GC(25)     Total                          Min: 11775, Avg: 12200.2, Max: 12608, Diff: 833, Sum: 48801, Workers: 4
[731.317s][debug][gc,phases      ] GC(25)   ResolvedMethodTable Weak       Min:  0.0, Avg:  0.0, Max:  0.0, Diff:  0.0, Sum:  0.2, Workers: 4
[731.317s][debug][gc,phases      ] GC(25)     Dead                           Min: 0, Avg:  8.0, Max: 30, Diff: 30, Sum: 32, Workers: 4
[731.317s][debug][gc,phases      ] GC(25)     Total                          Min: 3697, Avg: 3825.0, Max: 3917, Diff: 220, Sum: 15300, Workers: 4
[731.317s][debug][gc,phases      ] GC(25)   JNI Weak                       Min:  0.0, Avg:  0.0, Max:  0.0, Diff:  0.0, Sum:  0.0, Workers: 4
[731.317s][debug][gc,phases      ] GC(25)     Dead                           Min: 0, Avg:  0.0, Max: 0, Diff: 0, Sum: 0, Workers: 4
[731.317s][debug][gc,phases      ] GC(25)     Total                          Min: 0, Avg: 13.0, Max: 52, Diff: 52, Sum: 52, Workers: 4
[731.317s][debug][gc,phases      ] GC(25)   StringDedup Table Weak         Min:  0.0, Avg:  0.0, Max:  0.0, Diff:  0.0, Sum:  0.0, Workers: 4
[731.317s][debug][gc,phases      ] GC(25)     Dead                           Min: 0, Avg:  0.0, Max: 0, Diff: 0, Sum: 0, Workers: 4
[731.317s][debug][gc,phases      ] GC(25)     Total                          Min: 0, Avg:  0.0, Max: 0, Diff: 0, Sum: 0, Workers: 4
[731.317s][debug][gc,phases      ] GC(25)   StringDedup Requests0 Weak     Min:  0.0, Avg:  0.0, Max:  0.0, Diff:  0.0, Sum:  0.0, Workers: 4
[731.317s][debug][gc,phases      ] GC(25)     Dead                           Min: 0, Avg:  0.0, Max: 0, Diff: 0, Sum: 0, Workers: 4
[731.317s][debug][gc,phases      ] GC(25)     Total                          Min: 0, Avg:  0.0, Max: 0, Diff: 0, Sum: 0, Workers: 4
[731.317s][debug][gc,phases      ] GC(25)   StringDedup Requests1 Weak     Min:  0.0, Avg:  0.0, Max:  0.0, Diff:  0.0, Sum:  0.0, Workers: 4
[731.317s][debug][gc,phases      ] GC(25)     Dead                           Min: 0, Avg:  0.0, Max: 0, Diff: 0, Sum: 0, Workers: 4
[731.317s][debug][gc,phases      ] GC(25)     Total                          Min: 0, Avg:  0.0, Max: 0, Diff: 0, Sum: 0, Workers: 4
[731.317s][debug][gc,phases      ] GC(25)   Weak JFR Old Object Samples    Min:  0.0, Avg:  0.0, Max:  0.0, Diff:  0.0, Sum:  0.0, Workers: 4
[731.317s][debug][gc,phases      ] GC(25)     Dead                           Min: 0, Avg:  0.0, Max: 0, Diff: 0, Sum: 0, Workers: 4
[731.317s][debug][gc,phases      ] GC(25)     Total                          Min: 0, Avg:  0.0, Max: 0, Diff: 0, Sum: 0, Workers: 4
[731.317s][debug][gc,phases      ] GC(25) Weak Processing 0.327ms
[731.317s][debug][gc,age         ] GC(25) Desired survivor size 176160768 bytes, new threshold 1 (max threshold 15)
[731.317s][info ][gc,heap        ] GC(25) PSYoungGen: 1728986K(1897472K)->11577K(1925120K) Eden: 1707520K(1707520K)->0K(1745408K) From: 21466K(189952K)->11577K(179712K)
[731.317s][info ][gc,heap        ] GC(25) ParOldGen: 388005K(388096K)->407054K(407552K)
[731.317s][info ][gc,metaspace   ] GC(25) Metaspace: 110252K(111552K)->110252K(111552K) NonClass: 93618K(94336K)->93618K(94336K) Class: 16634K(17216K)->16634K(17216K)
[731.317s][info ][gc             ] GC(25) Pause Young (Allocation Failure) 2067M->408M(2278M) 19.902ms
[731.317s][info ][gc,cpu         ] GC(25) User=0.06s Sys=0.01s Real=0.02s
[731.317s][info ][safepoint      ] Safepoint "ParallelGCFailedAllocation", Time since last: 2874934419 ns, Reaching safepoint: 92602 ns, Cleanup: 15200 ns, At safepoint: 20052468 ns, Total: 20160270 ns
[732.318s][info ][safepoint      ] Safepoint "Cleanup", Time since last: 1000106734 ns, Reaching safepoint: 14800 ns, Cleanup: 28300 ns, At safepoint: 4101 ns, Total: 47201 ns
[737.318s][info ][safepoint      ] Safepoint "Cleanup", Time since last: 5000632677 ns, Reaching safepoint: 15000 ns, Cleanup: 17501 ns, At safepoint: 3400 ns, Total: 35901 ns
[738.319s][info ][safepoint      ] Safepoint "Cleanup", Time since last: 1000207457 ns, Reaching safepoint: 16300 ns, Cleanup: 18500 ns, At safepoint: 4901 ns, Total: 39701 ns
[739.319s][info ][safepoint      ] Safepoint "Cleanup", Time since last: 1000189656 ns, Reaching safepoint: 15200 ns, Cleanup: 22201 ns, At safepoint: 3700 ns, Total: 41101 ns
[740.319s][info ][safepoint      ] Safepoint "Cleanup", Time since last: 1000188469 ns, Reaching safepoint: 15601 ns, Cleanup: 19100 ns, At safepoint: 4100 ns, Total: 38801 ns
[741.319s][info ][safepoint      ] Safepoint "Cleanup", Time since last: 1000195769 ns, Reaching safepoint: 14200 ns, Cleanup: 32700 ns, At safepoint: 3400 ns, Total: 50300 ns
[742.320s][info ][safepoint      ] Safepoint "Cleanup", Time since last: 1000248270 ns, Reaching safepoint: 14200 ns, Cleanup: 77501 ns, At safepoint: 4201 ns, Total: 95902 ns
[743.320s][info ][safepoint      ] Safepoint "Cleanup", Time since last: 1000118567 ns, Reaching safepoint: 14200 ns, Cleanup: 17000 ns, At safepoint: 3900 ns, Total: 35100 ns
[744.320s][info ][safepoint      ] Safepoint "Cleanup", Time since last: 1000188868 ns, Reaching safepoint: 15701 ns, Cleanup: 18300 ns, At safepoint: 3700 ns, Total: 37701 ns
[745.320s][info ][safepoint      ] Safepoint "Cleanup", Time since last: 1000218469 ns, Reaching safepoint: 14400 ns, Cleanup: 17800 ns, At safepoint: 4101 ns, Total: 36301 ns
[746.320s][info ][safepoint      ] Safepoint "Cleanup", Time since last: 1000148367 ns, Reaching safepoint: 13700 ns, Cleanup: 19001 ns, At safepoint: 4000 ns, Total: 36701 ns
[749.321s][info ][safepoint      ] Safepoint "Cleanup", Time since last: 3000435711 ns, Reaching safepoint: 16100 ns, Cleanup: 15400 ns, At safepoint: 3800 ns, Total: 35300 ns
[750.533s][info ][safepoint      ] Safepoint "Cleanup", Time since last: 1212347673 ns, Reaching safepoint: 4900 ns, Cleanup: 8900 ns, At safepoint: 3700 ns, Total: 17500 ns
[751.534s][info ][safepoint      ] Safepoint "Cleanup", Time since last: 1000121174 ns, Reaching safepoint: 86201 ns, Cleanup: 28001 ns, At safepoint: 8200 ns, Total: 122402 ns
[753.534s][info ][safepoint      ] Safepoint "Cleanup", Time since last: 2000204746 ns, Reaching safepoint: 85502 ns, Cleanup: 16300 ns, At safepoint: 7500 ns, Total: 109302 ns
[754.534s][info ][safepoint      ] Safepoint "Cleanup", Time since last: 1000120674 ns, Reaching safepoint: 12900 ns, Cleanup: 13000 ns, At safepoint: 2800 ns, Total: 28700 ns
[760.535s][info ][safepoint      ] Safepoint "Cleanup", Time since last: 6000558885 ns, Reaching safepoint: 11100 ns, Cleanup: 13600 ns, At safepoint: 3500 ns, Total: 28200 ns
[762.535s][info ][safepoint      ] Safepoint "Cleanup", Time since last: 2000203467 ns, Reaching safepoint: 12900 ns, Cleanup: 12800 ns, At safepoint: 3500 ns, Total: 29200 ns
[764.535s][info ][safepoint      ] Safepoint "Cleanup", Time since last: 2000309284 ns, Reaching safepoint: 12700 ns, Cleanup: 13500 ns, At safepoint: 3000 ns, Total: 29200 ns
[766.535s][info ][safepoint      ] Safepoint "Cleanup", Time since last: 2000191620 ns, Reaching safepoint: 15900 ns, Cleanup: 9901 ns, At safepoint: 2700 ns, Total: 28501 ns
[767.536s][info ][safepoint      ] Safepoint "Cleanup", Time since last: 1000112710 ns, Reaching safepoint: 32401 ns, Cleanup: 13700 ns, At safepoint: 3100 ns, Total: 49201 ns
[768.536s][info ][safepoint      ] Safepoint "Cleanup", Time since last: 1000212812 ns, Reaching safepoint: 12700 ns, Cleanup: 19701 ns, At safepoint: 4000 ns, Total: 36401 ns
[770.925s][info ][gc,start       ] GC(26) Pause Young (Allocation Failure)
[770.940s][debug][gc,phases      ] GC(26) Scavenge 14.819ms
[770.940s][debug][gc,ref         ] GC(26) ReferenceProcessor::execute queues: 1, RefProcThreadModel::Single, marks_oops_alive: false
[770.940s][debug][gc,ref         ] GC(26) Skipped KeepAliveFinalRefsPhase of Reference Processing: no references
[770.940s][debug][gc,ref         ] GC(26) ReferenceProcessor::execute queues: 1, RefProcThreadModel::Single, marks_oops_alive: false
[770.940s][debug][gc,phases      ] GC(26) Reference Processing 0.103ms
[770.940s][debug][gc,phases      ] GC(26)   VM Weak                        Min:  0.0, Avg:  0.0, Max:  0.0, Diff:  0.0, Sum:  0.0, Workers: 4
[770.940s][debug][gc,phases      ] GC(26)     Dead                           Min: 0, Avg:  0.0, Max: 0, Diff: 0, Sum: 0, Workers: 4
[770.940s][debug][gc,phases      ] GC(26)     Total                          Min: 0, Avg: 235.5, Max: 512, Diff: 512, Sum: 942, Workers: 4
[770.940s][debug][gc,phases      ] GC(26)   ObjectSynchronizer Weak        Min:  0.0, Avg:  0.0, Max:  0.0, Diff:  0.0, Sum:  0.0, Workers: 4
[770.940s][debug][gc,phases      ] GC(26)     Dead                           Min: 0, Avg:  0.0, Max: 0, Diff: 0, Sum: 0, Workers: 4
[770.940s][debug][gc,phases      ] GC(26)     Total                          Min: 0, Avg:  1.5, Max: 6, Diff: 6, Sum: 6, Workers: 4
[770.940s][debug][gc,phases      ] GC(26)   JVMTI Tag Weak OopStorage      Min:  0.0, Avg:  0.0, Max:  0.0, Diff:  0.0, Sum:  0.0, Workers: 4
[770.940s][debug][gc,phases      ] GC(26)     Dead                           Min: 0, Avg:  0.0, Max: 0, Diff: 0, Sum: 0, Workers: 4
[770.940s][debug][gc,phases      ] GC(26)     Total                          Min: 0, Avg:  0.0, Max: 0, Diff: 0, Sum: 0, Workers: 4
[770.940s][debug][gc,phases      ] GC(26)   StringTable Weak               Min:  0.1, Avg:  0.1, Max:  0.1, Diff:  0.0, Sum:  0.4, Workers: 4
[770.940s][debug][gc,phases      ] GC(26)     Dead                           Min: 0, Avg:  0.5, Max: 1, Diff: 1, Sum: 2, Workers: 4
[770.940s][debug][gc,phases      ] GC(26)     Total                          Min: 11008, Avg: 12220.0, Max: 13631, Diff: 2623, Sum: 48880, Workers: 4
[770.940s][debug][gc,phases      ] GC(26)   ResolvedMethodTable Weak       Min:  0.0, Avg:  0.0, Max:  0.0, Diff:  0.0, Sum:  0.2, Workers: 4
[770.940s][debug][gc,phases      ] GC(26)     Dead                           Min: 0, Avg:  5.0, Max: 17, Diff: 17, Sum: 20, Workers: 4
[770.940s][debug][gc,phases      ] GC(26)     Total                          Min: 3496, Avg: 3829.0, Max: 4233, Diff: 737, Sum: 15316, Workers: 4
[770.940s][debug][gc,phases      ] GC(26)   JNI Weak                       Min:  0.0, Avg:  0.0, Max:  0.0, Diff:  0.0, Sum:  0.0, Workers: 4
[770.940s][debug][gc,phases      ] GC(26)     Dead                           Min: 0, Avg:  0.0, Max: 0, Diff: 0, Sum: 0, Workers: 4
[770.940s][debug][gc,phases      ] GC(26)     Total                          Min: 0, Avg: 13.0, Max: 52, Diff: 52, Sum: 52, Workers: 4
[770.940s][debug][gc,phases      ] GC(26)   StringDedup Table Weak         Min:  0.0, Avg:  0.0, Max:  0.0, Diff:  0.0, Sum:  0.0, Workers: 4
[770.940s][debug][gc,phases      ] GC(26)     Dead                           Min: 0, Avg:  0.0, Max: 0, Diff: 0, Sum: 0, Workers: 4
[770.940s][debug][gc,phases      ] GC(26)     Total                          Min: 0, Avg:  0.0, Max: 0, Diff: 0, Sum: 0, Workers: 4
[770.940s][debug][gc,phases      ] GC(26)   StringDedup Requests0 Weak     Min:  0.0, Avg:  0.0, Max:  0.0, Diff:  0.0, Sum:  0.0, Workers: 4
[770.940s][debug][gc,phases      ] GC(26)     Dead                           Min: 0, Avg:  0.0, Max: 0, Diff: 0, Sum: 0, Workers: 4
[770.940s][debug][gc,phases      ] GC(26)     Total                          Min: 0, Avg:  0.0, Max: 0, Diff: 0, Sum: 0, Workers: 4
[770.940s][debug][gc,phases      ] GC(26)   StringDedup Requests1 Weak     Min:  0.0, Avg:  0.0, Max:  0.0, Diff:  0.0, Sum:  0.0, Workers: 4
[770.940s][debug][gc,phases      ] GC(26)     Dead                           Min: 0, Avg:  0.0, Max: 0, Diff: 0, Sum: 0, Workers: 4
[770.940s][debug][gc,phases      ] GC(26)     Total                          Min: 0, Avg:  0.0, Max: 0, Diff: 0, Sum: 0, Workers: 4
[770.940s][debug][gc,phases      ] GC(26)   Weak JFR Old Object Samples    Min:  0.0, Avg:  0.0, Max:  0.0, Diff:  0.0, Sum:  0.0, Workers: 4
[770.940s][debug][gc,phases      ] GC(26)     Dead                           Min: 0, Avg:  0.0, Max: 0, Diff: 0, Sum: 0, Workers: 4
[770.940s][debug][gc,phases      ] GC(26)     Total                          Min: 0, Avg:  0.0, Max: 0, Diff: 0, Sum: 0, Workers: 4
[770.940s][debug][gc,phases      ] GC(26) Weak Processing 0.350ms
[770.940s][debug][gc,age         ] GC(26) Desired survivor size 167772160 bytes, new threshold 1 (max threshold 15)
[770.940s][info ][gc,heap        ] GC(26) PSYoungGen: 1756985K(1925120K)->10480K(1917440K) Eden: 1745408K(1745408K)->0K(1745408K) From: 11577K(179712K)->10480K(172032K)
[770.940s][info ][gc,heap        ] GC(26) ParOldGen: 407054K(407552K)->414524K(414720K)
[770.940s][info ][gc,metaspace   ] GC(26) Metaspace: 110399K(111680K)->110399K(111680K) NonClass: 93751K(94464K)->93751K(94464K) Class: 16647K(17216K)->16647K(17216K)
[770.940s][info ][gc             ] GC(26) Pause Young (Allocation Failure) 2113M->415M(2277M) 15.405ms
[770.940s][info ][gc,cpu         ] GC(26) User=0.06s Sys=0.01s Real=0.02s
[770.940s][info ][safepoint      ] Safepoint "ParallelGCFailedAllocation", Time since last: 2389024378 ns, Reaching safepoint: 15900 ns, Cleanup: 5600 ns, At safepoint: 15498885 ns, Total: 15520385 ns
[772.941s][info ][safepoint      ] Safepoint "Cleanup", Time since last: 2000277231 ns, Reaching safepoint: 12200 ns, Cleanup: 12500 ns, At safepoint: 3000 ns, Total: 27700 ns
[775.941s][info ][safepoint      ] Safepoint "Cleanup", Time since last: 3000400542 ns, Reaching safepoint: 12200 ns, Cleanup: 11901 ns, At safepoint: 3500 ns, Total: 27601 ns
[778.942s][info ][safepoint      ] Safepoint "Cleanup", Time since last: 3000488843 ns, Reaching safepoint: 14100 ns, Cleanup: 16201 ns, At safepoint: 3800 ns, Total: 34101 ns
[781.452s][info ][safepoint      ] Safepoint "Cleanup", Time since last: 2509951423 ns, Reaching safepoint: 13800 ns, Cleanup: 16000 ns, At safepoint: 3200 ns, Total: 33000 ns
[782.452s][info ][safepoint      ] Safepoint "Cleanup", Time since last: 1000228059 ns, Reaching safepoint: 15600 ns, Cleanup: 19100 ns, At safepoint: 4401 ns, Total: 39101 ns
[783.452s][info ][safepoint      ] Safepoint "Cleanup", Time since last: 1000259059 ns, Reaching safepoint: 15000 ns, Cleanup: 24200 ns, At safepoint: 4201 ns, Total: 43401 ns
[785.453s][info ][safepoint      ] Safepoint "Cleanup", Time since last: 2000362115 ns, Reaching safepoint: 32501 ns, Cleanup: 80301 ns, At safepoint: 4300 ns, Total: 117102 ns
[786.453s][info ][safepoint      ] Safepoint "Cleanup", Time since last: 1000196258 ns, Reaching safepoint: 13401 ns, Cleanup: 42700 ns, At safepoint: 4600 ns, Total: 60701 ns
[787.453s][info ][safepoint      ] Safepoint "Cleanup", Time since last: 1000201459 ns, Reaching safepoint: 15200 ns, Cleanup: 45101 ns, At safepoint: 4400 ns, Total: 64701 ns
[789.453s][info ][safepoint      ] Safepoint "Cleanup", Time since last: 2000263573 ns, Reaching safepoint: 12600 ns, Cleanup: 13800 ns, At safepoint: 3400 ns, Total: 29800 ns
[791.454s][info ][safepoint      ] Safepoint "Cleanup", Time since last: 2000303797 ns, Reaching safepoint: 11700 ns, Cleanup: 15001 ns, At safepoint: 3200 ns, Total: 29901 ns
[792.454s][info ][safepoint      ] Safepoint "Cleanup", Time since last: 1000145498 ns, Reaching safepoint: 14401 ns, Cleanup: 18200 ns, At safepoint: 3600 ns, Total: 36201 ns
[793.454s][info ][safepoint      ] Safepoint "Cleanup", Time since last: 1000138098 ns, Reaching safepoint: 14301 ns, Cleanup: 23500 ns, At safepoint: 3000 ns, Total: 40801 ns
[795.454s][info ][safepoint      ] Safepoint "Cleanup", Time since last: 2000314697 ns, Reaching safepoint: 13401 ns, Cleanup: 14400 ns, At safepoint: 3600 ns, Total: 31401 ns
[798.455s][info ][safepoint      ] Safepoint "Cleanup", Time since last: 3000289435 ns, Reaching safepoint: 12801 ns, Cleanup: 13500 ns, At safepoint: 2900 ns, Total: 29201 ns
[799.455s][info ][safepoint      ] Safepoint "Cleanup", Time since last: 1000129175 ns, Reaching safepoint: 15600 ns, Cleanup: 16100 ns, At safepoint: 4300 ns, Total: 36000 ns
[802.455s][info ][safepoint      ] Safepoint "Cleanup", Time since last: 3000464825 ns, Reaching safepoint: 14600 ns, Cleanup: 16001 ns, At safepoint: 4100 ns, Total: 34701 ns
[803.456s][info ][safepoint      ] Safepoint "Cleanup", Time since last: 1000224376 ns, Reaching safepoint: 15600 ns, Cleanup: 23401 ns, At safepoint: 3900 ns, Total: 42901 ns
[805.456s][info ][safepoint      ] Safepoint "Cleanup", Time since last: 2000364692 ns, Reaching safepoint: 15600 ns, Cleanup: 19901 ns, At safepoint: 4100 ns, Total: 39601 ns
[809.457s][info ][safepoint      ] Safepoint "Cleanup", Time since last: 4000597015 ns, Reaching safepoint: 16101 ns, Cleanup: 20800 ns, At safepoint: 3900 ns, Total: 40801 ns
[811.457s][info ][safepoint      ] Safepoint "Cleanup", Time since last: 2000344609 ns, Reaching safepoint: 13500 ns, Cleanup: 19300 ns, At safepoint: 3700 ns, Total: 36500 ns
[812.457s][info ][safepoint      ] Safepoint "Cleanup", Time since last: 1000152652 ns, Reaching safepoint: 14701 ns, Cleanup: 15200 ns, At safepoint: 3600 ns, Total: 33501 ns
[813.458s][info ][safepoint      ] Safepoint "Cleanup", Time since last: 1000135774 ns, Reaching safepoint: 14000 ns, Cleanup: 16501 ns, At safepoint: 18400 ns, Total: 48901 ns
[814.458s][info ][safepoint      ] Safepoint "Cleanup", Time since last: 1000128274 ns, Reaching safepoint: 14300 ns, Cleanup: 15700 ns, At safepoint: 3400 ns, Total: 33400 ns
[815.458s][info ][safepoint      ] Safepoint "Cleanup", Time since last: 1000131874 ns, Reaching safepoint: 14201 ns, Cleanup: 16700 ns, At safepoint: 3800 ns, Total: 34701 ns
[816.458s][info ][safepoint      ] Safepoint "Cleanup", Time since last: 1000138074 ns, Reaching safepoint: 13600 ns, Cleanup: 19401 ns, At safepoint: 3500 ns, Total: 36501 ns
[817.458s][info ][safepoint      ] Safepoint "Cleanup", Time since last: 1000141874 ns, Reaching safepoint: 15000 ns, Cleanup: 16200 ns, At safepoint: 3601 ns, Total: 34801 ns
[819.458s][info ][safepoint      ] Safepoint "Cleanup", Time since last: 2000220047 ns, Reaching safepoint: 14200 ns, Cleanup: 15800 ns, At safepoint: 3300 ns, Total: 33300 ns
[820.459s][info ][safepoint      ] Safepoint "Cleanup", Time since last: 1000200082 ns, Reaching safepoint: 13600 ns, Cleanup: 16401 ns, At safepoint: 5000 ns, Total: 35001 ns
[822.459s][info ][safepoint      ] Safepoint "Cleanup", Time since last: 2000290182 ns, Reaching safepoint: 14200 ns, Cleanup: 15201 ns, At safepoint: 2800 ns, Total: 32201 ns
[823.459s][info ][safepoint      ] Safepoint "Cleanup", Time since last: 1000134091 ns, Reaching safepoint: 15500 ns, Cleanup: 22200 ns, At safepoint: 3100 ns, Total: 40800 ns
[824.459s][info ][safepoint      ] Safepoint "Cleanup", Time since last: 1000150992 ns, Reaching safepoint: 16000 ns, Cleanup: 25501 ns, At safepoint: 3800 ns, Total: 45301 ns
[825.460s][info ][safepoint      ] Safepoint "Cleanup", Time since last: 1000186092 ns, Reaching safepoint: 12200 ns, Cleanup: 19500 ns, At safepoint: 3900 ns, Total: 35600 ns
[826.079s][info ][gc,start       ] GC(27) Pause Young (Allocation Failure)
[826.089s][debug][gc,phases      ] GC(27) Scavenge 10.304ms
[826.089s][debug][gc,ref         ] GC(27) ReferenceProcessor::execute queues: 1, RefProcThreadModel::Single, marks_oops_alive: false
[826.089s][debug][gc,ref         ] GC(27) Skipped KeepAliveFinalRefsPhase of Reference Processing: no references
[826.089s][debug][gc,ref         ] GC(27) ReferenceProcessor::execute queues: 1, RefProcThreadModel::Single, marks_oops_alive: false
[826.089s][debug][gc,phases      ] GC(27) Reference Processing 0.108ms
[826.089s][debug][gc,phases      ] GC(27)   VM Weak                        Min:  0.0, Avg:  0.0, Max:  0.0, Diff:  0.0, Sum:  0.0, Workers: 4
[826.089s][debug][gc,phases      ] GC(27)     Dead                           Min: 0, Avg:  0.0, Max: 0, Diff: 0, Sum: 0, Workers: 4
[826.089s][debug][gc,phases      ] GC(27)     Total                          Min: 64, Avg: 236.0, Max: 368, Diff: 304, Sum: 944, Workers: 4
[826.089s][debug][gc,phases      ] GC(27)   ObjectSynchronizer Weak        Min:  0.0, Avg:  0.0, Max:  0.0, Diff:  0.0, Sum:  0.0, Workers: 4
[826.089s][debug][gc,phases      ] GC(27)     Dead                           Min: 0, Avg:  0.0, Max: 0, Diff: 0, Sum: 0, Workers: 4
[826.089s][debug][gc,phases      ] GC(27)     Total                          Min: 0, Avg:  1.0, Max: 4, Diff: 4, Sum: 4, Workers: 4
[826.089s][debug][gc,phases      ] GC(27)   JVMTI Tag Weak OopStorage      Min:  0.0, Avg:  0.0, Max:  0.0, Diff:  0.0, Sum:  0.0, Workers: 4
[826.089s][debug][gc,phases      ] GC(27)     Dead                           Min: 0, Avg:  0.0, Max: 0, Diff: 0, Sum: 0, Workers: 4
[826.089s][debug][gc,phases      ] GC(27)     Total                          Min: 0, Avg:  0.0, Max: 0, Diff: 0, Sum: 0, Workers: 4
[826.089s][debug][gc,phases      ] GC(27)   StringTable Weak               Min:  0.1, Avg:  0.1, Max:  0.1, Diff:  0.0, Sum:  0.5, Workers: 4
[826.089s][debug][gc,phases      ] GC(27)     Dead                           Min: 0, Avg:  0.5, Max: 2, Diff: 2, Sum: 2, Workers: 4
[826.089s][debug][gc,phases      ] GC(27)     Total                          Min: 11008, Avg: 12225.8, Max: 14208, Diff: 3200, Sum: 48903, Workers: 4
[826.089s][debug][gc,phases      ] GC(27)   ResolvedMethodTable Weak       Min:  0.0, Avg:  0.0, Max:  0.0, Diff:  0.0, Sum:  0.2, Workers: 4
[826.089s][debug][gc,phases      ] GC(27)     Dead                           Min: 5, Avg:  7.5, Max: 11, Diff: 6, Sum: 30, Workers: 4
[826.089s][debug][gc,phases      ] GC(27)     Total                          Min: 3538, Avg: 3835.8, Max: 4151, Diff: 613, Sum: 15343, Workers: 4
[826.089s][debug][gc,phases      ] GC(27)   JNI Weak                       Min:  0.0, Avg:  0.0, Max:  0.0, Diff:  0.0, Sum:  0.0, Workers: 4
[826.089s][debug][gc,phases      ] GC(27)     Dead                           Min: 0, Avg:  0.0, Max: 0, Diff: 0, Sum: 0, Workers: 4
[826.090s][debug][gc,phases      ] GC(27)     Total                          Min: 0, Avg: 13.0, Max: 52, Diff: 52, Sum: 52, Workers: 4
[826.090s][debug][gc,phases      ] GC(27)   StringDedup Table Weak         Min:  0.0, Avg:  0.0, Max:  0.0, Diff:  0.0, Sum:  0.0, Workers: 4
[826.090s][debug][gc,phases      ] GC(27)     Dead                           Min: 0, Avg:  0.0, Max: 0, Diff: 0, Sum: 0, Workers: 4
[826.090s][debug][gc,phases      ] GC(27)     Total                          Min: 0, Avg:  0.0, Max: 0, Diff: 0, Sum: 0, Workers: 4
[826.090s][debug][gc,phases      ] GC(27)   StringDedup Requests0 Weak     Min:  0.0, Avg:  0.0, Max:  0.0, Diff:  0.0, Sum:  0.0, Workers: 4
[826.090s][debug][gc,phases      ] GC(27)     Dead                           Min: 0, Avg:  0.0, Max: 0, Diff: 0, Sum: 0, Workers: 4
[826.090s][debug][gc,phases      ] GC(27)     Total                          Min: 0, Avg:  0.0, Max: 0, Diff: 0, Sum: 0, Workers: 4
[826.090s][debug][gc,phases      ] GC(27)   StringDedup Requests1 Weak     Min:  0.0, Avg:  0.0, Max:  0.0, Diff:  0.0, Sum:  0.0, Workers: 4
[826.090s][debug][gc,phases      ] GC(27)     Dead                           Min: 0, Avg:  0.0, Max: 0, Diff: 0, Sum: 0, Workers: 4
[826.090s][debug][gc,phases      ] GC(27)     Total                          Min: 0, Avg:  0.0, Max: 0, Diff: 0, Sum: 0, Workers: 4
[826.090s][debug][gc,phases      ] GC(27)   Weak JFR Old Object Samples    Min:  0.0, Avg:  0.0, Max:  0.0, Diff:  0.0, Sum:  0.0, Workers: 4
[826.090s][debug][gc,phases      ] GC(27)     Dead                           Min: 0, Avg:  0.0, Max: 0, Diff: 0, Sum: 0, Workers: 4
[826.090s][debug][gc,phases      ] GC(27)     Total                          Min: 0, Avg:  0.0, Max: 0, Diff: 0, Sum: 0, Workers: 4
[826.090s][debug][gc,phases      ] GC(27) Weak Processing 0.355ms
[826.090s][debug][gc,age         ] GC(27) Desired survivor size 160956416 bytes, new threshold 1 (max threshold 15)
[826.090s][info ][gc,heap        ] GC(27) PSYoungGen: 1755888K(1917440K)->3328K(1939968K) Eden: 1745408K(1745408K)->0K(1776128K) From: 10480K(172032K)->3328K(163840K)
[826.090s][info ][gc,heap        ] GC(27) ParOldGen: 414524K(414720K)->424065K(424448K)
[826.090s][info ][gc,metaspace   ] GC(27) Metaspace: 110506K(111744K)->110506K(111744K) NonClass: 93846K(94528K)->93846K(94528K) Class: 16660K(17216K)->16660K(17216K)
[826.090s][info ][gc             ] GC(27) Pause Young (Allocation Failure) 2119M->417M(2309M) 10.929ms
[826.090s][info ][gc,cpu         ] GC(27) User=0.04s Sys=0.00s Real=0.01s
[826.090s][info ][safepoint      ] Safepoint "ParallelGCFailedAllocation", Time since last: 618960920 ns, Reaching safepoint: 83202 ns, Cleanup: 6300 ns, At safepoint: 11020501 ns, Total: 11110003 ns
[827.090s][info ][safepoint      ] Safepoint "Cleanup", Time since last: 1000097991 ns, Reaching safepoint: 12500 ns, Cleanup: 31800 ns, At safepoint: 3701 ns, Total: 48001 ns
[828.090s][info ][safepoint      ] Safepoint "Cleanup", Time since last: 1000232694 ns, Reaching safepoint: 13900 ns, Cleanup: 17200 ns, At safepoint: 3900 ns, Total: 35000 ns
[829.090s][info ][safepoint      ] Safepoint "Cleanup", Time since last: 1000138902 ns, Reaching safepoint: 12100 ns, Cleanup: 13400 ns, At safepoint: 2900 ns, Total: 28400 ns
[830.091s][info ][safepoint      ] Safepoint "Cleanup", Time since last: 1000223503 ns, Reaching safepoint: 12201 ns, Cleanup: 34900 ns, At safepoint: 4200 ns, Total: 51301 ns
[831.091s][info ][safepoint      ] Safepoint "Cleanup", Time since last: 1000251004 ns, Reaching safepoint: 13800 ns, Cleanup: 15500 ns, At safepoint: 3700 ns, Total: 33000 ns
[833.091s][info ][safepoint      ] Safepoint "Cleanup", Time since last: 2000306204 ns, Reaching safepoint: 83401 ns, Cleanup: 14401 ns, At safepoint: 8300 ns, Total: 106102 ns
[834.091s][info ][safepoint      ] Safepoint "Cleanup", Time since last: 1000139101 ns, Reaching safepoint: 11600 ns, Cleanup: 12001 ns, At safepoint: 4200 ns, Total: 27801 ns
[835.092s][info ][safepoint      ] Safepoint "Cleanup", Time since last: 1000202902 ns, Reaching safepoint: 11401 ns, Cleanup: 16300 ns, At safepoint: 3700 ns, Total: 31401 ns
[836.092s][info ][safepoint      ] Safepoint "Cleanup", Time since last: 1000208303 ns, Reaching safepoint: 13500 ns, Cleanup: 14400 ns, At safepoint: 7000 ns, Total: 34900 ns
[838.092s][info ][safepoint      ] Safepoint "Cleanup", Time since last: 2000356559 ns, Reaching safepoint: 12600 ns, Cleanup: 21600 ns, At safepoint: 3500 ns, Total: 37700 ns
[839.093s][info ][safepoint      ] Safepoint "Cleanup", Time since last: 1000282731 ns, Reaching safepoint: 16301 ns, Cleanup: 15500 ns, At safepoint: 3800 ns, Total: 35601 ns
[840.093s][info ][safepoint      ] Safepoint "Cleanup", Time since last: 1000189929 ns, Reaching safepoint: 12801 ns, Cleanup: 15400 ns, At safepoint: 3400 ns, Total: 31601 ns
[841.479s][info ][safepoint      ] Safepoint "Cleanup", Time since last: 1386570449 ns, Reaching safepoint: 96601 ns, Cleanup: 14901 ns, At safepoint: 9500 ns, Total: 121002 ns
[843.480s][info ][safepoint      ] Safepoint "Cleanup", Time since last: 2000240956 ns, Reaching safepoint: 87301 ns, Cleanup: 31701 ns, At safepoint: 9400 ns, Total: 128402 ns
[844.480s][info ][safepoint      ] Safepoint "Cleanup", Time since last: 1000144519 ns, Reaching safepoint: 94602 ns, Cleanup: 25301 ns, At safepoint: 8600 ns, Total: 128503 ns
[845.480s][info ][safepoint      ] Safepoint "Cleanup", Time since last: 1000175604 ns, Reaching safepoint: 89202 ns, Cleanup: 18700 ns, At safepoint: 8200 ns, Total: 116102 ns
[846.481s][info ][safepoint      ] Safepoint "Cleanup", Time since last: 1000137104 ns, Reaching safepoint: 88802 ns, Cleanup: 20600 ns, At safepoint: 10500 ns, Total: 119902 ns
[847.481s][info ][safepoint      ] Safepoint "Cleanup", Time since last: 1000138604 ns, Reaching safepoint: 91602 ns, Cleanup: 17800 ns, At safepoint: 11300 ns, Total: 120702 ns
[848.481s][info ][safepoint      ] Safepoint "Cleanup", Time since last: 1000130904 ns, Reaching safepoint: 84601 ns, Cleanup: 13800 ns, At safepoint: 7001 ns, Total: 105402 ns
[849.481s][info ][safepoint      ] Safepoint "Cleanup", Time since last: 1000115303 ns, Reaching safepoint: 83101 ns, Cleanup: 11301 ns, At safepoint: 7100 ns, Total: 101502 ns
[851.482s][info ][safepoint      ] Safepoint "Cleanup", Time since last: 2000224406 ns, Reaching safepoint: 90802 ns, Cleanup: 16500 ns, At safepoint: 10800 ns, Total: 118102 ns
[852.482s][info ][safepoint      ] Safepoint "Cleanup", Time since last: 1000188206 ns, Reaching safepoint: 84501 ns, Cleanup: 13601 ns, At safepoint: 31300 ns, Total: 129402 ns
[853.482s][info ][safepoint      ] Safepoint "Cleanup", Time since last: 1000128506 ns, Reaching safepoint: 91201 ns, Cleanup: 15901 ns, At safepoint: 10800 ns, Total: 117902 ns
[856.483s][info ][safepoint      ] Safepoint "Cleanup", Time since last: 3000268215 ns, Reaching safepoint: 85501 ns, Cleanup: 17401 ns, At safepoint: 9300 ns, Total: 112202 ns
[857.483s][info ][safepoint      ] Safepoint "Cleanup", Time since last: 1000132205 ns, Reaching safepoint: 84302 ns, Cleanup: 14300 ns, At safepoint: 6600 ns, Total: 105202 ns
[858.483s][info ][safepoint      ] Safepoint "Cleanup", Time since last: 1000191907 ns, Reaching safepoint: 88702 ns, Cleanup: 19600 ns, At safepoint: 9800 ns, Total: 118102 ns
[859.484s][info ][safepoint      ] Safepoint "Cleanup", Time since last: 1000206907 ns, Reaching safepoint: 92702 ns, Cleanup: 29401 ns, At safepoint: 11100 ns, Total: 133203 ns
[862.484s][info ][safepoint      ] Safepoint "Cleanup", Time since last: 3000335795 ns, Reaching safepoint: 83702 ns, Cleanup: 28900 ns, At safepoint: 7101 ns, Total: 119703 ns
[864.484s][info ][safepoint      ] Safepoint "Cleanup", Time since last: 2000197123 ns, Reaching safepoint: 82401 ns, Cleanup: 18601 ns, At safepoint: 8900 ns, Total: 109902 ns
[865.216s][info ][gc,start       ] GC(28) Pause Young (Allocation Failure)
[865.232s][debug][gc,phases      ] GC(28) Scavenge 16.151ms
[865.232s][debug][gc,ref         ] GC(28) ReferenceProcessor::execute queues: 1, RefProcThreadModel::Single, marks_oops_alive: false
[865.232s][debug][gc,ref         ] GC(28) Skipped KeepAliveFinalRefsPhase of Reference Processing: no references
[865.232s][debug][gc,ref         ] GC(28) ReferenceProcessor::execute queues: 1, RefProcThreadModel::Single, marks_oops_alive: false
[865.232s][debug][gc,phases      ] GC(28) Reference Processing 0.124ms
[865.233s][debug][gc,phases      ] GC(28)   VM Weak                        Min:  0.0, Avg:  0.0, Max:  0.0, Diff:  0.0, Sum:  0.0, Workers: 4
[865.233s][debug][gc,phases      ] GC(28)     Dead                           Min: 0, Avg:  0.0, Max: 0, Diff: 0, Sum: 0, Workers: 4
[865.233s][debug][gc,phases      ] GC(28)     Total                          Min: 0, Avg: 236.0, Max: 896, Diff: 896, Sum: 944, Workers: 4
[865.233s][debug][gc,phases      ] GC(28)   ObjectSynchronizer Weak        Min:  0.0, Avg:  0.0, Max:  0.0, Diff:  0.0, Sum:  0.0, Workers: 4
[865.233s][debug][gc,phases      ] GC(28)     Dead                           Min: 0, Avg:  0.0, Max: 0, Diff: 0, Sum: 0, Workers: 4
[865.233s][debug][gc,phases      ] GC(28)     Total                          Min: 0, Avg:  1.0, Max: 4, Diff: 4, Sum: 4, Workers: 4
[865.233s][debug][gc,phases      ] GC(28)   JVMTI Tag Weak OopStorage      Min:  0.0, Avg:  0.0, Max:  0.0, Diff:  0.0, Sum:  0.0, Workers: 4
[865.233s][debug][gc,phases      ] GC(28)     Dead                           Min: 0, Avg:  0.0, Max: 0, Diff: 0, Sum: 0, Workers: 4
[865.233s][debug][gc,phases      ] GC(28)     Total                          Min: 0, Avg:  0.0, Max: 0, Diff: 0, Sum: 0, Workers: 4
[865.233s][debug][gc,phases      ] GC(28)   StringTable Weak               Min:  0.1, Avg:  0.1, Max:  0.1, Diff:  0.0, Sum:  0.5, Workers: 4
[865.233s][debug][gc,phases      ] GC(28)     Dead                           Min: 0, Avg:  0.5, Max: 2, Diff: 2, Sum: 2, Workers: 4
[865.233s][debug][gc,phases      ] GC(28)     Total                          Min: 11392, Avg: 12232.2, Max: 13695, Diff: 2303, Sum: 48929, Workers: 4
[865.233s][debug][gc,phases      ] GC(28)   ResolvedMethodTable Weak       Min:  0.0, Avg:  0.0, Max:  0.0, Diff:  0.0, Sum:  0.2, Workers: 4
[865.233s][debug][gc,phases      ] GC(28)     Dead                           Min: 0, Avg:  4.0, Max: 14, Diff: 14, Sum: 16, Workers: 4
[865.233s][debug][gc,phases      ] GC(28)     Total                          Min: 3424, Avg: 3839.2, Max: 4246, Diff: 822, Sum: 15357, Workers: 4
[865.233s][debug][gc,phases      ] GC(28)   JNI Weak                       Min:  0.0, Avg:  0.0, Max:  0.0, Diff:  0.0, Sum:  0.0, Workers: 4
[865.233s][debug][gc,phases      ] GC(28)     Dead                           Min: 0, Avg:  0.0, Max: 0, Diff: 0, Sum: 0, Workers: 4
[865.233s][debug][gc,phases      ] GC(28)     Total                          Min: 0, Avg: 13.0, Max: 52, Diff: 52, Sum: 52, Workers: 4
[865.233s][debug][gc,phases      ] GC(28)   StringDedup Table Weak         Min:  0.0, Avg:  0.0, Max:  0.0, Diff:  0.0, Sum:  0.0, Workers: 4
[865.233s][debug][gc,phases      ] GC(28)     Dead                           Min: 0, Avg:  0.0, Max: 0, Diff: 0, Sum: 0, Workers: 4
[865.233s][debug][gc,phases      ] GC(28)     Total                          Min: 0, Avg:  0.0, Max: 0, Diff: 0, Sum: 0, Workers: 4
[865.233s][debug][gc,phases      ] GC(28)   StringDedup Requests0 Weak     Min:  0.0, Avg:  0.0, Max:  0.0, Diff:  0.0, Sum:  0.0, Workers: 4
[865.233s][debug][gc,phases      ] GC(28)     Dead                           Min: 0, Avg:  0.0, Max: 0, Diff: 0, Sum: 0, Workers: 4
[865.233s][debug][gc,phases      ] GC(28)     Total                          Min: 0, Avg:  0.0, Max: 0, Diff: 0, Sum: 0, Workers: 4
[865.233s][debug][gc,phases      ] GC(28)   StringDedup Requests1 Weak     Min:  0.0, Avg:  0.0, Max:  0.0, Diff:  0.0, Sum:  0.0, Workers: 4
[865.233s][debug][gc,phases      ] GC(28)     Dead                           Min: 0, Avg:  0.0, Max: 0, Diff: 0, Sum: 0, Workers: 4
[865.233s][debug][gc,phases      ] GC(28)     Total                          Min: 0, Avg:  0.0, Max: 0, Diff: 0, Sum: 0, Workers: 4
[865.233s][debug][gc,phases      ] GC(28)   Weak JFR Old Object Samples    Min:  0.0, Avg:  0.0, Max:  0.0, Diff:  0.0, Sum:  0.0, Workers: 4
[865.233s][debug][gc,phases      ] GC(28)     Dead                           Min: 0, Avg:  0.0, Max: 0, Diff: 0, Sum: 0, Workers: 4
[865.233s][debug][gc,phases      ] GC(28)     Total                          Min: 0, Avg:  0.0, Max: 0, Diff: 0, Sum: 0, Workers: 4
[865.233s][debug][gc,phases      ] GC(28) Weak Processing 0.379ms
[865.233s][debug][gc,age         ] GC(28) Desired survivor size 150470656 bytes, new threshold 1 (max threshold 15)
[865.233s][info ][gc,heap        ] GC(28) PSYoungGen: 1779456K(1939968K)->21184K(1933312K) Eden: 1776128K(1776128K)->0K(1776128K) From: 3328K(163840K)->21184K(157184K)
[865.233s][info ][gc,heap        ] GC(28) ParOldGen: 424065K(424448K)->425205K(425472K)
[865.233s][info ][gc,metaspace   ] GC(28) Metaspace: 110621K(112000K)->110621K(112000K) NonClass: 93948K(94720K)->93948K(94720K) Class: 16672K(17280K)->16672K(17280K)
[865.233s][info ][gc             ] GC(28) Pause Young (Allocation Failure) 2151M->435M(2303M) 16.801ms
[865.233s][info ][gc,cpu         ] GC(28) User=0.05s Sys=0.01s Real=0.02s
[865.233s][info ][safepoint      ] Safepoint "ParallelGCFailedAllocation", Time since last: 731549394 ns, Reaching safepoint: 154803 ns, Cleanup: 20301 ns, At safepoint: 16903609 ns, Total: 17078713 ns
[866.233s][info ][safepoint      ] Safepoint "Cleanup", Time since last: 1000111912 ns, Reaching safepoint: 90002 ns, Cleanup: 32500 ns, At safepoint: 6601 ns, Total: 129103 ns
[867.233s][info ][safepoint      ] Safepoint "Cleanup", Time since last: 1000137912 ns, Reaching safepoint: 94002 ns, Cleanup: 15700 ns, At safepoint: 9200 ns, Total: 118902 ns
[868.234s][info ][safepoint      ] Safepoint "Cleanup", Time since last: 1000160716 ns, Reaching safepoint: 87801 ns, Cleanup: 13001 ns, At safepoint: 11900 ns, Total: 112702 ns
[869.234s][info ][safepoint      ] Safepoint "Cleanup", Time since last: 1000118640 ns, Reaching safepoint: 89702 ns, Cleanup: 13000 ns, At safepoint: 16900 ns, Total: 119602 ns
[870.234s][info ][safepoint      ] Safepoint "Cleanup", Time since last: 1000145741 ns, Reaching safepoint: 88102 ns, Cleanup: 45001 ns, At safepoint: 10500 ns, Total: 143603 ns
[873.235s][info ][safepoint      ] Safepoint "Cleanup", Time since last: 3000333021 ns, Reaching safepoint: 86001 ns, Cleanup: 12100 ns, At safepoint: 9801 ns, Total: 107902 ns
[874.235s][info ][safepoint      ] Safepoint "Cleanup", Time since last: 1000194741 ns, Reaching safepoint: 88002 ns, Cleanup: 15600 ns, At safepoint: 9200 ns, Total: 112802 ns
[875.235s][info ][safepoint      ] Safepoint "Cleanup", Time since last: 1000124241 ns, Reaching safepoint: 12000 ns, Cleanup: 19300 ns, At safepoint: 3500 ns, Total: 34800 ns
[876.235s][info ][safepoint      ] Safepoint "Cleanup", Time since last: 1000210136 ns, Reaching safepoint: 84602 ns, Cleanup: 20400 ns, At safepoint: 13800 ns, Total: 118802 ns
[877.505s][info ][safepoint      ] Safepoint "Cleanup", Time since last: 1269731397 ns, Reaching safepoint: 14000 ns, Cleanup: 38201 ns, At safepoint: 3500 ns, Total: 55701 ns
[878.506s][info ][safepoint      ] Safepoint "Cleanup", Time since last: 1000192273 ns, Reaching safepoint: 12800 ns, Cleanup: 36601 ns, At safepoint: 5100 ns, Total: 54501 ns
[879.506s][info ][safepoint      ] Safepoint "Cleanup", Time since last: 1000189772 ns, Reaching safepoint: 13500 ns, Cleanup: 24101 ns, At safepoint: 4700 ns, Total: 42301 ns
[879.781s][info ][gc,start       ] GC(29) Pause Young (Allocation Failure)
[879.804s][debug][gc,phases      ] GC(29) Scavenge 23.073ms
[879.804s][debug][gc,ref         ] GC(29) ReferenceProcessor::execute queues: 1, RefProcThreadModel::Single, marks_oops_alive: false
[879.804s][debug][gc,ref         ] GC(29) Skipped KeepAliveFinalRefsPhase of Reference Processing: no references
[879.804s][debug][gc,ref         ] GC(29) ReferenceProcessor::execute queues: 1, RefProcThreadModel::Single, marks_oops_alive: false
[879.804s][debug][gc,phases      ] GC(29) Reference Processing 0.100ms
[879.805s][debug][gc,phases      ] GC(29)   VM Weak                        Min:  0.0, Avg:  0.0, Max:  0.0, Diff:  0.0, Sum:  0.0, Workers: 4
[879.805s][debug][gc,phases      ] GC(29)     Dead                           Min: 0, Avg:  0.0, Max: 0, Diff: 0, Sum: 0, Workers: 4
[879.805s][debug][gc,phases      ] GC(29)     Total                          Min: 0, Avg: 236.0, Max: 560, Diff: 560, Sum: 944, Workers: 4
[879.805s][debug][gc,phases      ] GC(29)   ObjectSynchronizer Weak        Min:  0.0, Avg:  0.0, Max:  0.0, Diff:  0.0, Sum:  0.0, Workers: 4
[879.805s][debug][gc,phases      ] GC(29)     Dead                           Min: 0, Avg:  0.0, Max: 0, Diff: 0, Sum: 0, Workers: 4
[879.805s][debug][gc,phases      ] GC(29)     Total                          Min: 0, Avg:  1.2, Max: 5, Diff: 5, Sum: 5, Workers: 4
[879.805s][debug][gc,phases      ] GC(29)   JVMTI Tag Weak OopStorage      Min:  0.0, Avg:  0.0, Max:  0.0, Diff:  0.0, Sum:  0.0, Workers: 4
[879.805s][debug][gc,phases      ] GC(29)     Dead                           Min: 0, Avg:  0.0, Max: 0, Diff: 0, Sum: 0, Workers: 4
[879.805s][debug][gc,phases      ] GC(29)     Total                          Min: 0, Avg:  0.0, Max: 0, Diff: 0, Sum: 0, Workers: 4
[879.805s][debug][gc,phases      ] GC(29)   StringTable Weak               Min:  0.1, Avg:  0.1, Max:  0.1, Diff:  0.0, Sum:  0.5, Workers: 4
[879.805s][debug][gc,phases      ] GC(29)     Dead                           Min: 0, Avg:  0.2, Max: 1, Diff: 1, Sum: 1, Workers: 4
[879.805s][debug][gc,phases      ] GC(29)     Total                          Min: 11647, Avg: 12237.2, Max: 12600, Diff: 953, Sum: 48949, Workers: 4
[879.805s][debug][gc,phases      ] GC(29)   ResolvedMethodTable Weak       Min:  0.0, Avg:  0.0, Max:  0.0, Diff:  0.0, Sum:  0.1, Workers: 4
[879.805s][debug][gc,phases      ] GC(29)     Dead                           Min: 0, Avg:  4.5, Max: 11, Diff: 11, Sum: 18, Workers: 4
[879.805s][debug][gc,phases      ] GC(29)     Total                          Min: 3618, Avg: 3841.2, Max: 4012, Diff: 394, Sum: 15365, Workers: 4
[879.805s][debug][gc,phases      ] GC(29)   JNI Weak                       Min:  0.0, Avg:  0.0, Max:  0.0, Diff:  0.0, Sum:  0.0, Workers: 4
[879.805s][debug][gc,phases      ] GC(29)     Dead                           Min: 0, Avg:  0.0, Max: 0, Diff: 0, Sum: 0, Workers: 4
[879.805s][debug][gc,phases      ] GC(29)     Total                          Min: 0, Avg: 13.0, Max: 52, Diff: 52, Sum: 52, Workers: 4
[879.805s][debug][gc,phases      ] GC(29)   StringDedup Table Weak         Min:  0.0, Avg:  0.0, Max:  0.0, Diff:  0.0, Sum:  0.0, Workers: 4
[879.805s][debug][gc,phases      ] GC(29)     Dead                           Min: 0, Avg:  0.0, Max: 0, Diff: 0, Sum: 0, Workers: 4
[879.805s][debug][gc,phases      ] GC(29)     Total                          Min: 0, Avg:  0.0, Max: 0, Diff: 0, Sum: 0, Workers: 4
[879.805s][debug][gc,phases      ] GC(29)   StringDedup Requests0 Weak     Min:  0.0, Avg:  0.0, Max:  0.0, Diff:  0.0, Sum:  0.0, Workers: 4
[879.805s][debug][gc,phases      ] GC(29)     Dead                           Min: 0, Avg:  0.0, Max: 0, Diff: 0, Sum: 0, Workers: 4
[879.805s][debug][gc,phases      ] GC(29)     Total                          Min: 0, Avg:  0.0, Max: 0, Diff: 0, Sum: 0, Workers: 4
[879.805s][debug][gc,phases      ] GC(29)   StringDedup Requests1 Weak     Min:  0.0, Avg:  0.0, Max:  0.0, Diff:  0.0, Sum:  0.0, Workers: 4
[879.805s][debug][gc,phases      ] GC(29)     Dead                           Min: 0, Avg:  0.0, Max: 0, Diff: 0, Sum: 0, Workers: 4
[879.805s][debug][gc,phases      ] GC(29)     Total                          Min: 0, Avg:  0.0, Max: 0, Diff: 0, Sum: 0, Workers: 4
[879.805s][debug][gc,phases      ] GC(29)   Weak JFR Old Object Samples    Min:  0.0, Avg:  0.0, Max:  0.0, Diff:  0.0, Sum:  0.0, Workers: 4
[879.805s][debug][gc,phases      ] GC(29)     Dead                           Min: 0, Avg:  0.0, Max: 0, Diff: 0, Sum: 0, Workers: 4
[879.805s][debug][gc,phases      ] GC(29)     Total                          Min: 0, Avg:  0.0, Max: 0, Diff: 0, Sum: 0, Workers: 4
[879.805s][debug][gc,phases      ] GC(29) Weak Processing 0.341ms
[879.805s][debug][gc,age         ] GC(29) Desired survivor size 140509184 bytes, new threshold 1 (max threshold 15)
[879.805s][info ][gc,heap        ] GC(29) PSYoungGen: 1797312K(1933312K)->22816K(1959936K) Eden: 1776128K(1776128K)->0K(1812992K) From: 21184K(157184K)->22816K(146944K)
[879.805s][info ][gc,heap        ] GC(29) ParOldGen: 425205K(425472K)->441718K(441856K)
[879.805s][info ][gc,metaspace   ] GC(29) Metaspace: 110676K(112000K)->110676K(112000K) NonClass: 94001K(94720K)->94001K(94720K) Class: 16675K(17280K)->16675K(17280K)
[879.805s][info ][gc             ] GC(29) Pause Young (Allocation Failure) 2170M->453M(2345M) 23.652ms
[879.805s][info ][gc,cpu         ] GC(29) User=0.08s Sys=0.02s Real=0.02s
[879.805s][info ][safepoint      ] Safepoint "ParallelGCFailedAllocation", Time since last: 275235228 ns, Reaching safepoint: 90302 ns, Cleanup: 5700 ns, At safepoint: 23758134 ns, Total: 23854136 ns
[880.805s][info ][safepoint      ] Safepoint "Cleanup", Time since last: 1000173672 ns, Reaching safepoint: 11700 ns, Cleanup: 15401 ns, At safepoint: 3900 ns, Total: 31001 ns
[882.805s][info ][safepoint      ] Safepoint "Cleanup", Time since last: 2000270643 ns, Reaching safepoint: 15200 ns, Cleanup: 17500 ns, At safepoint: 33201 ns, Total: 65901 ns
[883.806s][info ][safepoint      ] Safepoint "Cleanup", Time since last: 1000192073 ns, Reaching safepoint: 16500 ns, Cleanup: 17800 ns, At safepoint: 4000 ns, Total: 38300 ns
[885.806s][info ][safepoint      ] Safepoint "Cleanup", Time since last: 2000230068 ns, Reaching safepoint: 13700 ns, Cleanup: 19000 ns, At safepoint: 3200 ns, Total: 35900 ns
[889.807s][info ][safepoint      ] Safepoint "Cleanup", Time since last: 4000637449 ns, Reaching safepoint: 15100 ns, Cleanup: 15201 ns, At safepoint: 4500 ns, Total: 34801 ns
[892.807s][info ][safepoint      ] Safepoint "Cleanup", Time since last: 3000478416 ns, Reaching safepoint: 14800 ns, Cleanup: 20800 ns, At safepoint: 4000 ns, Total: 39600 ns
[893.807s][info ][safepoint      ] Safepoint "Cleanup", Time since last: 1000158847 ns, Reaching safepoint: 14600 ns, Cleanup: 20100 ns, At safepoint: 3600 ns, Total: 38300 ns
[895.808s][info ][safepoint      ] Safepoint "Cleanup", Time since last: 2000316993 ns, Reaching safepoint: 14400 ns, Cleanup: 21700 ns, At safepoint: 3700 ns, Total: 39800 ns
[896.808s][info ][safepoint      ] Safepoint "Cleanup", Time since last: 1000139946 ns, Reaching safepoint: 15700 ns, Cleanup: 20601 ns, At safepoint: 3500 ns, Total: 39801 ns
[897.808s][info ][safepoint      ] Safepoint "Cleanup", Time since last: 1000142146 ns, Reaching safepoint: 15700 ns, Cleanup: 36101 ns, At safepoint: 3800 ns, Total: 55601 ns
[898.808s][info ][safepoint      ] Safepoint "Cleanup", Time since last: 1000136045 ns, Reaching safepoint: 15601 ns, Cleanup: 49501 ns, At safepoint: 3400 ns, Total: 68502 ns
[899.808s][info ][safepoint      ] Safepoint "Cleanup", Time since last: 1000126745 ns, Reaching safepoint: 14100 ns, Cleanup: 23501 ns, At safepoint: 3600 ns, Total: 41201 ns
[901.515s][info ][safepoint      ] Safepoint "Cleanup", Time since last: 1706637021 ns, Reaching safepoint: 13600 ns, Cleanup: 19500 ns, At safepoint: 4000 ns, Total: 37100 ns
[902.515s][info ][safepoint      ] Safepoint "Cleanup", Time since last: 1000187600 ns, Reaching safepoint: 15300 ns, Cleanup: 26301 ns, At safepoint: 4200 ns, Total: 45801 ns
[903.515s][info ][safepoint      ] Safepoint "Cleanup", Time since last: 1000124499 ns, Reaching safepoint: 12800 ns, Cleanup: 48301 ns, At safepoint: 3400 ns, Total: 64501 ns
[904.516s][info ][safepoint      ] Safepoint "Cleanup", Time since last: 1000297802 ns, Reaching safepoint: 15600 ns, Cleanup: 24100 ns, At safepoint: 4300 ns, Total: 44000 ns
[905.516s][info ][safepoint      ] Safepoint "Cleanup", Time since last: 1000133499 ns, Reaching safepoint: 15700 ns, Cleanup: 34201 ns, At safepoint: 3700 ns, Total: 53601 ns
[906.516s][info ][safepoint      ] Safepoint "Cleanup", Time since last: 1000202100 ns, Reaching safepoint: 15701 ns, Cleanup: 33200 ns, At safepoint: 3700 ns, Total: 52601 ns
[907.517s][info ][safepoint      ] Safepoint "Cleanup", Time since last: 1000257901 ns, Reaching safepoint: 14701 ns, Cleanup: 116202 ns, At safepoint: 4600 ns, Total: 135503 ns
[908.517s][info ][safepoint      ] Safepoint "Cleanup", Time since last: 1000206527 ns, Reaching safepoint: 12800 ns, Cleanup: 36401 ns, At safepoint: 3300 ns, Total: 52501 ns
[909.517s][info ][safepoint      ] Safepoint "Cleanup", Time since last: 1000273683 ns, Reaching safepoint: 14500 ns, Cleanup: 16900 ns, At safepoint: 4100 ns, Total: 35500 ns
[910.517s][info ][safepoint      ] Safepoint "Cleanup", Time since last: 1000127581 ns, Reaching safepoint: 14400 ns, Cleanup: 18400 ns, At safepoint: 3200 ns, Total: 36000 ns
[911.324s][info ][gc,start       ] GC(30) Pause Young (Allocation Failure)
[911.344s][debug][gc,phases      ] GC(30) Scavenge 20.135ms
[911.344s][debug][gc,ref         ] GC(30) ReferenceProcessor::execute queues: 1, RefProcThreadModel::Single, marks_oops_alive: false
[911.344s][debug][gc,ref         ] GC(30) Skipped KeepAliveFinalRefsPhase of Reference Processing: no references
[911.344s][debug][gc,ref         ] GC(30) ReferenceProcessor::execute queues: 1, RefProcThreadModel::Single, marks_oops_alive: false
[911.344s][debug][gc,phases      ] GC(30) Reference Processing 0.125ms
[911.344s][debug][gc,phases      ] GC(30)   VM Weak                        Min:  0.0, Avg:  0.0, Max:  0.0, Diff:  0.0, Sum:  0.0, Workers: 4
[911.344s][debug][gc,phases      ] GC(30)     Dead                           Min: 0, Avg:  0.0, Max: 0, Diff: 0, Sum: 0, Workers: 4
[911.344s][debug][gc,phases      ] GC(30)     Total                          Min: 0, Avg: 237.5, Max: 640, Diff: 640, Sum: 950, Workers: 4
[911.344s][debug][gc,phases      ] GC(30)   ObjectSynchronizer Weak        Min:  0.0, Avg:  0.0, Max:  0.0, Diff:  0.0, Sum:  0.0, Workers: 4
[911.344s][debug][gc,phases      ] GC(30)     Dead                           Min: 0, Avg:  0.0, Max: 0, Diff: 0, Sum: 0, Workers: 4
[911.344s][debug][gc,phases      ] GC(30)     Total                          Min: 0, Avg:  1.5, Max: 6, Diff: 6, Sum: 6, Workers: 4
[911.344s][debug][gc,phases      ] GC(30)   JVMTI Tag Weak OopStorage      Min:  0.0, Avg:  0.0, Max:  0.0, Diff:  0.0, Sum:  0.0, Workers: 4
[911.344s][debug][gc,phases      ] GC(30)     Dead                           Min: 0, Avg:  0.0, Max: 0, Diff: 0, Sum: 0, Workers: 4
[911.344s][debug][gc,phases      ] GC(30)     Total                          Min: 0, Avg:  0.0, Max: 0, Diff: 0, Sum: 0, Workers: 4
[911.344s][debug][gc,phases      ] GC(30)   StringTable Weak               Min:  0.1, Avg:  0.1, Max:  0.1, Diff:  0.0, Sum:  0.5, Workers: 4
[911.344s][debug][gc,phases      ] GC(30)     Dead                           Min: 0, Avg:  0.8, Max: 2, Diff: 2, Sum: 3, Workers: 4
[911.344s][debug][gc,phases      ] GC(30)     Total                          Min: 11328, Avg: 12250.8, Max: 13183, Diff: 1855, Sum: 49003, Workers: 4
[911.344s][debug][gc,phases      ] GC(30)   ResolvedMethodTable Weak       Min:  0.0, Avg:  0.0, Max:  0.0, Diff:  0.0, Sum:  0.2, Workers: 4
[911.344s][debug][gc,phases      ] GC(30)     Dead                           Min: 0, Avg:  8.2, Max: 22, Diff: 22, Sum: 33, Workers: 4
[911.344s][debug][gc,phases      ] GC(30)     Total                          Min: 3363, Avg: 3860.8, Max: 4187, Diff: 824, Sum: 15443, Workers: 4
[911.344s][debug][gc,phases      ] GC(30)   JNI Weak                       Min:  0.0, Avg:  0.0, Max:  0.0, Diff:  0.0, Sum:  0.0, Workers: 4
[911.344s][debug][gc,phases      ] GC(30)     Dead                           Min: 0, Avg:  0.0, Max: 0, Diff: 0, Sum: 0, Workers: 4
[911.344s][debug][gc,phases      ] GC(30)     Total                          Min: 0, Avg: 13.0, Max: 52, Diff: 52, Sum: 52, Workers: 4
[911.344s][debug][gc,phases      ] GC(30)   StringDedup Table Weak         Min:  0.0, Avg:  0.0, Max:  0.0, Diff:  0.0, Sum:  0.0, Workers: 4
[911.344s][debug][gc,phases      ] GC(30)     Dead                           Min: 0, Avg:  0.0, Max: 0, Diff: 0, Sum: 0, Workers: 4
[911.344s][debug][gc,phases      ] GC(30)     Total                          Min: 0, Avg:  0.0, Max: 0, Diff: 0, Sum: 0, Workers: 4
[911.344s][debug][gc,phases      ] GC(30)   StringDedup Requests0 Weak     Min:  0.0, Avg:  0.0, Max:  0.0, Diff:  0.0, Sum:  0.0, Workers: 4
[911.344s][debug][gc,phases      ] GC(30)     Dead                           Min: 0, Avg:  0.0, Max: 0, Diff: 0, Sum: 0, Workers: 4
[911.344s][debug][gc,phases      ] GC(30)     Total                          Min: 0, Avg:  0.0, Max: 0, Diff: 0, Sum: 0, Workers: 4
[911.344s][debug][gc,phases      ] GC(30)   StringDedup Requests1 Weak     Min:  0.0, Avg:  0.0, Max:  0.0, Diff:  0.0, Sum:  0.0, Workers: 4
[911.344s][debug][gc,phases      ] GC(30)     Dead                           Min: 0, Avg:  0.0, Max: 0, Diff: 0, Sum: 0, Workers: 4
[911.344s][debug][gc,phases      ] GC(30)     Total                          Min: 0, Avg:  0.0, Max: 0, Diff: 0, Sum: 0, Workers: 4
[911.344s][debug][gc,phases      ] GC(30)   Weak JFR Old Object Samples    Min:  0.0, Avg:  0.0, Max:  0.0, Diff:  0.0, Sum:  0.0, Workers: 4
[911.344s][debug][gc,phases      ] GC(30)     Dead                           Min: 0, Avg:  0.0, Max: 0, Diff: 0, Sum: 0, Workers: 4
[911.344s][debug][gc,phases      ] GC(30)     Total                          Min: 0, Avg:  0.0, Max: 0, Diff: 0, Sum: 0, Workers: 4
[911.344s][debug][gc,phases      ] GC(30) Weak Processing 0.339ms
[911.344s][debug][gc,age         ] GC(30) Desired survivor size 134742016 bytes, new threshold 1 (max threshold 15)
[911.344s][info ][gc,heap        ] GC(30) PSYoungGen: 1835808K(1959936K)->5264K(1950208K) Eden: 1812992K(1812992K)->0K(1812992K) From: 22816K(146944K)->5264K(137216K)
[911.344s][info ][gc,heap        ] GC(30) ParOldGen: 441718K(441856K)->461113K(461312K)
[911.344s][info ][gc,metaspace   ] GC(30) Metaspace: 110854K(112128K)->110854K(112128K) NonClass: 94150K(94848K)->94150K(94848K) Class: 16704K(17280K)->16704K(17280K)
[911.344s][info ][gc             ] GC(30) Pause Young (Allocation Failure) 2224M->455M(2355M) 20.746ms
[911.344s][info ][gc,cpu         ] GC(30) User=0.06s Sys=0.01s Real=0.02s
[911.345s][info ][safepoint      ] Safepoint "ParallelGCFailedAllocation", Time since last: 806236217 ns, Reaching safepoint: 10300 ns, Cleanup: 57501 ns, At safepoint: 20849784 ns, Total: 20917585 ns
[912.345s][info ][safepoint      ] Safepoint "Cleanup", Time since last: 1000172381 ns, Reaching safepoint: 13600 ns, Cleanup: 15100 ns, At safepoint: 4200 ns, Total: 32900 ns
[915.345s][info ][safepoint      ] Safepoint "Cleanup", Time since last: 3000355841 ns, Reaching safepoint: 13900 ns, Cleanup: 13400 ns, At safepoint: 3200 ns, Total: 30500 ns
[919.346s][info ][safepoint      ] Safepoint "Cleanup", Time since last: 4000394966 ns, Reaching safepoint: 13200 ns, Cleanup: 13901 ns, At safepoint: 2900 ns, Total: 30001 ns
[920.346s][info ][safepoint      ] Safepoint "Cleanup", Time since last: 1000196592 ns, Reaching safepoint: 13700 ns, Cleanup: 16000 ns, At safepoint: 3500 ns, Total: 33200 ns
[922.346s][info ][safepoint      ] Safepoint "Cleanup", Time since last: 2000355483 ns, Reaching safepoint: 13801 ns, Cleanup: 15400 ns, At safepoint: 3300 ns, Total: 32501 ns
[923.346s][info ][safepoint      ] Safepoint "Cleanup", Time since last: 1000190292 ns, Reaching safepoint: 13600 ns, Cleanup: 10700 ns, At safepoint: 3300 ns, Total: 27600 ns
[924.347s][info ][safepoint      ] Safepoint "Cleanup", Time since last: 1000198481 ns, Reaching safepoint: 14500 ns, Cleanup: 19100 ns, At safepoint: 4000 ns, Total: 37600 ns
[927.347s][info ][safepoint      ] Safepoint "Cleanup", Time since last: 3000459823 ns, Reaching safepoint: 12100 ns, Cleanup: 23000 ns, At safepoint: 11100 ns, Total: 46200 ns
[928.347s][info ][safepoint      ] Safepoint "Cleanup", Time since last: 1000117607 ns, Reaching safepoint: 13800 ns, Cleanup: 17001 ns, At safepoint: 4000 ns, Total: 34801 ns
[929.347s][info ][safepoint      ] Safepoint "Cleanup", Time since last: 1000141507 ns, Reaching safepoint: 13700 ns, Cleanup: 12000 ns, At safepoint: 3201 ns, Total: 28901 ns
[931.348s][info ][safepoint      ] Safepoint "Cleanup", Time since last: 2000269614 ns, Reaching safepoint: 12300 ns, Cleanup: 14200 ns, At safepoint: 2900 ns, Total: 29400 ns
[932.348s][info ][safepoint      ] Safepoint "Cleanup", Time since last: 1000136808 ns, Reaching safepoint: 14100 ns, Cleanup: 20900 ns, At safepoint: 3300 ns, Total: 38300 ns
[935.348s][info ][safepoint      ] Safepoint "Cleanup", Time since last: 3000519833 ns, Reaching safepoint: 12400 ns, Cleanup: 14600 ns, At safepoint: 3400 ns, Total: 30400 ns
[936.349s][info ][safepoint      ] Safepoint "Cleanup", Time since last: 1000143210 ns, Reaching safepoint: 14501 ns, Cleanup: 18000 ns, At safepoint: 3200 ns, Total: 35701 ns
[937.349s][info ][safepoint      ] Safepoint "Cleanup", Time since last: 1000136010 ns, Reaching safepoint: 102002 ns, Cleanup: 12700 ns, At safepoint: 18101 ns, Total: 132803 ns
[939.349s][info ][safepoint      ] Safepoint "Cleanup", Time since last: 2000340221 ns, Reaching safepoint: 15400 ns, Cleanup: 35801 ns, At safepoint: 4200 ns, Total: 55401 ns
[940.350s][info ][safepoint      ] Safepoint "Cleanup", Time since last: 1000201620 ns, Reaching safepoint: 15601 ns, Cleanup: 39100 ns, At safepoint: 3700 ns, Total: 58401 ns
[941.350s][info ][safepoint      ] Safepoint "Cleanup", Time since last: 1000265590 ns, Reaching safepoint: 14401 ns, Cleanup: 19400 ns, At safepoint: 3600 ns, Total: 37401 ns
[942.350s][info ][safepoint      ] Safepoint "Cleanup", Time since last: 1000230189 ns, Reaching safepoint: 13800 ns, Cleanup: 14101 ns, At safepoint: 3600 ns, Total: 31501 ns
[943.350s][info ][safepoint      ] Safepoint "Cleanup", Time since last: 1000129287 ns, Reaching safepoint: 13100 ns, Cleanup: 11901 ns, At safepoint: 6400 ns, Total: 31401 ns
[944.351s][info ][safepoint      ] Safepoint "Cleanup", Time since last: 1000264590 ns, Reaching safepoint: 15100 ns, Cleanup: 16200 ns, At safepoint: 3800 ns, Total: 35100 ns
[945.351s][info ][safepoint      ] Safepoint "Cleanup", Time since last: 1000151888 ns, Reaching safepoint: 13900 ns, Cleanup: 14401 ns, At safepoint: 3100 ns, Total: 31401 ns
[946.351s][info ][safepoint      ] Safepoint "Cleanup", Time since last: 1000152087 ns, Reaching safepoint: 15801 ns, Cleanup: 22000 ns, At safepoint: 3500 ns, Total: 41301 ns
[947.351s][info ][safepoint      ] Safepoint "Cleanup", Time since last: 1000133388 ns, Reaching safepoint: 13900 ns, Cleanup: 17300 ns, At safepoint: 3600 ns, Total: 34800 ns
[950.351s][info ][safepoint      ] Safepoint "Cleanup", Time since last: 3000271469 ns, Reaching safepoint: 11500 ns, Cleanup: 15300 ns, At safepoint: 2700 ns, Total: 29500 ns
[951.997s][info ][gc,start       ] GC(31) Pause Young (Allocation Failure)
[952.013s][debug][gc,phases      ] GC(31) Scavenge 16.043ms
[952.013s][debug][gc,ref         ] GC(31) ReferenceProcessor::execute queues: 1, RefProcThreadModel::Single, marks_oops_alive: false
[952.013s][debug][gc,ref         ] GC(31) Skipped KeepAliveFinalRefsPhase of Reference Processing: no references
[952.013s][debug][gc,ref         ] GC(31) ReferenceProcessor::execute queues: 1, RefProcThreadModel::Single, marks_oops_alive: false
[952.013s][debug][gc,phases      ] GC(31) Reference Processing 0.105ms
[952.013s][debug][gc,phases      ] GC(31)   VM Weak                        Min:  0.0, Avg:  0.0, Max:  0.0, Diff:  0.0, Sum:  0.0, Workers: 4
[952.013s][debug][gc,phases      ] GC(31)     Dead                           Min: 0, Avg:  0.0, Max: 0, Diff: 0, Sum: 0, Workers: 4
[952.013s][debug][gc,phases      ] GC(31)     Total                          Min: 0, Avg: 238.5, Max: 640, Diff: 640, Sum: 954, Workers: 4
[952.013s][debug][gc,phases      ] GC(31)   ObjectSynchronizer Weak        Min:  0.0, Avg:  0.0, Max:  0.0, Diff:  0.0, Sum:  0.0, Workers: 4
[952.013s][debug][gc,phases      ] GC(31)     Dead                           Min: 0, Avg:  0.0, Max: 0, Diff: 0, Sum: 0, Workers: 4
[952.013s][debug][gc,phases      ] GC(31)     Total                          Min: 0, Avg:  1.5, Max: 6, Diff: 6, Sum: 6, Workers: 4
[952.013s][debug][gc,phases      ] GC(31)   JVMTI Tag Weak OopStorage      Min:  0.0, Avg:  0.0, Max:  0.0, Diff:  0.0, Sum:  0.0, Workers: 4
[952.013s][debug][gc,phases      ] GC(31)     Dead                           Min: 0, Avg:  0.0, Max: 0, Diff: 0, Sum: 0, Workers: 4
[952.013s][debug][gc,phases      ] GC(31)     Total                          Min: 0, Avg:  0.0, Max: 0, Diff: 0, Sum: 0, Workers: 4
[952.013s][debug][gc,phases      ] GC(31)   StringTable Weak               Min:  0.1, Avg:  0.1, Max:  0.1, Diff:  0.0, Sum:  0.4, Workers: 4
[952.013s][debug][gc,phases      ] GC(31)     Dead                           Min: 0, Avg:  0.0, Max: 0, Diff: 0, Sum: 0, Workers: 4
[952.013s][debug][gc,phases      ] GC(31)     Total                          Min: 10175, Avg: 12252.8, Max: 13109, Diff: 2934, Sum: 49011, Workers: 4
[952.013s][debug][gc,phases      ] GC(31)   ResolvedMethodTable Weak       Min:  0.0, Avg:  0.0, Max:  0.0, Diff:  0.0, Sum:  0.2, Workers: 4
[952.013s][debug][gc,phases      ] GC(31)     Dead                           Min: 0, Avg:  6.8, Max: 27, Diff: 27, Sum: 27, Workers: 4
[952.013s][debug][gc,phases      ] GC(31)     Total                          Min: 3243, Avg: 3865.5, Max: 4163, Diff: 920, Sum: 15462, Workers: 4
[952.013s][debug][gc,phases      ] GC(31)   JNI Weak                       Min:  0.0, Avg:  0.0, Max:  0.0, Diff:  0.0, Sum:  0.0, Workers: 4
[952.013s][debug][gc,phases      ] GC(31)     Dead                           Min: 0, Avg:  0.0, Max: 0, Diff: 0, Sum: 0, Workers: 4
[952.013s][debug][gc,phases      ] GC(31)     Total                          Min: 0, Avg: 13.0, Max: 52, Diff: 52, Sum: 52, Workers: 4
[952.013s][debug][gc,phases      ] GC(31)   StringDedup Table Weak         Min:  0.0, Avg:  0.0, Max:  0.0, Diff:  0.0, Sum:  0.0, Workers: 4
[952.013s][debug][gc,phases      ] GC(31)     Dead                           Min: 0, Avg:  0.0, Max: 0, Diff: 0, Sum: 0, Workers: 4
[952.013s][debug][gc,phases      ] GC(31)     Total                          Min: 0, Avg:  0.0, Max: 0, Diff: 0, Sum: 0, Workers: 4
[952.013s][debug][gc,phases      ] GC(31)   StringDedup Requests0 Weak     Min:  0.0, Avg:  0.0, Max:  0.0, Diff:  0.0, Sum:  0.0, Workers: 4
[952.013s][debug][gc,phases      ] GC(31)     Dead                           Min: 0, Avg:  0.0, Max: 0, Diff: 0, Sum: 0, Workers: 4
[952.013s][debug][gc,phases      ] GC(31)     Total                          Min: 0, Avg:  0.0, Max: 0, Diff: 0, Sum: 0, Workers: 4
[952.013s][debug][gc,phases      ] GC(31)   StringDedup Requests1 Weak     Min:  0.0, Avg:  0.0, Max:  0.0, Diff:  0.0, Sum:  0.0, Workers: 4
[952.013s][debug][gc,phases      ] GC(31)     Dead                           Min: 0, Avg:  0.0, Max: 0, Diff: 0, Sum: 0, Workers: 4
[952.013s][debug][gc,phases      ] GC(31)     Total                          Min: 0, Avg:  0.0, Max: 0, Diff: 0, Sum: 0, Workers: 4
[952.013s][debug][gc,phases      ] GC(31)   Weak JFR Old Object Samples    Min:  0.0, Avg:  0.0, Max:  0.0, Diff:  0.0, Sum:  0.0, Workers: 4
[952.013s][debug][gc,phases      ] GC(31)     Dead                           Min: 0, Avg:  0.0, Max: 0, Diff: 0, Sum: 0, Workers: 4
[952.013s][debug][gc,phases      ] GC(31)     Total                          Min: 0, Avg:  0.0, Max: 0, Diff: 0, Sum: 0, Workers: 4
[952.013s][debug][gc,phases      ] GC(31) Weak Processing 0.342ms
[952.013s][debug][gc,age         ] GC(31) Desired survivor size 126877696 bytes, new threshold 1 (max threshold 15)
[952.013s][info ][gc,heap        ] GC(31) PSYoungGen: 1818256K(1950208K)->13984K(1973248K) Eden: 1812992K(1812992K)->0K(1841664K) From: 5264K(137216K)->13984K(131584K)
[952.013s][info ][gc,heap        ] GC(31) ParOldGen: 461113K(461312K)->463926K(464384K)
[952.013s][info ][gc,metaspace   ] GC(31) Metaspace: 110933K(112256K)->110933K(112256K) NonClass: 94224K(94976K)->94224K(94976K) Class: 16708K(17280K)->16708K(17280K)
[952.013s][info ][gc             ] GC(31) Pause Young (Allocation Failure) 2225M->466M(2380M) 16.624ms
[952.013s][info ][gc,cpu         ] GC(31) User=0.06s Sys=0.01s Real=0.02s
[952.013s][info ][safepoint      ] Safepoint "ParallelGCFailedAllocation", Time since last: 1644993848 ns, Reaching safepoint: 13801 ns, Cleanup: 5900 ns, At safepoint: 16729111 ns, Total: 16748812 ns
[953.013s][info ][safepoint      ] Safepoint "Cleanup", Time since last: 1000111634 ns, Reaching safepoint: 14500 ns, Cleanup: 19800 ns, At safepoint: 3500 ns, Total: 37800 ns
[955.014s][info ][safepoint      ] Safepoint "Cleanup", Time since last: 2000259268 ns, Reaching safepoint: 19000 ns, Cleanup: 15300 ns, At safepoint: 4300 ns, Total: 38600 ns
[957.014s][info ][safepoint      ] Safepoint "Cleanup", Time since last: 2000213584 ns, Reaching safepoint: 14900 ns, Cleanup: 22701 ns, At safepoint: 3300 ns, Total: 40901 ns
[958.014s][info ][safepoint      ] Safepoint "Cleanup", Time since last: 1000136024 ns, Reaching safepoint: 14701 ns, Cleanup: 17300 ns, At safepoint: 3600 ns, Total: 35601 ns
[959.014s][info ][safepoint      ] Safepoint "Cleanup", Time since last: 1000198726 ns, Reaching safepoint: 26400 ns, Cleanup: 42301 ns, At safepoint: 4600 ns, Total: 73301 ns
[960.015s][info ][safepoint      ] Safepoint "Cleanup", Time since last: 1000125025 ns, Reaching safepoint: 16800 ns, Cleanup: 53001 ns, At safepoint: 4300 ns, Total: 74101 ns
[961.541s][info ][safepoint      ] Safepoint "Cleanup", Time since last: 1526680077 ns, Reaching safepoint: 11900 ns, Cleanup: 10501 ns, At safepoint: 4200 ns, Total: 26601 ns
[962.541s][info ][safepoint      ] Safepoint "Cleanup", Time since last: 1000152525 ns, Reaching safepoint: 13000 ns, Cleanup: 15700 ns, At safepoint: 4200 ns, Total: 32900 ns
[963.542s][info ][safepoint      ] Safepoint "Cleanup", Time since last: 1000143125 ns, Reaching safepoint: 13900 ns, Cleanup: 32601 ns, At safepoint: 10000 ns, Total: 56501 ns
[964.542s][info ][safepoint      ] Safepoint "Cleanup", Time since last: 1000128658 ns, Reaching safepoint: 12700 ns, Cleanup: 8200 ns, At safepoint: 15701 ns, Total: 36601 ns
[965.542s][info ][safepoint      ] Safepoint "Cleanup", Time since last: 1000124383 ns, Reaching safepoint: 11300 ns, Cleanup: 13800 ns, At safepoint: 3100 ns, Total: 28200 ns
[971.543s][info ][safepoint      ] Safepoint "Cleanup", Time since last: 6000733498 ns, Reaching safepoint: 13300 ns, Cleanup: 17501 ns, At safepoint: 3800 ns, Total: 34601 ns
[976.546s][info ][safepoint      ] Safepoint "Cleanup", Time since last: 5002802616 ns, Reaching safepoint: 105302 ns, Cleanup: 13900 ns, At safepoint: 28100 ns, Total: 147302 ns
[977.546s][info ][safepoint      ] Safepoint "Cleanup", Time since last: 1000202893 ns, Reaching safepoint: 12000 ns, Cleanup: 68401 ns, At safepoint: 4000 ns, Total: 84401 ns
[978.546s][info ][safepoint      ] Safepoint "Cleanup", Time since last: 1000210993 ns, Reaching safepoint: 13900 ns, Cleanup: 27001 ns, At safepoint: 3800 ns, Total: 44701 ns
[982.547s][info ][safepoint      ] Safepoint "Cleanup", Time since last: 4000653072 ns, Reaching safepoint: 12801 ns, Cleanup: 18000 ns, At safepoint: 3700 ns, Total: 34501 ns
[984.547s][info ][safepoint      ] Safepoint "Cleanup", Time since last: 2000210986 ns, Reaching safepoint: 14101 ns, Cleanup: 16000 ns, At safepoint: 3700 ns, Total: 33801 ns
[986.547s][info ][safepoint      ] Safepoint "Cleanup", Time since last: 2000230787 ns, Reaching safepoint: 12400 ns, Cleanup: 15000 ns, At safepoint: 3300 ns, Total: 30700 ns
[988.548s][info ][safepoint      ] Safepoint "Cleanup", Time since last: 2000270685 ns, Reaching safepoint: 14001 ns, Cleanup: 35000 ns, At safepoint: 4300 ns, Total: 53301 ns
[989.548s][info ][safepoint      ] Safepoint "Cleanup", Time since last: 1000205785 ns, Reaching safepoint: 13000 ns, Cleanup: 109302 ns, At safepoint: 3600 ns, Total: 125902 ns
[990.548s][info ][safepoint      ] Safepoint "Cleanup", Time since last: 1000124883 ns, Reaching safepoint: 13500 ns, Cleanup: 11900 ns, At safepoint: 2600 ns, Total: 28000 ns
[991.548s][info ][safepoint      ] Safepoint "Cleanup", Time since last: 1000209184 ns, Reaching safepoint: 11601 ns, Cleanup: 16800 ns, At safepoint: 3500 ns, Total: 31901 ns
[991.891s][info ][gc,start       ] GC(32) Pause Young (Allocation Failure)
[991.908s][debug][gc,phases      ] GC(32) Scavenge 16.422ms
[991.908s][debug][gc,ref         ] GC(32) ReferenceProcessor::execute queues: 1, RefProcThreadModel::Single, marks_oops_alive: false
[991.908s][debug][gc,ref         ] GC(32) Skipped KeepAliveFinalRefsPhase of Reference Processing: no references
[991.908s][debug][gc,ref         ] GC(32) ReferenceProcessor::execute queues: 1, RefProcThreadModel::Single, marks_oops_alive: false
[991.908s][debug][gc,phases      ] GC(32) Reference Processing 0.103ms
[991.908s][debug][gc,phases      ] GC(32)   VM Weak                        Min:  0.0, Avg:  0.0, Max:  0.0, Diff:  0.0, Sum:  0.0, Workers: 4
[991.908s][debug][gc,phases      ] GC(32)     Dead                           Min: 0, Avg:  0.0, Max: 0, Diff: 0, Sum: 0, Workers: 4
[991.908s][debug][gc,phases      ] GC(32)     Total                          Min: 0, Avg: 238.5, Max: 762, Diff: 762, Sum: 954, Workers: 4
[991.908s][debug][gc,phases      ] GC(32)   ObjectSynchronizer Weak        Min:  0.0, Avg:  0.0, Max:  0.0, Diff:  0.0, Sum:  0.0, Workers: 4
[991.908s][debug][gc,phases      ] GC(32)     Dead                           Min: 0, Avg:  0.5, Max: 2, Diff: 2, Sum: 2, Workers: 4
[991.908s][debug][gc,phases      ] GC(32)     Total                          Min: 0, Avg:  2.2, Max: 9, Diff: 9, Sum: 9, Workers: 4
[991.908s][debug][gc,phases      ] GC(32)   JVMTI Tag Weak OopStorage      Min:  0.0, Avg:  0.0, Max:  0.0, Diff:  0.0, Sum:  0.0, Workers: 4
[991.908s][debug][gc,phases      ] GC(32)     Dead                           Min: 0, Avg:  0.0, Max: 0, Diff: 0, Sum: 0, Workers: 4
[991.908s][debug][gc,phases      ] GC(32)     Total                          Min: 0, Avg:  0.0, Max: 0, Diff: 0, Sum: 0, Workers: 4
[991.908s][debug][gc,phases      ] GC(32)   StringTable Weak               Min:  0.1, Avg:  0.1, Max:  0.1, Diff:  0.0, Sum:  0.5, Workers: 4
[991.908s][debug][gc,phases      ] GC(32)     Dead                           Min: 0, Avg:  0.5, Max: 1, Diff: 1, Sum: 2, Workers: 4
[991.908s][debug][gc,phases      ] GC(32)     Total                          Min: 11840, Avg: 12262.2, Max: 12864, Diff: 1024, Sum: 49049, Workers: 4
[991.908s][debug][gc,phases      ] GC(32)   ResolvedMethodTable Weak       Min:  0.0, Avg:  0.0, Max:  0.0, Diff:  0.0, Sum:  0.2, Workers: 4
[991.908s][debug][gc,phases      ] GC(32)     Dead                           Min: 0, Avg: 12.2, Max: 34, Diff: 34, Sum: 49, Workers: 4
[991.908s][debug][gc,phases      ] GC(32)     Total                          Min: 3444, Avg: 3869.5, Max: 4214, Diff: 770, Sum: 15478, Workers: 4
[991.908s][debug][gc,phases      ] GC(32)   JNI Weak                       Min:  0.0, Avg:  0.0, Max:  0.0, Diff:  0.0, Sum:  0.0, Workers: 4
[991.908s][debug][gc,phases      ] GC(32)     Dead                           Min: 0, Avg:  0.0, Max: 0, Diff: 0, Sum: 0, Workers: 4
[991.908s][debug][gc,phases      ] GC(32)     Total                          Min: 0, Avg: 13.0, Max: 52, Diff: 52, Sum: 52, Workers: 4
[991.908s][debug][gc,phases      ] GC(32)   StringDedup Table Weak         Min:  0.0, Avg:  0.0, Max:  0.0, Diff:  0.0, Sum:  0.0, Workers: 4
[991.908s][debug][gc,phases      ] GC(32)     Dead                           Min: 0, Avg:  0.0, Max: 0, Diff: 0, Sum: 0, Workers: 4
[991.908s][debug][gc,phases      ] GC(32)     Total                          Min: 0, Avg:  0.0, Max: 0, Diff: 0, Sum: 0, Workers: 4
[991.908s][debug][gc,phases      ] GC(32)   StringDedup Requests0 Weak     Min:  0.0, Avg:  0.0, Max:  0.0, Diff:  0.0, Sum:  0.0, Workers: 4
[991.908s][debug][gc,phases      ] GC(32)     Dead                           Min: 0, Avg:  0.0, Max: 0, Diff: 0, Sum: 0, Workers: 4
[991.908s][debug][gc,phases      ] GC(32)     Total                          Min: 0, Avg:  0.0, Max: 0, Diff: 0, Sum: 0, Workers: 4
[991.908s][debug][gc,phases      ] GC(32)   StringDedup Requests1 Weak     Min:  0.0, Avg:  0.0, Max:  0.0, Diff:  0.0, Sum:  0.0, Workers: 4
[991.908s][debug][gc,phases      ] GC(32)     Dead                           Min: 0, Avg:  0.0, Max: 0, Diff: 0, Sum: 0, Workers: 4
[991.908s][debug][gc,phases      ] GC(32)     Total                          Min: 0, Avg:  0.0, Max: 0, Diff: 0, Sum: 0, Workers: 4
[991.908s][debug][gc,phases      ] GC(32)   Weak JFR Old Object Samples    Min:  0.0, Avg:  0.0, Max:  0.0, Diff:  0.0, Sum:  0.0, Workers: 4
[991.908s][debug][gc,phases      ] GC(32)     Dead                           Min: 0, Avg:  0.0, Max: 0, Diff: 0, Sum: 0, Workers: 4
[991.908s][debug][gc,phases      ] GC(32)     Total                          Min: 0, Avg:  0.0, Max: 0, Diff: 0, Sum: 0, Workers: 4
[991.908s][debug][gc,phases      ] GC(32) Weak Processing 0.375ms
[991.908s][debug][gc,age         ] GC(32) Desired survivor size 117964800 bytes, new threshold 1 (max threshold 15)
[991.908s][info ][gc,heap        ] GC(32) PSYoungGen: 1855648K(1973248K)->21090K(1965568K) Eden: 1841664K(1841664K)->0K(1841664K) From: 13984K(131584K)->21090K(123904K)
[991.908s][info ][gc,heap        ] GC(32) ParOldGen: 463926K(464384K)->474000K(474112K)
[991.908s][info ][gc,metaspace   ] GC(32) Metaspace: 111020K(112256K)->111020K(112256K) NonClass: 94306K(94976K)->94306K(94976K) Class: 16713K(17280K)->16713K(17280K)
[991.908s][info ][gc             ] GC(32) Pause Young (Allocation Failure) 2265M->483M(2382M) 17.041ms
[991.908s][info ][gc,cpu         ] GC(32) User=0.06s Sys=0.01s Real=0.01s
[991.908s][info ][safepoint      ] Safepoint "ParallelGCFailedAllocation", Time since last: 342632698 ns, Reaching safepoint: 13400 ns, Cleanup: 16000 ns, At safepoint: 17136615 ns, Total: 17166015 ns
[994.909s][info ][safepoint      ] Safepoint "Cleanup", Time since last: 3000270047 ns, Reaching safepoint: 16500 ns, Cleanup: 13800 ns, At safepoint: 4200 ns, Total: 34500 ns
[995.911s][info ][safepoint      ] Safepoint "Cleanup", Time since last: 1000132083 ns, Reaching safepoint: 2091039 ns, Cleanup: 13600 ns, At safepoint: 13700 ns, Total: 2118339 ns
[996.911s][info ][safepoint      ] Safepoint "Cleanup", Time since last: 1000144993 ns, Reaching safepoint: 17000 ns, Cleanup: 18201 ns, At safepoint: 4400 ns, Total: 39601 ns
[998.911s][info ][safepoint      ] Safepoint "Cleanup", Time since last: 2000298498 ns, Reaching safepoint: 15601 ns, Cleanup: 19600 ns, At safepoint: 3600 ns, Total: 38801 ns
[999.912s][info ][safepoint      ] Safepoint "Cleanup", Time since last: 1000131599 ns, Reaching safepoint: 15500 ns, Cleanup: 39401 ns, At safepoint: 4200 ns, Total: 59101 ns
[1002.912s][info ][safepoint      ] Safepoint "Cleanup", Time since last: 3000304696 ns, Reaching safepoint: 17400 ns, Cleanup: 20200 ns, At safepoint: 4501 ns, Total: 42101 ns
[1003.912s][info ][safepoint      ] Safepoint "Cleanup", Time since last: 1000141699 ns, Reaching safepoint: 19200 ns, Cleanup: 21001 ns, At safepoint: 4500 ns, Total: 44701 ns
[1004.912s][info ][safepoint      ] Safepoint "Cleanup", Time since last: 1000148898 ns, Reaching safepoint: 14300 ns, Cleanup: 14300 ns, At safepoint: 3600 ns, Total: 32200 ns
[1005.912s][info ][safepoint      ] Safepoint "Cleanup", Time since last: 1000184099 ns, Reaching safepoint: 13400 ns, Cleanup: 17300 ns, At safepoint: 4000 ns, Total: 34700 ns
[1006.913s][info ][safepoint      ] Safepoint "Cleanup", Time since last: 1000153798 ns, Reaching safepoint: 15800 ns, Cleanup: 17700 ns, At safepoint: 3900 ns, Total: 37400 ns
[1007.913s][info ][safepoint      ] Safepoint "Cleanup", Time since last: 1000189499 ns, Reaching safepoint: 16600 ns, Cleanup: 22200 ns, At safepoint: 4100 ns, Total: 42900 ns
[1010.913s][info ][safepoint      ] Safepoint "Cleanup", Time since last: 3000301090 ns, Reaching safepoint: 14900 ns, Cleanup: 11901 ns, At safepoint: 4300 ns, Total: 31101 ns
[1012.913s][info ][safepoint      ] Safepoint "Cleanup", Time since last: 2000217298 ns, Reaching safepoint: 15600 ns, Cleanup: 43601 ns, At safepoint: 3200 ns, Total: 62401 ns
[1015.914s][info ][safepoint      ] Safepoint "Cleanup", Time since last: 3000317933 ns, Reaching safepoint: 14700 ns, Cleanup: 17800 ns, At safepoint: 3700 ns, Total: 36200 ns
[1016.914s][info ][safepoint      ] Safepoint "Cleanup", Time since last: 1000130678 ns, Reaching safepoint: 13101 ns, Cleanup: 14900 ns, At safepoint: 3600 ns, Total: 31601 ns
[1021.570s][info ][safepoint      ] Safepoint "Cleanup", Time since last: 4656052263 ns, Reaching safepoint: 12301 ns, Cleanup: 12200 ns, At safepoint: 3600 ns, Total: 28101 ns
[1022.570s][info ][safepoint      ] Safepoint "Cleanup", Time since last: 1000128257 ns, Reaching safepoint: 14000 ns, Cleanup: 15100 ns, At safepoint: 3301 ns, Total: 32401 ns
[1023.570s][info ][safepoint      ] Safepoint "Cleanup", Time since last: 1000173257 ns, Reaching safepoint: 13601 ns, Cleanup: 14900 ns, At safepoint: 4000 ns, Total: 32501 ns
[1024.571s][info ][safepoint      ] Safepoint "Cleanup", Time since last: 1000154457 ns, Reaching safepoint: 12901 ns, Cleanup: 13300 ns, At safepoint: 3100 ns, Total: 29301 ns
[1025.571s][info ][safepoint      ] Safepoint "Cleanup", Time since last: 1000209758 ns, Reaching safepoint: 14201 ns, Cleanup: 19600 ns, At safepoint: 4000 ns, Total: 37801 ns
[1026.571s][info ][safepoint      ] Safepoint "Cleanup", Time since last: 1000185958 ns, Reaching safepoint: 12300 ns, Cleanup: 19101 ns, At safepoint: 4300 ns, Total: 35701 ns
[1029.572s][info ][safepoint      ] Safepoint "Cleanup", Time since last: 3000453637 ns, Reaching safepoint: 13300 ns, Cleanup: 15901 ns, At safepoint: 3900 ns, Total: 33101 ns
[1038.573s][info ][safepoint      ] Safepoint "Cleanup", Time since last: 9001075257 ns, Reaching safepoint: 15501 ns, Cleanup: 15700 ns, At safepoint: 3200 ns, Total: 34401 ns
[1040.573s][info ][safepoint      ] Safepoint "Cleanup", Time since last: 2000217142 ns, Reaching safepoint: 12001 ns, Cleanup: 13200 ns, At safepoint: 3000 ns, Total: 28201 ns
[1041.573s][info ][safepoint      ] Safepoint "Cleanup", Time since last: 1000166522 ns, Reaching safepoint: 16600 ns, Cleanup: 15801 ns, At safepoint: 5400 ns, Total: 37801 ns
[1042.573s][info ][safepoint      ] Safepoint "Cleanup", Time since last: 1000133121 ns, Reaching safepoint: 14501 ns, Cleanup: 15600 ns, At safepoint: 3100 ns, Total: 33201 ns
[1045.574s][info ][safepoint      ] Safepoint "Cleanup", Time since last: 3000356221 ns, Reaching safepoint: 15800 ns, Cleanup: 14801 ns, At safepoint: 3400 ns, Total: 34001 ns
[1047.278s][info ][gc,start       ] GC(33) Pause Young (Allocation Failure)
[1047.296s][debug][gc,phases      ] GC(33) Scavenge 18.071ms
[1047.296s][debug][gc,ref         ] GC(33) ReferenceProcessor::execute queues: 1, RefProcThreadModel::Single, marks_oops_alive: false
[1047.296s][debug][gc,ref         ] GC(33) Skipped KeepAliveFinalRefsPhase of Reference Processing: no references
[1047.296s][debug][gc,ref         ] GC(33) ReferenceProcessor::execute queues: 1, RefProcThreadModel::Single, marks_oops_alive: false
[1047.296s][debug][gc,phases      ] GC(33) Reference Processing 0.164ms
[1047.296s][debug][gc,phases      ] GC(33)   VM Weak                        Min:  0.0, Avg:  0.0, Max:  0.0, Diff:  0.0, Sum:  0.0, Workers: 4
[1047.296s][debug][gc,phases      ] GC(33)     Dead                           Min: 0, Avg:  0.0, Max: 0, Diff: 0, Sum: 0, Workers: 4
[1047.296s][debug][gc,phases      ] GC(33)     Total                          Min: 0, Avg: 256.5, Max: 642, Diff: 642, Sum: 1026, Workers: 4
[1047.296s][debug][gc,phases      ] GC(33)   ObjectSynchronizer Weak        Min:  0.0, Avg:  0.0, Max:  0.0, Diff:  0.0, Sum:  0.0, Workers: 4
[1047.296s][debug][gc,phases      ] GC(33)     Dead                           Min: 0, Avg:  0.0, Max: 0, Diff: 0, Sum: 0, Workers: 4
[1047.296s][debug][gc,phases      ] GC(33)     Total                          Min: 0, Avg:  1.0, Max: 4, Diff: 4, Sum: 4, Workers: 4
[1047.296s][debug][gc,phases      ] GC(33)   JVMTI Tag Weak OopStorage      Min:  0.0, Avg:  0.0, Max:  0.0, Diff:  0.0, Sum:  0.0, Workers: 4
[1047.296s][debug][gc,phases      ] GC(33)     Dead                           Min: 0, Avg:  0.0, Max: 0, Diff: 0, Sum: 0, Workers: 4
[1047.296s][debug][gc,phases      ] GC(33)     Total                          Min: 0, Avg:  0.0, Max: 0, Diff: 0, Sum: 0, Workers: 4
[1047.296s][debug][gc,phases      ] GC(33)   StringTable Weak               Min:  0.1, Avg:  0.1, Max:  0.1, Diff:  0.0, Sum:  0.5, Workers: 4
[1047.296s][debug][gc,phases      ] GC(33)     Dead                           Min: 0, Avg:  0.5, Max: 1, Diff: 1, Sum: 2, Workers: 4
[1047.296s][debug][gc,phases      ] GC(33)     Total                          Min: 10944, Avg: 12342.5, Max: 13760, Diff: 2816, Sum: 49370, Workers: 4
[1047.296s][debug][gc,phases      ] GC(33)   ResolvedMethodTable Weak       Min:  0.0, Avg:  0.0, Max:  0.0, Diff:  0.0, Sum:  0.2, Workers: 4
[1047.296s][debug][gc,phases      ] GC(33)     Dead                           Min: 14, Avg: 22.0, Max: 38, Diff: 24, Sum: 88, Workers: 4
[1047.296s][debug][gc,phases      ] GC(33)     Total                          Min: 3359, Avg: 3966.5, Max: 4413, Diff: 1054, Sum: 15866, Workers: 4
[1047.296s][debug][gc,phases      ] GC(33)   JNI Weak                       Min:  0.0, Avg:  0.0, Max:  0.0, Diff:  0.0, Sum:  0.0, Workers: 4
[1047.296s][debug][gc,phases      ] GC(33)     Dead                           Min: 0, Avg:  0.0, Max: 0, Diff: 0, Sum: 0, Workers: 4
[1047.296s][debug][gc,phases      ] GC(33)     Total                          Min: 0, Avg: 13.0, Max: 52, Diff: 52, Sum: 52, Workers: 4
[1047.297s][debug][gc,phases      ] GC(33)   StringDedup Table Weak         Min:  0.0, Avg:  0.0, Max:  0.0, Diff:  0.0, Sum:  0.0, Workers: 4
[1047.297s][debug][gc,phases      ] GC(33)     Dead                           Min: 0, Avg:  0.0, Max: 0, Diff: 0, Sum: 0, Workers: 4
[1047.297s][debug][gc,phases      ] GC(33)     Total                          Min: 0, Avg:  0.0, Max: 0, Diff: 0, Sum: 0, Workers: 4
[1047.297s][debug][gc,phases      ] GC(33)   StringDedup Requests0 Weak     Min:  0.0, Avg:  0.0, Max:  0.0, Diff:  0.0, Sum:  0.0, Workers: 4
[1047.297s][debug][gc,phases      ] GC(33)     Dead                           Min: 0, Avg:  0.0, Max: 0, Diff: 0, Sum: 0, Workers: 4
[1047.297s][debug][gc,phases      ] GC(33)     Total                          Min: 0, Avg:  0.0, Max: 0, Diff: 0, Sum: 0, Workers: 4
[1047.297s][debug][gc,phases      ] GC(33)   StringDedup Requests1 Weak     Min:  0.0, Avg:  0.0, Max:  0.0, Diff:  0.0, Sum:  0.0, Workers: 4
[1047.297s][debug][gc,phases      ] GC(33)     Dead                           Min: 0, Avg:  0.0, Max: 0, Diff: 0, Sum: 0, Workers: 4
[1047.297s][debug][gc,phases      ] GC(33)     Total                          Min: 0, Avg:  0.0, Max: 0, Diff: 0, Sum: 0, Workers: 4
[1047.297s][debug][gc,phases      ] GC(33)   Weak JFR Old Object Samples    Min:  0.0, Avg:  0.0, Max:  0.0, Diff:  0.0, Sum:  0.0, Workers: 4
[1047.297s][debug][gc,phases      ] GC(33)     Dead                           Min: 0, Avg:  0.0, Max: 0, Diff: 0, Sum: 0, Workers: 4
[1047.297s][debug][gc,phases      ] GC(33)     Total                          Min: 0, Avg:  0.0, Max: 0, Diff: 0, Sum: 0, Workers: 4
[1047.297s][debug][gc,phases      ] GC(33) Weak Processing 0.381ms
[1047.297s][debug][gc,age         ] GC(33) Desired survivor size 112197632 bytes, new threshold 1 (max threshold 15)
[1047.297s][info ][gc,heap        ] GC(33) PSYoungGen: 1862754K(1965568K)->8624K(1987584K) Eden: 1841664K(1841664K)->0K(1872384K) From: 21090K(123904K)->8624K(115200K)
[1047.297s][info ][gc,heap        ] GC(33) ParOldGen: 474000K(474112K)->492007K(492032K)
[1047.297s][info ][gc,metaspace   ] GC(33) Metaspace: 111966K(113344K)->111966K(113344K) NonClass: 95093K(95872K)->95093K(95872K) Class: 16872K(17472K)->16872K(17472K)
[1047.297s][info ][gc             ] GC(33) Pause Young (Allocation Failure) 2281M->488M(2421M) 18.758ms
[1047.297s][info ][gc,cpu         ] GC(33) User=0.06s Sys=0.01s Real=0.02s
[1047.297s][info ][safepoint      ] Safepoint "ParallelGCFailedAllocation", Time since last: 1704024968 ns, Reaching safepoint: 86501 ns, Cleanup: 5300 ns, At safepoint: 18847149 ns, Total: 18938950 ns
[1048.297s][info ][safepoint      ] Safepoint "Cleanup", Time since last: 1000141769 ns, Reaching safepoint: 13100 ns, Cleanup: 14401 ns, At safepoint: 3600 ns, Total: 31101 ns
[1049.297s][info ][safepoint      ] Safepoint "Cleanup", Time since last: 1000185870 ns, Reaching safepoint: 12900 ns, Cleanup: 14500 ns, At safepoint: 3701 ns, Total: 31101 ns
[1050.297s][info ][safepoint      ] Safepoint "Cleanup", Time since last: 1000272571 ns, Reaching safepoint: 13701 ns, Cleanup: 13400 ns, At safepoint: 3700 ns, Total: 30801 ns
[1051.851s][info ][safepoint      ] Safepoint "Cleanup", Time since last: 1553467088 ns, Reaching safepoint: 19000 ns, Cleanup: 145403 ns, At safepoint: 8500 ns, Total: 172903 ns
[1052.851s][info ][safepoint      ] Safepoint "Cleanup", Time since last: 1000208699 ns, Reaching safepoint: 11800 ns, Cleanup: 25800 ns, At safepoint: 10701 ns, Total: 48301 ns
[1053.851s][info ][safepoint      ] Safepoint "Cleanup", Time since last: 1000130729 ns, Reaching safepoint: 12801 ns, Cleanup: 48500 ns, At safepoint: 3501 ns, Total: 64802 ns
[1054.852s][info ][safepoint      ] Safepoint "Cleanup", Time since last: 1000207631 ns, Reaching safepoint: 11900 ns, Cleanup: 12800 ns, At safepoint: 3100 ns, Total: 27800 ns
[1055.852s][info ][safepoint      ] Safepoint "Cleanup", Time since last: 1000181031 ns, Reaching safepoint: 13800 ns, Cleanup: 14901 ns, At safepoint: 4000 ns, Total: 32701 ns
[1056.852s][info ][safepoint      ] Safepoint "Cleanup", Time since last: 1000137730 ns, Reaching safepoint: 16700 ns, Cleanup: 17300 ns, At safepoint: 4200 ns, Total: 38200 ns
[1058.852s][info ][safepoint      ] Safepoint "Cleanup", Time since last: 2000282060 ns, Reaching safepoint: 13000 ns, Cleanup: 10301 ns, At safepoint: 3800 ns, Total: 27101 ns
[1063.853s][info ][safepoint      ] Safepoint "Cleanup", Time since last: 5000466213 ns, Reaching safepoint: 12800 ns, Cleanup: 13200 ns, At safepoint: 3300 ns, Total: 29300 ns
[1064.853s][info ][safepoint      ] Safepoint "Cleanup", Time since last: 1000122505 ns, Reaching safepoint: 12100 ns, Cleanup: 15200 ns, At safepoint: 3500 ns, Total: 30800 ns
[1068.854s][info ][safepoint      ] Safepoint "Cleanup", Time since last: 4000466522 ns, Reaching safepoint: 90202 ns, Cleanup: 27300 ns, At safepoint: 12400 ns, Total: 129902 ns
[1069.854s][info ][safepoint      ] Safepoint "Cleanup", Time since last: 1000268592 ns, Reaching safepoint: 12501 ns, Cleanup: 20700 ns, At safepoint: 4300 ns, Total: 37501 ns
[1070.854s][info ][safepoint      ] Safepoint "Cleanup", Time since last: 1000120089 ns, Reaching safepoint: 13901 ns, Cleanup: 11700 ns, At safepoint: 5500 ns, Total: 31101 ns
[1071.854s][info ][safepoint      ] Safepoint "Cleanup", Time since last: 1000181690 ns, Reaching safepoint: 13301 ns, Cleanup: 13700 ns, At safepoint: 3600 ns, Total: 30601 ns
[1072.855s][info ][safepoint      ] Safepoint "Cleanup", Time since last: 1000120989 ns, Reaching safepoint: 87402 ns, Cleanup: 17500 ns, At safepoint: 15600 ns, Total: 120502 ns
[1073.855s][info ][safepoint      ] Safepoint "Cleanup", Time since last: 1000120990 ns, Reaching safepoint: 15800 ns, Cleanup: 55501 ns, At safepoint: 3300 ns, Total: 74601 ns
[1074.944s][info ][gc,start       ] GC(34) Pause Young (Allocation Failure)
[1074.963s][debug][gc,phases      ] GC(34) Scavenge 18.650ms
[1074.963s][debug][gc,ref         ] GC(34) ReferenceProcessor::execute queues: 1, RefProcThreadModel::Single, marks_oops_alive: false
[1074.963s][debug][gc,ref         ] GC(34) Skipped KeepAliveFinalRefsPhase of Reference Processing: no references
[1074.963s][debug][gc,ref         ] GC(34) ReferenceProcessor::execute queues: 1, RefProcThreadModel::Single, marks_oops_alive: false
[1074.963s][debug][gc,phases      ] GC(34) Reference Processing 0.106ms
[1074.963s][debug][gc,phases      ] GC(34)   VM Weak                        Min:  0.0, Avg:  0.0, Max:  0.0, Diff:  0.0, Sum:  0.0, Workers: 4
[1074.963s][debug][gc,phases      ] GC(34)     Dead                           Min: 0, Avg:  0.0, Max: 0, Diff: 0, Sum: 0, Workers: 4
[1074.963s][debug][gc,phases      ] GC(34)     Total                          Min: 0, Avg: 256.8, Max: 579, Diff: 579, Sum: 1027, Workers: 4
[1074.963s][debug][gc,phases      ] GC(34)   ObjectSynchronizer Weak        Min:  0.0, Avg:  0.0, Max:  0.0, Diff:  0.0, Sum:  0.0, Workers: 4
[1074.963s][debug][gc,phases      ] GC(34)     Dead                           Min: 0, Avg:  0.0, Max: 0, Diff: 0, Sum: 0, Workers: 4
[1074.963s][debug][gc,phases      ] GC(34)     Total                          Min: 0, Avg:  1.8, Max: 7, Diff: 7, Sum: 7, Workers: 4
[1074.963s][debug][gc,phases      ] GC(34)   JVMTI Tag Weak OopStorage      Min:  0.0, Avg:  0.0, Max:  0.0, Diff:  0.0, Sum:  0.0, Workers: 4
[1074.963s][debug][gc,phases      ] GC(34)     Dead                           Min: 0, Avg:  0.0, Max: 0, Diff: 0, Sum: 0, Workers: 4
[1074.963s][debug][gc,phases      ] GC(34)     Total                          Min: 0, Avg:  0.0, Max: 0, Diff: 0, Sum: 0, Workers: 4
[1074.963s][debug][gc,phases      ] GC(34)   StringTable Weak               Min:  0.1, Avg:  0.1, Max:  0.1, Diff:  0.0, Sum:  0.5, Workers: 4
[1074.963s][debug][gc,phases      ] GC(34)     Dead                           Min: 0, Avg:  0.5, Max: 2, Diff: 2, Sum: 2, Workers: 4
[1074.963s][debug][gc,phases      ] GC(34)     Total                          Min: 11071, Avg: 12350.5, Max: 13883, Diff: 2812, Sum: 49402, Workers: 4
[1074.963s][debug][gc,phases      ] GC(34)   ResolvedMethodTable Weak       Min:  0.0, Avg:  0.0, Max:  0.0, Diff:  0.0, Sum:  0.2, Workers: 4
[1074.963s][debug][gc,phases      ] GC(34)     Dead                           Min: 0, Avg:  5.8, Max: 17, Diff: 17, Sum: 23, Workers: 4
[1074.963s][debug][gc,phases      ] GC(34)     Total                          Min: 3451, Avg: 3975.8, Max: 4600, Diff: 1149, Sum: 15903, Workers: 4
[1074.964s][debug][gc,phases      ] GC(34)   JNI Weak                       Min:  0.0, Avg:  0.0, Max:  0.0, Diff:  0.0, Sum:  0.0, Workers: 4
[1074.964s][debug][gc,phases      ] GC(34)     Dead                           Min: 0, Avg:  0.0, Max: 0, Diff: 0, Sum: 0, Workers: 4
[1074.964s][debug][gc,phases      ] GC(34)     Total                          Min: 0, Avg: 13.0, Max: 52, Diff: 52, Sum: 52, Workers: 4
[1074.964s][debug][gc,phases      ] GC(34)   StringDedup Table Weak         Min:  0.0, Avg:  0.0, Max:  0.0, Diff:  0.0, Sum:  0.0, Workers: 4
[1074.964s][debug][gc,phases      ] GC(34)     Dead                           Min: 0, Avg:  0.0, Max: 0, Diff: 0, Sum: 0, Workers: 4
[1074.964s][debug][gc,phases      ] GC(34)     Total                          Min: 0, Avg:  0.0, Max: 0, Diff: 0, Sum: 0, Workers: 4
[1074.964s][debug][gc,phases      ] GC(34)   StringDedup Requests0 Weak     Min:  0.0, Avg:  0.0, Max:  0.0, Diff:  0.0, Sum:  0.0, Workers: 4
[1074.964s][debug][gc,phases      ] GC(34)     Dead                           Min: 0, Avg:  0.0, Max: 0, Diff: 0, Sum: 0, Workers: 4
[1074.964s][debug][gc,phases      ] GC(34)     Total                          Min: 0, Avg:  0.0, Max: 0, Diff: 0, Sum: 0, Workers: 4
[1074.964s][debug][gc,phases      ] GC(34)   StringDedup Requests1 Weak     Min:  0.0, Avg:  0.0, Max:  0.0, Diff:  0.0, Sum:  0.0, Workers: 4
[1074.964s][debug][gc,phases      ] GC(34)     Dead                           Min: 0, Avg:  0.0, Max: 0, Diff: 0, Sum: 0, Workers: 4
[1074.964s][debug][gc,phases      ] GC(34)     Total                          Min: 0, Avg:  0.0, Max: 0, Diff: 0, Sum: 0, Workers: 4
[1074.964s][debug][gc,phases      ] GC(34)   Weak JFR Old Object Samples    Min:  0.0, Avg:  0.0, Max:  0.0, Diff:  0.0, Sum:  0.0, Workers: 4
[1074.964s][debug][gc,phases      ] GC(34)     Dead                           Min: 0, Avg:  0.0, Max: 0, Diff: 0, Sum: 0, Workers: 4
[1074.964s][debug][gc,phases      ] GC(34)     Total                          Min: 0, Avg:  0.0, Max: 0, Diff: 0, Sum: 0, Workers: 4
[1074.964s][debug][gc,phases      ] GC(34) Weak Processing 0.367ms
[1074.964s][debug][gc,age         ] GC(34) Desired survivor size 105381888 bytes, new threshold 1 (max threshold 15)
[1074.964s][info ][gc,heap        ] GC(34) PSYoungGen: 1881008K(1987584K)->29680K(1981952K) Eden: 1872384K(1872384K)->0K(1872384K) From: 8624K(115200K)->29680K(109568K)
[1074.964s][info ][gc,heap        ] GC(34) ParOldGen: 492007K(492032K)->498172K(498176K)
[1074.964s][info ][gc,metaspace   ] GC(34) Metaspace: 112106K(113536K)->112106K(113536K) NonClass: 95219K(96000K)->95219K(96000K) Class: 16887K(17536K)->16887K(17536K)
[1074.964s][info ][gc             ] GC(34) Pause Young (Allocation Failure) 2317M->515M(2422M) 19.260ms
[1074.964s][info ][gc,cpu         ] GC(34) User=0.07s Sys=0.00s Real=0.02s
[1074.964s][info ][safepoint      ] Safepoint "ParallelGCFailedAllocation", Time since last: 1089476014 ns, Reaching safepoint: 90202 ns, Cleanup: 16700 ns, At safepoint: 19357252 ns, Total: 19464154 ns
[1075.964s][info ][safepoint      ] Safepoint "Cleanup", Time since last: 1000134090 ns, Reaching safepoint: 23000 ns, Cleanup: 40401 ns, At safepoint: 7100 ns, Total: 70501 ns
[1076.964s][info ][safepoint      ] Safepoint "Cleanup", Time since last: 1000210486 ns, Reaching safepoint: 85202 ns, Cleanup: 21800 ns, At safepoint: 8600 ns, Total: 115602 ns
[1077.964s][info ][safepoint      ] Safepoint "Cleanup", Time since last: 1000121966 ns, Reaching safepoint: 86902 ns, Cleanup: 31201 ns, At safepoint: 9200 ns, Total: 127303 ns
[1078.965s][info ][safepoint      ] Safepoint "Cleanup", Time since last: 1000577874 ns, Reaching safepoint: 95102 ns, Cleanup: 13500 ns, At safepoint: 30801 ns, Total: 139403 ns
[1079.966s][info ][safepoint      ] Safepoint "Cleanup", Time since last: 1000249468 ns, Reaching safepoint: 21001 ns, Cleanup: 32700 ns, At safepoint: 50401 ns, Total: 104102 ns
[1081.600s][info ][safepoint      ] Safepoint "Cleanup", Time since last: 1634651419 ns, Reaching safepoint: 16100 ns, Cleanup: 24700 ns, At safepoint: 3000 ns, Total: 43800 ns
[1082.601s][info ][safepoint      ] Safepoint "Cleanup", Time since last: 1000246269 ns, Reaching safepoint: 81001 ns, Cleanup: 24401 ns, At safepoint: 9900 ns, Total: 115302 ns
[1083.601s][info ][safepoint      ] Safepoint "Cleanup", Time since last: 1000180467 ns, Reaching safepoint: 18600 ns, Cleanup: 39801 ns, At safepoint: 7300 ns, Total: 65701 ns
[1084.601s][info ][safepoint      ] Safepoint "Cleanup", Time since last: 1000261579 ns, Reaching safepoint: 19301 ns, Cleanup: 36600 ns, At safepoint: 8200 ns, Total: 64101 ns
[1085.601s][info ][safepoint      ] Safepoint "Cleanup", Time since last: 1000224033 ns, Reaching safepoint: 11600 ns, Cleanup: 15300 ns, At safepoint: 4100 ns, Total: 31000 ns
[1085.928s][info ][gc,start       ] GC(35) Pause Young (Allocation Failure)
[1085.961s][debug][gc,phases      ] GC(35) Scavenge 32.612ms
[1085.961s][debug][gc,ref         ] GC(35) ReferenceProcessor::execute queues: 1, RefProcThreadModel::Single, marks_oops_alive: false
[1085.961s][debug][gc,ref         ] GC(35) Skipped KeepAliveFinalRefsPhase of Reference Processing: no references
[1085.961s][debug][gc,ref         ] GC(35) ReferenceProcessor::execute queues: 1, RefProcThreadModel::Single, marks_oops_alive: false
[1085.961s][debug][gc,phases      ] GC(35) Reference Processing 0.100ms
[1085.961s][debug][gc,phases      ] GC(35)   VM Weak                        Min:  0.0, Avg:  0.0, Max:  0.0, Diff:  0.0, Sum:  0.0, Workers: 4
[1085.961s][debug][gc,phases      ] GC(35)     Dead                           Min: 0, Avg:  0.0, Max: 0, Diff: 0, Sum: 0, Workers: 4
[1085.961s][debug][gc,phases      ] GC(35)     Total                          Min: 0, Avg: 256.8, Max: 963, Diff: 963, Sum: 1027, Workers: 4
[1085.961s][debug][gc,phases      ] GC(35)   ObjectSynchronizer Weak        Min:  0.0, Avg:  0.0, Max:  0.0, Diff:  0.0, Sum:  0.0, Workers: 4
[1085.961s][debug][gc,phases      ] GC(35)     Dead                           Min: 0, Avg:  0.0, Max: 0, Diff: 0, Sum: 0, Workers: 4
[1085.961s][debug][gc,phases      ] GC(35)     Total                          Min: 0, Avg:  1.0, Max: 4, Diff: 4, Sum: 4, Workers: 4
[1085.961s][debug][gc,phases      ] GC(35)   JVMTI Tag Weak OopStorage      Min:  0.0, Avg:  0.0, Max:  0.0, Diff:  0.0, Sum:  0.0, Workers: 4
[1085.961s][debug][gc,phases      ] GC(35)     Dead                           Min: 0, Avg:  0.0, Max: 0, Diff: 0, Sum: 0, Workers: 4
[1085.961s][debug][gc,phases      ] GC(35)     Total                          Min: 0, Avg:  0.0, Max: 0, Diff: 0, Sum: 0, Workers: 4
[1085.961s][debug][gc,phases      ] GC(35)   StringTable Weak               Min:  0.1, Avg:  0.1, Max:  0.1, Diff:  0.0, Sum:  0.5, Workers: 4
[1085.961s][debug][gc,phases      ] GC(35)     Dead                           Min: 0, Avg:  0.0, Max: 0, Diff: 0, Sum: 0, Workers: 4
[1085.961s][debug][gc,phases      ] GC(35)     Total                          Min: 11136, Avg: 12354.0, Max: 14280, Diff: 3144, Sum: 49416, Workers: 4
[1085.961s][debug][gc,phases      ] GC(35)   ResolvedMethodTable Weak       Min:  0.0, Avg:  0.0, Max:  0.0, Diff:  0.0, Sum:  0.2, Workers: 4
[1085.961s][debug][gc,phases      ] GC(35)     Dead                           Min: 0, Avg:  1.5, Max: 6, Diff: 6, Sum: 6, Workers: 4
[1085.961s][debug][gc,phases      ] GC(35)     Total                          Min: 3605, Avg: 3979.0, Max: 4278, Diff: 673, Sum: 15916, Workers: 4
[1085.961s][debug][gc,phases      ] GC(35)   JNI Weak                       Min:  0.0, Avg:  0.0, Max:  0.0, Diff:  0.0, Sum:  0.0, Workers: 4
[1085.961s][debug][gc,phases      ] GC(35)     Dead                           Min: 0, Avg:  0.0, Max: 0, Diff: 0, Sum: 0, Workers: 4
[1085.961s][debug][gc,phases      ] GC(35)     Total                          Min: 0, Avg: 13.0, Max: 52, Diff: 52, Sum: 52, Workers: 4
[1085.961s][debug][gc,phases      ] GC(35)   StringDedup Table Weak         Min:  0.0, Avg:  0.0, Max:  0.0, Diff:  0.0, Sum:  0.0, Workers: 4
[1085.961s][debug][gc,phases      ] GC(35)     Dead                           Min: 0, Avg:  0.0, Max: 0, Diff: 0, Sum: 0, Workers: 4
[1085.961s][debug][gc,phases      ] GC(35)     Total                          Min: 0, Avg:  0.0, Max: 0, Diff: 0, Sum: 0, Workers: 4
[1085.961s][debug][gc,phases      ] GC(35)   StringDedup Requests0 Weak     Min:  0.0, Avg:  0.0, Max:  0.0, Diff:  0.0, Sum:  0.0, Workers: 4
[1085.961s][debug][gc,phases      ] GC(35)     Dead                           Min: 0, Avg:  0.0, Max: 0, Diff: 0, Sum: 0, Workers: 4
[1085.961s][debug][gc,phases      ] GC(35)     Total                          Min: 0, Avg:  0.0, Max: 0, Diff: 0, Sum: 0, Workers: 4
[1085.961s][debug][gc,phases      ] GC(35)   StringDedup Requests1 Weak     Min:  0.0, Avg:  0.0, Max:  0.0, Diff:  0.0, Sum:  0.0, Workers: 4
[1085.962s][debug][gc,phases      ] GC(35)     Dead                           Min: 0, Avg:  0.0, Max: 0, Diff: 0, Sum: 0, Workers: 4
[1085.962s][debug][gc,phases      ] GC(35)     Total                          Min: 0, Avg:  0.0, Max: 0, Diff: 0, Sum: 0, Workers: 4
[1085.962s][debug][gc,phases      ] GC(35)   Weak JFR Old Object Samples    Min:  0.0, Avg:  0.0, Max:  0.0, Diff:  0.0, Sum:  0.0, Workers: 4
[1085.962s][debug][gc,phases      ] GC(35)     Dead                           Min: 0, Avg:  0.0, Max: 0, Diff: 0, Sum: 0, Workers: 4
[1085.962s][debug][gc,phases      ] GC(35)     Total                          Min: 0, Avg:  0.0, Max: 0, Diff: 0, Sum: 0, Workers: 4
[1085.962s][debug][gc,phases      ] GC(35) Weak Processing 0.374ms
[1085.962s][debug][gc,age         ] GC(35) Desired survivor size 101187584 bytes, new threshold 1 (max threshold 15)
[1085.962s][info ][gc,heap        ] GC(35) PSYoungGen: 1902064K(1981952K)->34976K(1998336K) Eden: 1872384K(1872384K)->0K(1895424K) From: 29680K(109568K)->34976K(102912K)
[1085.962s][info ][gc,heap        ] GC(35) ParOldGen: 498172K(498176K)->522032K(522240K)
[1085.962s][info ][gc,metaspace   ] GC(35) Metaspace: 112224K(113664K)->112224K(113664K) NonClass: 95331K(96128K)->95331K(96128K) Class: 16893K(17536K)->16893K(17536K)
[1085.962s][info ][gc             ] GC(35) Pause Young (Allocation Failure) 2343M->543M(2461M) 33.222ms
[1085.962s][info ][gc,cpu         ] GC(35) User=0.12s Sys=0.01s Real=0.04s
[1085.962s][info ][safepoint      ] Safepoint "ParallelGCFailedAllocation", Time since last: 326792322 ns, Reaching safepoint: 103802 ns, Cleanup: 6100 ns, At safepoint: 33342915 ns, Total: 33452817 ns
[1086.962s][info ][safepoint      ] Safepoint "Cleanup", Time since last: 1000156431 ns, Reaching safepoint: 13500 ns, Cleanup: 14100 ns, At safepoint: 4200 ns, Total: 31800 ns
[1087.962s][info ][safepoint      ] Safepoint "Cleanup", Time since last: 1000203532 ns, Reaching safepoint: 13300 ns, Cleanup: 12301 ns, At safepoint: 3200 ns, Total: 28801 ns
[1088.962s][info ][safepoint      ] Safepoint "Cleanup", Time since last: 1000119530 ns, Reaching safepoint: 13100 ns, Cleanup: 14701 ns, At safepoint: 3600 ns, Total: 31401 ns
[1089.962s][info ][safepoint      ] Safepoint "Cleanup", Time since last: 1000190231 ns, Reaching safepoint: 14100 ns, Cleanup: 11801 ns, At safepoint: 3700 ns, Total: 29601 ns
[1090.963s][info ][safepoint      ] Safepoint "Cleanup", Time since last: 1000148131 ns, Reaching safepoint: 15300 ns, Cleanup: 19100 ns, At safepoint: 4000 ns, Total: 38400 ns
[1091.963s][info ][safepoint      ] Safepoint "Cleanup", Time since last: 1000179932 ns, Reaching safepoint: 14500 ns, Cleanup: 16100 ns, At safepoint: 4300 ns, Total: 34900 ns
[1092.963s][info ][safepoint      ] Safepoint "Cleanup", Time since last: 1000126672 ns, Reaching safepoint: 13400 ns, Cleanup: 15900 ns, At safepoint: 3601 ns, Total: 32901 ns
[1093.963s][info ][safepoint      ] Safepoint "Cleanup", Time since last: 1000183607 ns, Reaching safepoint: 14200 ns, Cleanup: 16200 ns, At safepoint: 4100 ns, Total: 34500 ns
[1094.963s][info ][safepoint      ] Safepoint "Cleanup", Time since last: 1000135807 ns, Reaching safepoint: 13800 ns, Cleanup: 13500 ns, At safepoint: 3500 ns, Total: 30800 ns
[1095.964s][info ][safepoint      ] Safepoint "Cleanup", Time since last: 1000140707 ns, Reaching safepoint: 12600 ns, Cleanup: 15700 ns, At safepoint: 3400 ns, Total: 31700 ns
[1096.964s][info ][safepoint      ] Safepoint "Cleanup", Time since last: 1000142207 ns, Reaching safepoint: 13700 ns, Cleanup: 15300 ns, At safepoint: 3900 ns, Total: 32900 ns
[1097.964s][info ][safepoint      ] Safepoint "Cleanup", Time since last: 1000126807 ns, Reaching safepoint: 13800 ns, Cleanup: 28400 ns, At safepoint: 3700 ns, Total: 45900 ns
[1098.964s][info ][safepoint      ] Safepoint "Cleanup", Time since last: 1000120206 ns, Reaching safepoint: 12401 ns, Cleanup: 11400 ns, At safepoint: 2700 ns, Total: 26501 ns
[1099.964s][info ][safepoint      ] Safepoint "Cleanup", Time since last: 1000256309 ns, Reaching safepoint: 17700 ns, Cleanup: 21300 ns, At safepoint: 7800 ns, Total: 46800 ns
[1100.965s][info ][safepoint      ] Safepoint "Cleanup", Time since last: 1000157663 ns, Reaching safepoint: 15301 ns, Cleanup: 20500 ns, At safepoint: 3000 ns, Total: 38801 ns
[1101.965s][info ][safepoint      ] Safepoint "Cleanup", Time since last: 1000115419 ns, Reaching safepoint: 90702 ns, Cleanup: 13100 ns, At safepoint: 7000 ns, Total: 110802 ns
[1103.899s][info ][gc,start       ] GC(36) Pause Young (Allocation Failure)
[1103.933s][debug][gc,phases      ] GC(36) Scavenge 33.886ms
[1103.933s][debug][gc,ref         ] GC(36) Skipped SoftWeakFinalRefsPhase of Reference Processing: no references
[1103.933s][debug][gc,ref         ] GC(36) Skipped KeepAliveFinalRefsPhase of Reference Processing: no references
[1103.933s][debug][gc,ref         ] GC(36) ReferenceProcessor::execute queues: 1, RefProcThreadModel::Single, marks_oops_alive: false
[1103.933s][debug][gc,phases      ] GC(36) Reference Processing 0.097ms
[1103.933s][debug][gc,phases      ] GC(36)   VM Weak                        Min:  0.0, Avg:  0.0, Max:  0.0, Diff:  0.0, Sum:  0.0, Workers: 4
[1103.933s][debug][gc,phases      ] GC(36)     Dead                           Min: 0, Avg:  0.0, Max: 0, Diff: 0, Sum: 0, Workers: 4
[1103.934s][debug][gc,phases      ] GC(36)     Total                          Min: 0, Avg: 256.8, Max: 515, Diff: 515, Sum: 1027, Workers: 4
[1103.934s][debug][gc,phases      ] GC(36)   ObjectSynchronizer Weak        Min:  0.0, Avg:  0.0, Max:  0.0, Diff:  0.0, Sum:  0.0, Workers: 4
[1103.934s][debug][gc,phases      ] GC(36)     Dead                           Min: 0, Avg:  0.0, Max: 0, Diff: 0, Sum: 0, Workers: 4
[1103.934s][debug][gc,phases      ] GC(36)     Total                          Min: 0, Avg:  1.5, Max: 6, Diff: 6, Sum: 6, Workers: 4
[1103.934s][debug][gc,phases      ] GC(36)   JVMTI Tag Weak OopStorage      Min:  0.0, Avg:  0.0, Max:  0.0, Diff:  0.0, Sum:  0.0, Workers: 4
[1103.934s][debug][gc,phases      ] GC(36)     Dead                           Min: 0, Avg:  0.0, Max: 0, Diff: 0, Sum: 0, Workers: 4
[1103.934s][debug][gc,phases      ] GC(36)     Total                          Min: 0, Avg:  0.0, Max: 0, Diff: 0, Sum: 0, Workers: 4
[1103.934s][debug][gc,phases      ] GC(36)   StringTable Weak               Min:  0.1, Avg:  0.1, Max:  0.1, Diff:  0.0, Sum:  0.5, Workers: 4
[1103.934s][debug][gc,phases      ] GC(36)     Dead                           Min: 0, Avg:  0.0, Max: 0, Diff: 0, Sum: 0, Workers: 4
[1103.934s][debug][gc,phases      ] GC(36)     Total                          Min: 11072, Avg: 12357.5, Max: 13888, Diff: 2816, Sum: 49430, Workers: 4
[1103.934s][debug][gc,phases      ] GC(36)   ResolvedMethodTable Weak       Min:  0.0, Avg:  0.0, Max:  0.0, Diff:  0.0, Sum:  0.2, Workers: 4
[1103.934s][debug][gc,phases      ] GC(36)     Dead                           Min: 0, Avg:  4.0, Max: 8, Diff: 8, Sum: 16, Workers: 4
[1103.934s][debug][gc,phases      ] GC(36)     Total                          Min: 3516, Avg: 3979.0, Max: 4487, Diff: 971, Sum: 15916, Workers: 4
[1103.934s][debug][gc,phases      ] GC(36)   JNI Weak                       Min:  0.0, Avg:  0.0, Max:  0.0, Diff:  0.0, Sum:  0.0, Workers: 4
[1103.934s][debug][gc,phases      ] GC(36)     Dead                           Min: 0, Avg:  0.0, Max: 0, Diff: 0, Sum: 0, Workers: 4
[1103.934s][debug][gc,phases      ] GC(36)     Total                          Min: 0, Avg: 13.0, Max: 52, Diff: 52, Sum: 52, Workers: 4
[1103.934s][debug][gc,phases      ] GC(36)   StringDedup Table Weak         Min:  0.0, Avg:  0.0, Max:  0.0, Diff:  0.0, Sum:  0.0, Workers: 4
[1103.934s][debug][gc,phases      ] GC(36)     Dead                           Min: 0, Avg:  0.0, Max: 0, Diff: 0, Sum: 0, Workers: 4
[1103.934s][debug][gc,phases      ] GC(36)     Total                          Min: 0, Avg:  0.0, Max: 0, Diff: 0, Sum: 0, Workers: 4
[1103.934s][debug][gc,phases      ] GC(36)   StringDedup Requests0 Weak     Min:  0.0, Avg:  0.0, Max:  0.0, Diff:  0.0, Sum:  0.0, Workers: 4
[1103.934s][debug][gc,phases      ] GC(36)     Dead                           Min: 0, Avg:  0.0, Max: 0, Diff: 0, Sum: 0, Workers: 4
[1103.934s][debug][gc,phases      ] GC(36)     Total                          Min: 0, Avg:  0.0, Max: 0, Diff: 0, Sum: 0, Workers: 4
[1103.934s][debug][gc,phases      ] GC(36)   StringDedup Requests1 Weak     Min:  0.0, Avg:  0.0, Max:  0.0, Diff:  0.0, Sum:  0.0, Workers: 4
[1103.934s][debug][gc,phases      ] GC(36)     Dead                           Min: 0, Avg:  0.0, Max: 0, Diff: 0, Sum: 0, Workers: 4
[1103.934s][debug][gc,phases      ] GC(36)     Total                          Min: 0, Avg:  0.0, Max: 0, Diff: 0, Sum: 0, Workers: 4
[1103.934s][debug][gc,phases      ] GC(36)   Weak JFR Old Object Samples    Min:  0.0, Avg:  0.0, Max:  0.0, Diff:  0.0, Sum:  0.0, Workers: 4
[1103.934s][debug][gc,phases      ] GC(36)     Dead                           Min: 0, Avg:  0.0, Max: 0, Diff: 0, Sum: 0, Workers: 4
[1103.934s][debug][gc,phases      ] GC(36)     Total                          Min: 0, Avg:  0.0, Max: 0, Diff: 0, Sum: 0, Workers: 4
[1103.934s][debug][gc,phases      ] GC(36) Weak Processing 0.392ms
[1103.934s][debug][gc,age         ] GC(36) Desired survivor size 95420416 bytes, new threshold 1 (max threshold 15)
[1103.934s][info ][gc,heap        ] GC(36) PSYoungGen: 1930400K(1998336K)->31408K(1994240K) Eden: 1895424K(1895424K)->0K(1895424K) From: 34976K(102912K)->31408K(98816K)
[1103.934s][info ][gc,heap        ] GC(36) ParOldGen: 522032K(522240K)->554460K(554496K)
[1103.934s][info ][gc,metaspace   ] GC(36) Metaspace: 112247K(113664K)->112247K(113664K) NonClass: 95353K(96128K)->95353K(96128K) Class: 16893K(17536K)->16893K(17536K)
[1103.934s][info ][gc             ] GC(36) Pause Young (Allocation Failure) 2394M->572M(2489M) 34.516ms
[1103.934s][info ][gc,cpu         ] GC(36) User=0.11s Sys=0.02s Real=0.03s
[1103.934s][info ][safepoint      ] Safepoint "ParallelGCFailedAllocation", Time since last: 1934228624 ns, Reaching safepoint: 87301 ns, Cleanup: 15501 ns, At safepoint: 34611737 ns, Total: 34714539 ns
[1104.934s][info ][safepoint      ] Safepoint "Cleanup", Time since last: 1000093119 ns, Reaching safepoint: 15801 ns, Cleanup: 19500 ns, At safepoint: 3000 ns, Total: 38301 ns
[1105.936s][info ][safepoint      ] Safepoint "Cleanup", Time since last: 1001659148 ns, Reaching safepoint: 99302 ns, Cleanup: 11000 ns, At safepoint: 26500 ns, Total: 136802 ns
[1106.936s][info ][safepoint      ] Safepoint "Cleanup", Time since last: 1000136920 ns, Reaching safepoint: 12701 ns, Cleanup: 41100 ns, At safepoint: 4100 ns, Total: 57901 ns
[1107.936s][info ][safepoint      ] Safepoint "Cleanup", Time since last: 1000127920 ns, Reaching safepoint: 12400 ns, Cleanup: 16701 ns, At safepoint: 3300 ns, Total: 32401 ns
[1108.936s][info ][safepoint      ] Safepoint "Cleanup", Time since last: 1000235645 ns, Reaching safepoint: 13100 ns, Cleanup: 12901 ns, At safepoint: 3300 ns, Total: 29301 ns
[1109.937s][info ][safepoint      ] Safepoint "Cleanup", Time since last: 1000204772 ns, Reaching safepoint: 35801 ns, Cleanup: 15400 ns, At safepoint: 3300 ns, Total: 54501 ns
[1110.937s][info ][safepoint      ] Safepoint "Cleanup", Time since last: 1000174072 ns, Reaching safepoint: 11300 ns, Cleanup: 13200 ns, At safepoint: 3500 ns, Total: 28000 ns
[1111.937s][info ][safepoint      ] Safepoint "Cleanup", Time since last: 1000218373 ns, Reaching safepoint: 96102 ns, Cleanup: 20100 ns, At safepoint: 48101 ns, Total: 164303 ns
[1112.937s][info ][safepoint      ] Safepoint "Cleanup", Time since last: 1000277173 ns, Reaching safepoint: 14101 ns, Cleanup: 25200 ns, At safepoint: 3400 ns, Total: 42701 ns
[1113.938s][info ][safepoint      ] Safepoint "Cleanup", Time since last: 1000195872 ns, Reaching safepoint: 13001 ns, Cleanup: 26400 ns, At safepoint: 3500 ns, Total: 42901 ns
[1114.938s][info ][safepoint      ] Safepoint "Cleanup", Time since last: 1000132671 ns, Reaching safepoint: 15800 ns, Cleanup: 16201 ns, At safepoint: 3400 ns, Total: 35401 ns
[1116.938s][info ][safepoint      ] Safepoint "Cleanup", Time since last: 2000334343 ns, Reaching safepoint: 90702 ns, Cleanup: 53001 ns, At safepoint: 10800 ns, Total: 154503 ns
[1117.939s][info ][safepoint      ] Safepoint "Cleanup", Time since last: 1000236874 ns, Reaching safepoint: 19100 ns, Cleanup: 44801 ns, At safepoint: 8100 ns, Total: 72001 ns
[1118.939s][info ][safepoint      ] Safepoint "Cleanup", Time since last: 1000275375 ns, Reaching safepoint: 20600 ns, Cleanup: 42001 ns, At safepoint: 7400 ns, Total: 70001 ns
[1119.939s][info ][safepoint      ] Safepoint "Cleanup", Time since last: 1000262374 ns, Reaching safepoint: 18301 ns, Cleanup: 39700 ns, At safepoint: 7600 ns, Total: 65601 ns
[1120.940s][info ][safepoint      ] Safepoint "Cleanup", Time since last: 1000229774 ns, Reaching safepoint: 11200 ns, Cleanup: 30201 ns, At safepoint: 3700 ns, Total: 45101 ns
[1121.940s][info ][safepoint      ] Safepoint "Cleanup", Time since last: 1000186373 ns, Reaching safepoint: 14700 ns, Cleanup: 21700 ns, At safepoint: 3301 ns, Total: 39701 ns
[1123.940s][info ][safepoint      ] Safepoint "Cleanup", Time since last: 2000262043 ns, Reaching safepoint: 11300 ns, Cleanup: 10101 ns, At safepoint: 2600 ns, Total: 24001 ns
[1124.940s][info ][safepoint      ] Safepoint "Cleanup", Time since last: 1000233062 ns, Reaching safepoint: 19700 ns, Cleanup: 37501 ns, At safepoint: 8500 ns, Total: 65701 ns
[1125.941s][info ][safepoint      ] Safepoint "Cleanup", Time since last: 1000148447 ns, Reaching safepoint: 14200 ns, Cleanup: 24701 ns, At safepoint: 3000 ns, Total: 41901 ns
[1126.941s][info ][safepoint      ] Safepoint "Cleanup", Time since last: 1000124246 ns, Reaching safepoint: 15000 ns, Cleanup: 13600 ns, At safepoint: 3000 ns, Total: 31600 ns
[1127.941s][info ][safepoint      ] Safepoint "Cleanup", Time since last: 1000116547 ns, Reaching safepoint: 14700 ns, Cleanup: 20100 ns, At safepoint: 3000 ns, Total: 37800 ns
[1128.941s][info ][safepoint      ] Safepoint "Cleanup", Time since last: 1000188148 ns, Reaching safepoint: 13500 ns, Cleanup: 11000 ns, At safepoint: 3000 ns, Total: 27500 ns
[1132.942s][info ][safepoint      ] Safepoint "Cleanup", Time since last: 4000716777 ns, Reaching safepoint: 19101 ns, Cleanup: 20700 ns, At safepoint: 7800 ns, Total: 47601 ns
[1134.942s][info ][safepoint      ] Safepoint "Cleanup", Time since last: 2000384739 ns, Reaching safepoint: 20301 ns, Cleanup: 26200 ns, At safepoint: 7700 ns, Total: 54201 ns
[1135.828s][info ][gc,start       ] GC(37) Pause Young (Allocation Failure)
[1135.860s][debug][gc,phases      ] GC(37) Scavenge 31.672ms
[1135.860s][debug][gc,ref         ] GC(37) ReferenceProcessor::execute queues: 1, RefProcThreadModel::Single, marks_oops_alive: false
[1135.860s][debug][gc,ref         ] GC(37) Skipped KeepAliveFinalRefsPhase of Reference Processing: no references
[1135.860s][debug][gc,ref         ] GC(37) ReferenceProcessor::execute queues: 1, RefProcThreadModel::Single, marks_oops_alive: false
[1135.860s][debug][gc,phases      ] GC(37) Reference Processing 0.132ms
[1135.860s][debug][gc,phases      ] GC(37)   VM Weak                        Min:  0.0, Avg:  0.0, Max:  0.0, Diff:  0.0, Sum:  0.0, Workers: 4
[1135.860s][debug][gc,phases      ] GC(37)     Dead                           Min: 0, Avg:  0.0, Max: 0, Diff: 0, Sum: 0, Workers: 4
[1135.860s][debug][gc,phases      ] GC(37)     Total                          Min: 0, Avg: 257.2, Max: 832, Diff: 832, Sum: 1029, Workers: 4
[1135.861s][debug][gc,phases      ] GC(37)   ObjectSynchronizer Weak        Min:  0.0, Avg:  0.0, Max:  0.0, Diff:  0.0, Sum:  0.0, Workers: 4
[1135.861s][debug][gc,phases      ] GC(37)     Dead                           Min: 0, Avg:  0.0, Max: 0, Diff: 0, Sum: 0, Workers: 4
[1135.861s][debug][gc,phases      ] GC(37)     Total                          Min: 0, Avg:  1.5, Max: 6, Diff: 6, Sum: 6, Workers: 4
[1135.861s][debug][gc,phases      ] GC(37)   JVMTI Tag Weak OopStorage      Min:  0.0, Avg:  0.0, Max:  0.0, Diff:  0.0, Sum:  0.0, Workers: 4
[1135.861s][debug][gc,phases      ] GC(37)     Dead                           Min: 0, Avg:  0.0, Max: 0, Diff: 0, Sum: 0, Workers: 4
[1135.861s][debug][gc,phases      ] GC(37)     Total                          Min: 0, Avg:  0.0, Max: 0, Diff: 0, Sum: 0, Workers: 4
[1135.861s][debug][gc,phases      ] GC(37)   StringTable Weak               Min:  0.1, Avg:  0.1, Max:  0.1, Diff:  0.0, Sum:  0.5, Workers: 4
[1135.861s][debug][gc,phases      ] GC(37)     Dead                           Min: 0, Avg:  0.5, Max: 1, Diff: 1, Sum: 2, Workers: 4
[1135.861s][debug][gc,phases      ] GC(37)     Total                          Min: 11457, Avg: 12384.2, Max: 14272, Diff: 2815, Sum: 49537, Workers: 4
[1135.861s][debug][gc,phases      ] GC(37)   ResolvedMethodTable Weak       Min:  0.0, Avg:  0.0, Max:  0.0, Diff:  0.0, Sum:  0.2, Workers: 4
[1135.861s][debug][gc,phases      ] GC(37)     Dead                           Min: 1, Avg: 16.8, Max: 26, Diff: 25, Sum: 67, Workers: 4
[1135.861s][debug][gc,phases      ] GC(37)     Total                          Min: 3733, Avg: 4006.5, Max: 4405, Diff: 672, Sum: 16026, Workers: 4
[1135.861s][debug][gc,phases      ] GC(37)   JNI Weak                       Min:  0.0, Avg:  0.0, Max:  0.0, Diff:  0.0, Sum:  0.0, Workers: 4
[1135.861s][debug][gc,phases      ] GC(37)     Dead                           Min: 0, Avg:  0.0, Max: 0, Diff: 0, Sum: 0, Workers: 4
[1135.861s][debug][gc,phases      ] GC(37)     Total                          Min: 0, Avg: 13.0, Max: 52, Diff: 52, Sum: 52, Workers: 4
[1135.861s][debug][gc,phases      ] GC(37)   StringDedup Table Weak         Min:  0.0, Avg:  0.0, Max:  0.0, Diff:  0.0, Sum:  0.0, Workers: 4
[1135.861s][debug][gc,phases      ] GC(37)     Dead                           Min: 0, Avg:  0.0, Max: 0, Diff: 0, Sum: 0, Workers: 4
[1135.861s][debug][gc,phases      ] GC(37)     Total                          Min: 0, Avg:  0.0, Max: 0, Diff: 0, Sum: 0, Workers: 4
[1135.861s][debug][gc,phases      ] GC(37)   StringDedup Requests0 Weak     Min:  0.0, Avg:  0.0, Max:  0.0, Diff:  0.0, Sum:  0.0, Workers: 4
[1135.861s][debug][gc,phases      ] GC(37)     Dead                           Min: 0, Avg:  0.0, Max: 0, Diff: 0, Sum: 0, Workers: 4
[1135.861s][debug][gc,phases      ] GC(37)     Total                          Min: 0, Avg:  0.0, Max: 0, Diff: 0, Sum: 0, Workers: 4
[1135.861s][debug][gc,phases      ] GC(37)   StringDedup Requests1 Weak     Min:  0.0, Avg:  0.0, Max:  0.0, Diff:  0.0, Sum:  0.0, Workers: 4
[1135.861s][debug][gc,phases      ] GC(37)     Dead                           Min: 0, Avg:  0.0, Max: 0, Diff: 0, Sum: 0, Workers: 4
[1135.861s][debug][gc,phases      ] GC(37)     Total                          Min: 0, Avg:  0.0, Max: 0, Diff: 0, Sum: 0, Workers: 4
[1135.861s][debug][gc,phases      ] GC(37)   Weak JFR Old Object Samples    Min:  0.0, Avg:  0.0, Max:  0.0, Diff:  0.0, Sum:  0.0, Workers: 4
[1135.861s][debug][gc,phases      ] GC(37)     Dead                           Min: 0, Avg:  0.0, Max: 0, Diff: 0, Sum: 0, Workers: 4
[1135.861s][debug][gc,phases      ] GC(37)     Total                          Min: 0, Avg:  0.0, Max: 0, Diff: 0, Sum: 0, Workers: 4
[1135.861s][debug][gc,phases      ] GC(37) Weak Processing 0.383ms
[1135.861s][debug][gc,age         ] GC(37) Desired survivor size 89653248 bytes, new threshold 1 (max threshold 15)
[1135.861s][info ][gc,heap        ] GC(37) PSYoungGen: 1926832K(1994240K)->21616K(2009600K) Eden: 1895424K(1895424K)->0K(1916416K) From: 31408K(98816K)->21616K(93184K)
[1135.861s][info ][gc,heap        ] GC(37) ParOldGen: 554460K(554496K)->584093K(584192K)
[1135.861s][info ][gc,metaspace   ] GC(37) Metaspace: 112615K(113984K)->112615K(113984K) NonClass: 95672K(96448K)->95672K(96448K) Class: 16943K(17536K)->16943K(17536K)
[1135.861s][info ][gc             ] GC(37) Pause Young (Allocation Failure) 2423M->591M(2533M) 32.335ms
[1135.861s][info ][gc,cpu         ] GC(37) User=0.11s Sys=0.02s Real=0.04s
[1135.861s][info ][safepoint      ] Safepoint "ParallelGCFailedAllocation", Time since last: 885865814 ns, Reaching safepoint: 92602 ns, Cleanup: 5900 ns, At safepoint: 32454898 ns, Total: 32553400 ns
[1137.861s][info ][safepoint      ] Safepoint "Cleanup", Time since last: 2000290237 ns, Reaching safepoint: 13201 ns, Cleanup: 13900 ns, At safepoint: 3800 ns, Total: 30901 ns
[1138.861s][info ][safepoint      ] Safepoint "Cleanup", Time since last: 1000140019 ns, Reaching safepoint: 13900 ns, Cleanup: 17400 ns, At safepoint: 4000 ns, Total: 35300 ns
[1141.635s][info ][safepoint      ] Safepoint "Cleanup", Time since last: 2773669978 ns, Reaching safepoint: 13600 ns, Cleanup: 22501 ns, At safepoint: 3400 ns, Total: 39501 ns
[1145.636s][info ][safepoint      ] Safepoint "Cleanup", Time since last: 4000562666 ns, Reaching safepoint: 12700 ns, Cleanup: 17001 ns, At safepoint: 3600 ns, Total: 33301 ns
[1148.636s][info ][safepoint      ] Safepoint "Cleanup", Time since last: 3000487150 ns, Reaching safepoint: 12101 ns, Cleanup: 13600 ns, At safepoint: 4100 ns, Total: 29801 ns
[1151.637s][info ][safepoint      ] Safepoint "Cleanup", Time since last: 3000481848 ns, Reaching safepoint: 12200 ns, Cleanup: 10801 ns, At safepoint: 4000 ns, Total: 27001 ns
[1152.637s][info ][safepoint      ] Safepoint "Cleanup", Time since last: 1000116015 ns, Reaching safepoint: 10900 ns, Cleanup: 17501 ns, At safepoint: 2700 ns, Total: 31101 ns
[1154.001s][info ][safepoint      ] Safepoint "Cleanup", Time since last: 1364042116 ns, Reaching safepoint: 12800 ns, Cleanup: 50601 ns, At safepoint: 4200 ns, Total: 67601 ns
[1155.001s][info ][safepoint      ] Safepoint "Cleanup", Time since last: 1000199417 ns, Reaching safepoint: 11700 ns, Cleanup: 12500 ns, At safepoint: 3400 ns, Total: 27600 ns
[1160.002s][info ][safepoint      ] Safepoint "Cleanup", Time since last: 5000705772 ns, Reaching safepoint: 11401 ns, Cleanup: 10000 ns, At safepoint: 3100 ns, Total: 24501 ns
[1161.002s][info ][safepoint      ] Safepoint "Cleanup", Time since last: 1000196115 ns, Reaching safepoint: 12100 ns, Cleanup: 17500 ns, At safepoint: 3400 ns, Total: 33000 ns
[1162.002s][info ][safepoint      ] Safepoint "Cleanup", Time since last: 1000188415 ns, Reaching safepoint: 14300 ns, Cleanup: 21101 ns, At safepoint: 4600 ns, Total: 40001 ns
[1163.002s][info ][safepoint      ] Safepoint "Cleanup", Time since last: 1000201314 ns, Reaching safepoint: 13201 ns, Cleanup: 13900 ns, At safepoint: 3800 ns, Total: 30901 ns
[1164.003s][info ][safepoint      ] Safepoint "Cleanup", Time since last: 1000212415 ns, Reaching safepoint: 12700 ns, Cleanup: 20901 ns, At safepoint: 4100 ns, Total: 37701 ns
[1165.003s][info ][safepoint      ] Safepoint "Cleanup", Time since last: 1000184210 ns, Reaching safepoint: 12800 ns, Cleanup: 14300 ns, At safepoint: 3701 ns, Total: 30801 ns
[1167.003s][info ][safepoint      ] Safepoint "Cleanup", Time since last: 2000365009 ns, Reaching safepoint: 19500 ns, Cleanup: 22201 ns, At safepoint: 7300 ns, Total: 49001 ns
[1168.004s][info ][safepoint      ] Safepoint "Cleanup", Time since last: 1000164104 ns, Reaching safepoint: 13601 ns, Cleanup: 16800 ns, At safepoint: 3900 ns, Total: 34301 ns
[1170.004s][info ][safepoint      ] Safepoint "Cleanup", Time since last: 2000310409 ns, Reaching safepoint: 13500 ns, Cleanup: 14900 ns, At safepoint: 3800 ns, Total: 32200 ns
[1171.004s][info ][safepoint      ] Safepoint "Cleanup", Time since last: 1000124504 ns, Reaching safepoint: 12300 ns, Cleanup: 11500 ns, At safepoint: 3400 ns, Total: 27200 ns
[1173.004s][info ][safepoint      ] Safepoint "Cleanup", Time since last: 2000212209 ns, Reaching safepoint: 14000 ns, Cleanup: 15301 ns, At safepoint: 3500 ns, Total: 32801 ns
[1176.005s][info ][safepoint      ] Safepoint "Cleanup", Time since last: 3000470927 ns, Reaching safepoint: 18600 ns, Cleanup: 31701 ns, At safepoint: 7200 ns, Total: 57501 ns
[1176.979s][info ][gc,start       ] GC(38) Pause Young (Allocation Failure)
[1177.002s][debug][gc,phases      ] GC(38) Scavenge 23.210ms
[1177.002s][debug][gc,ref         ] GC(38) ReferenceProcessor::execute queues: 1, RefProcThreadModel::Single, marks_oops_alive: false
[1177.002s][debug][gc,ref         ] GC(38) Skipped KeepAliveFinalRefsPhase of Reference Processing: no references
[1177.002s][debug][gc,ref         ] GC(38) ReferenceProcessor::execute queues: 1, RefProcThreadModel::Single, marks_oops_alive: false
[1177.003s][debug][gc,phases      ] GC(38) Reference Processing 0.135ms
[1177.003s][debug][gc,phases      ] GC(38)   VM Weak                        Min:  0.0, Avg:  0.0, Max:  0.0, Diff:  0.0, Sum:  0.0, Workers: 4
[1177.003s][debug][gc,phases      ] GC(38)     Dead                           Min: 0, Avg:  0.0, Max: 0, Diff: 0, Sum: 0, Workers: 4
[1177.003s][debug][gc,phases      ] GC(38)     Total                          Min: 0, Avg: 257.2, Max: 896, Diff: 896, Sum: 1029, Workers: 4
[1177.003s][debug][gc,phases      ] GC(38)   ObjectSynchronizer Weak        Min:  0.0, Avg:  0.0, Max:  0.0, Diff:  0.0, Sum:  0.0, Workers: 4
[1177.003s][debug][gc,phases      ] GC(38)     Dead                           Min: 0, Avg:  0.0, Max: 0, Diff: 0, Sum: 0, Workers: 4
[1177.003s][debug][gc,phases      ] GC(38)     Total                          Min: 0, Avg:  1.5, Max: 6, Diff: 6, Sum: 6, Workers: 4
[1177.003s][debug][gc,phases      ] GC(38)   JVMTI Tag Weak OopStorage      Min:  0.0, Avg:  0.0, Max:  0.0, Diff:  0.0, Sum:  0.0, Workers: 4
[1177.003s][debug][gc,phases      ] GC(38)     Dead                           Min: 0, Avg:  0.0, Max: 0, Diff: 0, Sum: 0, Workers: 4
[1177.003s][debug][gc,phases      ] GC(38)     Total                          Min: 0, Avg:  0.0, Max: 0, Diff: 0, Sum: 0, Workers: 4
[1177.003s][debug][gc,phases      ] GC(38)   StringTable Weak               Min:  0.1, Avg:  0.1, Max:  0.1, Diff:  0.1, Sum:  0.4, Workers: 4
[1177.003s][debug][gc,phases      ] GC(38)     Dead                           Min: 0, Avg:  0.2, Max: 1, Diff: 1, Sum: 1, Workers: 4
[1177.003s][debug][gc,phases      ] GC(38)     Total                          Min: 7126, Avg: 12389.2, Max: 17983, Diff: 10857, Sum: 49557, Workers: 4
[1177.003s][debug][gc,phases      ] GC(38)   ResolvedMethodTable Weak       Min:  0.0, Avg:  0.0, Max:  0.0, Diff:  0.0, Sum:  0.2, Workers: 4
[1177.003s][debug][gc,phases      ] GC(38)     Dead                           Min: 0, Avg:  6.5, Max: 15, Diff: 15, Sum: 26, Workers: 4
[1177.003s][debug][gc,phases      ] GC(38)     Total                          Min: 3440, Avg: 4007.8, Max: 4454, Diff: 1014, Sum: 16031, Workers: 4
[1177.003s][debug][gc,phases      ] GC(38)   JNI Weak                       Min:  0.0, Avg:  0.0, Max:  0.0, Diff:  0.0, Sum:  0.0, Workers: 4
[1177.003s][debug][gc,phases      ] GC(38)     Dead                           Min: 0, Avg:  0.0, Max: 0, Diff: 0, Sum: 0, Workers: 4
[1177.003s][debug][gc,phases      ] GC(38)     Total                          Min: 0, Avg: 13.0, Max: 52, Diff: 52, Sum: 52, Workers: 4
[1177.003s][debug][gc,phases      ] GC(38)   StringDedup Table Weak         Min:  0.0, Avg:  0.0, Max:  0.0, Diff:  0.0, Sum:  0.0, Workers: 4
[1177.003s][debug][gc,phases      ] GC(38)     Dead                           Min: 0, Avg:  0.0, Max: 0, Diff: 0, Sum: 0, Workers: 4
[1177.003s][debug][gc,phases      ] GC(38)     Total                          Min: 0, Avg:  0.0, Max: 0, Diff: 0, Sum: 0, Workers: 4
[1177.003s][debug][gc,phases      ] GC(38)   StringDedup Requests0 Weak     Min:  0.0, Avg:  0.0, Max:  0.0, Diff:  0.0, Sum:  0.0, Workers: 4
[1177.003s][debug][gc,phases      ] GC(38)     Dead                           Min: 0, Avg:  0.0, Max: 0, Diff: 0, Sum: 0, Workers: 4
[1177.003s][debug][gc,phases      ] GC(38)     Total                          Min: 0, Avg:  0.0, Max: 0, Diff: 0, Sum: 0, Workers: 4
[1177.003s][debug][gc,phases      ] GC(38)   StringDedup Requests1 Weak     Min:  0.0, Avg:  0.0, Max:  0.0, Diff:  0.0, Sum:  0.0, Workers: 4
[1177.003s][debug][gc,phases      ] GC(38)     Dead                           Min: 0, Avg:  0.0, Max: 0, Diff: 0, Sum: 0, Workers: 4
[1177.003s][debug][gc,phases      ] GC(38)     Total                          Min: 0, Avg:  0.0, Max: 0, Diff: 0, Sum: 0, Workers: 4
[1177.003s][debug][gc,phases      ] GC(38)   Weak JFR Old Object Samples    Min:  0.0, Avg:  0.0, Max:  0.0, Diff:  0.0, Sum:  0.0, Workers: 4
[1177.003s][debug][gc,phases      ] GC(38)     Dead                           Min: 0, Avg:  0.0, Max: 0, Diff: 0, Sum: 0, Workers: 4
[1177.003s][debug][gc,phases      ] GC(38)     Total                          Min: 0, Avg:  0.0, Max: 0, Diff: 0, Sum: 0, Workers: 4
[1177.003s][debug][gc,phases      ] GC(38) Weak Processing 0.414ms
[1177.003s][debug][gc,age         ] GC(38) Desired survivor size 85458944 bytes, new threshold 1 (max threshold 15)
[1177.003s][info ][gc,heap        ] GC(38) PSYoungGen: 1938032K(2009600K)->16336K(2003968K) Eden: 1916416K(1916416K)->0K(1916416K) From: 21616K(93184K)->16336K(87552K)
[1177.003s][info ][gc,heap        ] GC(38) ParOldGen: 584093K(584192K)->602127K(602624K)
[1177.003s][info ][gc,metaspace   ] GC(38) Metaspace: 112654K(114048K)->112654K(114048K) NonClass: 95706K(96512K)->95706K(96512K) Class: 16947K(17536K)->16947K(17536K)
[1177.003s][info ][gc             ] GC(38) Pause Young (Allocation Failure) 2463M->603M(2545M) 23.921ms
[1177.003s][info ][gc,cpu         ] GC(38) User=0.08s Sys=0.01s Real=0.02s
[1177.003s][info ][safepoint      ] Safepoint "ParallelGCFailedAllocation", Time since last: 974181231 ns, Reaching safepoint: 12300 ns, Cleanup: 6000 ns, At safepoint: 24017742 ns, Total: 24036042 ns
[1182.004s][info ][safepoint      ] Safepoint "Cleanup", Time since last: 5000525767 ns, Reaching safepoint: 12100 ns, Cleanup: 12701 ns, At safepoint: 3400 ns, Total: 28201 ns
[1183.004s][info ][safepoint      ] Safepoint "Cleanup", Time since last: 1000230129 ns, Reaching safepoint: 17700 ns, Cleanup: 27901 ns, At safepoint: 5900 ns, Total: 51501 ns
[1184.004s][info ][safepoint      ] Safepoint "Cleanup", Time since last: 1000217729 ns, Reaching safepoint: 11600 ns, Cleanup: 12800 ns, At safepoint: 3600 ns, Total: 28000 ns
[1185.004s][info ][safepoint      ] Safepoint "Cleanup", Time since last: 1000130928 ns, Reaching safepoint: 13100 ns, Cleanup: 15500 ns, At safepoint: 3500 ns, Total: 32100 ns
[1190.005s][info ][safepoint      ] Safepoint "Cleanup", Time since last: 5000768393 ns, Reaching safepoint: 12900 ns, Cleanup: 17900 ns, At safepoint: 31801 ns, Total: 62601 ns
[1191.005s][info ][safepoint      ] Safepoint "Cleanup", Time since last: 1000173566 ns, Reaching safepoint: 12800 ns, Cleanup: 13500 ns, At safepoint: 3800 ns, Total: 30100 ns
[1194.006s][info ][safepoint      ] Safepoint "Cleanup", Time since last: 3000314693 ns, Reaching safepoint: 19500 ns, Cleanup: 27801 ns, At safepoint: 7600 ns, Total: 54901 ns
[1199.006s][info ][safepoint      ] Safepoint "Cleanup", Time since last: 5000638015 ns, Reaching safepoint: 14000 ns, Cleanup: 15600 ns, At safepoint: 3300 ns, Total: 32900 ns
[1207.667s][info ][safepoint      ] Safepoint "Cleanup", Time since last: 8660386640 ns, Reaching safepoint: 12900 ns, Cleanup: 15300 ns, At safepoint: 3801 ns, Total: 32001 ns
[1209.667s][info ][safepoint      ] Safepoint "Cleanup", Time since last: 2000363311 ns, Reaching safepoint: 12000 ns, Cleanup: 16301 ns, At safepoint: 3300 ns, Total: 31601 ns
[1210.667s][info ][safepoint      ] Safepoint "Cleanup", Time since last: 1000248857 ns, Reaching safepoint: 13000 ns, Cleanup: 16700 ns, At safepoint: 4000 ns, Total: 33700 ns
[1211.668s][info ][safepoint      ] Safepoint "Cleanup", Time since last: 1000265258 ns, Reaching safepoint: 20600 ns, Cleanup: 63301 ns, At safepoint: 8101 ns, Total: 92002 ns
[1214.668s][info ][safepoint      ] Safepoint "Cleanup", Time since last: 3000372753 ns, Reaching safepoint: 13600 ns, Cleanup: 15500 ns, At safepoint: 3800 ns, Total: 32900 ns
[1217.669s][info ][safepoint      ] Safepoint "Cleanup", Time since last: 3000406449 ns, Reaching safepoint: 16301 ns, Cleanup: 19000 ns, At safepoint: 5700 ns, Total: 41001 ns
[1219.096s][info ][gc,start       ] GC(39) Pause Young (Allocation Failure)
[1219.111s][debug][gc,phases      ] GC(39) Scavenge 14.386ms
[1219.111s][debug][gc,ref         ] GC(39) ReferenceProcessor::execute queues: 1, RefProcThreadModel::Single, marks_oops_alive: false
[1219.111s][debug][gc,ref         ] GC(39) Skipped KeepAliveFinalRefsPhase of Reference Processing: no references
[1219.111s][debug][gc,ref         ] GC(39) ReferenceProcessor::execute queues: 1, RefProcThreadModel::Single, marks_oops_alive: false
[1219.111s][debug][gc,phases      ] GC(39) Reference Processing 0.116ms
[1219.111s][debug][gc,phases      ] GC(39)   VM Weak                        Min:  0.0, Avg:  0.0, Max:  0.0, Diff:  0.0, Sum:  0.0, Workers: 4
[1219.111s][debug][gc,phases      ] GC(39)     Dead                           Min: 0, Avg:  0.0, Max: 0, Diff: 0, Sum: 0, Workers: 4
[1219.111s][debug][gc,phases      ] GC(39)     Total                          Min: 0, Avg: 257.2, Max: 768, Diff: 768, Sum: 1029, Workers: 4
[1219.111s][debug][gc,phases      ] GC(39)   ObjectSynchronizer Weak        Min:  0.0, Avg:  0.0, Max:  0.0, Diff:  0.0, Sum:  0.0, Workers: 4
[1219.111s][debug][gc,phases      ] GC(39)     Dead                           Min: 0, Avg:  0.2, Max: 1, Diff: 1, Sum: 1, Workers: 4
[1219.111s][debug][gc,phases      ] GC(39)     Total                          Min: 0, Avg:  1.2, Max: 5, Diff: 5, Sum: 5, Workers: 4
[1219.111s][debug][gc,phases      ] GC(39)   JVMTI Tag Weak OopStorage      Min:  0.0, Avg:  0.0, Max:  0.0, Diff:  0.0, Sum:  0.0, Workers: 4
[1219.111s][debug][gc,phases      ] GC(39)     Dead                           Min: 0, Avg:  0.0, Max: 0, Diff: 0, Sum: 0, Workers: 4
[1219.111s][debug][gc,phases      ] GC(39)     Total                          Min: 0, Avg:  0.0, Max: 0, Diff: 0, Sum: 0, Workers: 4
[1219.111s][debug][gc,phases      ] GC(39)   StringTable Weak               Min:  0.1, Avg:  0.1, Max:  0.1, Diff:  0.0, Sum:  0.5, Workers: 4
[1219.111s][debug][gc,phases      ] GC(39)     Dead                           Min: 0, Avg:  0.0, Max: 0, Diff: 0, Sum: 0, Workers: 4
[1219.111s][debug][gc,phases      ] GC(39)     Total                          Min: 11611, Avg: 12390.5, Max: 14207, Diff: 2596, Sum: 49562, Workers: 4
[1219.111s][debug][gc,phases      ] GC(39)   ResolvedMethodTable Weak       Min:  0.0, Avg:  0.0, Max:  0.0, Diff:  0.0, Sum:  0.2, Workers: 4
[1219.111s][debug][gc,phases      ] GC(39)     Dead                           Min: 0, Avg:  4.0, Max: 12, Diff: 12, Sum: 16, Workers: 4
[1219.111s][debug][gc,phases      ] GC(39)     Total                          Min: 3647, Avg: 4008.2, Max: 4579, Diff: 932, Sum: 16033, Workers: 4
[1219.111s][debug][gc,phases      ] GC(39)   JNI Weak                       Min:  0.0, Avg:  0.0, Max:  0.0, Diff:  0.0, Sum:  0.0, Workers: 4
[1219.111s][debug][gc,phases      ] GC(39)     Dead                           Min: 0, Avg:  0.0, Max: 0, Diff: 0, Sum: 0, Workers: 4
[1219.111s][debug][gc,phases      ] GC(39)     Total                          Min: 0, Avg: 13.0, Max: 52, Diff: 52, Sum: 52, Workers: 4
[1219.111s][debug][gc,phases      ] GC(39)   StringDedup Table Weak         Min:  0.0, Avg:  0.0, Max:  0.0, Diff:  0.0, Sum:  0.0, Workers: 4
[1219.111s][debug][gc,phases      ] GC(39)     Dead                           Min: 0, Avg:  0.0, Max: 0, Diff: 0, Sum: 0, Workers: 4
[1219.111s][debug][gc,phases      ] GC(39)     Total                          Min: 0, Avg:  0.0, Max: 0, Diff: 0, Sum: 0, Workers: 4
[1219.111s][debug][gc,phases      ] GC(39)   StringDedup Requests0 Weak     Min:  0.0, Avg:  0.0, Max:  0.0, Diff:  0.0, Sum:  0.0, Workers: 4
[1219.111s][debug][gc,phases      ] GC(39)     Dead                           Min: 0, Avg:  0.0, Max: 0, Diff: 0, Sum: 0, Workers: 4
[1219.111s][debug][gc,phases      ] GC(39)     Total                          Min: 0, Avg:  0.0, Max: 0, Diff: 0, Sum: 0, Workers: 4
[1219.111s][debug][gc,phases      ] GC(39)   StringDedup Requests1 Weak     Min:  0.0, Avg:  0.0, Max:  0.0, Diff:  0.0, Sum:  0.0, Workers: 4
[1219.111s][debug][gc,phases      ] GC(39)     Dead                           Min: 0, Avg:  0.0, Max: 0, Diff: 0, Sum: 0, Workers: 4
[1219.111s][debug][gc,phases      ] GC(39)     Total                          Min: 0, Avg:  0.0, Max: 0, Diff: 0, Sum: 0, Workers: 4
[1219.111s][debug][gc,phases      ] GC(39)   Weak JFR Old Object Samples    Min:  0.0, Avg:  0.0, Max:  0.0, Diff:  0.0, Sum:  0.0, Workers: 4
[1219.111s][debug][gc,phases      ] GC(39)     Dead                           Min: 0, Avg:  0.0, Max: 0, Diff: 0, Sum: 0, Workers: 4
[1219.111s][debug][gc,phases      ] GC(39)     Total                          Min: 0, Avg:  0.0, Max: 0, Diff: 0, Sum: 0, Workers: 4
[1219.111s][debug][gc,phases      ] GC(39) Weak Processing 0.385ms
[1219.111s][debug][gc,age         ] GC(39) Desired survivor size 82837504 bytes, new threshold 1 (max threshold 15)
[1219.111s][info ][gc,heap        ] GC(39) PSYoungGen: 1932752K(2003968K)->5760K(2016256K) Eden: 1916416K(1916416K)->0K(1932800K) From: 16336K(87552K)->5760K(83456K)
[1219.111s][info ][gc,heap        ] GC(39) ParOldGen: 602127K(602624K)->614152K(614400K)
[1219.111s][info ][gc,metaspace   ] GC(39) Metaspace: 112694K(114048K)->112694K(114048K) NonClass: 95746K(96512K)->95746K(96512K) Class: 16948K(17536K)->16948K(17536K)
[1219.111s][info ][gc             ] GC(39) Pause Young (Allocation Failure) 2475M->605M(2569M) 15.042ms
[1219.111s][info ][gc,cpu         ] GC(39) User=0.05s Sys=0.00s Real=0.02s
[1219.111s][info ][safepoint      ] Safepoint "ParallelGCFailedAllocation", Time since last: 1427538334 ns, Reaching safepoint: 11700 ns, Cleanup: 4700 ns, At safepoint: 15137180 ns, Total: 15153580 ns
[1227.112s][info ][safepoint      ] Safepoint "Cleanup", Time since last: 8000782817 ns, Reaching safepoint: 16701 ns, Cleanup: 15400 ns, At safepoint: 4100 ns, Total: 36201 ns
[1230.113s][info ][safepoint      ] Safepoint "Cleanup", Time since last: 3000342054 ns, Reaching safepoint: 16201 ns, Cleanup: 13500 ns, At safepoint: 4000 ns, Total: 33701 ns
[1234.113s][info ][safepoint      ] Safepoint "Cleanup", Time since last: 4000387854 ns, Reaching safepoint: 89701 ns, Cleanup: 13801 ns, At safepoint: 8500 ns, Total: 112002 ns
[1237.113s][info ][safepoint      ] Safepoint "Cleanup", Time since last: 3000398346 ns, Reaching safepoint: 12800 ns, Cleanup: 13200 ns, At safepoint: 3400 ns, Total: 29400 ns
[1248.115s][info ][safepoint      ] Safepoint "Cleanup", Time since last: 11001125262 ns, Reaching safepoint: 18501 ns, Cleanup: 16100 ns, At safepoint: 3800 ns, Total: 38401 ns
[1251.115s][info ][safepoint      ] Safepoint "Cleanup", Time since last: 3000332789 ns, Reaching safepoint: 11701 ns, Cleanup: 12100 ns, At safepoint: 2800 ns, Total: 26601 ns
[1254.115s][info ][safepoint      ] Safepoint "Cleanup", Time since last: 3000401683 ns, Reaching safepoint: 11600 ns, Cleanup: 13200 ns, At safepoint: 2700 ns, Total: 27500 ns
[1266.692s][info ][safepoint      ] Safepoint "Cleanup", Time since last: 12576861392 ns, Reaching safepoint: 12900 ns, Cleanup: 12900 ns, At safepoint: 3200 ns, Total: 29000 ns
[1268.693s][info ][safepoint      ] Safepoint "Cleanup", Time since last: 2000283304 ns, Reaching safepoint: 12700 ns, Cleanup: 16701 ns, At safepoint: 3600 ns, Total: 33001 ns
[1269.693s][info ][safepoint      ] Safepoint "Cleanup", Time since last: 1000142615 ns, Reaching safepoint: 13100 ns, Cleanup: 12901 ns, At safepoint: 3400 ns, Total: 29401 ns
[1272.693s][info ][safepoint      ] Safepoint "Cleanup", Time since last: 3000447146 ns, Reaching safepoint: 12100 ns, Cleanup: 14301 ns, At safepoint: 3800 ns, Total: 30201 ns
[1274.694s][info ][safepoint      ] Safepoint "Cleanup", Time since last: 2000292031 ns, Reaching safepoint: 15000 ns, Cleanup: 16600 ns, At safepoint: 4500 ns, Total: 36100 ns
[1277.694s][info ][safepoint      ] Safepoint "Cleanup", Time since last: 3000370926 ns, Reaching safepoint: 14101 ns, Cleanup: 23600 ns, At safepoint: 4400 ns, Total: 42101 ns
[1278.694s][info ][safepoint      ] Safepoint "Cleanup", Time since last: 1000221100 ns, Reaching safepoint: 12500 ns, Cleanup: 16200 ns, At safepoint: 3601 ns, Total: 32301 ns
[1280.695s][info ][safepoint      ] Safepoint "Cleanup", Time since last: 2000399398 ns, Reaching safepoint: 12801 ns, Cleanup: 17900 ns, At safepoint: 3400 ns, Total: 34101 ns
[1281.695s][info ][safepoint      ] Safepoint "Cleanup", Time since last: 1000202900 ns, Reaching safepoint: 15100 ns, Cleanup: 17700 ns, At safepoint: 4100 ns, Total: 36900 ns
[1284.695s][info ][safepoint      ] Safepoint "Cleanup", Time since last: 3000411695 ns, Reaching safepoint: 12500 ns, Cleanup: 15601 ns, At safepoint: 4200 ns, Total: 32301 ns
[1286.233s][info ][gc,start       ] GC(40) Pause Young (Allocation Failure)
[1286.245s][debug][gc,phases      ] GC(40) Scavenge 12.329ms
[1286.246s][debug][gc,ref         ] GC(40) ReferenceProcessor::execute queues: 1, RefProcThreadModel::Single, marks_oops_alive: false
[1286.246s][debug][gc,ref         ] GC(40) Skipped KeepAliveFinalRefsPhase of Reference Processing: no references
[1286.246s][debug][gc,ref         ] GC(40) ReferenceProcessor::execute queues: 1, RefProcThreadModel::Single, marks_oops_alive: false
[1286.246s][debug][gc,phases      ] GC(40) Reference Processing 0.149ms
[1286.246s][debug][gc,phases      ] GC(40)   VM Weak                        Min:  0.0, Avg:  0.0, Max:  0.0, Diff:  0.0, Sum:  0.0, Workers: 4
[1286.246s][debug][gc,phases      ] GC(40)     Dead                           Min: 0, Avg:  0.0, Max: 0, Diff: 0, Sum: 0, Workers: 4
[1286.246s][debug][gc,phases      ] GC(40)     Total                          Min: 0, Avg: 257.2, Max: 768, Diff: 768, Sum: 1029, Workers: 4
[1286.246s][debug][gc,phases      ] GC(40)   ObjectSynchronizer Weak        Min:  0.0, Avg:  0.0, Max:  0.0, Diff:  0.0, Sum:  0.0, Workers: 4
[1286.246s][debug][gc,phases      ] GC(40)     Dead                           Min: 0, Avg:  0.0, Max: 0, Diff: 0, Sum: 0, Workers: 4
[1286.246s][debug][gc,phases      ] GC(40)     Total                          Min: 0, Avg:  1.2, Max: 5, Diff: 5, Sum: 5, Workers: 4
[1286.246s][debug][gc,phases      ] GC(40)   JVMTI Tag Weak OopStorage      Min:  0.0, Avg:  0.0, Max:  0.0, Diff:  0.0, Sum:  0.0, Workers: 4
[1286.246s][debug][gc,phases      ] GC(40)     Dead                           Min: 0, Avg:  0.0, Max: 0, Diff: 0, Sum: 0, Workers: 4
[1286.246s][debug][gc,phases      ] GC(40)     Total                          Min: 0, Avg:  0.0, Max: 0, Diff: 0, Sum: 0, Workers: 4
[1286.246s][debug][gc,phases      ] GC(40)   StringTable Weak               Min:  0.1, Avg:  0.1, Max:  0.1, Diff:  0.0, Sum:  0.5, Workers: 4
[1286.246s][debug][gc,phases      ] GC(40)     Dead                           Min: 0, Avg:  0.0, Max: 0, Diff: 0, Sum: 0, Workers: 4
[1286.246s][debug][gc,phases      ] GC(40)     Total                          Min: 11111, Avg: 12393.5, Max: 13824, Diff: 2713, Sum: 49574, Workers: 4
[1286.246s][debug][gc,phases      ] GC(40)   ResolvedMethodTable Weak       Min:  0.0, Avg:  0.0, Max:  0.0, Diff:  0.0, Sum:  0.2, Workers: 4
[1286.246s][debug][gc,phases      ] GC(40)     Dead                           Min: 0, Avg:  4.0, Max: 14, Diff: 14, Sum: 16, Workers: 4
[1286.246s][debug][gc,phases      ] GC(40)     Total                          Min: 3662, Avg: 4008.2, Max: 4351, Diff: 689, Sum: 16033, Workers: 4
[1286.246s][debug][gc,phases      ] GC(40)   JNI Weak                       Min:  0.0, Avg:  0.0, Max:  0.0, Diff:  0.0, Sum:  0.0, Workers: 4
[1286.246s][debug][gc,phases      ] GC(40)     Dead                           Min: 0, Avg:  0.0, Max: 0, Diff: 0, Sum: 0, Workers: 4
[1286.246s][debug][gc,phases      ] GC(40)     Total                          Min: 0, Avg: 13.0, Max: 52, Diff: 52, Sum: 52, Workers: 4
[1286.246s][debug][gc,phases      ] GC(40)   StringDedup Table Weak         Min:  0.0, Avg:  0.0, Max:  0.0, Diff:  0.0, Sum:  0.0, Workers: 4
[1286.246s][debug][gc,phases      ] GC(40)     Dead                           Min: 0, Avg:  0.0, Max: 0, Diff: 0, Sum: 0, Workers: 4
[1286.246s][debug][gc,phases      ] GC(40)     Total                          Min: 0, Avg:  0.0, Max: 0, Diff: 0, Sum: 0, Workers: 4
[1286.246s][debug][gc,phases      ] GC(40)   StringDedup Requests0 Weak     Min:  0.0, Avg:  0.0, Max:  0.0, Diff:  0.0, Sum:  0.0, Workers: 4
[1286.246s][debug][gc,phases      ] GC(40)     Dead                           Min: 0, Avg:  0.0, Max: 0, Diff: 0, Sum: 0, Workers: 4
[1286.246s][debug][gc,phases      ] GC(40)     Total                          Min: 0, Avg:  0.0, Max: 0, Diff: 0, Sum: 0, Workers: 4
[1286.246s][debug][gc,phases      ] GC(40)   StringDedup Requests1 Weak     Min:  0.0, Avg:  0.0, Max:  0.0, Diff:  0.0, Sum:  0.0, Workers: 4
[1286.246s][debug][gc,phases      ] GC(40)     Dead                           Min: 0, Avg:  0.0, Max: 0, Diff: 0, Sum: 0, Workers: 4
[1286.246s][debug][gc,phases      ] GC(40)     Total                          Min: 0, Avg:  0.0, Max: 0, Diff: 0, Sum: 0, Workers: 4
[1286.246s][debug][gc,phases      ] GC(40)   Weak JFR Old Object Samples    Min:  0.0, Avg:  0.0, Max:  0.0, Diff:  0.0, Sum:  0.0, Workers: 4
[1286.246s][debug][gc,phases      ] GC(40)     Dead                           Min: 0, Avg:  0.0, Max: 0, Diff: 0, Sum: 0, Workers: 4
[1286.246s][debug][gc,phases      ] GC(40)     Total                          Min: 0, Avg:  0.0, Max: 0, Diff: 0, Sum: 0, Workers: 4
[1286.246s][debug][gc,phases      ] GC(40) Weak Processing 0.374ms
[1286.246s][debug][gc,age         ] GC(40) Desired survivor size 79167488 bytes, new threshold 1 (max threshold 15)
[1286.246s][info ][gc,heap        ] GC(40) PSYoungGen: 1938560K(2016256K)->11632K(2013696K) Eden: 1932800K(1932800K)->0K(1932800K) From: 5760K(83456K)->11632K(80896K)
[1286.246s][info ][gc,heap        ] GC(40) ParOldGen: 614152K(614400K)->616647K(616960K)
[1286.246s][info ][gc,metaspace   ] GC(40) Metaspace: 112715K(114048K)->112715K(114048K) NonClass: 95767K(96512K)->95767K(96512K) Class: 16948K(17536K)->16948K(17536K)
[1286.246s][info ][gc             ] GC(40) Pause Young (Allocation Failure) 2492M->613M(2569M) 13.009ms
[1286.246s][info ][gc,cpu         ] GC(40) User=0.05s Sys=0.00s Real=0.01s
[1286.246s][info ][safepoint      ] Safepoint "ParallelGCFailedAllocation", Time since last: 1537525600 ns, Reaching safepoint: 85302 ns, Cleanup: 5700 ns, At safepoint: 13104941 ns, Total: 13195943 ns
[1288.248s][info ][safepoint      ] Safepoint "Cleanup", Time since last: 2001537941 ns, Reaching safepoint: 95902 ns, Cleanup: 10200 ns, At safepoint: 16201 ns, Total: 122303 ns
[1289.248s][info ][safepoint      ] Safepoint "Cleanup", Time since last: 1000217310 ns, Reaching safepoint: 15700 ns, Cleanup: 21201 ns, At safepoint: 4500 ns, Total: 41401 ns
[1291.252s][info ][safepoint      ] Safepoint "Cleanup", Time since last: 2003580979 ns, Reaching safepoint: 17400 ns, Cleanup: 20300 ns, At safepoint: 4601 ns, Total: 42301 ns
[1292.254s][info ][safepoint      ] Safepoint "Cleanup", Time since last: 1001747438 ns, Reaching safepoint: 92502 ns, Cleanup: 14900 ns, At safepoint: 27201 ns, Total: 134603 ns
[1293.254s][info ][safepoint      ] Safepoint "Cleanup", Time since last: 1000140145 ns, Reaching safepoint: 14400 ns, Cleanup: 44201 ns, At safepoint: 3200 ns, Total: 61801 ns
[1294.254s][info ][safepoint      ] Safepoint "Cleanup", Time since last: 1000242979 ns, Reaching safepoint: 90002 ns, Cleanup: 11200 ns, At safepoint: 26401 ns, Total: 127603 ns
[1295.254s][info ][safepoint      ] Safepoint "Cleanup", Time since last: 1000139777 ns, Reaching safepoint: 15601 ns, Cleanup: 30000 ns, At safepoint: 3800 ns, Total: 49401 ns
[1296.255s][info ][safepoint      ] Safepoint "Cleanup", Time since last: 1000125377 ns, Reaching safepoint: 90902 ns, Cleanup: 30501 ns, At safepoint: 10200 ns, Total: 131603 ns
[1296.998s][info ][gc,start       ] GC(41) Pause Young (Allocation Failure)
[1297.020s][debug][gc,phases      ] GC(41) Scavenge 22.534ms
[1297.021s][debug][gc,ref         ] GC(41) ReferenceProcessor::execute queues: 1, RefProcThreadModel::Single, marks_oops_alive: false
[1297.021s][debug][gc,ref         ] GC(41) Skipped KeepAliveFinalRefsPhase of Reference Processing: no references
[1297.021s][debug][gc,ref         ] GC(41) ReferenceProcessor::execute queues: 1, RefProcThreadModel::Single, marks_oops_alive: false
[1297.021s][debug][gc,phases      ] GC(41) Reference Processing 0.137ms
[1297.021s][debug][gc,phases      ] GC(41)   VM Weak                        Min:  0.0, Avg:  0.0, Max:  0.0, Diff:  0.0, Sum:  0.0, Workers: 4
[1297.021s][debug][gc,phases      ] GC(41)     Dead                           Min: 0, Avg:  0.0, Max: 0, Diff: 0, Sum: 0, Workers: 4
[1297.021s][debug][gc,phases      ] GC(41)     Total                          Min: 0, Avg: 257.2, Max: 640, Diff: 640, Sum: 1029, Workers: 4
[1297.021s][debug][gc,phases      ] GC(41)   ObjectSynchronizer Weak        Min:  0.0, Avg:  0.0, Max:  0.0, Diff:  0.0, Sum:  0.0, Workers: 4
[1297.021s][debug][gc,phases      ] GC(41)     Dead                           Min: 0, Avg:  0.0, Max: 0, Diff: 0, Sum: 0, Workers: 4
[1297.021s][debug][gc,phases      ] GC(41)     Total                          Min: 0, Avg:  1.2, Max: 5, Diff: 5, Sum: 5, Workers: 4
[1297.021s][debug][gc,phases      ] GC(41)   JVMTI Tag Weak OopStorage      Min:  0.0, Avg:  0.0, Max:  0.0, Diff:  0.0, Sum:  0.0, Workers: 4
[1297.021s][debug][gc,phases      ] GC(41)     Dead                           Min: 0, Avg:  0.0, Max: 0, Diff: 0, Sum: 0, Workers: 4
[1297.021s][debug][gc,phases      ] GC(41)     Total                          Min: 0, Avg:  0.0, Max: 0, Diff: 0, Sum: 0, Workers: 4
[1297.021s][debug][gc,phases      ] GC(41)   StringTable Weak               Min:  0.1, Avg:  0.1, Max:  0.1, Diff:  0.0, Sum:  0.5, Workers: 4
[1297.021s][debug][gc,phases      ] GC(41)     Dead                           Min: 0, Avg:  0.2, Max: 1, Diff: 1, Sum: 1, Workers: 4
[1297.021s][debug][gc,phases      ] GC(41)     Total                          Min: 10880, Avg: 12404.2, Max: 13760, Diff: 2880, Sum: 49617, Workers: 4
[1297.021s][debug][gc,phases      ] GC(41)   ResolvedMethodTable Weak       Min:  0.0, Avg:  0.0, Max:  0.0, Diff:  0.0, Sum:  0.2, Workers: 4
[1297.021s][debug][gc,phases      ] GC(41)     Dead                           Min: 0, Avg:  0.2, Max: 1, Diff: 1, Sum: 1, Workers: 4
[1297.021s][debug][gc,phases      ] GC(41)     Total                          Min: 3678, Avg: 4014.2, Max: 4208, Diff: 530, Sum: 16057, Workers: 4
[1297.021s][debug][gc,phases      ] GC(41)   JNI Weak                       Min:  0.0, Avg:  0.0, Max:  0.0, Diff:  0.0, Sum:  0.0, Workers: 4
[1297.021s][debug][gc,phases      ] GC(41)     Dead                           Min: 0, Avg:  0.0, Max: 0, Diff: 0, Sum: 0, Workers: 4
[1297.021s][debug][gc,phases      ] GC(41)     Total                          Min: 0, Avg: 13.0, Max: 52, Diff: 52, Sum: 52, Workers: 4
[1297.021s][debug][gc,phases      ] GC(41)   StringDedup Table Weak         Min:  0.0, Avg:  0.0, Max:  0.0, Diff:  0.0, Sum:  0.0, Workers: 4
[1297.021s][debug][gc,phases      ] GC(41)     Dead                           Min: 0, Avg:  0.0, Max: 0, Diff: 0, Sum: 0, Workers: 4
[1297.021s][debug][gc,phases      ] GC(41)     Total                          Min: 0, Avg:  0.0, Max: 0, Diff: 0, Sum: 0, Workers: 4
[1297.021s][debug][gc,phases      ] GC(41)   StringDedup Requests0 Weak     Min:  0.0, Avg:  0.0, Max:  0.0, Diff:  0.0, Sum:  0.0, Workers: 4
[1297.021s][debug][gc,phases      ] GC(41)     Dead                           Min: 0, Avg:  0.0, Max: 0, Diff: 0, Sum: 0, Workers: 4
[1297.021s][debug][gc,phases      ] GC(41)     Total                          Min: 0, Avg:  0.0, Max: 0, Diff: 0, Sum: 0, Workers: 4
[1297.021s][debug][gc,phases      ] GC(41)   StringDedup Requests1 Weak     Min:  0.0, Avg:  0.0, Max:  0.0, Diff:  0.0, Sum:  0.0, Workers: 4
[1297.021s][debug][gc,phases      ] GC(41)     Dead                           Min: 0, Avg:  0.0, Max: 0, Diff: 0, Sum: 0, Workers: 4
[1297.021s][debug][gc,phases      ] GC(41)     Total                          Min: 0, Avg:  0.0, Max: 0, Diff: 0, Sum: 0, Workers: 4
[1297.021s][debug][gc,phases      ] GC(41)   Weak JFR Old Object Samples    Min:  0.0, Avg:  0.0, Max:  0.0, Diff:  0.0, Sum:  0.0, Workers: 4
[1297.021s][debug][gc,phases      ] GC(41)     Dead                           Min: 0, Avg:  0.0, Max: 0, Diff: 0, Sum: 0, Workers: 4
[1297.021s][debug][gc,phases      ] GC(41)     Total                          Min: 0, Avg:  0.0, Max: 0, Diff: 0, Sum: 0, Workers: 4
[1297.021s][debug][gc,phases      ] GC(41) Weak Processing 0.342ms
[1297.021s][debug][gc,age         ] GC(41) Desired survivor size 79691776 bytes, new threshold 1 (max threshold 15)
[1297.021s][info ][gc,heap        ] GC(41) PSYoungGen: 1944432K(2013696K)->38418K(2018816K) Eden: 1932800K(1932800K)->0K(1941504K) From: 11632K(80896K)->38418K(77312K)
[1297.021s][info ][gc,heap        ] GC(41) ParOldGen: 616647K(616960K)->625026K(625152K)
[1297.021s][info ][gc,metaspace   ] GC(41) Metaspace: 112840K(114240K)->112840K(114240K) NonClass: 95876K(96640K)->95876K(96640K) Class: 16964K(17600K)->16964K(17600K)
[1297.021s][info ][gc             ] GC(41) Pause Young (Allocation Failure) 2501M->647M(2582M) 23.154ms
[1297.021s][info ][gc,cpu         ] GC(41) User=0.08s Sys=0.00s Real=0.03s
[1297.021s][info ][safepoint      ] Safepoint "ParallelGCFailedAllocation", Time since last: 743098529 ns, Reaching safepoint: 87201 ns, Cleanup: 25601 ns, At safepoint: 23260229 ns, Total: 23373031 ns
[1298.021s][info ][safepoint      ] Safepoint "Cleanup", Time since last: 1000170879 ns, Reaching safepoint: 13800 ns, Cleanup: 16800 ns, At safepoint: 4000 ns, Total: 34600 ns
[1299.021s][info ][safepoint      ] Safepoint "Cleanup", Time since last: 1000135278 ns, Reaching safepoint: 11700 ns, Cleanup: 17800 ns, At safepoint: 2900 ns, Total: 32400 ns
[1300.022s][info ][safepoint      ] Safepoint "Cleanup", Time since last: 1000181579 ns, Reaching safepoint: 14100 ns, Cleanup: 16800 ns, At safepoint: 3800 ns, Total: 34700 ns
[1301.022s][info ][safepoint      ] Safepoint "Cleanup", Time since last: 1000126183 ns, Reaching safepoint: 11100 ns, Cleanup: 16301 ns, At safepoint: 3200 ns, Total: 30601 ns
[1302.022s][info ][safepoint      ] Safepoint "Cleanup", Time since last: 1000145697 ns, Reaching safepoint: 18901 ns, Cleanup: 17000 ns, At safepoint: 4500 ns, Total: 40401 ns
[1303.022s][info ][safepoint      ] Safepoint "Cleanup", Time since last: 1000153798 ns, Reaching safepoint: 14700 ns, Cleanup: 24700 ns, At safepoint: 4401 ns, Total: 43801 ns
[1304.022s][info ][safepoint      ] Safepoint "Cleanup", Time since last: 1000199598 ns, Reaching safepoint: 14800 ns, Cleanup: 21001 ns, At safepoint: 3800 ns, Total: 39601 ns
[1305.023s][info ][safepoint      ] Safepoint "Cleanup", Time since last: 1000119297 ns, Reaching safepoint: 82602 ns, Cleanup: 26900 ns, At safepoint: 6500 ns, Total: 116002 ns
[1306.023s][info ][safepoint      ] Safepoint "Cleanup", Time since last: 1000123597 ns, Reaching safepoint: 14601 ns, Cleanup: 14300 ns, At safepoint: 3400 ns, Total: 32301 ns
[1306.207s][info ][gc,start       ] GC(42) Pause Young (Allocation Failure)
[1306.243s][debug][gc,phases      ] GC(42) Scavenge 35.836ms
[1306.243s][debug][gc,ref         ] GC(42) Skipped SoftWeakFinalRefsPhase of Reference Processing: no references
[1306.243s][debug][gc,ref         ] GC(42) Skipped KeepAliveFinalRefsPhase of Reference Processing: no references
[1306.243s][debug][gc,ref         ] GC(42) ReferenceProcessor::execute queues: 1, RefProcThreadModel::Single, marks_oops_alive: false
[1306.243s][debug][gc,phases      ] GC(42) Reference Processing 0.110ms
[1306.243s][debug][gc,phases      ] GC(42)   VM Weak                        Min:  0.0, Avg:  0.0, Max:  0.0, Diff:  0.0, Sum:  0.0, Workers: 4
[1306.243s][debug][gc,phases      ] GC(42)     Dead                           Min: 0, Avg:  0.0, Max: 0, Diff: 0, Sum: 0, Workers: 4
[1306.243s][debug][gc,phases      ] GC(42)     Total                          Min: 0, Avg: 257.2, Max: 645, Diff: 645, Sum: 1029, Workers: 4
[1306.243s][debug][gc,phases      ] GC(42)   ObjectSynchronizer Weak        Min:  0.0, Avg:  0.0, Max:  0.0, Diff:  0.0, Sum:  0.0, Workers: 4
[1306.243s][debug][gc,phases      ] GC(42)     Dead                           Min: 0, Avg:  0.0, Max: 0, Diff: 0, Sum: 0, Workers: 4
[1306.243s][debug][gc,phases      ] GC(42)     Total                          Min: 0, Avg:  1.5, Max: 6, Diff: 6, Sum: 6, Workers: 4
[1306.243s][debug][gc,phases      ] GC(42)   JVMTI Tag Weak OopStorage      Min:  0.0, Avg:  0.0, Max:  0.0, Diff:  0.0, Sum:  0.0, Workers: 4
[1306.243s][debug][gc,phases      ] GC(42)     Dead                           Min: 0, Avg:  0.0, Max: 0, Diff: 0, Sum: 0, Workers: 4
[1306.243s][debug][gc,phases      ] GC(42)     Total                          Min: 0, Avg:  0.0, Max: 0, Diff: 0, Sum: 0, Workers: 4
[1306.243s][debug][gc,phases      ] GC(42)   StringTable Weak               Min:  0.1, Avg:  0.1, Max:  0.1, Diff:  0.0, Sum:  0.5, Workers: 4
[1306.243s][debug][gc,phases      ] GC(42)     Dead                           Min: 0, Avg:  0.0, Max: 0, Diff: 0, Sum: 0, Workers: 4
[1306.243s][debug][gc,phases      ] GC(42)     Total                          Min: 11583, Avg: 12404.2, Max: 13376, Diff: 1793, Sum: 49617, Workers: 4
[1306.243s][debug][gc,phases      ] GC(42)   ResolvedMethodTable Weak       Min:  0.0, Avg:  0.0, Max:  0.0, Diff:  0.0, Sum:  0.2, Workers: 4
[1306.243s][debug][gc,phases      ] GC(42)     Dead                           Min: 0, Avg:  4.0, Max: 13, Diff: 13, Sum: 16, Workers: 4
[1306.243s][debug][gc,phases      ] GC(42)     Total                          Min: 3540, Avg: 4014.2, Max: 4504, Diff: 964, Sum: 16057, Workers: 4
[1306.243s][debug][gc,phases      ] GC(42)   JNI Weak                       Min:  0.0, Avg:  0.0, Max:  0.0, Diff:  0.0, Sum:  0.0, Workers: 4
[1306.243s][debug][gc,phases      ] GC(42)     Dead                           Min: 0, Avg:  0.0, Max: 0, Diff: 0, Sum: 0, Workers: 4
[1306.243s][debug][gc,phases      ] GC(42)     Total                          Min: 0, Avg: 13.0, Max: 52, Diff: 52, Sum: 52, Workers: 4
[1306.243s][debug][gc,phases      ] GC(42)   StringDedup Table Weak         Min:  0.0, Avg:  0.0, Max:  0.0, Diff:  0.0, Sum:  0.0, Workers: 4
[1306.243s][debug][gc,phases      ] GC(42)     Dead                           Min: 0, Avg:  0.0, Max: 0, Diff: 0, Sum: 0, Workers: 4
[1306.243s][debug][gc,phases      ] GC(42)     Total                          Min: 0, Avg:  0.0, Max: 0, Diff: 0, Sum: 0, Workers: 4
[1306.243s][debug][gc,phases      ] GC(42)   StringDedup Requests0 Weak     Min:  0.0, Avg:  0.0, Max:  0.0, Diff:  0.0, Sum:  0.0, Workers: 4
[1306.244s][debug][gc,phases      ] GC(42)     Dead                           Min: 0, Avg:  0.0, Max: 0, Diff: 0, Sum: 0, Workers: 4
[1306.244s][debug][gc,phases      ] GC(42)     Total                          Min: 0, Avg:  0.0, Max: 0, Diff: 0, Sum: 0, Workers: 4
[1306.244s][debug][gc,phases      ] GC(42)   StringDedup Requests1 Weak     Min:  0.0, Avg:  0.0, Max:  0.0, Diff:  0.0, Sum:  0.0, Workers: 4
[1306.244s][debug][gc,phases      ] GC(42)     Dead                           Min: 0, Avg:  0.0, Max: 0, Diff: 0, Sum: 0, Workers: 4
[1306.244s][debug][gc,phases      ] GC(42)     Total                          Min: 0, Avg:  0.0, Max: 0, Diff: 0, Sum: 0, Workers: 4
[1306.244s][debug][gc,phases      ] GC(42)   Weak JFR Old Object Samples    Min:  0.0, Avg:  0.0, Max:  0.0, Diff:  0.0, Sum:  0.0, Workers: 4
[1306.244s][debug][gc,phases      ] GC(42)     Dead                           Min: 0, Avg:  0.0, Max: 0, Diff: 0, Sum: 0, Workers: 4
[1306.244s][debug][gc,phases      ] GC(42)     Total                          Min: 0, Avg:  0.0, Max: 0, Diff: 0, Sum: 0, Workers: 4
[1306.244s][debug][gc,phases      ] GC(42) Weak Processing 0.360ms
[1306.244s][debug][gc,age         ] GC(42) Desired survivor size 79691776 bytes, new threshold 1 (max threshold 15)
[1306.244s][info ][gc,heap        ] GC(42) PSYoungGen: 1979922K(2018816K)->38448K(2019328K) Eden: 1941504K(1941504K)->0K(1941504K) From: 38418K(77312K)->38448K(77824K)
[1306.244s][info ][gc,heap        ] GC(42) ParOldGen: 625026K(625152K)->654225K(654336K)
[1306.244s][info ][gc,metaspace   ] GC(42) Metaspace: 112845K(114240K)->112845K(114240K) NonClass: 95881K(96640K)->95881K(96640K) Class: 16964K(17600K)->16964K(17600K)
[1306.244s][info ][gc             ] GC(42) Pause Young (Allocation Failure) 2543M->676M(2611M) 36.457ms
[1306.244s][info ][gc,cpu         ] GC(42) User=0.12s Sys=0.02s Real=0.04s
[1306.244s][info ][safepoint      ] Safepoint "ParallelGCFailedAllocation", Time since last: 184195907 ns, Reaching safepoint: 91901 ns, Cleanup: 13401 ns, At safepoint: 36570076 ns, Total: 36675378 ns
[1307.244s][info ][safepoint      ] Safepoint "Cleanup", Time since last: 1000085997 ns, Reaching safepoint: 10500 ns, Cleanup: 37400 ns, At safepoint: 2600 ns, Total: 50500 ns
[1308.244s][info ][safepoint      ] Safepoint "Cleanup", Time since last: 1000106897 ns, Reaching safepoint: 15501 ns, Cleanup: 22000 ns, At safepoint: 3100 ns, Total: 40601 ns
[1309.244s][info ][safepoint      ] Safepoint "Cleanup", Time since last: 1000112118 ns, Reaching safepoint: 79001 ns, Cleanup: 26501 ns, At safepoint: 8400 ns, Total: 113902 ns
[1310.245s][info ][safepoint      ] Safepoint "Cleanup", Time since last: 1000222540 ns, Reaching safepoint: 112302 ns, Cleanup: 29301 ns, At safepoint: 9100 ns, Total: 150703 ns
[1311.245s][info ][safepoint      ] Safepoint "Cleanup", Time since last: 1000134539 ns, Reaching safepoint: 13000 ns, Cleanup: 28901 ns, At safepoint: 3500 ns, Total: 45401 ns
[1312.245s][info ][safepoint      ] Safepoint "Cleanup", Time since last: 1000111339 ns, Reaching safepoint: 84001 ns, Cleanup: 11100 ns, At safepoint: 6701 ns, Total: 101802 ns
[1313.248s][info ][safepoint      ] Safepoint "Cleanup", Time since last: 1002565784 ns, Reaching safepoint: 91501 ns, Cleanup: 21201 ns, At safepoint: 24600 ns, Total: 137302 ns
[1314.150s][info ][safepoint      ] Safepoint "ParallelGCFailedAllocation", Time since last: 902341726 ns, Reaching safepoint: 82402 ns, Cleanup: 15000 ns, At safepoint: 16301 ns, Total: 113703 ns
[1314.151s][info ][gc,start       ] GC(43) Pause Young (GCLocker Initiated GC)
[1314.188s][debug][gc,phases      ] GC(43) Scavenge 36.727ms
[1314.188s][debug][gc,ref         ] GC(43) ReferenceProcessor::execute queues: 1, RefProcThreadModel::Single, marks_oops_alive: false
[1314.188s][debug][gc,ref         ] GC(43) Skipped KeepAliveFinalRefsPhase of Reference Processing: no references
[1314.188s][debug][gc,ref         ] GC(43) ReferenceProcessor::execute queues: 1, RefProcThreadModel::Single, marks_oops_alive: false
[1314.188s][debug][gc,phases      ] GC(43) Reference Processing 0.109ms
[1314.188s][debug][gc,phases      ] GC(43)   VM Weak                        Min:  0.0, Avg:  0.0, Max:  0.0, Diff:  0.0, Sum:  0.0, Workers: 4
[1314.188s][debug][gc,phases      ] GC(43)     Dead                           Min: 0, Avg:  0.0, Max: 0, Diff: 0, Sum: 0, Workers: 4
[1314.188s][debug][gc,phases      ] GC(43)     Total                          Min: 0, Avg: 257.2, Max: 640, Diff: 640, Sum: 1029, Workers: 4
[1314.188s][debug][gc,phases      ] GC(43)   ObjectSynchronizer Weak        Min:  0.0, Avg:  0.0, Max:  0.0, Diff:  0.0, Sum:  0.0, Workers: 4
[1314.188s][debug][gc,phases      ] GC(43)     Dead                           Min: 0, Avg:  0.0, Max: 0, Diff: 0, Sum: 0, Workers: 4
[1314.188s][debug][gc,phases      ] GC(43)     Total                          Min: 0, Avg:  1.5, Max: 6, Diff: 6, Sum: 6, Workers: 4
[1314.188s][debug][gc,phases      ] GC(43)   JVMTI Tag Weak OopStorage      Min:  0.0, Avg:  0.0, Max:  0.0, Diff:  0.0, Sum:  0.0, Workers: 4
[1314.188s][debug][gc,phases      ] GC(43)     Dead                           Min: 0, Avg:  0.0, Max: 0, Diff: 0, Sum: 0, Workers: 4
[1314.188s][debug][gc,phases      ] GC(43)     Total                          Min: 0, Avg:  0.0, Max: 0, Diff: 0, Sum: 0, Workers: 4
[1314.188s][debug][gc,phases      ] GC(43)   StringTable Weak               Min:  0.1, Avg:  0.1, Max:  0.1, Diff:  0.0, Sum:  0.5, Workers: 4
[1314.188s][debug][gc,phases      ] GC(43)     Dead                           Min: 0, Avg:  0.0, Max: 0, Diff: 0, Sum: 0, Workers: 4
[1314.188s][debug][gc,phases      ] GC(43)     Total                          Min: 10816, Avg: 12405.0, Max: 13888, Diff: 3072, Sum: 49620, Workers: 4
[1314.188s][debug][gc,phases      ] GC(43)   ResolvedMethodTable Weak       Min:  0.0, Avg:  0.0, Max:  0.0, Diff:  0.0, Sum:  0.2, Workers: 4
[1314.188s][debug][gc,phases      ] GC(43)     Dead                           Min: 0, Avg:  0.0, Max: 0, Diff: 0, Sum: 0, Workers: 4
[1314.188s][debug][gc,phases      ] GC(43)     Total                          Min: 3592, Avg: 4015.2, Max: 4511, Diff: 919, Sum: 16061, Workers: 4
[1314.188s][debug][gc,phases      ] GC(43)   JNI Weak                       Min:  0.0, Avg:  0.0, Max:  0.0, Diff:  0.0, Sum:  0.0, Workers: 4
[1314.188s][debug][gc,phases      ] GC(43)     Dead                           Min: 0, Avg:  0.0, Max: 0, Diff: 0, Sum: 0, Workers: 4
[1314.188s][debug][gc,phases      ] GC(43)     Total                          Min: 0, Avg: 13.2, Max: 53, Diff: 53, Sum: 53, Workers: 4
[1314.188s][debug][gc,phases      ] GC(43)   StringDedup Table Weak         Min:  0.0, Avg:  0.0, Max:  0.0, Diff:  0.0, Sum:  0.0, Workers: 4
[1314.188s][debug][gc,phases      ] GC(43)     Dead                           Min: 0, Avg:  0.0, Max: 0, Diff: 0, Sum: 0, Workers: 4
[1314.188s][debug][gc,phases      ] GC(43)     Total                          Min: 0, Avg:  0.0, Max: 0, Diff: 0, Sum: 0, Workers: 4
[1314.188s][debug][gc,phases      ] GC(43)   StringDedup Requests0 Weak     Min:  0.0, Avg:  0.0, Max:  0.0, Diff:  0.0, Sum:  0.0, Workers: 4
[1314.188s][debug][gc,phases      ] GC(43)     Dead                           Min: 0, Avg:  0.0, Max: 0, Diff: 0, Sum: 0, Workers: 4
[1314.188s][debug][gc,phases      ] GC(43)     Total                          Min: 0, Avg:  0.0, Max: 0, Diff: 0, Sum: 0, Workers: 4
[1314.188s][debug][gc,phases      ] GC(43)   StringDedup Requests1 Weak     Min:  0.0, Avg:  0.0, Max:  0.0, Diff:  0.0, Sum:  0.0, Workers: 4
[1314.188s][debug][gc,phases      ] GC(43)     Dead                           Min: 0, Avg:  0.0, Max: 0, Diff: 0, Sum: 0, Workers: 4
[1314.188s][debug][gc,phases      ] GC(43)     Total                          Min: 0, Avg:  0.0, Max: 0, Diff: 0, Sum: 0, Workers: 4
[1314.188s][debug][gc,phases      ] GC(43)   Weak JFR Old Object Samples    Min:  0.0, Avg:  0.0, Max:  0.0, Diff:  0.0, Sum:  0.0, Workers: 4
[1314.188s][debug][gc,phases      ] GC(43)     Dead                           Min: 0, Avg:  0.0, Max: 0, Diff: 0, Sum: 0, Workers: 4
[1314.188s][debug][gc,phases      ] GC(43)     Total                          Min: 0, Avg:  0.0, Max: 0, Diff: 0, Sum: 0, Workers: 4
[1314.188s][debug][gc,phases      ] GC(43) Weak Processing 0.345ms
[1314.188s][debug][gc,age         ] GC(43) Desired survivor size 78118912 bytes, new threshold 1 (max threshold 15)
[1314.188s][info ][gc,heap        ] GC(43) PSYoungGen: 1979952K(2019328K)->35133K(2020864K) Eden: 1941504K(1941504K)->0K(1943040K) From: 38448K(77824K)->35133K(77824K)
[1314.188s][info ][gc,heap        ] GC(43) ParOldGen: 654236K(654336K)->689840K(690176K)
[1314.188s][info ][gc,metaspace   ] GC(43) Metaspace: 112894K(114304K)->112894K(114304K) NonClass: 95928K(96704K)->95928K(96704K) Class: 16965K(17600K)->16965K(17600K)
[1314.188s][info ][gc             ] GC(43) Pause Young (GCLocker Initiated GC) 2572M->707M(2647M) 37.307ms
[1314.188s][info ][gc,cpu         ] GC(43) User=0.12s Sys=0.02s Real=0.03s
[1314.188s][info ][safepoint      ] Safepoint "ParallelGCSystemGC", Time since last: 852815 ns, Reaching safepoint: 77402 ns, Cleanup: 2900 ns, At safepoint: 37391693 ns, Total: 37471995 ns
[1315.189s][info ][safepoint      ] Safepoint "Cleanup", Time since last: 1000087338 ns, Reaching safepoint: 81002 ns, Cleanup: 25100 ns, At safepoint: 7900 ns, Total: 114002 ns
[1316.189s][info ][safepoint      ] Safepoint "Cleanup", Time since last: 1000180040 ns, Reaching safepoint: 12500 ns, Cleanup: 48001 ns, At safepoint: 3600 ns, Total: 64101 ns
[1317.189s][info ][safepoint      ] Safepoint "Cleanup", Time since last: 1000125770 ns, Reaching safepoint: 85002 ns, Cleanup: 29100 ns, At safepoint: 8500 ns, Total: 122602 ns
[1318.191s][info ][safepoint      ] Safepoint "Cleanup", Time since last: 1001388735 ns, Reaching safepoint: 90702 ns, Cleanup: 37001 ns, At safepoint: 29900 ns, Total: 157603 ns
[1319.194s][info ][safepoint      ] Safepoint "Cleanup", Time since last: 1002868662 ns, Reaching safepoint: 105902 ns, Cleanup: 27501 ns, At safepoint: 29400 ns, Total: 162803 ns
[1320.141s][info ][gc,start       ] GC(44) Pause Young (Allocation Failure)
[1320.177s][debug][gc,phases      ] GC(44) Scavenge 36.011ms
[1320.177s][debug][gc,ref         ] GC(44) ReferenceProcessor::execute queues: 1, RefProcThreadModel::Single, marks_oops_alive: false
[1320.177s][debug][gc,ref         ] GC(44) Skipped KeepAliveFinalRefsPhase of Reference Processing: no references
[1320.177s][debug][gc,ref         ] GC(44) ReferenceProcessor::execute queues: 1, RefProcThreadModel::Single, marks_oops_alive: false
[1320.177s][debug][gc,phases      ] GC(44) Reference Processing 0.106ms
[1320.177s][debug][gc,phases      ] GC(44)   VM Weak                        Min:  0.0, Avg:  0.0, Max:  0.0, Diff:  0.0, Sum:  0.0, Workers: 4
[1320.177s][debug][gc,phases      ] GC(44)     Dead                           Min: 0, Avg:  0.0, Max: 0, Diff: 0, Sum: 0, Workers: 4
[1320.177s][debug][gc,phases      ] GC(44)     Total                          Min: 0, Avg: 257.2, Max: 576, Diff: 576, Sum: 1029, Workers: 4
[1320.177s][debug][gc,phases      ] GC(44)   ObjectSynchronizer Weak        Min:  0.0, Avg:  0.0, Max:  0.0, Diff:  0.0, Sum:  0.0, Workers: 4
[1320.177s][debug][gc,phases      ] GC(44)     Dead                           Min: 0, Avg:  0.0, Max: 0, Diff: 0, Sum: 0, Workers: 4
[1320.177s][debug][gc,phases      ] GC(44)     Total                          Min: 0, Avg:  1.8, Max: 7, Diff: 7, Sum: 7, Workers: 4
[1320.177s][debug][gc,phases      ] GC(44)   JVMTI Tag Weak OopStorage      Min:  0.0, Avg:  0.0, Max:  0.0, Diff:  0.0, Sum:  0.0, Workers: 4
[1320.177s][debug][gc,phases      ] GC(44)     Dead                           Min: 0, Avg:  0.0, Max: 0, Diff: 0, Sum: 0, Workers: 4
[1320.177s][debug][gc,phases      ] GC(44)     Total                          Min: 0, Avg:  0.0, Max: 0, Diff: 0, Sum: 0, Workers: 4
[1320.177s][debug][gc,phases      ] GC(44)   StringTable Weak               Min:  0.1, Avg:  0.1, Max:  0.1, Diff:  0.0, Sum:  0.5, Workers: 4
[1320.177s][debug][gc,phases      ] GC(44)     Dead                           Min: 0, Avg:  0.2, Max: 1, Diff: 1, Sum: 1, Workers: 4
[1320.177s][debug][gc,phases      ] GC(44)     Total                          Min: 11328, Avg: 12406.8, Max: 14592, Diff: 3264, Sum: 49627, Workers: 4
[1320.177s][debug][gc,phases      ] GC(44)   ResolvedMethodTable Weak       Min:  0.0, Avg:  0.0, Max:  0.0, Diff:  0.0, Sum:  0.2, Workers: 4
[1320.177s][debug][gc,phases      ] GC(44)     Dead                           Min: 0, Avg:  0.2, Max: 1, Diff: 1, Sum: 1, Workers: 4
[1320.177s][debug][gc,phases      ] GC(44)     Total                          Min: 3750, Avg: 4017.5, Max: 4604, Diff: 854, Sum: 16070, Workers: 4
[1320.177s][debug][gc,phases      ] GC(44)   JNI Weak                       Min:  0.0, Avg:  0.0, Max:  0.0, Diff:  0.0, Sum:  0.0, Workers: 4
[1320.177s][debug][gc,phases      ] GC(44)     Dead                           Min: 0, Avg:  0.0, Max: 0, Diff: 0, Sum: 0, Workers: 4
[1320.177s][debug][gc,phases      ] GC(44)     Total                          Min: 0, Avg: 13.0, Max: 52, Diff: 52, Sum: 52, Workers: 4
[1320.177s][debug][gc,phases      ] GC(44)   StringDedup Table Weak         Min:  0.0, Avg:  0.0, Max:  0.0, Diff:  0.0, Sum:  0.0, Workers: 4
[1320.177s][debug][gc,phases      ] GC(44)     Dead                           Min: 0, Avg:  0.0, Max: 0, Diff: 0, Sum: 0, Workers: 4
[1320.177s][debug][gc,phases      ] GC(44)     Total                          Min: 0, Avg:  0.0, Max: 0, Diff: 0, Sum: 0, Workers: 4
[1320.177s][debug][gc,phases      ] GC(44)   StringDedup Requests0 Weak     Min:  0.0, Avg:  0.0, Max:  0.0, Diff:  0.0, Sum:  0.0, Workers: 4
[1320.177s][debug][gc,phases      ] GC(44)     Dead                           Min: 0, Avg:  0.0, Max: 0, Diff: 0, Sum: 0, Workers: 4
[1320.177s][debug][gc,phases      ] GC(44)     Total                          Min: 0, Avg:  0.0, Max: 0, Diff: 0, Sum: 0, Workers: 4
[1320.177s][debug][gc,phases      ] GC(44)   StringDedup Requests1 Weak     Min:  0.0, Avg:  0.0, Max:  0.0, Diff:  0.0, Sum:  0.0, Workers: 4
[1320.177s][debug][gc,phases      ] GC(44)     Dead                           Min: 0, Avg:  0.0, Max: 0, Diff: 0, Sum: 0, Workers: 4
[1320.177s][debug][gc,phases      ] GC(44)     Total                          Min: 0, Avg:  0.0, Max: 0, Diff: 0, Sum: 0, Workers: 4
[1320.177s][debug][gc,phases      ] GC(44)   Weak JFR Old Object Samples    Min:  0.0, Avg:  0.0, Max:  0.0, Diff:  0.0, Sum:  0.0, Workers: 4
[1320.177s][debug][gc,phases      ] GC(44)     Dead                           Min: 0, Avg:  0.0, Max: 0, Diff: 0, Sum: 0, Workers: 4
[1320.177s][debug][gc,phases      ] GC(44)     Total                          Min: 0, Avg:  0.0, Max: 0, Diff: 0, Sum: 0, Workers: 4
[1320.177s][debug][gc,phases      ] GC(44) Weak Processing 0.360ms
[1320.178s][debug][gc,age         ] GC(44) Desired survivor size 79691776 bytes, new threshold 1 (max threshold 15)
[1320.178s][info ][gc,heap        ] GC(44) PSYoungGen: 1978173K(2020864K)->43865K(2019328K) Eden: 1943040K(1943040K)->0K(1943040K) From: 35133K(77824K)->43865K(76288K)
[1320.178s][info ][gc,heap        ] GC(44) ParOldGen: 689858K(690176K)->720198K(720384K)
[1320.178s][info ][gc,metaspace   ] GC(44) Metaspace: 112930K(114304K)->112930K(114304K) NonClass: 95961K(96704K)->95961K(96704K) Class: 16969K(17600K)->16969K(17600K)
[1320.178s][info ][gc             ] GC(44) Pause Young (Allocation Failure) 2605M->746M(2675M) 36.620ms
[1320.178s][info ][gc,cpu         ] GC(44) User=0.11s Sys=0.03s Real=0.03s
[1320.178s][info ][safepoint      ] Safepoint "ParallelGCFailedAllocation", Time since last: 947055524 ns, Reaching safepoint: 95302 ns, Cleanup: 42701 ns, At safepoint: 36734783 ns, Total: 36872786 ns
[1321.754s][info ][safepoint      ] Safepoint "Cleanup", Time since last: 1576174631 ns, Reaching safepoint: 13501 ns, Cleanup: 45700 ns, At safepoint: 3601 ns, Total: 62802 ns
[1322.755s][info ][safepoint      ] Safepoint "Cleanup", Time since last: 1001207931 ns, Reaching safepoint: 89902 ns, Cleanup: 21500 ns, At safepoint: 32301 ns, Total: 143703 ns
[1323.757s][info ][safepoint      ] Safepoint "Cleanup", Time since last: 1001332733 ns, Reaching safepoint: 333107 ns, Cleanup: 30900 ns, At safepoint: 33101 ns, Total: 397108 ns
[1324.757s][info ][safepoint      ] Safepoint "Cleanup", Time since last: 1000206813 ns, Reaching safepoint: 16400 ns, Cleanup: 26900 ns, At safepoint: 4300 ns, Total: 47600 ns
[1325.543s][info ][gc,start       ] GC(45) Pause Young (Allocation Failure)
[1325.580s][debug][gc,phases      ] GC(45) Scavenge 37.534ms
[1325.581s][debug][gc,ref         ] GC(45) ReferenceProcessor::execute queues: 1, RefProcThreadModel::Single, marks_oops_alive: false
[1325.581s][debug][gc,ref         ] GC(45) Skipped KeepAliveFinalRefsPhase of Reference Processing: no references
[1325.581s][debug][gc,ref         ] GC(45) ReferenceProcessor::execute queues: 1, RefProcThreadModel::Single, marks_oops_alive: false
[1325.581s][debug][gc,phases      ] GC(45) Reference Processing 0.128ms
[1325.581s][debug][gc,phases      ] GC(45)   VM Weak                        Min:  0.0, Avg:  0.0, Max:  0.0, Diff:  0.0, Sum:  0.0, Workers: 4
[1325.581s][debug][gc,phases      ] GC(45)     Dead                           Min: 0, Avg:  0.0, Max: 0, Diff: 0, Sum: 0, Workers: 4
[1325.581s][debug][gc,phases      ] GC(45)     Total                          Min: 0, Avg: 257.2, Max: 960, Diff: 960, Sum: 1029, Workers: 4
[1325.581s][debug][gc,phases      ] GC(45)   ObjectSynchronizer Weak        Min:  0.0, Avg:  0.0, Max:  0.0, Diff:  0.0, Sum:  0.0, Workers: 4
[1325.581s][debug][gc,phases      ] GC(45)     Dead                           Min: 0, Avg:  0.0, Max: 0, Diff: 0, Sum: 0, Workers: 4
[1325.581s][debug][gc,phases      ] GC(45)     Total                          Min: 0, Avg:  1.0, Max: 4, Diff: 4, Sum: 4, Workers: 4
[1325.581s][debug][gc,phases      ] GC(45)   JVMTI Tag Weak OopStorage      Min:  0.0, Avg:  0.0, Max:  0.0, Diff:  0.0, Sum:  0.0, Workers: 4
[1325.581s][debug][gc,phases      ] GC(45)     Dead                           Min: 0, Avg:  0.0, Max: 0, Diff: 0, Sum: 0, Workers: 4
[1325.581s][debug][gc,phases      ] GC(45)     Total                          Min: 0, Avg:  0.0, Max: 0, Diff: 0, Sum: 0, Workers: 4
[1325.581s][debug][gc,phases      ] GC(45)   StringTable Weak               Min:  0.1, Avg:  0.1, Max:  0.1, Diff:  0.0, Sum:  0.5, Workers: 4
[1325.581s][debug][gc,phases      ] GC(45)     Dead                           Min: 0, Avg:  0.2, Max: 1, Diff: 1, Sum: 1, Workers: 4
[1325.581s][debug][gc,phases      ] GC(45)     Total                          Min: 10495, Avg: 12411.2, Max: 13167, Diff: 2672, Sum: 49645, Workers: 4
[1325.581s][debug][gc,phases      ] GC(45)   ResolvedMethodTable Weak       Min:  0.0, Avg:  0.0, Max:  0.0, Diff:  0.0, Sum:  0.2, Workers: 4
[1325.581s][debug][gc,phases      ] GC(45)     Dead                           Min: 0, Avg:  4.8, Max: 17, Diff: 17, Sum: 19, Workers: 4
[1325.581s][debug][gc,phases      ] GC(45)     Total                          Min: 3471, Avg: 4019.2, Max: 4370, Diff: 899, Sum: 16077, Workers: 4
[1325.581s][debug][gc,phases      ] GC(45)   JNI Weak                       Min:  0.0, Avg:  0.0, Max:  0.0, Diff:  0.0, Sum:  0.0, Workers: 4
[1325.581s][debug][gc,phases      ] GC(45)     Dead                           Min: 0, Avg:  0.0, Max: 0, Diff: 0, Sum: 0, Workers: 4
[1325.581s][debug][gc,phases      ] GC(45)     Total                          Min: 0, Avg: 13.0, Max: 52, Diff: 52, Sum: 52, Workers: 4
[1325.581s][debug][gc,phases      ] GC(45)   StringDedup Table Weak         Min:  0.0, Avg:  0.0, Max:  0.0, Diff:  0.0, Sum:  0.0, Workers: 4
[1325.581s][debug][gc,phases      ] GC(45)     Dead                           Min: 0, Avg:  0.0, Max: 0, Diff: 0, Sum: 0, Workers: 4
[1325.581s][debug][gc,phases      ] GC(45)     Total                          Min: 0, Avg:  0.0, Max: 0, Diff: 0, Sum: 0, Workers: 4
[1325.581s][debug][gc,phases      ] GC(45)   StringDedup Requests0 Weak     Min:  0.0, Avg:  0.0, Max:  0.0, Diff:  0.0, Sum:  0.0, Workers: 4
[1325.581s][debug][gc,phases      ] GC(45)     Dead                           Min: 0, Avg:  0.0, Max: 0, Diff: 0, Sum: 0, Workers: 4
[1325.581s][debug][gc,phases      ] GC(45)     Total                          Min: 0, Avg:  0.0, Max: 0, Diff: 0, Sum: 0, Workers: 4
[1325.581s][debug][gc,phases      ] GC(45)   StringDedup Requests1 Weak     Min:  0.0, Avg:  0.0, Max:  0.0, Diff:  0.0, Sum:  0.0, Workers: 4
[1325.581s][debug][gc,phases      ] GC(45)     Dead                           Min: 0, Avg:  0.0, Max: 0, Diff: 0, Sum: 0, Workers: 4
[1325.581s][debug][gc,phases      ] GC(45)     Total                          Min: 0, Avg:  0.0, Max: 0, Diff: 0, Sum: 0, Workers: 4
[1325.581s][debug][gc,phases      ] GC(45)   Weak JFR Old Object Samples    Min:  0.0, Avg:  0.0, Max:  0.0, Diff:  0.0, Sum:  0.0, Workers: 4
[1325.581s][debug][gc,phases      ] GC(45)     Dead                           Min: 0, Avg:  0.0, Max: 0, Diff: 0, Sum: 0, Workers: 4
[1325.581s][debug][gc,phases      ] GC(45)     Total                          Min: 0, Avg:  0.0, Max: 0, Diff: 0, Sum: 0, Workers: 4
[1325.581s][debug][gc,phases      ] GC(45) Weak Processing 0.334ms
[1325.581s][debug][gc,age         ] GC(45) Desired survivor size 76546048 bytes, new threshold 1 (max threshold 15)
[1325.581s][info ][gc,heap        ] GC(45) PSYoungGen: 1986905K(2019328K)->33292K(2022400K) Eden: 1943040K(1943040K)->0K(1944576K) From: 43865K(76288K)->33292K(77824K)
[1325.581s][info ][gc,heap        ] GC(45) ParOldGen: 720198K(720384K)->756017K(756224K)
[1325.581s][info ][gc,metaspace   ] GC(45) Metaspace: 112985K(114368K)->112985K(114368K) NonClass: 96011K(96768K)->96011K(96768K) Class: 16973K(17600K)->16973K(17600K)
[1325.581s][info ][gc             ] GC(45) Pause Young (Allocation Failure) 2643M->770M(2713M) 38.134ms
[1325.581s][info ][gc,cpu         ] GC(45) User=0.12s Sys=0.02s Real=0.04s
[1325.581s][info ][safepoint      ] Safepoint "ParallelGCFailedAllocation", Time since last: 785461373 ns, Reaching safepoint: 82401 ns, Cleanup: 15300 ns, At safepoint: 38229610 ns, Total: 38327311 ns
[1326.581s][info ][safepoint      ] Safepoint "Cleanup", Time since last: 1000125553 ns, Reaching safepoint: 82601 ns, Cleanup: 14000 ns, At safepoint: 7600 ns, Total: 104201 ns
[1327.582s][info ][safepoint      ] Safepoint "Cleanup", Time since last: 1000137554 ns, Reaching safepoint: 92401 ns, Cleanup: 34601 ns, At safepoint: 29501 ns, Total: 156503 ns
[1328.582s][info ][safepoint      ] Safepoint "Cleanup", Time since last: 1000138653 ns, Reaching safepoint: 90501 ns, Cleanup: 20501 ns, At safepoint: 9400 ns, Total: 120402 ns
[1329.582s][info ][safepoint      ] Safepoint "Cleanup", Time since last: 1000132153 ns, Reaching safepoint: 97902 ns, Cleanup: 57101 ns, At safepoint: 15300 ns, Total: 170303 ns
[1330.583s][info ][safepoint      ] Safepoint "Cleanup", Time since last: 1000283456 ns, Reaching safepoint: 88002 ns, Cleanup: 55301 ns, At safepoint: 7100 ns, Total: 150403 ns
[1331.583s][info ][safepoint      ] Safepoint "Cleanup", Time since last: 1000122053 ns, Reaching safepoint: 84401 ns, Cleanup: 19401 ns, At safepoint: 8200 ns, Total: 112002 ns
[1332.583s][info ][safepoint      ] Safepoint "Cleanup", Time since last: 1000124253 ns, Reaching safepoint: 12900 ns, Cleanup: 14700 ns, At safepoint: 3201 ns, Total: 30801 ns
[1332.840s][info ][gc,start       ] GC(46) Pause Young (Allocation Failure)
[1332.876s][debug][gc,phases      ] GC(46) Scavenge 36.070ms
[1332.877s][debug][gc,ref         ] GC(46) ReferenceProcessor::execute queues: 1, RefProcThreadModel::Single, marks_oops_alive: false
[1332.877s][debug][gc,ref         ] GC(46) Skipped KeepAliveFinalRefsPhase of Reference Processing: no references
[1332.877s][debug][gc,ref         ] GC(46) ReferenceProcessor::execute queues: 1, RefProcThreadModel::Single, marks_oops_alive: false
[1332.877s][debug][gc,phases      ] GC(46) Reference Processing 0.119ms
[1332.877s][debug][gc,phases      ] GC(46)   VM Weak                        Min:  0.0, Avg:  0.0, Max:  0.0, Diff:  0.0, Sum:  0.0, Workers: 4
[1332.877s][debug][gc,phases      ] GC(46)     Dead                           Min: 0, Avg:  0.0, Max: 0, Diff: 0, Sum: 0, Workers: 4
[1332.877s][debug][gc,phases      ] GC(46)     Total                          Min: 0, Avg: 259.8, Max: 576, Diff: 576, Sum: 1039, Workers: 4
[1332.877s][debug][gc,phases      ] GC(46)   ObjectSynchronizer Weak        Min:  0.0, Avg:  0.0, Max:  0.0, Diff:  0.0, Sum:  0.0, Workers: 4
[1332.877s][debug][gc,phases      ] GC(46)     Dead                           Min: 0, Avg:  0.0, Max: 0, Diff: 0, Sum: 0, Workers: 4
[1332.877s][debug][gc,phases      ] GC(46)     Total                          Min: 0, Avg:  1.5, Max: 6, Diff: 6, Sum: 6, Workers: 4
[1332.877s][debug][gc,phases      ] GC(46)   JVMTI Tag Weak OopStorage      Min:  0.0, Avg:  0.0, Max:  0.0, Diff:  0.0, Sum:  0.0, Workers: 4
[1332.877s][debug][gc,phases      ] GC(46)     Dead                           Min: 0, Avg:  0.0, Max: 0, Diff: 0, Sum: 0, Workers: 4
[1332.877s][debug][gc,phases      ] GC(46)     Total                          Min: 0, Avg:  0.0, Max: 0, Diff: 0, Sum: 0, Workers: 4
[1332.877s][debug][gc,phases      ] GC(46)   StringTable Weak               Min:  0.1, Avg:  0.1, Max:  0.1, Diff:  0.0, Sum:  0.5, Workers: 4
[1332.877s][debug][gc,phases      ] GC(46)     Dead                           Min: 0, Avg:  0.2, Max: 1, Diff: 1, Sum: 1, Workers: 4
[1332.877s][debug][gc,phases      ] GC(46)     Total                          Min: 11053, Avg: 12427.2, Max: 14272, Diff: 3219, Sum: 49709, Workers: 4
[1332.877s][debug][gc,phases      ] GC(46)   ResolvedMethodTable Weak       Min:  0.0, Avg:  0.0, Max:  0.0, Diff:  0.0, Sum:  0.2, Workers: 4
[1332.877s][debug][gc,phases      ] GC(46)     Dead                           Min: 0, Avg:  6.5, Max: 14, Diff: 14, Sum: 26, Workers: 4
[1332.877s][debug][gc,phases      ] GC(46)     Total                          Min: 3691, Avg: 4044.0, Max: 4701, Diff: 1010, Sum: 16176, Workers: 4
[1332.877s][debug][gc,phases      ] GC(46)   JNI Weak                       Min:  0.0, Avg:  0.0, Max:  0.0, Diff:  0.0, Sum:  0.0, Workers: 4
[1332.877s][debug][gc,phases      ] GC(46)     Dead                           Min: 0, Avg:  0.0, Max: 0, Diff: 0, Sum: 0, Workers: 4
[1332.877s][debug][gc,phases      ] GC(46)     Total                          Min: 0, Avg: 13.0, Max: 52, Diff: 52, Sum: 52, Workers: 4
[1332.877s][debug][gc,phases      ] GC(46)   StringDedup Table Weak         Min:  0.0, Avg:  0.0, Max:  0.0, Diff:  0.0, Sum:  0.0, Workers: 4
[1332.877s][debug][gc,phases      ] GC(46)     Dead                           Min: 0, Avg:  0.0, Max: 0, Diff: 0, Sum: 0, Workers: 4
[1332.877s][debug][gc,phases      ] GC(46)     Total                          Min: 0, Avg:  0.0, Max: 0, Diff: 0, Sum: 0, Workers: 4
[1332.877s][debug][gc,phases      ] GC(46)   StringDedup Requests0 Weak     Min:  0.0, Avg:  0.0, Max:  0.0, Diff:  0.0, Sum:  0.0, Workers: 4
[1332.877s][debug][gc,phases      ] GC(46)     Dead                           Min: 0, Avg:  0.0, Max: 0, Diff: 0, Sum: 0, Workers: 4
[1332.877s][debug][gc,phases      ] GC(46)     Total                          Min: 0, Avg:  0.0, Max: 0, Diff: 0, Sum: 0, Workers: 4
[1332.877s][debug][gc,phases      ] GC(46)   StringDedup Requests1 Weak     Min:  0.0, Avg:  0.0, Max:  0.0, Diff:  0.0, Sum:  0.0, Workers: 4
[1332.877s][debug][gc,phases      ] GC(46)     Dead                           Min: 0, Avg:  0.0, Max: 0, Diff: 0, Sum: 0, Workers: 4
[1332.877s][debug][gc,phases      ] GC(46)     Total                          Min: 0, Avg:  0.0, Max: 0, Diff: 0, Sum: 0, Workers: 4
[1332.877s][debug][gc,phases      ] GC(46)   Weak JFR Old Object Samples    Min:  0.0, Avg:  0.0, Max:  0.0, Diff:  0.0, Sum:  0.0, Workers: 4
[1332.877s][debug][gc,phases      ] GC(46)     Dead                           Min: 0, Avg:  0.0, Max: 0, Diff: 0, Sum: 0, Workers: 4
[1332.877s][debug][gc,phases      ] GC(46)     Total                          Min: 0, Avg:  0.0, Max: 0, Diff: 0, Sum: 0, Workers: 4
[1332.877s][debug][gc,phases      ] GC(46) Weak Processing 0.383ms
[1332.877s][debug][gc,age         ] GC(46) Desired survivor size 74448896 bytes, new threshold 1 (max threshold 15)
[1332.877s][info ][gc,heap        ] GC(46) PSYoungGen: 1977868K(2022400K)->36057K(2019328K) Eden: 1944576K(1944576K)->0K(1944576K) From: 33292K(77824K)->36057K(74752K)
[1332.877s][info ][gc,heap        ] GC(46) ParOldGen: 756017K(756224K)->785755K(785920K)
[1332.877s][info ][gc,metaspace   ] GC(46) Metaspace: 113175K(114560K)->113175K(114560K) NonClass: 96161K(96896K)->96161K(96896K) Class: 17014K(17664K)->17014K(17664K)
[1332.877s][info ][gc             ] GC(46) Pause Young (Allocation Failure) 2669M->802M(2739M) 36.739ms
[1332.877s][info ][gc,cpu         ] GC(46) User=0.12s Sys=0.03s Real=0.03s
[1332.877s][info ][safepoint      ] Safepoint "ParallelGCFailedAllocation", Time since last: 257294379 ns, Reaching safepoint: 90301 ns, Cleanup: 11701 ns, At safepoint: 36848688 ns, Total: 36950690 ns
[1333.882s][info ][safepoint      ] Safepoint "Cleanup", Time since last: 1000204280 ns, Reaching safepoint: 172103 ns, Cleanup: 13601 ns, At safepoint: 3978574 ns, Total: 4164278 ns
[1334.882s][info ][safepoint      ] Safepoint "Cleanup", Time since last: 1000141479 ns, Reaching safepoint: 88502 ns, Cleanup: 11300 ns, At safepoint: 9400 ns, Total: 109202 ns
[1335.882s][info ][safepoint      ] Safepoint "Cleanup", Time since last: 1000121779 ns, Reaching safepoint: 88601 ns, Cleanup: 17501 ns, At safepoint: 10900 ns, Total: 117002 ns
[1336.882s][info ][safepoint      ] Safepoint "Cleanup", Time since last: 1000126479 ns, Reaching safepoint: 88101 ns, Cleanup: 17301 ns, At safepoint: 9300 ns, Total: 114702 ns
[1337.882s][info ][safepoint      ] Safepoint "Cleanup", Time since last: 1000112278 ns, Reaching safepoint: 84702 ns, Cleanup: 14800 ns, At safepoint: 10400 ns, Total: 109902 ns
[1339.778s][info ][gc,start       ] GC(47) Pause Young (Allocation Failure)
[1339.815s][debug][gc,phases      ] GC(47) Scavenge 37.284ms
[1339.816s][debug][gc,ref         ] GC(47) Skipped SoftWeakFinalRefsPhase of Reference Processing: no references
[1339.816s][debug][gc,ref         ] GC(47) Skipped KeepAliveFinalRefsPhase of Reference Processing: no references
[1339.816s][debug][gc,ref         ] GC(47) ReferenceProcessor::execute queues: 1, RefProcThreadModel::Single, marks_oops_alive: false
[1339.816s][debug][gc,phases      ] GC(47) Reference Processing 0.111ms
[1339.816s][debug][gc,phases      ] GC(47)   VM Weak                        Min:  0.0, Avg:  0.0, Max:  0.0, Diff:  0.0, Sum:  0.0, Workers: 4
[1339.816s][debug][gc,phases      ] GC(47)     Dead                           Min: 0, Avg:  0.0, Max: 0, Diff: 0, Sum: 0, Workers: 4
[1339.816s][debug][gc,phases      ] GC(47)     Total                          Min: 0, Avg: 259.8, Max: 655, Diff: 655, Sum: 1039, Workers: 4
[1339.816s][debug][gc,phases      ] GC(47)   ObjectSynchronizer Weak        Min:  0.0, Avg:  0.0, Max:  0.0, Diff:  0.0, Sum:  0.0, Workers: 4
[1339.816s][debug][gc,phases      ] GC(47)     Dead                           Min: 0, Avg:  0.0, Max: 0, Diff: 0, Sum: 0, Workers: 4
[1339.816s][debug][gc,phases      ] GC(47)     Total                          Min: 0, Avg:  1.8, Max: 7, Diff: 7, Sum: 7, Workers: 4
[1339.816s][debug][gc,phases      ] GC(47)   JVMTI Tag Weak OopStorage      Min:  0.0, Avg:  0.0, Max:  0.0, Diff:  0.0, Sum:  0.0, Workers: 4
[1339.816s][debug][gc,phases      ] GC(47)     Dead                           Min: 0, Avg:  0.0, Max: 0, Diff: 0, Sum: 0, Workers: 4
[1339.816s][debug][gc,phases      ] GC(47)     Total                          Min: 0, Avg:  0.0, Max: 0, Diff: 0, Sum: 0, Workers: 4
[1339.816s][debug][gc,phases      ] GC(47)   StringTable Weak               Min:  0.1, Avg:  0.1, Max:  0.1, Diff:  0.0, Sum:  0.5, Workers: 4
[1339.816s][debug][gc,phases      ] GC(47)     Dead                           Min: 0, Avg:  0.0, Max: 0, Diff: 0, Sum: 0, Workers: 4
[1339.816s][debug][gc,phases      ] GC(47)     Total                          Min: 11264, Avg: 12427.8, Max: 13568, Diff: 2304, Sum: 49711, Workers: 4
[1339.816s][debug][gc,phases      ] GC(47)   ResolvedMethodTable Weak       Min:  0.0, Avg:  0.0, Max:  0.0, Diff:  0.0, Sum:  0.2, Workers: 4
[1339.816s][debug][gc,phases      ] GC(47)     Dead                           Min: 0, Avg:  0.0, Max: 0, Diff: 0, Sum: 0, Workers: 4
[1339.816s][debug][gc,phases      ] GC(47)     Total                          Min: 3637, Avg: 4044.0, Max: 4519, Diff: 882, Sum: 16176, Workers: 4
[1339.816s][debug][gc,phases      ] GC(47)   JNI Weak                       Min:  0.0, Avg:  0.0, Max:  0.0, Diff:  0.0, Sum:  0.0, Workers: 4
[1339.816s][debug][gc,phases      ] GC(47)     Dead                           Min: 0, Avg:  0.0, Max: 0, Diff: 0, Sum: 0, Workers: 4
[1339.816s][debug][gc,phases      ] GC(47)     Total                          Min: 0, Avg: 13.0, Max: 52, Diff: 52, Sum: 52, Workers: 4
[1339.816s][debug][gc,phases      ] GC(47)   StringDedup Table Weak         Min:  0.0, Avg:  0.0, Max:  0.0, Diff:  0.0, Sum:  0.0, Workers: 4
[1339.816s][debug][gc,phases      ] GC(47)     Dead                           Min: 0, Avg:  0.0, Max: 0, Diff: 0, Sum: 0, Workers: 4
[1339.816s][debug][gc,phases      ] GC(47)     Total                          Min: 0, Avg:  0.0, Max: 0, Diff: 0, Sum: 0, Workers: 4
[1339.816s][debug][gc,phases      ] GC(47)   StringDedup Requests0 Weak     Min:  0.0, Avg:  0.0, Max:  0.0, Diff:  0.0, Sum:  0.0, Workers: 4
[1339.816s][debug][gc,phases      ] GC(47)     Dead                           Min: 0, Avg:  0.0, Max: 0, Diff: 0, Sum: 0, Workers: 4
[1339.816s][debug][gc,phases      ] GC(47)     Total                          Min: 0, Avg:  0.0, Max: 0, Diff: 0, Sum: 0, Workers: 4
[1339.816s][debug][gc,phases      ] GC(47)   StringDedup Requests1 Weak     Min:  0.0, Avg:  0.0, Max:  0.0, Diff:  0.0, Sum:  0.0, Workers: 4
[1339.816s][debug][gc,phases      ] GC(47)     Dead                           Min: 0, Avg:  0.0, Max: 0, Diff: 0, Sum: 0, Workers: 4
[1339.816s][debug][gc,phases      ] GC(47)     Total                          Min: 0, Avg:  0.0, Max: 0, Diff: 0, Sum: 0, Workers: 4
[1339.816s][debug][gc,phases      ] GC(47)   Weak JFR Old Object Samples    Min:  0.0, Avg:  0.0, Max:  0.0, Diff:  0.0, Sum:  0.0, Workers: 4
[1339.816s][debug][gc,phases      ] GC(47)     Dead                           Min: 0, Avg:  0.0, Max: 0, Diff: 0, Sum: 0, Workers: 4
[1339.816s][debug][gc,phases      ] GC(47)     Total                          Min: 0, Avg:  0.0, Max: 0, Diff: 0, Sum: 0, Workers: 4
[1339.816s][debug][gc,phases      ] GC(47) Weak Processing 0.327ms
[1339.816s][debug][gc,age         ] GC(47) Desired survivor size 72351744 bytes, new threshold 1 (max threshold 15)
[1339.816s][info ][gc,heap        ] GC(47) PSYoungGen: 1980633K(2019328K)->35552K(2026496K) Eden: 1944576K(1944576K)->0K(1953792K) From: 36057K(74752K)->35552K(72704K)
[1339.816s][info ][gc,heap        ] GC(47) ParOldGen: 785755K(785920K)->817754K(818176K)
[1339.816s][info ][gc,metaspace   ] GC(47) Metaspace: 113197K(114624K)->113197K(114624K) NonClass: 96183K(96960K)->96183K(96960K) Class: 17014K(17664K)->17014K(17664K)
[1339.816s][info ][gc             ] GC(47) Pause Young (Allocation Failure) 2701M->833M(2778M) 37.881ms
[1339.816s][info ][gc,cpu         ] GC(47) User=0.13s Sys=0.02s Real=0.04s
[1339.816s][info ][safepoint      ] Safepoint "ParallelGCFailedAllocation", Time since last: 1895489601 ns, Reaching safepoint: 92002 ns, Cleanup: 33101 ns, At safepoint: 37982809 ns, Total: 38107912 ns
[1340.816s][info ][safepoint      ] Safepoint "Cleanup", Time since last: 1000095870 ns, Reaching safepoint: 18601 ns, Cleanup: 28900 ns, At safepoint: 3200 ns, Total: 50701 ns
[1341.816s][info ][safepoint      ] Safepoint "Cleanup", Time since last: 1000141716 ns, Reaching safepoint: 87601 ns, Cleanup: 14500 ns, At safepoint: 12001 ns, Total: 114102 ns
[1342.817s][info ][safepoint      ] Safepoint "Cleanup", Time since last: 1000130615 ns, Reaching safepoint: 12700 ns, Cleanup: 13000 ns, At safepoint: 3700 ns, Total: 29400 ns
[1343.817s][info ][safepoint      ] Safepoint "Cleanup", Time since last: 1000115415 ns, Reaching safepoint: 97402 ns, Cleanup: 18000 ns, At safepoint: 26601 ns, Total: 142003 ns
[1344.817s][info ][safepoint      ] Safepoint "Cleanup", Time since last: 1000253117 ns, Reaching safepoint: 15200 ns, Cleanup: 17201 ns, At safepoint: 3900 ns, Total: 36301 ns
[1346.818s][info ][safepoint      ] Safepoint "Cleanup", Time since last: 2000208529 ns, Reaching safepoint: 95902 ns, Cleanup: 29101 ns, At safepoint: 20400 ns, Total: 145403 ns
[1347.818s][info ][safepoint      ] Safepoint "Cleanup", Time since last: 1000192016 ns, Reaching safepoint: 15100 ns, Cleanup: 16901 ns, At safepoint: 4700 ns, Total: 36701 ns
[1349.818s][info ][safepoint      ] Safepoint "Cleanup", Time since last: 2000206236 ns, Reaching safepoint: 15300 ns, Cleanup: 19101 ns, At safepoint: 3200 ns, Total: 37601 ns
[1351.818s][info ][safepoint      ] Safepoint "Cleanup", Time since last: 2000182039 ns, Reaching safepoint: 14400 ns, Cleanup: 18000 ns, At safepoint: 2600 ns, Total: 35000 ns
[1352.201s][info ][gc,start       ] GC(48) Pause Young (Allocation Failure)
[1352.245s][debug][gc,phases      ] GC(48) Scavenge 44.252ms
[1352.245s][debug][gc,ref         ] GC(48) ReferenceProcessor::execute queues: 1, RefProcThreadModel::Single, marks_oops_alive: false
[1352.245s][debug][gc,ref         ] GC(48) Skipped KeepAliveFinalRefsPhase of Reference Processing: no references
[1352.245s][debug][gc,ref         ] GC(48) Skipped PhantomRefsPhase of Reference Processing: no references
[1352.245s][debug][gc,phases      ] GC(48) Reference Processing 0.122ms
[1352.246s][debug][gc,phases      ] GC(48)   VM Weak                        Min:  0.0, Avg:  0.0, Max:  0.0, Diff:  0.0, Sum:  0.0, Workers: 4
[1352.246s][debug][gc,phases      ] GC(48)     Dead                           Min: 0, Avg:  0.0, Max: 0, Diff: 0, Sum: 0, Workers: 4
[1352.246s][debug][gc,phases      ] GC(48)     Total                          Min: 0, Avg: 259.8, Max: 896, Diff: 896, Sum: 1039, Workers: 4
[1352.246s][debug][gc,phases      ] GC(48)   ObjectSynchronizer Weak        Min:  0.0, Avg:  0.0, Max:  0.0, Diff:  0.0, Sum:  0.0, Workers: 4
[1352.246s][debug][gc,phases      ] GC(48)     Dead                           Min: 0, Avg:  0.0, Max: 0, Diff: 0, Sum: 0, Workers: 4
[1352.246s][debug][gc,phases      ] GC(48)     Total                          Min: 0, Avg:  1.8, Max: 7, Diff: 7, Sum: 7, Workers: 4
[1352.246s][debug][gc,phases      ] GC(48)   JVMTI Tag Weak OopStorage      Min:  0.0, Avg:  0.0, Max:  0.0, Diff:  0.0, Sum:  0.0, Workers: 4
[1352.246s][debug][gc,phases      ] GC(48)     Dead                           Min: 0, Avg:  0.0, Max: 0, Diff: 0, Sum: 0, Workers: 4
[1352.246s][debug][gc,phases      ] GC(48)     Total                          Min: 0, Avg:  0.0, Max: 0, Diff: 0, Sum: 0, Workers: 4
[1352.246s][debug][gc,phases      ] GC(48)   StringTable Weak               Min:  0.1, Avg:  0.2, Max:  0.3, Diff:  0.3, Sum:  0.9, Workers: 4
[1352.246s][debug][gc,phases      ] GC(48)     Dead                           Min: 0, Avg:  0.0, Max: 0, Diff: 0, Sum: 0, Workers: 4
[1352.246s][debug][gc,phases      ] GC(48)     Total                          Min: 6400, Avg: 12429.2, Max: 19456, Diff: 13056, Sum: 49717, Workers: 4
[1352.246s][debug][gc,phases      ] GC(48)   ResolvedMethodTable Weak       Min:  0.0, Avg:  0.1, Max:  0.1, Diff:  0.1, Sum:  0.3, Workers: 4
[1352.246s][debug][gc,phases      ] GC(48)     Dead                           Min: 0, Avg:  4.0, Max: 11, Diff: 11, Sum: 16, Workers: 4
[1352.246s][debug][gc,phases      ] GC(48)     Total                          Min: 0, Avg: 4044.0, Max: 6169, Diff: 6169, Sum: 16176, Workers: 4
[1352.246s][debug][gc,phases      ] GC(48)   JNI Weak                       Min:  0.0, Avg:  0.0, Max:  0.0, Diff:  0.0, Sum:  0.0, Workers: 4
[1352.246s][debug][gc,phases      ] GC(48)     Dead                           Min: 0, Avg:  0.0, Max: 0, Diff: 0, Sum: 0, Workers: 4
[1352.246s][debug][gc,phases      ] GC(48)     Total                          Min: 0, Avg: 13.0, Max: 52, Diff: 52, Sum: 52, Workers: 4
[1352.246s][debug][gc,phases      ] GC(48)   StringDedup Table Weak         Min:  0.0, Avg:  0.0, Max:  0.0, Diff:  0.0, Sum:  0.0, Workers: 4
[1352.246s][debug][gc,phases      ] GC(48)     Dead                           Min: 0, Avg:  0.0, Max: 0, Diff: 0, Sum: 0, Workers: 4
[1352.246s][debug][gc,phases      ] GC(48)     Total                          Min: 0, Avg:  0.0, Max: 0, Diff: 0, Sum: 0, Workers: 4
[1352.246s][debug][gc,phases      ] GC(48)   StringDedup Requests0 Weak     Min:  0.0, Avg:  0.0, Max:  0.0, Diff:  0.0, Sum:  0.0, Workers: 4
[1352.246s][debug][gc,phases      ] GC(48)     Dead                           Min: 0, Avg:  0.0, Max: 0, Diff: 0, Sum: 0, Workers: 4
[1352.246s][debug][gc,phases      ] GC(48)     Total                          Min: 0, Avg:  0.0, Max: 0, Diff: 0, Sum: 0, Workers: 4
[1352.246s][debug][gc,phases      ] GC(48)   StringDedup Requests1 Weak     Min:  0.0, Avg:  0.0, Max:  0.0, Diff:  0.0, Sum:  0.0, Workers: 4
[1352.246s][debug][gc,phases      ] GC(48)     Dead                           Min: 0, Avg:  0.0, Max: 0, Diff: 0, Sum: 0, Workers: 4
[1352.246s][debug][gc,phases      ] GC(48)     Total                          Min: 0, Avg:  0.0, Max: 0, Diff: 0, Sum: 0, Workers: 4
[1352.246s][debug][gc,phases      ] GC(48)   Weak JFR Old Object Samples    Min:  0.0, Avg:  0.0, Max:  0.0, Diff:  0.0, Sum:  0.0, Workers: 4
[1352.246s][debug][gc,phases      ] GC(48)     Dead                           Min: 0, Avg:  0.0, Max: 0, Diff: 0, Sum: 0, Workers: 4
[1352.246s][debug][gc,phases      ] GC(48)     Total                          Min: 0, Avg:  0.0, Max: 0, Diff: 0, Sum: 0, Workers: 4
[1352.246s][debug][gc,phases      ] GC(48) Weak Processing 0.641ms
[1352.246s][debug][gc,age         ] GC(48) Desired survivor size 68681728 bytes, new threshold 1 (max threshold 15)
[1352.246s][info ][gc,heap        ] GC(48) PSYoungGen: 1989344K(2026496K)->28784K(2024448K) Eden: 1953792K(1953792K)->0K(1953792K) From: 35552K(72704K)->28784K(70656K)
[1352.246s][info ][gc,heap        ] GC(48) ParOldGen: 817754K(818176K)->850868K(850944K)
[1352.246s][info ][gc,metaspace   ] GC(48) Metaspace: 113218K(114624K)->113218K(114624K) NonClass: 96203K(96960K)->96203K(96960K) Class: 17014K(17664K)->17014K(17664K)
[1352.246s][info ][gc             ] GC(48) Pause Young (Allocation Failure) 2741M->859M(2808M) 45.177ms
[1352.246s][info ][gc,cpu         ] GC(48) User=0.12s Sys=0.02s Real=0.04s
[1352.246s][info ][safepoint      ] Safepoint "ParallelGCFailedAllocation", Time since last: 382534246 ns, Reaching safepoint: 18300 ns, Cleanup: 7900 ns, At safepoint: 45337735 ns, Total: 45363935 ns
[1353.246s][info ][safepoint      ] Safepoint "Cleanup", Time since last: 1000102520 ns, Reaching safepoint: 87402 ns, Cleanup: 17600 ns, At safepoint: 9500 ns, Total: 114502 ns
[1354.246s][info ][safepoint      ] Safepoint "Cleanup", Time since last: 1000117120 ns, Reaching safepoint: 15801 ns, Cleanup: 13900 ns, At safepoint: 3500 ns, Total: 33201 ns
[1355.247s][info ][safepoint      ] Safepoint "Cleanup", Time since last: 1000123620 ns, Reaching safepoint: 15901 ns, Cleanup: 18300 ns, At safepoint: 3300 ns, Total: 37501 ns
[1356.247s][info ][safepoint      ] Safepoint "Cleanup", Time since last: 1000117820 ns, Reaching safepoint: 17100 ns, Cleanup: 19401 ns, At safepoint: 3600 ns, Total: 40101 ns
[1358.247s][info ][safepoint      ] Safepoint "Cleanup", Time since last: 2000182562 ns, Reaching safepoint: 14501 ns, Cleanup: 12700 ns, At safepoint: 9400 ns, Total: 36601 ns
[1360.247s][info ][safepoint      ] Safepoint "Cleanup", Time since last: 2000181272 ns, Reaching safepoint: 16900 ns, Cleanup: 14101 ns, At safepoint: 3900 ns, Total: 34901 ns
[1361.247s][info ][safepoint      ] Safepoint "Cleanup", Time since last: 1000112936 ns, Reaching safepoint: 16501 ns, Cleanup: 14900 ns, At safepoint: 3500 ns, Total: 34901 ns
[1362.253s][info ][safepoint      ] Safepoint "Cleanup", Time since last: 1005138729 ns, Reaching safepoint: 17800 ns, Cleanup: 17301 ns, At safepoint: 3800 ns, Total: 38901 ns
[1365.255s][info ][safepoint      ] Safepoint "Cleanup", Time since last: 3002611258 ns, Reaching safepoint: 15600 ns, Cleanup: 15301 ns, At safepoint: 3500 ns, Total: 34401 ns
[1368.256s][info ][safepoint      ] Safepoint "Cleanup", Time since last: 3000268758 ns, Reaching safepoint: 26101 ns, Cleanup: 14500 ns, At safepoint: 3700 ns, Total: 44301 ns
[1369.258s][info ][safepoint      ] Safepoint "Cleanup", Time since last: 1002004888 ns, Reaching safepoint: 17300 ns, Cleanup: 16101 ns, At safepoint: 4500 ns, Total: 37901 ns
[1371.258s][info ][safepoint      ] Safepoint "Cleanup", Time since last: 2000294807 ns, Reaching safepoint: 20901 ns, Cleanup: 22000 ns, At safepoint: 3200 ns, Total: 46101 ns
[1372.258s][info ][safepoint      ] Safepoint "Cleanup", Time since last: 1000125854 ns, Reaching safepoint: 16400 ns, Cleanup: 22800 ns, At safepoint: 3501 ns, Total: 42701 ns
[1373.258s][info ][safepoint      ] Safepoint "Cleanup", Time since last: 1000125352 ns, Reaching safepoint: 17900 ns, Cleanup: 18700 ns, At safepoint: 3400 ns, Total: 40000 ns
[1374.258s][info ][safepoint      ] Safepoint "Cleanup", Time since last: 1000135399 ns, Reaching safepoint: 20600 ns, Cleanup: 21601 ns, At safepoint: 32400 ns, Total: 74601 ns
[1375.608s][info ][gc,start       ] GC(49) Pause Young (Allocation Failure)
[1375.644s][debug][gc,phases      ] GC(49) Scavenge 36.108ms
[1375.644s][debug][gc,ref         ] GC(49) ReferenceProcessor::execute queues: 1, RefProcThreadModel::Single, marks_oops_alive: false
[1375.644s][debug][gc,ref         ] GC(49) Skipped KeepAliveFinalRefsPhase of Reference Processing: no references
[1375.644s][debug][gc,ref         ] GC(49) ReferenceProcessor::execute queues: 1, RefProcThreadModel::Single, marks_oops_alive: false
[1375.644s][debug][gc,phases      ] GC(49) Reference Processing 0.108ms
[1375.644s][debug][gc,phases      ] GC(49)   VM Weak                        Min:  0.0, Avg:  0.0, Max:  0.0, Diff:  0.0, Sum:  0.0, Workers: 4
[1375.644s][debug][gc,phases      ] GC(49)     Dead                           Min: 0, Avg:  0.0, Max: 0, Diff: 0, Sum: 0, Workers: 4
[1375.644s][debug][gc,phases      ] GC(49)     Total                          Min: 0, Avg: 260.8, Max: 512, Diff: 512, Sum: 1043, Workers: 4
[1375.644s][debug][gc,phases      ] GC(49)   ObjectSynchronizer Weak        Min:  0.0, Avg:  0.0, Max:  0.0, Diff:  0.0, Sum:  0.0, Workers: 4
[1375.644s][debug][gc,phases      ] GC(49)     Dead                           Min: 0, Avg:  0.0, Max: 0, Diff: 0, Sum: 0, Workers: 4
[1375.644s][debug][gc,phases      ] GC(49)     Total                          Min: 0, Avg:  1.8, Max: 7, Diff: 7, Sum: 7, Workers: 4
[1375.644s][debug][gc,phases      ] GC(49)   JVMTI Tag Weak OopStorage      Min:  0.0, Avg:  0.0, Max:  0.0, Diff:  0.0, Sum:  0.0, Workers: 4
[1375.644s][debug][gc,phases      ] GC(49)     Dead                           Min: 0, Avg:  0.0, Max: 0, Diff: 0, Sum: 0, Workers: 4
[1375.644s][debug][gc,phases      ] GC(49)     Total                          Min: 0, Avg:  0.0, Max: 0, Diff: 0, Sum: 0, Workers: 4
[1375.644s][debug][gc,phases      ] GC(49)   StringTable Weak               Min:  0.1, Avg:  0.1, Max:  0.1, Diff:  0.0, Sum:  0.5, Workers: 4
[1375.644s][debug][gc,phases      ] GC(49)     Dead                           Min: 0, Avg:  0.0, Max: 0, Diff: 0, Sum: 0, Workers: 4
[1375.644s][debug][gc,phases      ] GC(49)     Total                          Min: 10496, Avg: 12430.2, Max: 14528, Diff: 4032, Sum: 49721, Workers: 4
[1375.644s][debug][gc,phases      ] GC(49)   ResolvedMethodTable Weak       Min:  0.0, Avg:  0.0, Max:  0.0, Diff:  0.0, Sum:  0.2, Workers: 4
[1375.644s][debug][gc,phases      ] GC(49)     Dead                           Min: 0, Avg:  4.0, Max: 10, Diff: 10, Sum: 16, Workers: 4
[1375.644s][debug][gc,phases      ] GC(49)     Total                          Min: 3464, Avg: 4047.8, Max: 4784, Diff: 1320, Sum: 16191, Workers: 4
[1375.644s][debug][gc,phases      ] GC(49)   JNI Weak                       Min:  0.0, Avg:  0.0, Max:  0.0, Diff:  0.0, Sum:  0.0, Workers: 4
[1375.644s][debug][gc,phases      ] GC(49)     Dead                           Min: 0, Avg:  0.0, Max: 0, Diff: 0, Sum: 0, Workers: 4
[1375.644s][debug][gc,phases      ] GC(49)     Total                          Min: 0, Avg: 13.2, Max: 53, Diff: 53, Sum: 53, Workers: 4
[1375.644s][debug][gc,phases      ] GC(49)   StringDedup Table Weak         Min:  0.0, Avg:  0.0, Max:  0.0, Diff:  0.0, Sum:  0.0, Workers: 4
[1375.644s][debug][gc,phases      ] GC(49)     Dead                           Min: 0, Avg:  0.0, Max: 0, Diff: 0, Sum: 0, Workers: 4
[1375.644s][debug][gc,phases      ] GC(49)     Total                          Min: 0, Avg:  0.0, Max: 0, Diff: 0, Sum: 0, Workers: 4
[1375.644s][debug][gc,phases      ] GC(49)   StringDedup Requests0 Weak     Min:  0.0, Avg:  0.0, Max:  0.0, Diff:  0.0, Sum:  0.0, Workers: 4
[1375.644s][debug][gc,phases      ] GC(49)     Dead                           Min: 0, Avg:  0.0, Max: 0, Diff: 0, Sum: 0, Workers: 4
[1375.644s][debug][gc,phases      ] GC(49)     Total                          Min: 0, Avg:  0.0, Max: 0, Diff: 0, Sum: 0, Workers: 4
[1375.644s][debug][gc,phases      ] GC(49)   StringDedup Requests1 Weak     Min:  0.0, Avg:  0.0, Max:  0.0, Diff:  0.0, Sum:  0.0, Workers: 4
[1375.644s][debug][gc,phases      ] GC(49)     Dead                           Min: 0, Avg:  0.0, Max: 0, Diff: 0, Sum: 0, Workers: 4
[1375.644s][debug][gc,phases      ] GC(49)     Total                          Min: 0, Avg:  0.0, Max: 0, Diff: 0, Sum: 0, Workers: 4
[1375.644s][debug][gc,phases      ] GC(49)   Weak JFR Old Object Samples    Min:  0.0, Avg:  0.0, Max:  0.0, Diff:  0.0, Sum:  0.0, Workers: 4
[1375.644s][debug][gc,phases      ] GC(49)     Dead                           Min: 0, Avg:  0.0, Max: 0, Diff: 0, Sum: 0, Workers: 4
[1375.644s][debug][gc,phases      ] GC(49)     Total                          Min: 0, Avg:  0.0, Max: 0, Diff: 0, Sum: 0, Workers: 4
[1375.644s][debug][gc,phases      ] GC(49) Weak Processing 0.357ms
[1375.644s][debug][gc,age         ] GC(49) Desired survivor size 65536000 bytes, new threshold 1 (max threshold 15)
[1375.644s][info ][gc,heap        ] GC(49) PSYoungGen: 1982576K(2024448K)->23808K(2033152K) Eden: 1953792K(1953792K)->0K(1966080K) From: 28784K(70656K)->23808K(67072K)
[1375.644s][info ][gc,heap        ] GC(49) ParOldGen: 850868K(850944K)->877333K(877568K)
[1375.644s][info ][gc,metaspace   ] GC(49) Metaspace: 113238K(114624K)->113238K(114624K) NonClass: 96220K(96960K)->96220K(96960K) Class: 17018K(17664K)->17018K(17664K)
[1375.644s][info ][gc             ] GC(49) Pause Young (Allocation Failure) 2767M->880M(2842M) 36.735ms
[1375.644s][info ][gc,cpu         ] GC(49) User=0.11s Sys=0.03s Real=0.04s
[1375.644s][info ][safepoint      ] Safepoint "ParallelGCFailedAllocation", Time since last: 1348975321 ns, Reaching safepoint: 95601 ns, Cleanup: 7400 ns, At safepoint: 36866890 ns, Total: 36969891 ns
[1378.645s][info ][safepoint      ] Safepoint "Cleanup", Time since last: 3000249792 ns, Reaching safepoint: 12800 ns, Cleanup: 16501 ns, At safepoint: 4000 ns, Total: 33301 ns
[1381.836s][info ][safepoint      ] Safepoint "Cleanup", Time since last: 3190947070 ns, Reaching safepoint: 80702 ns, Cleanup: 12600 ns, At safepoint: 6800 ns, Total: 100102 ns
[1383.836s][info ][safepoint      ] Safepoint "Cleanup", Time since last: 2000282711 ns, Reaching safepoint: 87201 ns, Cleanup: 12501 ns, At safepoint: 9500 ns, Total: 109202 ns
[1387.837s][info ][safepoint      ] Safepoint "Cleanup", Time since last: 4000398318 ns, Reaching safepoint: 12701 ns, Cleanup: 20600 ns, At safepoint: 2800 ns, Total: 36101 ns
[1388.837s][info ][safepoint      ] Safepoint "Cleanup", Time since last: 1000186006 ns, Reaching safepoint: 12600 ns, Cleanup: 11801 ns, At safepoint: 3700 ns, Total: 28101 ns
[1390.837s][info ][safepoint      ] Safepoint "Cleanup", Time since last: 2000181486 ns, Reaching safepoint: 14900 ns, Cleanup: 13500 ns, At safepoint: 3500 ns, Total: 31900 ns
[1391.837s][info ][safepoint      ] Safepoint "Cleanup", Time since last: 1000122196 ns, Reaching safepoint: 12700 ns, Cleanup: 21600 ns, At safepoint: 2700 ns, Total: 37000 ns
[1392.837s][info ][safepoint      ] Safepoint "Cleanup", Time since last: 1000180297 ns, Reaching safepoint: 11900 ns, Cleanup: 13100 ns, At safepoint: 3401 ns, Total: 28401 ns
[1393.838s][info ][safepoint      ] Safepoint "Cleanup", Time since last: 1000193696 ns, Reaching safepoint: 11300 ns, Cleanup: 12101 ns, At safepoint: 3700 ns, Total: 27101 ns
[1394.838s][info ][safepoint      ] Safepoint "Cleanup", Time since last: 1000185996 ns, Reaching safepoint: 12001 ns, Cleanup: 12900 ns, At safepoint: 3500 ns, Total: 28401 ns
[1395.838s][info ][safepoint      ] Safepoint "Cleanup", Time since last: 1000190797 ns, Reaching safepoint: 11800 ns, Cleanup: 25300 ns, At safepoint: 3500 ns, Total: 40600 ns
[1396.838s][info ][safepoint      ] Safepoint "Cleanup", Time since last: 1000101995 ns, Reaching safepoint: 10001 ns, Cleanup: 11900 ns, At safepoint: 3000 ns, Total: 24901 ns
[1397.838s][info ][safepoint      ] Safepoint "Cleanup", Time since last: 1000157628 ns, Reaching safepoint: 11900 ns, Cleanup: 21200 ns, At safepoint: 3300 ns, Total: 36400 ns
[1400.839s][info ][safepoint      ] Safepoint "Cleanup", Time since last: 3000269954 ns, Reaching safepoint: 12400 ns, Cleanup: 13300 ns, At safepoint: 2800 ns, Total: 28500 ns
[1401.839s][info ][safepoint      ] Safepoint "Cleanup", Time since last: 1000184420 ns, Reaching safepoint: 14200 ns, Cleanup: 13100 ns, At safepoint: 3500 ns, Total: 30800 ns
[1407.840s][info ][safepoint      ] Safepoint "Cleanup", Time since last: 6000675246 ns, Reaching safepoint: 13700 ns, Cleanup: 14501 ns, At safepoint: 3400 ns, Total: 31601 ns
[1410.840s][info ][safepoint      ] Safepoint "Cleanup", Time since last: 3000312161 ns, Reaching safepoint: 13800 ns, Cleanup: 20400 ns, At safepoint: 3500 ns, Total: 37700 ns
[1411.840s][info ][safepoint      ] Safepoint "Cleanup", Time since last: 1000204323 ns, Reaching safepoint: 12600 ns, Cleanup: 13300 ns, At safepoint: 3700 ns, Total: 29600 ns
[1412.840s][info ][safepoint      ] Safepoint "Cleanup", Time since last: 1000190122 ns, Reaching safepoint: 15300 ns, Cleanup: 16001 ns, At safepoint: 3700 ns, Total: 35001 ns
[1415.841s][info ][safepoint      ] Safepoint "Cleanup", Time since last: 3000473590 ns, Reaching safepoint: 13900 ns, Cleanup: 17301 ns, At safepoint: 3800 ns, Total: 35001 ns
[1416.841s][info ][safepoint      ] Safepoint "Cleanup", Time since last: 1000158974 ns, Reaching safepoint: 13300 ns, Cleanup: 14200 ns, At safepoint: 3300 ns, Total: 30800 ns
[1420.842s][info ][safepoint      ] Safepoint "Cleanup", Time since last: 4000459993 ns, Reaching safepoint: 12201 ns, Cleanup: 14400 ns, At safepoint: 3000 ns, Total: 29601 ns
[1421.288s][info ][gc,start       ] GC(50) Pause Young (Allocation Failure)
[1421.307s][debug][gc,phases      ] GC(50) Scavenge 19.177ms
[1421.307s][debug][gc,ref         ] GC(50) ReferenceProcessor::execute queues: 1, RefProcThreadModel::Single, marks_oops_alive: false
[1421.307s][debug][gc,ref         ] GC(50) Skipped KeepAliveFinalRefsPhase of Reference Processing: no references
[1421.307s][debug][gc,ref         ] GC(50) ReferenceProcessor::execute queues: 1, RefProcThreadModel::Single, marks_oops_alive: false
[1421.307s][debug][gc,phases      ] GC(50) Reference Processing 0.099ms
[1421.310s][debug][gc,phases      ] GC(50)   VM Weak                        Min:  0.0, Avg:  0.0, Max:  0.0, Diff:  0.0, Sum:  0.0, Workers: 4
[1421.310s][debug][gc,phases      ] GC(50)     Dead                           Min: 0, Avg:  0.0, Max: 0, Diff: 0, Sum: 0, Workers: 4
[1421.310s][debug][gc,phases      ] GC(50)     Total                          Min: 0, Avg: 260.8, Max: 576, Diff: 576, Sum: 1043, Workers: 4
[1421.310s][debug][gc,phases      ] GC(50)   ObjectSynchronizer Weak        Min:  0.0, Avg:  0.0, Max:  0.0, Diff:  0.0, Sum:  0.0, Workers: 4
[1421.310s][debug][gc,phases      ] GC(50)     Dead                           Min: 0, Avg:  0.0, Max: 0, Diff: 0, Sum: 0, Workers: 4
[1421.310s][debug][gc,phases      ] GC(50)     Total                          Min: 0, Avg:  1.5, Max: 6, Diff: 6, Sum: 6, Workers: 4
[1421.310s][debug][gc,phases      ] GC(50)   JVMTI Tag Weak OopStorage      Min:  0.0, Avg:  0.0, Max:  0.0, Diff:  0.0, Sum:  0.0, Workers: 4
[1421.310s][debug][gc,phases      ] GC(50)     Dead                           Min: 0, Avg:  0.0, Max: 0, Diff: 0, Sum: 0, Workers: 4
[1421.310s][debug][gc,phases      ] GC(50)     Total                          Min: 0, Avg:  0.0, Max: 0, Diff: 0, Sum: 0, Workers: 4
[1421.310s][debug][gc,phases      ] GC(50)   StringTable Weak               Min:  0.1, Avg:  0.1, Max:  0.1, Diff:  0.0, Sum:  0.5, Workers: 4
[1421.310s][debug][gc,phases      ] GC(50)     Dead                           Min: 0, Avg:  0.2, Max: 1, Diff: 1, Sum: 1, Workers: 4
[1421.310s][debug][gc,phases      ] GC(50)     Total                          Min: 11200, Avg: 12431.2, Max: 13887, Diff: 2687, Sum: 49725, Workers: 4
[1421.310s][debug][gc,phases      ] GC(50)   ResolvedMethodTable Weak       Min:  0.0, Avg:  0.0, Max:  0.0, Diff:  0.0, Sum:  0.2, Workers: 4
[1421.310s][debug][gc,phases      ] GC(50)     Dead                           Min: 0, Avg:  4.2, Max: 8, Diff: 8, Sum: 17, Workers: 4
[1421.310s][debug][gc,phases      ] GC(50)     Total                          Min: 3660, Avg: 4049.2, Max: 4538, Diff: 878, Sum: 16197, Workers: 4
[1421.310s][debug][gc,phases      ] GC(50)   JNI Weak                       Min:  0.0, Avg:  0.0, Max:  0.0, Diff:  0.0, Sum:  0.0, Workers: 4
[1421.310s][debug][gc,phases      ] GC(50)     Dead                           Min: 0, Avg:  0.0, Max: 0, Diff: 0, Sum: 0, Workers: 4
[1421.310s][debug][gc,phases      ] GC(50)     Total                          Min: 0, Avg: 13.0, Max: 52, Diff: 52, Sum: 52, Workers: 4
[1421.310s][debug][gc,phases      ] GC(50)   StringDedup Table Weak         Min:  0.0, Avg:  0.0, Max:  0.0, Diff:  0.0, Sum:  0.0, Workers: 4
[1421.310s][debug][gc,phases      ] GC(50)     Dead                           Min: 0, Avg:  0.0, Max: 0, Diff: 0, Sum: 0, Workers: 4
[1421.310s][debug][gc,phases      ] GC(50)     Total                          Min: 0, Avg:  0.0, Max: 0, Diff: 0, Sum: 0, Workers: 4
[1421.310s][debug][gc,phases      ] GC(50)   StringDedup Requests0 Weak     Min:  0.0, Avg:  0.0, Max:  0.0, Diff:  0.0, Sum:  0.0, Workers: 4
[1421.310s][debug][gc,phases      ] GC(50)     Dead                           Min: 0, Avg:  0.0, Max: 0, Diff: 0, Sum: 0, Workers: 4
[1421.310s][debug][gc,phases      ] GC(50)     Total                          Min: 0, Avg:  0.0, Max: 0, Diff: 0, Sum: 0, Workers: 4
[1421.310s][debug][gc,phases      ] GC(50)   StringDedup Requests1 Weak     Min:  0.0, Avg:  0.0, Max:  0.0, Diff:  0.0, Sum:  0.0, Workers: 4
[1421.310s][debug][gc,phases      ] GC(50)     Dead                           Min: 0, Avg:  0.0, Max: 0, Diff: 0, Sum: 0, Workers: 4
[1421.310s][debug][gc,phases      ] GC(50)     Total                          Min: 0, Avg:  0.0, Max: 0, Diff: 0, Sum: 0, Workers: 4
[1421.310s][debug][gc,phases      ] GC(50)   Weak JFR Old Object Samples    Min:  0.0, Avg:  0.0, Max:  0.0, Diff:  0.0, Sum:  0.0, Workers: 4
[1421.310s][debug][gc,phases      ] GC(50)     Dead                           Min: 0, Avg:  0.0, Max: 0, Diff: 0, Sum: 0, Workers: 4
[1421.310s][debug][gc,phases      ] GC(50)     Total                          Min: 0, Avg:  0.0, Max: 0, Diff: 0, Sum: 0, Workers: 4
[1421.310s][debug][gc,phases      ] GC(50) Weak Processing 3.275ms
[1421.310s][debug][gc,age         ] GC(50) Desired survivor size 66060288 bytes, new threshold 1 (max threshold 15)
[1421.310s][info ][gc,heap        ] GC(50) PSYoungGen: 1989888K(2033152K)->7632K(2030080K) Eden: 1966080K(1966080K)->0K(1966080K) From: 23808K(67072K)->7632K(64000K)
[1421.310s][info ][gc,heap        ] GC(50) ParOldGen: 877333K(877568K)->897904K(898048K)
[1421.310s][info ][gc,metaspace   ] GC(50) Metaspace: 113265K(114752K)->113265K(114752K) NonClass: 96244K(97088K)->96244K(97088K) Class: 17020K(17664K)->17020K(17664K)
[1421.310s][info ][gc             ] GC(50) Pause Young (Allocation Failure) 2800M->884M(2859M) 22.682ms
[1421.310s][info ][gc,cpu         ] GC(50) User=0.06s Sys=0.01s Real=0.03s
[1421.310s][info ][safepoint      ] Safepoint "ParallelGCFailedAllocation", Time since last: 446051604 ns, Reaching safepoint: 11300 ns, Cleanup: 4700 ns, At safepoint: 22768119 ns, Total: 22784119 ns
[1430.312s][info ][safepoint      ] Safepoint "Cleanup", Time since last: 9001247703 ns, Reaching safepoint: 15400 ns, Cleanup: 27001 ns, At safepoint: 4100 ns, Total: 46501 ns
[1431.312s][info ][safepoint      ] Safepoint "Cleanup", Time since last: 1000193358 ns, Reaching safepoint: 13600 ns, Cleanup: 18500 ns, At safepoint: 3900 ns, Total: 36000 ns
[1432.312s][info ][safepoint      ] Safepoint "Cleanup", Time since last: 1000150558 ns, Reaching safepoint: 14300 ns, Cleanup: 14800 ns, At safepoint: 3800 ns, Total: 32900 ns
[1434.312s][info ][safepoint      ] Safepoint "Cleanup", Time since last: 2000229913 ns, Reaching safepoint: 15900 ns, Cleanup: 16301 ns, At safepoint: 3500 ns, Total: 35701 ns
[1439.313s][info ][safepoint      ] Safepoint "Cleanup", Time since last: 5000595308 ns, Reaching safepoint: 18300 ns, Cleanup: 17901 ns, At safepoint: 3900 ns, Total: 40101 ns
[1440.313s][info ][safepoint      ] Safepoint "Cleanup", Time since last: 1000151883 ns, Reaching safepoint: 15501 ns, Cleanup: 17500 ns, At safepoint: 3700 ns, Total: 36701 ns
[1442.867s][info ][safepoint      ] Safepoint "Cleanup", Time since last: 2553389123 ns, Reaching safepoint: 13100 ns, Cleanup: 17800 ns, At safepoint: 3400 ns, Total: 34300 ns
[1443.867s][info ][safepoint      ] Safepoint "Cleanup", Time since last: 1000213185 ns, Reaching safepoint: 14600 ns, Cleanup: 16601 ns, At safepoint: 3600 ns, Total: 34801 ns
[1444.867s][info ][safepoint      ] Safepoint "Cleanup", Time since last: 1000133383 ns, Reaching safepoint: 14800 ns, Cleanup: 24001 ns, At safepoint: 2900 ns, Total: 41701 ns
[1445.867s][info ][safepoint      ] Safepoint "Cleanup", Time since last: 1000185037 ns, Reaching safepoint: 12600 ns, Cleanup: 16600 ns, At safepoint: 4300 ns, Total: 33500 ns
[1446.867s][info ][safepoint      ] Safepoint "Cleanup", Time since last: 1000199552 ns, Reaching safepoint: 13700 ns, Cleanup: 14000 ns, At safepoint: 3500 ns, Total: 31200 ns
[1447.868s][info ][safepoint      ] Safepoint "Cleanup", Time since last: 1000241153 ns, Reaching safepoint: 13800 ns, Cleanup: 15100 ns, At safepoint: 3300 ns, Total: 32200 ns
[1451.868s][info ][safepoint      ] Safepoint "Cleanup", Time since last: 4000533002 ns, Reaching safepoint: 15501 ns, Cleanup: 19000 ns, At safepoint: 3500 ns, Total: 38001 ns
[1452.869s][info ][safepoint      ] Safepoint "Cleanup", Time since last: 1000215452 ns, Reaching safepoint: 13200 ns, Cleanup: 21101 ns, At safepoint: 4200 ns, Total: 38501 ns
[1454.869s][info ][safepoint      ] Safepoint "Cleanup", Time since last: 2000359014 ns, Reaching safepoint: 12601 ns, Cleanup: 12900 ns, At safepoint: 3400 ns, Total: 28901 ns
[1455.869s][info ][safepoint      ] Safepoint "Cleanup", Time since last: 1000127909 ns, Reaching safepoint: 18200 ns, Cleanup: 27701 ns, At safepoint: 3700 ns, Total: 49601 ns
[1457.870s][info ][safepoint      ] Safepoint "Cleanup", Time since last: 2000424521 ns, Reaching safepoint: 13501 ns, Cleanup: 18800 ns, At safepoint: 4100 ns, Total: 36401 ns
[1458.870s][info ][safepoint      ] Safepoint "Cleanup", Time since last: 1000267612 ns, Reaching safepoint: 20700 ns, Cleanup: 36201 ns, At safepoint: 7800 ns, Total: 64701 ns
[1459.870s][info ][safepoint      ] Safepoint "Cleanup", Time since last: 1000264012 ns, Reaching safepoint: 15800 ns, Cleanup: 22901 ns, At safepoint: 3800 ns, Total: 42501 ns
[1461.871s][info ][safepoint      ] Safepoint "Cleanup", Time since last: 2000322027 ns, Reaching safepoint: 14701 ns, Cleanup: 20600 ns, At safepoint: 4100 ns, Total: 39401 ns
[1462.871s][info ][safepoint      ] Safepoint "Cleanup", Time since last: 1000126918 ns, Reaching safepoint: 13300 ns, Cleanup: 15301 ns, At safepoint: 3400 ns, Total: 32001 ns
[1464.031s][info ][gc,start       ] GC(51) Pause Young (Allocation Failure)
[1464.044s][debug][gc,phases      ] GC(51) Scavenge 12.597ms
[1464.044s][debug][gc,ref         ] GC(51) ReferenceProcessor::execute queues: 1, RefProcThreadModel::Single, marks_oops_alive: false
[1464.044s][debug][gc,ref         ] GC(51) Skipped KeepAliveFinalRefsPhase of Reference Processing: no references
[1464.044s][debug][gc,ref         ] GC(51) ReferenceProcessor::execute queues: 1, RefProcThreadModel::Single, marks_oops_alive: false
[1464.044s][debug][gc,phases      ] GC(51) Reference Processing 0.102ms
[1464.044s][debug][gc,phases      ] GC(51)   VM Weak                        Min:  0.0, Avg:  0.0, Max:  0.0, Diff:  0.0, Sum:  0.0, Workers: 4
[1464.044s][debug][gc,phases      ] GC(51)     Dead                           Min: 0, Avg:  0.0, Max: 0, Diff: 0, Sum: 0, Workers: 4
[1464.044s][debug][gc,phases      ] GC(51)     Total                          Min: 0, Avg: 260.8, Max: 448, Diff: 448, Sum: 1043, Workers: 4
[1464.044s][debug][gc,phases      ] GC(51)   ObjectSynchronizer Weak        Min:  0.0, Avg:  0.0, Max:  0.0, Diff:  0.0, Sum:  0.0, Workers: 4
[1464.044s][debug][gc,phases      ] GC(51)     Dead                           Min: 0, Avg:  0.0, Max: 0, Diff: 0, Sum: 0, Workers: 4
[1464.044s][debug][gc,phases      ] GC(51)     Total                          Min: 0, Avg:  1.5, Max: 6, Diff: 6, Sum: 6, Workers: 4
[1464.044s][debug][gc,phases      ] GC(51)   JVMTI Tag Weak OopStorage      Min:  0.0, Avg:  0.0, Max:  0.0, Diff:  0.0, Sum:  0.0, Workers: 4
[1464.044s][debug][gc,phases      ] GC(51)     Dead                           Min: 0, Avg:  0.0, Max: 0, Diff: 0, Sum: 0, Workers: 4
[1464.044s][debug][gc,phases      ] GC(51)     Total                          Min: 0, Avg:  0.0, Max: 0, Diff: 0, Sum: 0, Workers: 4
[1464.044s][debug][gc,phases      ] GC(51)   StringTable Weak               Min:  0.1, Avg:  0.1, Max:  0.1, Diff:  0.0, Sum:  0.4, Workers: 4
[1464.044s][debug][gc,phases      ] GC(51)     Dead                           Min: 0, Avg:  0.0, Max: 0, Diff: 0, Sum: 0, Workers: 4
[1464.044s][debug][gc,phases      ] GC(51)     Total                          Min: 12096, Avg: 12441.0, Max: 12672, Diff: 576, Sum: 49764, Workers: 4
[1464.044s][debug][gc,phases      ] GC(51)   ResolvedMethodTable Weak       Min:  0.0, Avg:  0.0, Max:  0.0, Diff:  0.0, Sum:  0.1, Workers: 4
[1464.044s][debug][gc,phases      ] GC(51)     Dead                           Min: 0, Avg:  4.0, Max: 16, Diff: 16, Sum: 16, Workers: 4
[1464.044s][debug][gc,phases      ] GC(51)     Total                          Min: 3972, Avg: 4049.2, Max: 4151, Diff: 179, Sum: 16197, Workers: 4
[1464.044s][debug][gc,phases      ] GC(51)   JNI Weak                       Min:  0.0, Avg:  0.0, Max:  0.0, Diff:  0.0, Sum:  0.0, Workers: 4
[1464.044s][debug][gc,phases      ] GC(51)     Dead                           Min: 0, Avg:  0.0, Max: 0, Diff: 0, Sum: 0, Workers: 4
[1464.044s][debug][gc,phases      ] GC(51)     Total                          Min: 0, Avg: 13.0, Max: 52, Diff: 52, Sum: 52, Workers: 4
[1464.044s][debug][gc,phases      ] GC(51)   StringDedup Table Weak         Min:  0.0, Avg:  0.0, Max:  0.0, Diff:  0.0, Sum:  0.0, Workers: 4
[1464.044s][debug][gc,phases      ] GC(51)     Dead                           Min: 0, Avg:  0.0, Max: 0, Diff: 0, Sum: 0, Workers: 4
[1464.044s][debug][gc,phases      ] GC(51)     Total                          Min: 0, Avg:  0.0, Max: 0, Diff: 0, Sum: 0, Workers: 4
[1464.044s][debug][gc,phases      ] GC(51)   StringDedup Requests0 Weak     Min:  0.0, Avg:  0.0, Max:  0.0, Diff:  0.0, Sum:  0.0, Workers: 4
[1464.044s][debug][gc,phases      ] GC(51)     Dead                           Min: 0, Avg:  0.0, Max: 0, Diff: 0, Sum: 0, Workers: 4
[1464.044s][debug][gc,phases      ] GC(51)     Total                          Min: 0, Avg:  0.0, Max: 0, Diff: 0, Sum: 0, Workers: 4
[1464.044s][debug][gc,phases      ] GC(51)   StringDedup Requests1 Weak     Min:  0.0, Avg:  0.0, Max:  0.0, Diff:  0.0, Sum:  0.0, Workers: 4
[1464.044s][debug][gc,phases      ] GC(51)     Dead                           Min: 0, Avg:  0.0, Max: 0, Diff: 0, Sum: 0, Workers: 4
[1464.044s][debug][gc,phases      ] GC(51)     Total                          Min: 0, Avg:  0.0, Max: 0, Diff: 0, Sum: 0, Workers: 4
[1464.044s][debug][gc,phases      ] GC(51)   Weak JFR Old Object Samples    Min:  0.0, Avg:  0.0, Max:  0.0, Diff:  0.0, Sum:  0.0, Workers: 4
[1464.044s][debug][gc,phases      ] GC(51)     Dead                           Min: 0, Avg:  0.0, Max: 0, Diff: 0, Sum: 0, Workers: 4
[1464.045s][debug][gc,phases      ] GC(51)     Total                          Min: 0, Avg:  0.0, Max: 0, Diff: 0, Sum: 0, Workers: 4
[1464.045s][debug][gc,phases      ] GC(51) Weak Processing 0.361ms
[1464.045s][debug][gc,age         ] GC(51) Desired survivor size 63963136 bytes, new threshold 1 (max threshold 15)
[1464.045s][info ][gc,heap        ] GC(51) PSYoungGen: 1973712K(2030080K)->17168K(2034688K) Eden: 1966080K(1966080K)->0K(1970176K) From: 7632K(64000K)->17168K(64512K)
[1464.045s][info ][gc,heap        ] GC(51) ParOldGen: 897904K(898048K)->902200K(902656K)
[1464.045s][info ][gc,metaspace   ] GC(51) Metaspace: 113283K(114752K)->113283K(114752K) NonClass: 96262K(97088K)->96262K(97088K) Class: 17020K(17664K)->17020K(17664K)
[1464.045s][info ][gc             ] GC(51) Pause Young (Allocation Failure) 2804M->897M(2868M) 13.202ms
[1464.045s][info ][gc,cpu         ] GC(51) User=0.05s Sys=0.00s Real=0.01s
[1464.045s][info ][safepoint      ] Safepoint "ParallelGCFailedAllocation", Time since last: 1160474171 ns, Reaching safepoint: 89102 ns, Cleanup: 4800 ns, At safepoint: 13322545 ns, Total: 13416447 ns
[1465.045s][info ][safepoint      ] Safepoint "Cleanup", Time since last: 1000126818 ns, Reaching safepoint: 10900 ns, Cleanup: 12001 ns, At safepoint: 2700 ns, Total: 25601 ns
[1467.045s][info ][safepoint      ] Safepoint "Cleanup", Time since last: 2000195835 ns, Reaching safepoint: 90002 ns, Cleanup: 13800 ns, At safepoint: 19400 ns, Total: 123202 ns
[1468.045s][info ][safepoint      ] Safepoint "Cleanup", Time since last: 1000258921 ns, Reaching safepoint: 13700 ns, Cleanup: 37701 ns, At safepoint: 3600 ns, Total: 55001 ns
[1469.046s][info ][safepoint      ] Safepoint "Cleanup", Time since last: 1000171121 ns, Reaching safepoint: 85001 ns, Cleanup: 35201 ns, At safepoint: 8100 ns, Total: 128302 ns
[1470.046s][info ][safepoint      ] Safepoint "Cleanup", Time since last: 1000122348 ns, Reaching safepoint: 13900 ns, Cleanup: 20301 ns, At safepoint: 3300 ns, Total: 37501 ns
[1471.046s][info ][safepoint      ] Safepoint "Cleanup", Time since last: 1000141648 ns, Reaching safepoint: 85402 ns, Cleanup: 14700 ns, At safepoint: 6100 ns, Total: 106202 ns
[1472.984s][info ][gc,start       ] GC(52) Pause Young (Allocation Failure)
[1473.008s][debug][gc,phases      ] GC(52) Scavenge 24.248ms
[1473.008s][debug][gc,ref         ] GC(52) ReferenceProcessor::execute queues: 1, RefProcThreadModel::Single, marks_oops_alive: false
[1473.008s][debug][gc,ref         ] GC(52) Skipped KeepAliveFinalRefsPhase of Reference Processing: no references
[1473.008s][debug][gc,ref         ] GC(52) ReferenceProcessor::execute queues: 1, RefProcThreadModel::Single, marks_oops_alive: false
[1473.008s][debug][gc,phases      ] GC(52) Reference Processing 0.102ms
[1473.008s][debug][gc,phases      ] GC(52)   VM Weak                        Min:  0.0, Avg:  0.0, Max:  0.0, Diff:  0.0, Sum:  0.0, Workers: 4
[1473.008s][debug][gc,phases      ] GC(52)     Dead                           Min: 0, Avg:  0.0, Max: 0, Diff: 0, Sum: 0, Workers: 4
[1473.008s][debug][gc,phases      ] GC(52)     Total                          Min: 0, Avg: 260.8, Max: 467, Diff: 467, Sum: 1043, Workers: 4
[1473.008s][debug][gc,phases      ] GC(52)   ObjectSynchronizer Weak        Min:  0.0, Avg:  0.0, Max:  0.0, Diff:  0.0, Sum:  0.0, Workers: 4
[1473.008s][debug][gc,phases      ] GC(52)     Dead                           Min: 0, Avg:  0.0, Max: 0, Diff: 0, Sum: 0, Workers: 4
[1473.008s][debug][gc,phases      ] GC(52)     Total                          Min: 0, Avg:  1.5, Max: 6, Diff: 6, Sum: 6, Workers: 4
[1473.008s][debug][gc,phases      ] GC(52)   JVMTI Tag Weak OopStorage      Min:  0.0, Avg:  0.0, Max:  0.0, Diff:  0.0, Sum:  0.0, Workers: 4
[1473.008s][debug][gc,phases      ] GC(52)     Dead                           Min: 0, Avg:  0.0, Max: 0, Diff: 0, Sum: 0, Workers: 4
[1473.008s][debug][gc,phases      ] GC(52)     Total                          Min: 0, Avg:  0.0, Max: 0, Diff: 0, Sum: 0, Workers: 4
[1473.008s][debug][gc,phases      ] GC(52)   StringTable Weak               Min:  0.1, Avg:  0.1, Max:  0.1, Diff:  0.0, Sum:  0.4, Workers: 4
[1473.008s][debug][gc,phases      ] GC(52)     Dead                           Min: 0, Avg:  0.0, Max: 0, Diff: 0, Sum: 0, Workers: 4
[1473.008s][debug][gc,phases      ] GC(52)     Total                          Min: 11302, Avg: 12441.5, Max: 12992, Diff: 1690, Sum: 49766, Workers: 4
[1473.008s][debug][gc,phases      ] GC(52)   ResolvedMethodTable Weak       Min:  0.0, Avg:  0.0, Max:  0.0, Diff:  0.0, Sum:  0.2, Workers: 4
[1473.008s][debug][gc,phases      ] GC(52)     Dead                           Min: 0, Avg:  0.0, Max: 0, Diff: 0, Sum: 0, Workers: 4
[1473.008s][debug][gc,phases      ] GC(52)     Total                          Min: 3445, Avg: 4049.8, Max: 4446, Diff: 1001, Sum: 16199, Workers: 4
[1473.009s][debug][gc,phases      ] GC(52)   JNI Weak                       Min:  0.0, Avg:  0.0, Max:  0.0, Diff:  0.0, Sum:  0.0, Workers: 4
[1473.009s][debug][gc,phases      ] GC(52)     Dead                           Min: 0, Avg:  0.0, Max: 0, Diff: 0, Sum: 0, Workers: 4
[1473.009s][debug][gc,phases      ] GC(52)     Total                          Min: 0, Avg: 13.0, Max: 52, Diff: 52, Sum: 52, Workers: 4
[1473.009s][debug][gc,phases      ] GC(52)   StringDedup Table Weak         Min:  0.0, Avg:  0.0, Max:  0.0, Diff:  0.0, Sum:  0.0, Workers: 4
[1473.009s][debug][gc,phases      ] GC(52)     Dead                           Min: 0, Avg:  0.0, Max: 0, Diff: 0, Sum: 0, Workers: 4
[1473.009s][debug][gc,phases      ] GC(52)     Total                          Min: 0, Avg:  0.0, Max: 0, Diff: 0, Sum: 0, Workers: 4
[1473.009s][debug][gc,phases      ] GC(52)   StringDedup Requests0 Weak     Min:  0.0, Avg:  0.0, Max:  0.0, Diff:  0.0, Sum:  0.0, Workers: 4
[1473.009s][debug][gc,phases      ] GC(52)     Dead                           Min: 0, Avg:  0.0, Max: 0, Diff: 0, Sum: 0, Workers: 4
[1473.009s][debug][gc,phases      ] GC(52)     Total                          Min: 0, Avg:  0.0, Max: 0, Diff: 0, Sum: 0, Workers: 4
[1473.009s][debug][gc,phases      ] GC(52)   StringDedup Requests1 Weak     Min:  0.0, Avg:  0.0, Max:  0.0, Diff:  0.0, Sum:  0.0, Workers: 4
[1473.009s][debug][gc,phases      ] GC(52)     Dead                           Min: 0, Avg:  0.0, Max: 0, Diff: 0, Sum: 0, Workers: 4
[1473.009s][debug][gc,phases      ] GC(52)     Total                          Min: 0, Avg:  0.0, Max: 0, Diff: 0, Sum: 0, Workers: 4
[1473.009s][debug][gc,phases      ] GC(52)   Weak JFR Old Object Samples    Min:  0.0, Avg:  0.0, Max:  0.0, Diff:  0.0, Sum:  0.0, Workers: 4
[1473.009s][debug][gc,phases      ] GC(52)     Dead                           Min: 0, Avg:  0.0, Max: 0, Diff: 0, Sum: 0, Workers: 4
[1473.009s][debug][gc,phases      ] GC(52)     Total                          Min: 0, Avg:  0.0, Max: 0, Diff: 0, Sum: 0, Workers: 4
[1473.009s][debug][gc,phases      ] GC(52) Weak Processing 0.364ms
[1473.009s][debug][gc,age         ] GC(52) Desired survivor size 65536000 bytes, new threshold 1 (max threshold 15)
[1473.009s][info ][gc,heap        ] GC(52) PSYoungGen: 1987344K(2034688K)->39488K(2032640K) Eden: 1970176K(1970176K)->0K(1970176K) From: 17168K(64512K)->39488K(62464K)
[1473.009s][info ][gc,heap        ] GC(52) ParOldGen: 902200K(902656K)->915634K(915968K)
[1473.009s][info ][gc,metaspace   ] GC(52) Metaspace: 113290K(114752K)->113290K(114752K) NonClass: 96269K(97088K)->96269K(97088K) Class: 17021K(17664K)->17021K(17664K)
[1473.009s][info ][gc             ] GC(52) Pause Young (Allocation Failure) 2821M->932M(2879M) 24.840ms
[1473.009s][info ][gc,cpu         ] GC(52) User=0.09s Sys=0.01s Real=0.03s
[1473.009s][info ][safepoint      ] Safepoint "ParallelGCFailedAllocation", Time since last: 1937515240 ns, Reaching safepoint: 89301 ns, Cleanup: 5100 ns, At safepoint: 24945360 ns, Total: 25039761 ns
[1474.009s][info ][safepoint      ] Safepoint "Cleanup", Time since last: 1000113749 ns, Reaching safepoint: 15400 ns, Cleanup: 21300 ns, At safepoint: 4000 ns, Total: 40700 ns
[1475.010s][info ][safepoint      ] Safepoint "Cleanup", Time since last: 1000816261 ns, Reaching safepoint: 97002 ns, Cleanup: 13600 ns, At safepoint: 30801 ns, Total: 141403 ns
[1476.010s][info ][safepoint      ] Safepoint "Cleanup", Time since last: 1000130548 ns, Reaching safepoint: 14100 ns, Cleanup: 19101 ns, At safepoint: 3600 ns, Total: 36801 ns
[1478.010s][info ][safepoint      ] Safepoint "Cleanup", Time since last: 2000199010 ns, Reaching safepoint: 82701 ns, Cleanup: 20300 ns, At safepoint: 9101 ns, Total: 112102 ns
[1480.011s][info ][safepoint      ] Safepoint "Cleanup", Time since last: 2000188923 ns, Reaching safepoint: 87401 ns, Cleanup: 19701 ns, At safepoint: 6000 ns, Total: 113102 ns
[1481.500s][info ][gc,start       ] GC(53) Pause Young (Allocation Failure)
[1481.540s][debug][gc,phases      ] GC(53) Scavenge 39.405ms
[1481.540s][debug][gc,ref         ] GC(53) Skipped SoftWeakFinalRefsPhase of Reference Processing: no references
[1481.540s][debug][gc,ref         ] GC(53) Skipped KeepAliveFinalRefsPhase of Reference Processing: no references
[1481.540s][debug][gc,ref         ] GC(53) ReferenceProcessor::execute queues: 1, RefProcThreadModel::Single, marks_oops_alive: false
[1481.540s][debug][gc,phases      ] GC(53) Reference Processing 0.100ms
[1481.540s][debug][gc,phases      ] GC(53)   VM Weak                        Min:  0.0, Avg:  0.0, Max:  0.0, Diff:  0.0, Sum:  0.0, Workers: 4
[1481.540s][debug][gc,phases      ] GC(53)     Dead                           Min: 0, Avg:  0.0, Max: 0, Diff: 0, Sum: 0, Workers: 4
[1481.540s][debug][gc,phases      ] GC(53)     Total                          Min: 0, Avg: 260.8, Max: 576, Diff: 576, Sum: 1043, Workers: 4
[1481.540s][debug][gc,phases      ] GC(53)   ObjectSynchronizer Weak        Min:  0.0, Avg:  0.0, Max:  0.0, Diff:  0.0, Sum:  0.0, Workers: 4
[1481.540s][debug][gc,phases      ] GC(53)     Dead                           Min: 0, Avg:  0.0, Max: 0, Diff: 0, Sum: 0, Workers: 4
[1481.540s][debug][gc,phases      ] GC(53)     Total                          Min: 0, Avg:  1.5, Max: 6, Diff: 6, Sum: 6, Workers: 4
[1481.540s][debug][gc,phases      ] GC(53)   JVMTI Tag Weak OopStorage      Min:  0.0, Avg:  0.0, Max:  0.0, Diff:  0.0, Sum:  0.0, Workers: 4
[1481.540s][debug][gc,phases      ] GC(53)     Dead                           Min: 0, Avg:  0.0, Max: 0, Diff: 0, Sum: 0, Workers: 4
[1481.540s][debug][gc,phases      ] GC(53)     Total                          Min: 0, Avg:  0.0, Max: 0, Diff: 0, Sum: 0, Workers: 4
[1481.540s][debug][gc,phases      ] GC(53)   StringTable Weak               Min:  0.1, Avg:  0.1, Max:  0.1, Diff:  0.0, Sum:  0.5, Workers: 4
[1481.540s][debug][gc,phases      ] GC(53)     Dead                           Min: 0, Avg:  0.0, Max: 0, Diff: 0, Sum: 0, Workers: 4
[1481.540s][debug][gc,phases      ] GC(53)     Total                          Min: 10368, Avg: 12441.8, Max: 14375, Diff: 4007, Sum: 49767, Workers: 4
[1481.540s][debug][gc,phases      ] GC(53)   ResolvedMethodTable Weak       Min:  0.0, Avg:  0.0, Max:  0.0, Diff:  0.0, Sum:  0.2, Workers: 4
[1481.540s][debug][gc,phases      ] GC(53)     Dead                           Min: 0, Avg:  0.0, Max: 0, Diff: 0, Sum: 0, Workers: 4
[1481.540s][debug][gc,phases      ] GC(53)     Total                          Min: 3786, Avg: 4049.8, Max: 4355, Diff: 569, Sum: 16199, Workers: 4
[1481.540s][debug][gc,phases      ] GC(53)   JNI Weak                       Min:  0.0, Avg:  0.0, Max:  0.0, Diff:  0.0, Sum:  0.0, Workers: 4
[1481.540s][debug][gc,phases      ] GC(53)     Dead                           Min: 0, Avg:  0.0, Max: 0, Diff: 0, Sum: 0, Workers: 4
[1481.540s][debug][gc,phases      ] GC(53)     Total                          Min: 0, Avg: 13.0, Max: 52, Diff: 52, Sum: 52, Workers: 4
[1481.540s][debug][gc,phases      ] GC(53)   StringDedup Table Weak         Min:  0.0, Avg:  0.0, Max:  0.0, Diff:  0.0, Sum:  0.0, Workers: 4
[1481.540s][debug][gc,phases      ] GC(53)     Dead                           Min: 0, Avg:  0.0, Max: 0, Diff: 0, Sum: 0, Workers: 4
[1481.540s][debug][gc,phases      ] GC(53)     Total                          Min: 0, Avg:  0.0, Max: 0, Diff: 0, Sum: 0, Workers: 4
[1481.540s][debug][gc,phases      ] GC(53)   StringDedup Requests0 Weak     Min:  0.0, Avg:  0.0, Max:  0.0, Diff:  0.0, Sum:  0.0, Workers: 4
[1481.540s][debug][gc,phases      ] GC(53)     Dead                           Min: 0, Avg:  0.0, Max: 0, Diff: 0, Sum: 0, Workers: 4
[1481.540s][debug][gc,phases      ] GC(53)     Total                          Min: 0, Avg:  0.0, Max: 0, Diff: 0, Sum: 0, Workers: 4
[1481.540s][debug][gc,phases      ] GC(53)   StringDedup Requests1 Weak     Min:  0.0, Avg:  0.0, Max:  0.0, Diff:  0.0, Sum:  0.0, Workers: 4
[1481.540s][debug][gc,phases      ] GC(53)     Dead                           Min: 0, Avg:  0.0, Max: 0, Diff: 0, Sum: 0, Workers: 4
[1481.540s][debug][gc,phases      ] GC(53)     Total                          Min: 0, Avg:  0.0, Max: 0, Diff: 0, Sum: 0, Workers: 4
[1481.540s][debug][gc,phases      ] GC(53)   Weak JFR Old Object Samples    Min:  0.0, Avg:  0.0, Max:  0.0, Diff:  0.0, Sum:  0.0, Workers: 4
[1481.540s][debug][gc,phases      ] GC(53)     Dead                           Min: 0, Avg:  0.0, Max: 0, Diff: 0, Sum: 0, Workers: 4
[1481.540s][debug][gc,phases      ] GC(53)     Total                          Min: 0, Avg:  0.0, Max: 0, Diff: 0, Sum: 0, Workers: 4
[1481.540s][debug][gc,phases      ] GC(53) Weak Processing 0.338ms
[1481.540s][debug][gc,age         ] GC(53) Desired survivor size 65011712 bytes, new threshold 1 (max threshold 15)
[1481.540s][info ][gc,heap        ] GC(53) PSYoungGen: 2009664K(2032640K)->36261K(2033664K) Eden: 1970176K(1970176K)->0K(1969664K) From: 39488K(62464K)->36261K(64000K)
[1481.540s][info ][gc,heap        ] GC(53) ParOldGen: 915634K(915968K)->950130K(950272K)
[1481.540s][info ][gc,metaspace   ] GC(53) Metaspace: 113299K(114752K)->113299K(114752K) NonClass: 96277K(97088K)->96277K(97088K) Class: 17021K(17664K)->17021K(17664K)
[1481.540s][info ][gc             ] GC(53) Pause Young (Allocation Failure) 2856M->963M(2914M) 40.000ms
[1481.541s][info ][gc,cpu         ] GC(53) User=0.14s Sys=0.02s Real=0.04s
[1481.541s][info ][safepoint      ] Safepoint "ParallelGCFailedAllocation", Time since last: 1489740300 ns, Reaching safepoint: 92602 ns, Cleanup: 6100 ns, At safepoint: 40143241 ns, Total: 40241943 ns
[1482.541s][info ][safepoint      ] Safepoint "Cleanup", Time since last: 1000165063 ns, Reaching safepoint: 85502 ns, Cleanup: 10200 ns, At safepoint: 11000 ns, Total: 106702 ns
[1483.541s][info ][safepoint      ] Safepoint "Cleanup", Time since last: 1000174663 ns, Reaching safepoint: 11900 ns, Cleanup: 13100 ns, At safepoint: 3700 ns, Total: 28700 ns
[1485.541s][info ][safepoint      ] Safepoint "Cleanup", Time since last: 2000221409 ns, Reaching safepoint: 19900 ns, Cleanup: 33901 ns, At safepoint: 7900 ns, Total: 61701 ns
[1486.545s][info ][safepoint      ] Safepoint "Cleanup", Time since last: 1003180777 ns, Reaching safepoint: 169303 ns, Cleanup: 14000 ns, At safepoint: 34001 ns, Total: 217304 ns
[1487.545s][info ][safepoint      ] Safepoint "Cleanup", Time since last: 1000136421 ns, Reaching safepoint: 11300 ns, Cleanup: 12000 ns, At safepoint: 2600 ns, Total: 25900 ns
[1488.195s][info ][gc,start       ] GC(54) Pause Young (Allocation Failure)
[1488.231s][debug][gc,phases      ] GC(54) Scavenge 36.354ms
[1488.232s][debug][gc,ref         ] GC(54) Skipped SoftWeakFinalRefsPhase of Reference Processing: no references
[1488.232s][debug][gc,ref         ] GC(54) Skipped KeepAliveFinalRefsPhase of Reference Processing: no references
[1488.232s][debug][gc,ref         ] GC(54) ReferenceProcessor::execute queues: 1, RefProcThreadModel::Single, marks_oops_alive: false
[1488.232s][debug][gc,phases      ] GC(54) Reference Processing 0.103ms
[1488.232s][debug][gc,phases      ] GC(54)   VM Weak                        Min:  0.0, Avg:  0.0, Max:  0.0, Diff:  0.0, Sum:  0.0, Workers: 4
[1488.232s][debug][gc,phases      ] GC(54)     Dead                           Min: 0, Avg:  0.0, Max: 0, Diff: 0, Sum: 0, Workers: 4
[1488.232s][debug][gc,phases      ] GC(54)     Total                          Min: 0, Avg: 260.8, Max: 704, Diff: 704, Sum: 1043, Workers: 4
[1488.232s][debug][gc,phases      ] GC(54)   ObjectSynchronizer Weak        Min:  0.0, Avg:  0.0, Max:  0.0, Diff:  0.0, Sum:  0.0, Workers: 4
[1488.232s][debug][gc,phases      ] GC(54)     Dead                           Min: 0, Avg:  0.0, Max: 0, Diff: 0, Sum: 0, Workers: 4
[1488.232s][debug][gc,phases      ] GC(54)     Total                          Min: 0, Avg:  1.5, Max: 6, Diff: 6, Sum: 6, Workers: 4
[1488.232s][debug][gc,phases      ] GC(54)   JVMTI Tag Weak OopStorage      Min:  0.0, Avg:  0.0, Max:  0.0, Diff:  0.0, Sum:  0.0, Workers: 4
[1488.232s][debug][gc,phases      ] GC(54)     Dead                           Min: 0, Avg:  0.0, Max: 0, Diff: 0, Sum: 0, Workers: 4
[1488.232s][debug][gc,phases      ] GC(54)     Total                          Min: 0, Avg:  0.0, Max: 0, Diff: 0, Sum: 0, Workers: 4
[1488.232s][debug][gc,phases      ] GC(54)   StringTable Weak               Min:  0.1, Avg:  0.1, Max:  0.1, Diff:  0.0, Sum:  0.5, Workers: 4
[1488.232s][debug][gc,phases      ] GC(54)     Dead                           Min: 0, Avg:  0.0, Max: 0, Diff: 0, Sum: 0, Workers: 4
[1488.232s][debug][gc,phases      ] GC(54)     Total                          Min: 10368, Avg: 12442.0, Max: 13312, Diff: 2944, Sum: 49768, Workers: 4
[1488.232s][debug][gc,phases      ] GC(54)   ResolvedMethodTable Weak       Min:  0.0, Avg:  0.0, Max:  0.0, Diff:  0.0, Sum:  0.2, Workers: 4
[1488.232s][debug][gc,phases      ] GC(54)     Dead                           Min: 0, Avg:  0.0, Max: 0, Diff: 0, Sum: 0, Workers: 4
[1488.232s][debug][gc,phases      ] GC(54)     Total                          Min: 3503, Avg: 4049.8, Max: 4325, Diff: 822, Sum: 16199, Workers: 4
[1488.232s][debug][gc,phases      ] GC(54)   JNI Weak                       Min:  0.0, Avg:  0.0, Max:  0.0, Diff:  0.0, Sum:  0.0, Workers: 4
[1488.232s][debug][gc,phases      ] GC(54)     Dead                           Min: 0, Avg:  0.0, Max: 0, Diff: 0, Sum: 0, Workers: 4
[1488.232s][debug][gc,phases      ] GC(54)     Total                          Min: 0, Avg: 13.0, Max: 52, Diff: 52, Sum: 52, Workers: 4
[1488.232s][debug][gc,phases      ] GC(54)   StringDedup Table Weak         Min:  0.0, Avg:  0.0, Max:  0.0, Diff:  0.0, Sum:  0.0, Workers: 4
[1488.232s][debug][gc,phases      ] GC(54)     Dead                           Min: 0, Avg:  0.0, Max: 0, Diff: 0, Sum: 0, Workers: 4
[1488.232s][debug][gc,phases      ] GC(54)     Total                          Min: 0, Avg:  0.0, Max: 0, Diff: 0, Sum: 0, Workers: 4
[1488.232s][debug][gc,phases      ] GC(54)   StringDedup Requests0 Weak     Min:  0.0, Avg:  0.0, Max:  0.0, Diff:  0.0, Sum:  0.0, Workers: 4
[1488.232s][debug][gc,phases      ] GC(54)     Dead                           Min: 0, Avg:  0.0, Max: 0, Diff: 0, Sum: 0, Workers: 4
[1488.232s][debug][gc,phases      ] GC(54)     Total                          Min: 0, Avg:  0.0, Max: 0, Diff: 0, Sum: 0, Workers: 4
[1488.232s][debug][gc,phases      ] GC(54)   StringDedup Requests1 Weak     Min:  0.0, Avg:  0.0, Max:  0.0, Diff:  0.0, Sum:  0.0, Workers: 4
[1488.232s][debug][gc,phases      ] GC(54)     Dead                           Min: 0, Avg:  0.0, Max: 0, Diff: 0, Sum: 0, Workers: 4
[1488.232s][debug][gc,phases      ] GC(54)     Total                          Min: 0, Avg:  0.0, Max: 0, Diff: 0, Sum: 0, Workers: 4
[1488.232s][debug][gc,phases      ] GC(54)   Weak JFR Old Object Samples    Min:  0.0, Avg:  0.0, Max:  0.0, Diff:  0.0, Sum:  0.0, Workers: 4
[1488.232s][debug][gc,phases      ] GC(54)     Dead                           Min: 0, Avg:  0.0, Max: 0, Diff: 0, Sum: 0, Workers: 4
[1488.232s][debug][gc,phases      ] GC(54)     Total                          Min: 0, Avg:  0.0, Max: 0, Diff: 0, Sum: 0, Workers: 4
[1488.232s][debug][gc,phases      ] GC(54) Weak Processing 0.348ms
[1488.232s][debug][gc,age         ] GC(54) Desired survivor size 65011712 bytes, new threshold 1 (max threshold 15)
[1488.232s][info ][gc,heap        ] GC(54) PSYoungGen: 2005925K(2033664K)->38160K(2033152K) Eden: 1969664K(1969664K)->0K(1969664K) From: 36261K(64000K)->38160K(63488K)
[1488.232s][info ][gc,heap        ] GC(54) ParOldGen: 950130K(950272K)->982737K(983040K)
[1488.232s][info ][gc,metaspace   ] GC(54) Metaspace: 113306K(114752K)->113306K(114752K) NonClass: 96284K(97088K)->96284K(97088K) Class: 17021K(17664K)->17021K(17664K)
[1488.232s][info ][gc             ] GC(54) Pause Young (Allocation Failure) 2886M->996M(2945M) 36.978ms
[1488.232s][info ][gc,cpu         ] GC(54) User=0.12s Sys=0.02s Real=0.04s
[1488.232s][info ][safepoint      ] Safepoint "ParallelGCFailedAllocation", Time since last: 649997602 ns, Reaching safepoint: 95602 ns, Cleanup: 11700 ns, At safepoint: 37158092 ns, Total: 37265394 ns
[1489.232s][info ][safepoint      ] Safepoint "Cleanup", Time since last: 1000099920 ns, Reaching safepoint: 84002 ns, Cleanup: 12500 ns, At safepoint: 8700 ns, Total: 105202 ns
[1490.233s][info ][safepoint      ] Safepoint "Cleanup", Time since last: 1000122220 ns, Reaching safepoint: 93702 ns, Cleanup: 14300 ns, At safepoint: 6901 ns, Total: 114903 ns
[1491.233s][info ][safepoint      ] Safepoint "Cleanup", Time since last: 1000110620 ns, Reaching safepoint: 83301 ns, Cleanup: 11401 ns, At safepoint: 7100 ns, Total: 101802 ns
[1492.233s][info ][safepoint      ] Safepoint "Cleanup", Time since last: 1000110720 ns, Reaching safepoint: 12800 ns, Cleanup: 15501 ns, At safepoint: 3300 ns, Total: 31601 ns
[1493.233s][info ][safepoint      ] Safepoint "Cleanup", Time since last: 1000117371 ns, Reaching safepoint: 83401 ns, Cleanup: 22301 ns, At safepoint: 12500 ns, Total: 118202 ns
[1495.234s][info ][safepoint      ] Safepoint "Cleanup", Time since last: 2000239325 ns, Reaching safepoint: 83002 ns, Cleanup: 28700 ns, At safepoint: 8900 ns, Total: 120602 ns
[1495.635s][info ][gc,start       ] GC(55) Pause Young (Allocation Failure)
[1495.673s][debug][gc,phases      ] GC(55) Scavenge 38.123ms
[1495.673s][debug][gc,ref         ] GC(55) Skipped SoftWeakFinalRefsPhase of Reference Processing: no references
[1495.673s][debug][gc,ref         ] GC(55) Skipped KeepAliveFinalRefsPhase of Reference Processing: no references
[1495.673s][debug][gc,ref         ] GC(55) ReferenceProcessor::execute queues: 1, RefProcThreadModel::Single, marks_oops_alive: false
[1495.673s][debug][gc,phases      ] GC(55) Reference Processing 0.109ms
[1495.673s][debug][gc,phases      ] GC(55)   VM Weak                        Min:  0.0, Avg:  0.0, Max:  0.0, Diff:  0.0, Sum:  0.0, Workers: 4
[1495.673s][debug][gc,phases      ] GC(55)     Dead                           Min: 0, Avg:  0.0, Max: 0, Diff: 0, Sum: 0, Workers: 4
[1495.673s][debug][gc,phases      ] GC(55)     Total                          Min: 0, Avg: 260.8, Max: 595, Diff: 595, Sum: 1043, Workers: 4
[1495.673s][debug][gc,phases      ] GC(55)   ObjectSynchronizer Weak        Min:  0.0, Avg:  0.0, Max:  0.0, Diff:  0.0, Sum:  0.0, Workers: 4
[1495.673s][debug][gc,phases      ] GC(55)     Dead                           Min: 0, Avg:  0.0, Max: 0, Diff: 0, Sum: 0, Workers: 4
[1495.673s][debug][gc,phases      ] GC(55)     Total                          Min: 0, Avg:  1.5, Max: 6, Diff: 6, Sum: 6, Workers: 4
[1495.673s][debug][gc,phases      ] GC(55)   JVMTI Tag Weak OopStorage      Min:  0.0, Avg:  0.0, Max:  0.0, Diff:  0.0, Sum:  0.0, Workers: 4
[1495.673s][debug][gc,phases      ] GC(55)     Dead                           Min: 0, Avg:  0.0, Max: 0, Diff: 0, Sum: 0, Workers: 4
[1495.673s][debug][gc,phases      ] GC(55)     Total                          Min: 0, Avg:  0.0, Max: 0, Diff: 0, Sum: 0, Workers: 4
[1495.673s][debug][gc,phases      ] GC(55)   StringTable Weak               Min:  0.1, Avg:  0.1, Max:  0.1, Diff:  0.0, Sum:  0.5, Workers: 4
[1495.673s][debug][gc,phases      ] GC(55)     Dead                           Min: 0, Avg:  0.0, Max: 0, Diff: 0, Sum: 0, Workers: 4
[1495.673s][debug][gc,phases      ] GC(55)     Total                          Min: 11264, Avg: 12442.0, Max: 13736, Diff: 2472, Sum: 49768, Workers: 4
[1495.673s][debug][gc,phases      ] GC(55)   ResolvedMethodTable Weak       Min:  0.0, Avg:  0.0, Max:  0.0, Diff:  0.0, Sum:  0.2, Workers: 4
[1495.673s][debug][gc,phases      ] GC(55)     Dead                           Min: 0, Avg:  0.0, Max: 0, Diff: 0, Sum: 0, Workers: 4
[1495.673s][debug][gc,phases      ] GC(55)     Total                          Min: 3097, Avg: 4049.8, Max: 4544, Diff: 1447, Sum: 16199, Workers: 4
[1495.673s][debug][gc,phases      ] GC(55)   JNI Weak                       Min:  0.0, Avg:  0.0, Max:  0.0, Diff:  0.0, Sum:  0.0, Workers: 4
[1495.673s][debug][gc,phases      ] GC(55)     Dead                           Min: 0, Avg:  0.0, Max: 0, Diff: 0, Sum: 0, Workers: 4
[1495.673s][debug][gc,phases      ] GC(55)     Total                          Min: 0, Avg: 13.0, Max: 52, Diff: 52, Sum: 52, Workers: 4
[1495.673s][debug][gc,phases      ] GC(55)   StringDedup Table Weak         Min:  0.0, Avg:  0.0, Max:  0.0, Diff:  0.0, Sum:  0.0, Workers: 4
[1495.673s][debug][gc,phases      ] GC(55)     Dead                           Min: 0, Avg:  0.0, Max: 0, Diff: 0, Sum: 0, Workers: 4
[1495.673s][debug][gc,phases      ] GC(55)     Total                          Min: 0, Avg:  0.0, Max: 0, Diff: 0, Sum: 0, Workers: 4
[1495.673s][debug][gc,phases      ] GC(55)   StringDedup Requests0 Weak     Min:  0.0, Avg:  0.0, Max:  0.0, Diff:  0.0, Sum:  0.0, Workers: 4
[1495.673s][debug][gc,phases      ] GC(55)     Dead                           Min: 0, Avg:  0.0, Max: 0, Diff: 0, Sum: 0, Workers: 4
[1495.673s][debug][gc,phases      ] GC(55)     Total                          Min: 0, Avg:  0.0, Max: 0, Diff: 0, Sum: 0, Workers: 4
[1495.673s][debug][gc,phases      ] GC(55)   StringDedup Requests1 Weak     Min:  0.0, Avg:  0.0, Max:  0.0, Diff:  0.0, Sum:  0.0, Workers: 4
[1495.673s][debug][gc,phases      ] GC(55)     Dead                           Min: 0, Avg:  0.0, Max: 0, Diff: 0, Sum: 0, Workers: 4
[1495.673s][debug][gc,phases      ] GC(55)     Total                          Min: 0, Avg:  0.0, Max: 0, Diff: 0, Sum: 0, Workers: 4
[1495.673s][debug][gc,phases      ] GC(55)   Weak JFR Old Object Samples    Min:  0.0, Avg:  0.0, Max:  0.0, Diff:  0.0, Sum:  0.0, Workers: 4
[1495.673s][debug][gc,phases      ] GC(55)     Dead                           Min: 0, Avg:  0.0, Max: 0, Diff: 0, Sum: 0, Workers: 4
[1495.673s][debug][gc,phases      ] GC(55)     Total                          Min: 0, Avg:  0.0, Max: 0, Diff: 0, Sum: 0, Workers: 4
[1495.673s][debug][gc,phases      ] GC(55) Weak Processing 0.351ms
[1495.673s][debug][gc,age         ] GC(55) Desired survivor size 64487424 bytes, new threshold 1 (max threshold 15)
[1495.674s][info ][gc,heap        ] GC(55) PSYoungGen: 2007824K(2033152K)->36880K(2034176K) Eden: 1969664K(1969664K)->0K(1970688K) From: 38160K(63488K)->36880K(63488K)
[1495.674s][info ][gc,heap        ] GC(55) ParOldGen: 982737K(983040K)->1017545K(1017856K)
[1495.674s][info ][gc,metaspace   ] GC(55) Metaspace: 113308K(114752K)->113308K(114752K) NonClass: 96287K(97088K)->96287K(97088K) Class: 17021K(17664K)->17021K(17664K)
[1495.674s][info ][gc             ] GC(55) Pause Young (Allocation Failure) 2920M->1029M(2980M) 38.742ms
[1495.674s][info ][gc,cpu         ] GC(55) User=0.13s Sys=0.02s Real=0.04s
[1495.674s][info ][safepoint      ] Safepoint "ParallelGCFailedAllocation", Time since last: 401113966 ns, Reaching safepoint: 90901 ns, Cleanup: 5000 ns, At safepoint: 38852433 ns, Total: 38948334 ns
[1496.674s][info ][safepoint      ] Safepoint "Cleanup", Time since last: 1000097562 ns, Reaching safepoint: 14201 ns, Cleanup: 17000 ns, At safepoint: 3300 ns, Total: 34501 ns
[1497.674s][info ][safepoint      ] Safepoint "Cleanup", Time since last: 1000131963 ns, Reaching safepoint: 13200 ns, Cleanup: 16300 ns, At safepoint: 3400 ns, Total: 32900 ns
[1499.674s][info ][safepoint      ] Safepoint "Cleanup", Time since last: 2000201025 ns, Reaching safepoint: 85701 ns, Cleanup: 16101 ns, At safepoint: 8100 ns, Total: 109902 ns
[1500.674s][info ][safepoint      ] Safepoint "Cleanup", Time since last: 1000119962 ns, Reaching safepoint: 13801 ns, Cleanup: 17500 ns, At safepoint: 3700 ns, Total: 35001 ns
[1508.925s][info ][safepoint      ] Safepoint "Cleanup", Time since last: 8250311389 ns, Reaching safepoint: 11100 ns, Cleanup: 19701 ns, At safepoint: 3400 ns, Total: 34201 ns
[1510.925s][info ][safepoint      ] Safepoint "Cleanup", Time since last: 2000186233 ns, Reaching safepoint: 13801 ns, Cleanup: 16800 ns, At safepoint: 3000 ns, Total: 33601 ns
[1511.081s][info ][gc,start       ] GC(56) Pause Young (Allocation Failure)
[1511.116s][debug][gc,phases      ] GC(56) Scavenge 34.607ms
[1511.116s][debug][gc,ref         ] GC(56) ReferenceProcessor::execute queues: 1, RefProcThreadModel::Single, marks_oops_alive: false
[1511.116s][debug][gc,ref         ] GC(56) Skipped KeepAliveFinalRefsPhase of Reference Processing: no references
[1511.116s][debug][gc,ref         ] GC(56) ReferenceProcessor::execute queues: 1, RefProcThreadModel::Single, marks_oops_alive: false
[1511.116s][debug][gc,phases      ] GC(56) Reference Processing 0.100ms
[1511.116s][debug][gc,phases      ] GC(56)   VM Weak                        Min:  0.0, Avg:  0.0, Max:  0.0, Diff:  0.0, Sum:  0.0, Workers: 4
[1511.116s][debug][gc,phases      ] GC(56)     Dead                           Min: 0, Avg:  0.0, Max: 0, Diff: 0, Sum: 0, Workers: 4
[1511.116s][debug][gc,phases      ] GC(56)     Total                          Min: 0, Avg: 260.8, Max: 723, Diff: 723, Sum: 1043, Workers: 4
[1511.116s][debug][gc,phases      ] GC(56)   ObjectSynchronizer Weak        Min:  0.0, Avg:  0.0, Max:  0.0, Diff:  0.0, Sum:  0.0, Workers: 4
[1511.116s][debug][gc,phases      ] GC(56)     Dead                           Min: 0, Avg:  0.0, Max: 0, Diff: 0, Sum: 0, Workers: 4
[1511.116s][debug][gc,phases      ] GC(56)     Total                          Min: 0, Avg:  0.8, Max: 3, Diff: 3, Sum: 3, Workers: 4
[1511.116s][debug][gc,phases      ] GC(56)   JVMTI Tag Weak OopStorage      Min:  0.0, Avg:  0.0, Max:  0.0, Diff:  0.0, Sum:  0.0, Workers: 4
[1511.116s][debug][gc,phases      ] GC(56)     Dead                           Min: 0, Avg:  0.0, Max: 0, Diff: 0, Sum: 0, Workers: 4
[1511.116s][debug][gc,phases      ] GC(56)     Total                          Min: 0, Avg:  0.0, Max: 0, Diff: 0, Sum: 0, Workers: 4
[1511.116s][debug][gc,phases      ] GC(56)   StringTable Weak               Min:  0.1, Avg:  0.1, Max:  0.1, Diff:  0.0, Sum:  0.4, Workers: 4
[1511.116s][debug][gc,phases      ] GC(56)     Dead                           Min: 0, Avg:  0.0, Max: 0, Diff: 0, Sum: 0, Workers: 4
[1511.116s][debug][gc,phases      ] GC(56)     Total                          Min: 12288, Avg: 12444.5, Max: 12658, Diff: 370, Sum: 49778, Workers: 4
[1511.116s][debug][gc,phases      ] GC(56)   ResolvedMethodTable Weak       Min:  0.0, Avg:  0.0, Max:  0.0, Diff:  0.0, Sum:  0.2, Workers: 4
[1511.116s][debug][gc,phases      ] GC(56)     Dead                           Min: 0, Avg:  4.0, Max: 16, Diff: 16, Sum: 16, Workers: 4
[1511.116s][debug][gc,phases      ] GC(56)     Total                          Min: 3854, Avg: 4049.8, Max: 4219, Diff: 365, Sum: 16199, Workers: 4
[1511.116s][debug][gc,phases      ] GC(56)   JNI Weak                       Min:  0.0, Avg:  0.0, Max:  0.0, Diff:  0.0, Sum:  0.0, Workers: 4
[1511.116s][debug][gc,phases      ] GC(56)     Dead                           Min: 0, Avg:  0.0, Max: 0, Diff: 0, Sum: 0, Workers: 4
[1511.116s][debug][gc,phases      ] GC(56)     Total                          Min: 0, Avg: 13.0, Max: 52, Diff: 52, Sum: 52, Workers: 4
[1511.116s][debug][gc,phases      ] GC(56)   StringDedup Table Weak         Min:  0.0, Avg:  0.0, Max:  0.0, Diff:  0.0, Sum:  0.0, Workers: 4
[1511.116s][debug][gc,phases      ] GC(56)     Dead                           Min: 0, Avg:  0.0, Max: 0, Diff: 0, Sum: 0, Workers: 4
[1511.116s][debug][gc,phases      ] GC(56)     Total                          Min: 0, Avg:  0.0, Max: 0, Diff: 0, Sum: 0, Workers: 4
[1511.116s][debug][gc,phases      ] GC(56)   StringDedup Requests0 Weak     Min:  0.0, Avg:  0.0, Max:  0.0, Diff:  0.0, Sum:  0.0, Workers: 4
[1511.116s][debug][gc,phases      ] GC(56)     Dead                           Min: 0, Avg:  0.0, Max: 0, Diff: 0, Sum: 0, Workers: 4
[1511.116s][debug][gc,phases      ] GC(56)     Total                          Min: 0, Avg:  0.0, Max: 0, Diff: 0, Sum: 0, Workers: 4
[1511.116s][debug][gc,phases      ] GC(56)   StringDedup Requests1 Weak     Min:  0.0, Avg:  0.0, Max:  0.0, Diff:  0.0, Sum:  0.0, Workers: 4
[1511.116s][debug][gc,phases      ] GC(56)     Dead                           Min: 0, Avg:  0.0, Max: 0, Diff: 0, Sum: 0, Workers: 4
[1511.116s][debug][gc,phases      ] GC(56)     Total                          Min: 0, Avg:  0.0, Max: 0, Diff: 0, Sum: 0, Workers: 4
[1511.116s][debug][gc,phases      ] GC(56)   Weak JFR Old Object Samples    Min:  0.0, Avg:  0.0, Max:  0.0, Diff:  0.0, Sum:  0.0, Workers: 4
[1511.116s][debug][gc,phases      ] GC(56)     Dead                           Min: 0, Avg:  0.0, Max: 0, Diff: 0, Sum: 0, Workers: 4
[1511.116s][debug][gc,phases      ] GC(56)     Total                          Min: 0, Avg:  0.0, Max: 0, Diff: 0, Sum: 0, Workers: 4
[1511.116s][debug][gc,phases      ] GC(56) Weak Processing 0.333ms
[1511.116s][debug][gc,age         ] GC(56) Desired survivor size 61865984 bytes, new threshold 1 (max threshold 15)
[1511.116s][info ][gc,heap        ] GC(56) PSYoungGen: 2007568K(2034176K)->26096K(2033664K) Eden: 1970688K(1970688K)->0K(1970688K) From: 36880K(63488K)->26096K(62976K)
[1511.116s][info ][gc,heap        ] GC(56) ParOldGen: 1017545K(1017856K)->1051137K(1051648K)
[1511.116s][info ][gc,metaspace   ] GC(56) Metaspace: 113335K(114752K)->113335K(114752K) NonClass: 96314K(97088K)->96314K(97088K) Class: 17021K(17664K)->17021K(17664K)
[1511.116s][info ][gc             ] GC(56) Pause Young (Allocation Failure) 2954M->1051M(3013M) 35.166ms
[1511.116s][info ][gc,cpu         ] GC(56) User=0.11s Sys=0.03s Real=0.03s
[1511.116s][info ][safepoint      ] Safepoint "ParallelGCFailedAllocation", Time since last: 156086565 ns, Reaching safepoint: 11001 ns, Cleanup: 49900 ns, At safepoint: 35259148 ns, Total: 35320049 ns
[1516.117s][info ][safepoint      ] Safepoint "Cleanup", Time since last: 5000634102 ns, Reaching safepoint: 14500 ns, Cleanup: 25000 ns, At safepoint: 3800 ns, Total: 43300 ns
[1519.117s][info ][safepoint      ] Safepoint "Cleanup", Time since last: 3000310680 ns, Reaching safepoint: 16300 ns, Cleanup: 18101 ns, At safepoint: 3200 ns, Total: 37601 ns
[1522.118s][info ][safepoint      ] Safepoint "Cleanup", Time since last: 3000274337 ns, Reaching safepoint: 83501 ns, Cleanup: 20901 ns, At safepoint: 6100 ns, Total: 110502 ns
[1524.118s][info ][safepoint      ] Safepoint "Cleanup", Time since last: 2000187391 ns, Reaching safepoint: 13900 ns, Cleanup: 15000 ns, At safepoint: 3801 ns, Total: 32701 ns
[1525.118s][info ][safepoint      ] Safepoint "Cleanup", Time since last: 1000130735 ns, Reaching safepoint: 14501 ns, Cleanup: 16300 ns, At safepoint: 3400 ns, Total: 34201 ns
[1542.121s][info ][safepoint      ] Safepoint "Cleanup", Time since last: 17002375216 ns, Reaching safepoint: 14800 ns, Cleanup: 17100 ns, At safepoint: 4000 ns, Total: 35900 ns
[1546.431s][info ][gc,start       ] GC(57) Pause Young (Allocation Failure)
[1546.450s][debug][gc,phases      ] GC(57) Scavenge 18.959ms
[1546.450s][debug][gc,ref         ] GC(57) ReferenceProcessor::execute queues: 1, RefProcThreadModel::Single, marks_oops_alive: false
[1546.450s][debug][gc,ref         ] GC(57) Skipped KeepAliveFinalRefsPhase of Reference Processing: no references
[1546.450s][debug][gc,ref         ] GC(57) ReferenceProcessor::execute queues: 1, RefProcThreadModel::Single, marks_oops_alive: false
[1546.450s][debug][gc,phases      ] GC(57) Reference Processing 0.109ms
[1546.450s][debug][gc,phases      ] GC(57)   VM Weak                        Min:  0.0, Avg:  0.0, Max:  0.0, Diff:  0.0, Sum:  0.0, Workers: 4
[1546.450s][debug][gc,phases      ] GC(57)     Dead                           Min: 0, Avg:  0.0, Max: 0, Diff: 0, Sum: 0, Workers: 4
[1546.450s][debug][gc,phases      ] GC(57)     Total                          Min: 0, Avg: 260.8, Max: 723, Diff: 723, Sum: 1043, Workers: 4
[1546.450s][debug][gc,phases      ] GC(57)   ObjectSynchronizer Weak        Min:  0.0, Avg:  0.0, Max:  0.0, Diff:  0.0, Sum:  0.0, Workers: 4
[1546.450s][debug][gc,phases      ] GC(57)     Dead                           Min: 0, Avg:  0.0, Max: 0, Diff: 0, Sum: 0, Workers: 4
[1546.450s][debug][gc,phases      ] GC(57)     Total                          Min: 0, Avg:  1.5, Max: 6, Diff: 6, Sum: 6, Workers: 4
[1546.450s][debug][gc,phases      ] GC(57)   JVMTI Tag Weak OopStorage      Min:  0.0, Avg:  0.0, Max:  0.0, Diff:  0.0, Sum:  0.0, Workers: 4
[1546.450s][debug][gc,phases      ] GC(57)     Dead                           Min: 0, Avg:  0.0, Max: 0, Diff: 0, Sum: 0, Workers: 4
[1546.450s][debug][gc,phases      ] GC(57)     Total                          Min: 0, Avg:  0.0, Max: 0, Diff: 0, Sum: 0, Workers: 4
[1546.450s][debug][gc,phases      ] GC(57)   StringTable Weak               Min:  0.1, Avg:  0.1, Max:  0.1, Diff:  0.0, Sum:  0.5, Workers: 4
[1546.450s][debug][gc,phases      ] GC(57)     Dead                           Min: 0, Avg:  0.0, Max: 0, Diff: 0, Sum: 0, Workers: 4
[1546.450s][debug][gc,phases      ] GC(57)     Total                          Min: 11200, Avg: 12445.2, Max: 13941, Diff: 2741, Sum: 49781, Workers: 4
[1546.450s][debug][gc,phases      ] GC(57)   ResolvedMethodTable Weak       Min:  0.0, Avg:  0.0, Max:  0.0, Diff:  0.0, Sum:  0.2, Workers: 4
[1546.450s][debug][gc,phases      ] GC(57)     Dead                           Min: 0, Avg:  4.0, Max: 16, Diff: 16, Sum: 16, Workers: 4
[1546.450s][debug][gc,phases      ] GC(57)     Total                          Min: 3390, Avg: 4049.8, Max: 4707, Diff: 1317, Sum: 16199, Workers: 4
[1546.450s][debug][gc,phases      ] GC(57)   JNI Weak                       Min:  0.0, Avg:  0.0, Max:  0.0, Diff:  0.0, Sum:  0.0, Workers: 4
[1546.450s][debug][gc,phases      ] GC(57)     Dead                           Min: 0, Avg:  0.0, Max: 0, Diff: 0, Sum: 0, Workers: 4
[1546.450s][debug][gc,phases      ] GC(57)     Total                          Min: 0, Avg: 13.0, Max: 52, Diff: 52, Sum: 52, Workers: 4
[1546.450s][debug][gc,phases      ] GC(57)   StringDedup Table Weak         Min:  0.0, Avg:  0.0, Max:  0.0, Diff:  0.0, Sum:  0.0, Workers: 4
[1546.450s][debug][gc,phases      ] GC(57)     Dead                           Min: 0, Avg:  0.0, Max: 0, Diff: 0, Sum: 0, Workers: 4
[1546.450s][debug][gc,phases      ] GC(57)     Total                          Min: 0, Avg:  0.0, Max: 0, Diff: 0, Sum: 0, Workers: 4
[1546.450s][debug][gc,phases      ] GC(57)   StringDedup Requests0 Weak     Min:  0.0, Avg:  0.0, Max:  0.0, Diff:  0.0, Sum:  0.0, Workers: 4
[1546.450s][debug][gc,phases      ] GC(57)     Dead                           Min: 0, Avg:  0.0, Max: 0, Diff: 0, Sum: 0, Workers: 4
[1546.450s][debug][gc,phases      ] GC(57)     Total                          Min: 0, Avg:  0.0, Max: 0, Diff: 0, Sum: 0, Workers: 4
[1546.450s][debug][gc,phases      ] GC(57)   StringDedup Requests1 Weak     Min:  0.0, Avg:  0.0, Max:  0.0, Diff:  0.0, Sum:  0.0, Workers: 4
[1546.450s][debug][gc,phases      ] GC(57)     Dead                           Min: 0, Avg:  0.0, Max: 0, Diff: 0, Sum: 0, Workers: 4
[1546.450s][debug][gc,phases      ] GC(57)     Total                          Min: 0, Avg:  0.0, Max: 0, Diff: 0, Sum: 0, Workers: 4
[1546.450s][debug][gc,phases      ] GC(57)   Weak JFR Old Object Samples    Min:  0.0, Avg:  0.0, Max:  0.0, Diff:  0.0, Sum:  0.0, Workers: 4
[1546.450s][debug][gc,phases      ] GC(57)     Dead                           Min: 0, Avg:  0.0, Max: 0, Diff: 0, Sum: 0, Workers: 4
[1546.450s][debug][gc,phases      ] GC(57)     Total                          Min: 0, Avg:  0.0, Max: 0, Diff: 0, Sum: 0, Workers: 4
[1546.450s][debug][gc,phases      ] GC(57) Weak Processing 0.363ms
[1546.450s][debug][gc,age         ] GC(57) Desired survivor size 61865984 bytes, new threshold 1 (max threshold 15)
[1546.450s][info ][gc,heap        ] GC(57) PSYoungGen: 1996784K(2033664K)->10816K(2036736K) Eden: 1970688K(1970688K)->0K(1976320K) From: 26096K(62976K)->10816K(60416K)
[1546.450s][info ][gc,heap        ] GC(57) ParOldGen: 1051137K(1051648K)->1068595K(1069056K)
[1546.450s][info ][gc,metaspace   ] GC(57) Metaspace: 113342K(114752K)->113342K(114752K) NonClass: 96321K(97088K)->96321K(97088K) Class: 17021K(17664K)->17021K(17664K)
[1546.450s][info ][gc             ] GC(57) Pause Young (Allocation Failure) 2976M->1054M(3033M) 19.578ms
[1546.450s][info ][gc,cpu         ] GC(57) User=0.06s Sys=0.01s Real=0.02s
[1546.450s][info ][safepoint      ] Safepoint "ParallelGCFailedAllocation", Time since last: 4309894528 ns, Reaching safepoint: 92001 ns, Cleanup: 5700 ns, At safepoint: 19694880 ns, Total: 19792581 ns
[1549.451s][info ][safepoint      ] Safepoint "Cleanup", Time since last: 3000299864 ns, Reaching safepoint: 14201 ns, Cleanup: 15800 ns, At safepoint: 3100 ns, Total: 33101 ns
[1550.451s][info ][safepoint      ] Safepoint "Cleanup", Time since last: 1000128717 ns, Reaching safepoint: 12600 ns, Cleanup: 16101 ns, At safepoint: 6900 ns, Total: 35601 ns
[1552.451s][info ][safepoint      ] Safepoint "Cleanup", Time since last: 2000241834 ns, Reaching safepoint: 10600 ns, Cleanup: 16200 ns, At safepoint: 2501 ns, Total: 29301 ns
[1553.451s][info ][safepoint      ] Safepoint "Cleanup", Time since last: 1000182918 ns, Reaching safepoint: 13600 ns, Cleanup: 12300 ns, At safepoint: 3300 ns, Total: 29200 ns
[1556.452s][info ][safepoint      ] Safepoint "Cleanup", Time since last: 3000399852 ns, Reaching safepoint: 11100 ns, Cleanup: 11501 ns, At safepoint: 2600 ns, Total: 25201 ns
[1559.452s][info ][safepoint      ] Safepoint "Cleanup", Time since last: 3000383140 ns, Reaching safepoint: 13800 ns, Cleanup: 14201 ns, At safepoint: 3700 ns, Total: 31701 ns
[1562.951s][info ][safepoint      ] Safepoint "Cleanup", Time since last: 3499205465 ns, Reaching safepoint: 11201 ns, Cleanup: 16200 ns, At safepoint: 5600 ns, Total: 33001 ns
[1564.952s][info ][safepoint      ] Safepoint "Cleanup", Time since last: 2000252707 ns, Reaching safepoint: 13101 ns, Cleanup: 14300 ns, At safepoint: 3400 ns, Total: 30801 ns
[1565.952s][info ][safepoint      ] Safepoint "Cleanup", Time since last: 1000146667 ns, Reaching safepoint: 12901 ns, Cleanup: 37000 ns, At safepoint: 3300 ns, Total: 53201 ns
[1566.952s][info ][safepoint      ] Safepoint "Cleanup", Time since last: 1000116175 ns, Reaching safepoint: 11201 ns, Cleanup: 16200 ns, At safepoint: 2900 ns, Total: 30301 ns
[1568.952s][info ][safepoint      ] Safepoint "Cleanup", Time since last: 2000168549 ns, Reaching safepoint: 82001 ns, Cleanup: 15101 ns, At safepoint: 6200 ns, Total: 103302 ns
[1569.929s][info ][gc,start       ] GC(58) Pause Young (Allocation Failure)
[1569.949s][debug][gc,phases      ] GC(58) Scavenge 19.898ms
[1569.949s][debug][gc,ref         ] GC(58) ReferenceProcessor::execute queues: 1, RefProcThreadModel::Single, marks_oops_alive: false
[1569.949s][debug][gc,ref         ] GC(58) Skipped KeepAliveFinalRefsPhase of Reference Processing: no references
[1569.949s][debug][gc,ref         ] GC(58) ReferenceProcessor::execute queues: 1, RefProcThreadModel::Single, marks_oops_alive: false
[1569.949s][debug][gc,phases      ] GC(58) Reference Processing 0.112ms
[1569.949s][debug][gc,phases      ] GC(58)   VM Weak                        Min:  0.0, Avg:  0.0, Max:  0.0, Diff:  0.0, Sum:  0.0, Workers: 4
[1569.949s][debug][gc,phases      ] GC(58)     Dead                           Min: 0, Avg:  0.0, Max: 0, Diff: 0, Sum: 0, Workers: 4
[1569.949s][debug][gc,phases      ] GC(58)     Total                          Min: 0, Avg: 260.8, Max: 531, Diff: 531, Sum: 1043, Workers: 4
[1569.949s][debug][gc,phases      ] GC(58)   ObjectSynchronizer Weak        Min:  0.0, Avg:  0.0, Max:  0.0, Diff:  0.0, Sum:  0.0, Workers: 4
[1569.949s][debug][gc,phases      ] GC(58)     Dead                           Min: 0, Avg:  0.0, Max: 0, Diff: 0, Sum: 0, Workers: 4
[1569.949s][debug][gc,phases      ] GC(58)     Total                          Min: 0, Avg:  1.5, Max: 6, Diff: 6, Sum: 6, Workers: 4
[1569.949s][debug][gc,phases      ] GC(58)   JVMTI Tag Weak OopStorage      Min:  0.0, Avg:  0.0, Max:  0.0, Diff:  0.0, Sum:  0.0, Workers: 4
[1569.949s][debug][gc,phases      ] GC(58)     Dead                           Min: 0, Avg:  0.0, Max: 0, Diff: 0, Sum: 0, Workers: 4
[1569.949s][debug][gc,phases      ] GC(58)     Total                          Min: 0, Avg:  0.0, Max: 0, Diff: 0, Sum: 0, Workers: 4
[1569.949s][debug][gc,phases      ] GC(58)   StringTable Weak               Min:  0.1, Avg:  0.1, Max:  0.1, Diff:  0.0, Sum:  0.5, Workers: 4
[1569.949s][debug][gc,phases      ] GC(58)     Dead                           Min: 0, Avg:  0.0, Max: 0, Diff: 0, Sum: 0, Workers: 4
[1569.949s][debug][gc,phases      ] GC(58)     Total                          Min: 11264, Avg: 12450.0, Max: 13696, Diff: 2432, Sum: 49800, Workers: 4
[1569.949s][debug][gc,phases      ] GC(58)   ResolvedMethodTable Weak       Min:  0.0, Avg:  0.0, Max:  0.0, Diff:  0.0, Sum:  0.2, Workers: 4
[1569.949s][debug][gc,phases      ] GC(58)     Dead                           Min: 0, Avg:  0.0, Max: 0, Diff: 0, Sum: 0, Workers: 4
[1569.949s][debug][gc,phases      ] GC(58)     Total                          Min: 3598, Avg: 4049.8, Max: 4535, Diff: 937, Sum: 16199, Workers: 4
[1569.949s][debug][gc,phases      ] GC(58)   JNI Weak                       Min:  0.0, Avg:  0.0, Max:  0.0, Diff:  0.0, Sum:  0.0, Workers: 4
[1569.949s][debug][gc,phases      ] GC(58)     Dead                           Min: 0, Avg:  0.0, Max: 0, Diff: 0, Sum: 0, Workers: 4
[1569.949s][debug][gc,phases      ] GC(58)     Total                          Min: 0, Avg: 13.0, Max: 52, Diff: 52, Sum: 52, Workers: 4
[1569.949s][debug][gc,phases      ] GC(58)   StringDedup Table Weak         Min:  0.0, Avg:  0.0, Max:  0.0, Diff:  0.0, Sum:  0.0, Workers: 4
[1569.949s][debug][gc,phases      ] GC(58)     Dead                           Min: 0, Avg:  0.0, Max: 0, Diff: 0, Sum: 0, Workers: 4
[1569.949s][debug][gc,phases      ] GC(58)     Total                          Min: 0, Avg:  0.0, Max: 0, Diff: 0, Sum: 0, Workers: 4
[1569.949s][debug][gc,phases      ] GC(58)   StringDedup Requests0 Weak     Min:  0.0, Avg:  0.0, Max:  0.0, Diff:  0.0, Sum:  0.0, Workers: 4
[1569.949s][debug][gc,phases      ] GC(58)     Dead                           Min: 0, Avg:  0.0, Max: 0, Diff: 0, Sum: 0, Workers: 4
[1569.949s][debug][gc,phases      ] GC(58)     Total                          Min: 0, Avg:  0.0, Max: 0, Diff: 0, Sum: 0, Workers: 4
[1569.949s][debug][gc,phases      ] GC(58)   StringDedup Requests1 Weak     Min:  0.0, Avg:  0.0, Max:  0.0, Diff:  0.0, Sum:  0.0, Workers: 4
[1569.949s][debug][gc,phases      ] GC(58)     Dead                           Min: 0, Avg:  0.0, Max: 0, Diff: 0, Sum: 0, Workers: 4
[1569.949s][debug][gc,phases      ] GC(58)     Total                          Min: 0, Avg:  0.0, Max: 0, Diff: 0, Sum: 0, Workers: 4
[1569.949s][debug][gc,phases      ] GC(58)   Weak JFR Old Object Samples    Min:  0.0, Avg:  0.0, Max:  0.0, Diff:  0.0, Sum:  0.0, Workers: 4
[1569.949s][debug][gc,phases      ] GC(58)     Dead                           Min: 0, Avg:  0.0, Max: 0, Diff: 0, Sum: 0, Workers: 4
[1569.949s][debug][gc,phases      ] GC(58)     Total                          Min: 0, Avg:  0.0, Max: 0, Diff: 0, Sum: 0, Workers: 4
[1569.949s][debug][gc,phases      ] GC(58) Weak Processing 0.340ms
[1569.949s][debug][gc,age         ] GC(58) Desired survivor size 59244544 bytes, new threshold 1 (max threshold 15)
[1569.949s][info ][gc,heap        ] GC(58) PSYoungGen: 1987136K(2036736K)->29072K(2036736K) Eden: 1976320K(1976320K)->0K(1976320K) From: 10816K(60416K)->29072K(60416K)
[1569.949s][info ][gc,heap        ] GC(58) ParOldGen: 1068595K(1069056K)->1075420K(1075712K)
[1569.949s][info ][gc,metaspace   ] GC(58) Metaspace: 113350K(114816K)->113350K(114816K) NonClass: 96329K(97152K)->96329K(97152K) Class: 17021K(17664K)->17021K(17664K)
[1569.949s][info ][gc             ] GC(58) Pause Young (Allocation Failure) 2984M->1078M(3039M) 20.512ms
[1569.949s][info ][gc,cpu         ] GC(58) User=0.07s Sys=0.00s Real=0.02s
[1569.950s][info ][safepoint      ] Safepoint "ParallelGCFailedAllocation", Time since last: 976552040 ns, Reaching safepoint: 94001 ns, Cleanup: 20701 ns, At safepoint: 20646481 ns, Total: 20761183 ns
[1571.950s][info ][safepoint      ] Safepoint "Cleanup", Time since last: 2000223050 ns, Reaching safepoint: 12600 ns, Cleanup: 13100 ns, At safepoint: 3801 ns, Total: 29501 ns
[1575.950s][info ][safepoint      ] Safepoint "Cleanup", Time since last: 4000636247 ns, Reaching safepoint: 13600 ns, Cleanup: 15101 ns, At safepoint: 4000 ns, Total: 32701 ns
[1576.951s][info ][safepoint      ] Safepoint "Cleanup", Time since last: 1000113442 ns, Reaching safepoint: 10100 ns, Cleanup: 11100 ns, At safepoint: 2500 ns, Total: 23700 ns
[1581.951s][info ][safepoint      ] Safepoint "Cleanup", Time since last: 5000656070 ns, Reaching safepoint: 13201 ns, Cleanup: 14700 ns, At safepoint: 3500 ns, Total: 31401 ns
[1583.951s][info ][safepoint      ] Safepoint "Cleanup", Time since last: 2000198384 ns, Reaching safepoint: 10601 ns, Cleanup: 10100 ns, At safepoint: 2600 ns, Total: 23301 ns
[1587.952s][info ][safepoint      ] Safepoint "Cleanup", Time since last: 4000419086 ns, Reaching safepoint: 13701 ns, Cleanup: 13700 ns, At safepoint: 3400 ns, Total: 30801 ns
[1590.680s][info ][gc,start       ] GC(59) Pause Young (Allocation Failure)
[1590.707s][debug][gc,phases      ] GC(59) Scavenge 27.379ms
[1590.707s][debug][gc,ref         ] GC(59) Skipped SoftWeakFinalRefsPhase of Reference Processing: no references
[1590.707s][debug][gc,ref         ] GC(59) Skipped KeepAliveFinalRefsPhase of Reference Processing: no references
[1590.707s][debug][gc,ref         ] GC(59) Skipped PhantomRefsPhase of Reference Processing: no references
[1590.707s][debug][gc,phases      ] GC(59) Reference Processing 0.023ms
[1590.708s][debug][gc,phases      ] GC(59)   VM Weak                        Min:  0.0, Avg:  0.0, Max:  0.0, Diff:  0.0, Sum:  0.0, Workers: 4
[1590.708s][debug][gc,phases      ] GC(59)     Dead                           Min: 0, Avg:  0.0, Max: 0, Diff: 0, Sum: 0, Workers: 4
[1590.708s][debug][gc,phases      ] GC(59)     Total                          Min: 0, Avg: 260.8, Max: 403, Diff: 403, Sum: 1043, Workers: 4
[1590.708s][debug][gc,phases      ] GC(59)   ObjectSynchronizer Weak        Min:  0.0, Avg:  0.0, Max:  0.0, Diff:  0.0, Sum:  0.0, Workers: 4
[1590.708s][debug][gc,phases      ] GC(59)     Dead                           Min: 0, Avg:  0.0, Max: 0, Diff: 0, Sum: 0, Workers: 4
[1590.708s][debug][gc,phases      ] GC(59)     Total                          Min: 0, Avg:  1.5, Max: 6, Diff: 6, Sum: 6, Workers: 4
[1590.708s][debug][gc,phases      ] GC(59)   JVMTI Tag Weak OopStorage      Min:  0.0, Avg:  0.0, Max:  0.0, Diff:  0.0, Sum:  0.0, Workers: 4
[1590.708s][debug][gc,phases      ] GC(59)     Dead                           Min: 0, Avg:  0.0, Max: 0, Diff: 0, Sum: 0, Workers: 4
[1590.708s][debug][gc,phases      ] GC(59)     Total                          Min: 0, Avg:  0.0, Max: 0, Diff: 0, Sum: 0, Workers: 4
[1590.708s][debug][gc,phases      ] GC(59)   StringTable Weak               Min:  0.1, Avg:  0.1, Max:  0.1, Diff:  0.0, Sum:  0.5, Workers: 4
[1590.708s][debug][gc,phases      ] GC(59)     Dead                           Min: 0, Avg:  0.0, Max: 0, Diff: 0, Sum: 0, Workers: 4
[1590.708s][debug][gc,phases      ] GC(59)     Total                          Min: 10560, Avg: 12450.0, Max: 14144, Diff: 3584, Sum: 49800, Workers: 4
[1590.708s][debug][gc,phases      ] GC(59)   ResolvedMethodTable Weak       Min:  0.0, Avg:  0.0, Max:  0.0, Diff:  0.0, Sum:  0.2, Workers: 4
[1590.708s][debug][gc,phases      ] GC(59)     Dead                           Min: 0, Avg:  0.0, Max: 0, Diff: 0, Sum: 0, Workers: 4
[1590.708s][debug][gc,phases      ] GC(59)     Total                          Min: 3636, Avg: 4049.8, Max: 4506, Diff: 870, Sum: 16199, Workers: 4
[1590.708s][debug][gc,phases      ] GC(59)   JNI Weak                       Min:  0.0, Avg:  0.0, Max:  0.0, Diff:  0.0, Sum:  0.0, Workers: 4
[1590.708s][debug][gc,phases      ] GC(59)     Dead                           Min: 0, Avg:  0.0, Max: 0, Diff: 0, Sum: 0, Workers: 4
[1590.708s][debug][gc,phases      ] GC(59)     Total                          Min: 0, Avg: 13.0, Max: 52, Diff: 52, Sum: 52, Workers: 4
[1590.708s][debug][gc,phases      ] GC(59)   StringDedup Table Weak         Min:  0.0, Avg:  0.0, Max:  0.0, Diff:  0.0, Sum:  0.0, Workers: 4
[1590.708s][debug][gc,phases      ] GC(59)     Dead                           Min: 0, Avg:  0.0, Max: 0, Diff: 0, Sum: 0, Workers: 4
[1590.708s][debug][gc,phases      ] GC(59)     Total                          Min: 0, Avg:  0.0, Max: 0, Diff: 0, Sum: 0, Workers: 4
[1590.708s][debug][gc,phases      ] GC(59)   StringDedup Requests0 Weak     Min:  0.0, Avg:  0.0, Max:  0.0, Diff:  0.0, Sum:  0.0, Workers: 4
[1590.708s][debug][gc,phases      ] GC(59)     Dead                           Min: 0, Avg:  0.0, Max: 0, Diff: 0, Sum: 0, Workers: 4
[1590.708s][debug][gc,phases      ] GC(59)     Total                          Min: 0, Avg:  0.0, Max: 0, Diff: 0, Sum: 0, Workers: 4
[1590.708s][debug][gc,phases      ] GC(59)   StringDedup Requests1 Weak     Min:  0.0, Avg:  0.0, Max:  0.0, Diff:  0.0, Sum:  0.0, Workers: 4
[1590.708s][debug][gc,phases      ] GC(59)     Dead                           Min: 0, Avg:  0.0, Max: 0, Diff: 0, Sum: 0, Workers: 4
[1590.708s][debug][gc,phases      ] GC(59)     Total                          Min: 0, Avg:  0.0, Max: 0, Diff: 0, Sum: 0, Workers: 4
[1590.708s][debug][gc,phases      ] GC(59)   Weak JFR Old Object Samples    Min:  0.0, Avg:  0.0, Max:  0.0, Diff:  0.0, Sum:  0.0, Workers: 4
[1590.708s][debug][gc,phases      ] GC(59)     Dead                           Min: 0, Avg:  0.0, Max: 0, Diff: 0, Sum: 0, Workers: 4
[1590.708s][debug][gc,phases      ] GC(59)     Total                          Min: 0, Avg:  0.0, Max: 0, Diff: 0, Sum: 0, Workers: 4
[1590.708s][debug][gc,phases      ] GC(59) Weak Processing 0.382ms
[1590.708s][debug][gc,age         ] GC(59) Desired survivor size 56098816 bytes, new threshold 1 (max threshold 15)
[1590.708s][info ][gc,heap        ] GC(59) PSYoungGen: 2005392K(2036736K)->27968K(2042368K) Eden: 1976320K(1976320K)->0K(1984512K) From: 29072K(60416K)->27968K(57856K)
[1590.708s][info ][gc,heap        ] GC(59) ParOldGen: 1075420K(1075712K)->1099441K(1099776K)
[1590.708s][info ][gc,metaspace   ] GC(59) Metaspace: 113362K(114816K)->113362K(114816K) NonClass: 96341K(97152K)->96341K(97152K) Class: 17021K(17664K)->17021K(17664K)
[1590.708s][info ][gc             ] GC(59) Pause Young (Allocation Failure) 3008M->1100M(3068M) 27.970ms
[1590.708s][info ][gc,cpu         ] GC(59) User=0.09s Sys=0.02s Real=0.02s
[1590.708s][info ][safepoint      ] Safepoint "ParallelGCFailedAllocation", Time since last: 2727668940 ns, Reaching safepoint: 94001 ns, Cleanup: 15701 ns, At safepoint: 28098768 ns, Total: 28208470 ns
[1593.708s][info ][safepoint      ] Safepoint "Cleanup", Time since last: 3000395485 ns, Reaching safepoint: 20401 ns, Cleanup: 32200 ns, At safepoint: 3901 ns, Total: 56502 ns
[1603.710s][info ][safepoint      ] Safepoint "Cleanup", Time since last: 10001291568 ns, Reaching safepoint: 15000 ns, Cleanup: 19500 ns, At safepoint: 4801 ns, Total: 39301 ns
[1605.710s][info ][safepoint      ] Safepoint "Cleanup", Time since last: 2000265983 ns, Reaching safepoint: 20600 ns, Cleanup: 20501 ns, At safepoint: 7200 ns, Total: 48301 ns
[1608.710s][info ][safepoint      ] Safepoint "Cleanup", Time since last: 3000375348 ns, Reaching safepoint: 17101 ns, Cleanup: 16500 ns, At safepoint: 4300 ns, Total: 37901 ns
[1609.711s][info ][safepoint      ] Safepoint "Cleanup", Time since last: 1000204318 ns, Reaching safepoint: 12800 ns, Cleanup: 16200 ns, At safepoint: 4300 ns, Total: 33300 ns
[1617.711s][info ][safepoint      ] Safepoint "Cleanup", Time since last: 8000851522 ns, Reaching safepoint: 15300 ns, Cleanup: 14501 ns, At safepoint: 4300 ns, Total: 34101 ns
[1619.712s][info ][safepoint      ] Safepoint "Cleanup", Time since last: 2000382052 ns, Reaching safepoint: 16301 ns, Cleanup: 16800 ns, At safepoint: 4000 ns, Total: 37101 ns
[1622.277s][info ][gc,start       ] GC(60) Pause Young (Allocation Failure)
[1622.304s][debug][gc,phases      ] GC(60) Scavenge 26.682ms
[1622.304s][debug][gc,ref         ] GC(60) ReferenceProcessor::execute queues: 1, RefProcThreadModel::Single, marks_oops_alive: false
[1622.304s][debug][gc,ref         ] GC(60) Skipped KeepAliveFinalRefsPhase of Reference Processing: no references
[1622.304s][debug][gc,ref         ] GC(60) ReferenceProcessor::execute queues: 1, RefProcThreadModel::Single, marks_oops_alive: false
[1622.304s][debug][gc,phases      ] GC(60) Reference Processing 0.122ms
[1622.305s][debug][gc,phases      ] GC(60)   VM Weak                        Min:  0.0, Avg:  0.0, Max:  0.0, Diff:  0.0, Sum:  0.0, Workers: 4
[1622.305s][debug][gc,phases      ] GC(60)     Dead                           Min: 0, Avg:  0.0, Max: 0, Diff: 0, Sum: 0, Workers: 4
[1622.305s][debug][gc,phases      ] GC(60)     Total                          Min: 19, Avg: 260.8, Max: 640, Diff: 621, Sum: 1043, Workers: 4
[1622.305s][debug][gc,phases      ] GC(60)   ObjectSynchronizer Weak        Min:  0.0, Avg:  0.0, Max:  0.0, Diff:  0.0, Sum:  0.0, Workers: 4
[1622.305s][debug][gc,phases      ] GC(60)     Dead                           Min: 0, Avg:  0.0, Max: 0, Diff: 0, Sum: 0, Workers: 4
[1622.305s][debug][gc,phases      ] GC(60)     Total                          Min: 0, Avg:  1.0, Max: 4, Diff: 4, Sum: 4, Workers: 4
[1622.305s][debug][gc,phases      ] GC(60)   JVMTI Tag Weak OopStorage      Min:  0.0, Avg:  0.0, Max:  0.0, Diff:  0.0, Sum:  0.0, Workers: 4
[1622.305s][debug][gc,phases      ] GC(60)     Dead                           Min: 0, Avg:  0.0, Max: 0, Diff: 0, Sum: 0, Workers: 4
[1622.305s][debug][gc,phases      ] GC(60)     Total                          Min: 0, Avg:  0.0, Max: 0, Diff: 0, Sum: 0, Workers: 4
[1622.305s][debug][gc,phases      ] GC(60)   StringTable Weak               Min:  0.1, Avg:  0.1, Max:  0.1, Diff:  0.0, Sum:  0.5, Workers: 4
[1622.305s][debug][gc,phases      ] GC(60)     Dead                           Min: 0, Avg:  0.0, Max: 0, Diff: 0, Sum: 0, Workers: 4
[1622.305s][debug][gc,phases      ] GC(60)     Total                          Min: 11584, Avg: 12450.8, Max: 13323, Diff: 1739, Sum: 49803, Workers: 4
[1622.305s][debug][gc,phases      ] GC(60)   ResolvedMethodTable Weak       Min:  0.1, Avg:  0.1, Max:  0.1, Diff:  0.0, Sum:  0.2, Workers: 4
[1622.305s][debug][gc,phases      ] GC(60)     Dead                           Min: 0, Avg:  4.0, Max: 16, Diff: 16, Sum: 16, Workers: 4
[1622.305s][debug][gc,phases      ] GC(60)     Total                          Min: 3704, Avg: 4049.8, Max: 4816, Diff: 1112, Sum: 16199, Workers: 4
[1622.305s][debug][gc,phases      ] GC(60)   JNI Weak                       Min:  0.0, Avg:  0.0, Max:  0.0, Diff:  0.0, Sum:  0.0, Workers: 4
[1622.305s][debug][gc,phases      ] GC(60)     Dead                           Min: 0, Avg:  0.0, Max: 0, Diff: 0, Sum: 0, Workers: 4
[1622.305s][debug][gc,phases      ] GC(60)     Total                          Min: 0, Avg: 13.0, Max: 52, Diff: 52, Sum: 52, Workers: 4
[1622.305s][debug][gc,phases      ] GC(60)   StringDedup Table Weak         Min:  0.0, Avg:  0.0, Max:  0.0, Diff:  0.0, Sum:  0.0, Workers: 4
[1622.305s][debug][gc,phases      ] GC(60)     Dead                           Min: 0, Avg:  0.0, Max: 0, Diff: 0, Sum: 0, Workers: 4
[1622.305s][debug][gc,phases      ] GC(60)     Total                          Min: 0, Avg:  0.0, Max: 0, Diff: 0, Sum: 0, Workers: 4
[1622.305s][debug][gc,phases      ] GC(60)   StringDedup Requests0 Weak     Min:  0.0, Avg:  0.0, Max:  0.0, Diff:  0.0, Sum:  0.0, Workers: 4
[1622.305s][debug][gc,phases      ] GC(60)     Dead                           Min: 0, Avg:  0.0, Max: 0, Diff: 0, Sum: 0, Workers: 4
[1622.305s][debug][gc,phases      ] GC(60)     Total                          Min: 0, Avg:  0.0, Max: 0, Diff: 0, Sum: 0, Workers: 4
[1622.305s][debug][gc,phases      ] GC(60)   StringDedup Requests1 Weak     Min:  0.0, Avg:  0.0, Max:  0.0, Diff:  0.0, Sum:  0.0, Workers: 4
[1622.305s][debug][gc,phases      ] GC(60)     Dead                           Min: 0, Avg:  0.0, Max: 0, Diff: 0, Sum: 0, Workers: 4
[1622.305s][debug][gc,phases      ] GC(60)     Total                          Min: 0, Avg:  0.0, Max: 0, Diff: 0, Sum: 0, Workers: 4
[1622.305s][debug][gc,phases      ] GC(60)   Weak JFR Old Object Samples    Min:  0.0, Avg:  0.0, Max:  0.0, Diff:  0.0, Sum:  0.0, Workers: 4
[1622.305s][debug][gc,phases      ] GC(60)     Dead                           Min: 0, Avg:  0.0, Max: 0, Diff: 0, Sum: 0, Workers: 4
[1622.305s][debug][gc,phases      ] GC(60)     Total                          Min: 0, Avg:  0.0, Max: 0, Diff: 0, Sum: 0, Workers: 4
[1622.305s][debug][gc,phases      ] GC(60) Weak Processing 0.392ms
[1622.305s][debug][gc,age         ] GC(60) Desired survivor size 55050240 bytes, new threshold 1 (max threshold 15)
[1622.305s][info ][gc,heap        ] GC(60) PSYoungGen: 2012480K(2042368K)->19520K(2039296K) Eden: 1984512K(1984512K)->0K(1984512K) From: 27968K(57856K)->19520K(54784K)
[1622.305s][info ][gc,heap        ] GC(60) ParOldGen: 1099441K(1099776K)->1122065K(1122304K)
[1622.305s][info ][gc,metaspace   ] GC(60) Metaspace: 113374K(114816K)->113374K(114816K) NonClass: 96353K(97152K)->96353K(97152K) Class: 17021K(17664K)->17021K(17664K)
[1622.305s][info ][gc             ] GC(60) Pause Young (Allocation Failure) 3038M->1114M(3087M) 27.349ms
[1622.305s][info ][gc,cpu         ] GC(60) User=0.09s Sys=0.02s Real=0.03s
[1622.305s][info ][safepoint      ] Safepoint "ParallelGCFailedAllocation", Time since last: 2565390469 ns, Reaching safepoint: 103902 ns, Cleanup: 7700 ns, At safepoint: 27453359 ns, Total: 27564961 ns
[1629.306s][info ][safepoint      ] Safepoint "Cleanup", Time since last: 7000796533 ns, Reaching safepoint: 11000 ns, Cleanup: 14400 ns, At safepoint: 3300 ns, Total: 28700 ns
[1650.309s][info ][safepoint      ] Safepoint "Cleanup", Time since last: 21002966695 ns, Reaching safepoint: 12000 ns, Cleanup: 15401 ns, At safepoint: 3700 ns, Total: 31101 ns
[1652.309s][info ][safepoint      ] Safepoint "Cleanup", Time since last: 2000201774 ns, Reaching safepoint: 13001 ns, Cleanup: 20100 ns, At safepoint: 3500 ns, Total: 36601 ns
[1657.309s][info ][safepoint      ] Safepoint "Cleanup", Time since last: 5000486339 ns, Reaching safepoint: 16001 ns, Cleanup: 17401 ns, At safepoint: 4200 ns, Total: 37602 ns
[1660.310s][info ][safepoint      ] Safepoint "Cleanup", Time since last: 3000301649 ns, Reaching safepoint: 14800 ns, Cleanup: 15001 ns, At safepoint: 4300 ns, Total: 34101 ns
[1662.310s][info ][safepoint      ] Safepoint "Cleanup", Time since last: 2000207939 ns, Reaching safepoint: 14200 ns, Cleanup: 14901 ns, At safepoint: 3500 ns, Total: 32601 ns
[1665.310s][info ][safepoint      ] Safepoint "Cleanup", Time since last: 3000410617 ns, Reaching safepoint: 15000 ns, Cleanup: 32501 ns, At safepoint: 4200 ns, Total: 51701 ns
[1668.311s][info ][safepoint      ] Safepoint "Cleanup", Time since last: 3000306514 ns, Reaching safepoint: 16801 ns, Cleanup: 27600 ns, At safepoint: 4100 ns, Total: 48501 ns
[1669.311s][info ][safepoint      ] Safepoint "Cleanup", Time since last: 1000148155 ns, Reaching safepoint: 19701 ns, Cleanup: 21200 ns, At safepoint: 5500 ns, Total: 46401 ns
[1671.311s][info ][safepoint      ] Safepoint "Cleanup", Time since last: 2000235213 ns, Reaching safepoint: 14900 ns, Cleanup: 16501 ns, At safepoint: 3900 ns, Total: 35301 ns
[1672.312s][info ][safepoint      ] Safepoint "Cleanup", Time since last: 1000189508 ns, Reaching safepoint: 14800 ns, Cleanup: 18200 ns, At safepoint: 4000 ns, Total: 37000 ns
[1675.312s][info ][safepoint      ] Safepoint "Cleanup", Time since last: 3000451622 ns, Reaching safepoint: 13000 ns, Cleanup: 12400 ns, At safepoint: 3900 ns, Total: 29300 ns
[1678.313s][info ][safepoint      ] Safepoint "Cleanup", Time since last: 3000513013 ns, Reaching safepoint: 44501 ns, Cleanup: 18100 ns, At safepoint: 6300 ns, Total: 68901 ns
[1689.008s][info ][safepoint      ] Safepoint "Cleanup", Time since last: 10695127732 ns, Reaching safepoint: 12800 ns, Cleanup: 13401 ns, At safepoint: 4000 ns, Total: 30201 ns
[1690.008s][info ][safepoint      ] Safepoint "Cleanup", Time since last: 1000189312 ns, Reaching safepoint: 13800 ns, Cleanup: 16100 ns, At safepoint: 5001 ns, Total: 34901 ns
[1690.681s][info ][gc,start       ] GC(61) Pause Young (Allocation Failure)
[1690.699s][debug][gc,phases      ] GC(61) Scavenge 18.246ms
[1690.699s][debug][gc,ref         ] GC(61) ReferenceProcessor::execute queues: 1, RefProcThreadModel::Single, marks_oops_alive: false
[1690.699s][debug][gc,ref         ] GC(61) Skipped KeepAliveFinalRefsPhase of Reference Processing: no references
[1690.699s][debug][gc,ref         ] GC(61) ReferenceProcessor::execute queues: 1, RefProcThreadModel::Single, marks_oops_alive: false
[1690.699s][debug][gc,phases      ] GC(61) Reference Processing 0.107ms
[1690.699s][debug][gc,phases      ] GC(61)   VM Weak                        Min:  0.0, Avg:  0.0, Max:  0.0, Diff:  0.0, Sum:  0.0, Workers: 4
[1690.699s][debug][gc,phases      ] GC(61)     Dead                           Min: 0, Avg:  0.0, Max: 0, Diff: 0, Sum: 0, Workers: 4
[1690.699s][debug][gc,phases      ] GC(61)     Total                          Min: 0, Avg: 260.8, Max: 531, Diff: 531, Sum: 1043, Workers: 4
[1690.699s][debug][gc,phases      ] GC(61)   ObjectSynchronizer Weak        Min:  0.0, Avg:  0.0, Max:  0.0, Diff:  0.0, Sum:  0.0, Workers: 4
[1690.699s][debug][gc,phases      ] GC(61)     Dead                           Min: 0, Avg:  0.0, Max: 0, Diff: 0, Sum: 0, Workers: 4
[1690.699s][debug][gc,phases      ] GC(61)     Total                          Min: 0, Avg:  1.0, Max: 4, Diff: 4, Sum: 4, Workers: 4
[1690.699s][debug][gc,phases      ] GC(61)   JVMTI Tag Weak OopStorage      Min:  0.0, Avg:  0.0, Max:  0.0, Diff:  0.0, Sum:  0.0, Workers: 4
[1690.699s][debug][gc,phases      ] GC(61)     Dead                           Min: 0, Avg:  0.0, Max: 0, Diff: 0, Sum: 0, Workers: 4
[1690.699s][debug][gc,phases      ] GC(61)     Total                          Min: 0, Avg:  0.0, Max: 0, Diff: 0, Sum: 0, Workers: 4
[1690.699s][debug][gc,phases      ] GC(61)   StringTable Weak               Min:  0.1, Avg:  0.1, Max:  0.1, Diff:  0.0, Sum:  0.5, Workers: 4
[1690.699s][debug][gc,phases      ] GC(61)     Dead                           Min: 0, Avg:  0.2, Max: 1, Diff: 1, Sum: 1, Workers: 4
[1690.699s][debug][gc,phases      ] GC(61)     Total                          Min: 10833, Avg: 12452.2, Max: 14016, Diff: 3183, Sum: 49809, Workers: 4
[1690.699s][debug][gc,phases      ] GC(61)   ResolvedMethodTable Weak       Min:  0.0, Avg:  0.0, Max:  0.0, Diff:  0.0, Sum:  0.2, Workers: 4
[1690.699s][debug][gc,phases      ] GC(61)     Dead                           Min: 0, Avg:  4.0, Max: 16, Diff: 16, Sum: 16, Workers: 4
[1690.699s][debug][gc,phases      ] GC(61)     Total                          Min: 3762, Avg: 4051.0, Max: 4388, Diff: 626, Sum: 16204, Workers: 4
[1690.699s][debug][gc,phases      ] GC(61)   JNI Weak                       Min:  0.0, Avg:  0.0, Max:  0.0, Diff:  0.0, Sum:  0.0, Workers: 4
[1690.699s][debug][gc,phases      ] GC(61)     Dead                           Min: 0, Avg:  0.0, Max: 0, Diff: 0, Sum: 0, Workers: 4
[1690.699s][debug][gc,phases      ] GC(61)     Total                          Min: 0, Avg: 13.0, Max: 52, Diff: 52, Sum: 52, Workers: 4
[1690.699s][debug][gc,phases      ] GC(61)   StringDedup Table Weak         Min:  0.0, Avg:  0.0, Max:  0.0, Diff:  0.0, Sum:  0.0, Workers: 4
[1690.699s][debug][gc,phases      ] GC(61)     Dead                           Min: 0, Avg:  0.0, Max: 0, Diff: 0, Sum: 0, Workers: 4
[1690.699s][debug][gc,phases      ] GC(61)     Total                          Min: 0, Avg:  0.0, Max: 0, Diff: 0, Sum: 0, Workers: 4
[1690.699s][debug][gc,phases      ] GC(61)   StringDedup Requests0 Weak     Min:  0.0, Avg:  0.0, Max:  0.0, Diff:  0.0, Sum:  0.0, Workers: 4
[1690.699s][debug][gc,phases      ] GC(61)     Dead                           Min: 0, Avg:  0.0, Max: 0, Diff: 0, Sum: 0, Workers: 4
[1690.699s][debug][gc,phases      ] GC(61)     Total                          Min: 0, Avg:  0.0, Max: 0, Diff: 0, Sum: 0, Workers: 4
[1690.699s][debug][gc,phases      ] GC(61)   StringDedup Requests1 Weak     Min:  0.0, Avg:  0.0, Max:  0.0, Diff:  0.0, Sum:  0.0, Workers: 4
[1690.699s][debug][gc,phases      ] GC(61)     Dead                           Min: 0, Avg:  0.0, Max: 0, Diff: 0, Sum: 0, Workers: 4
[1690.699s][debug][gc,phases      ] GC(61)     Total                          Min: 0, Avg:  0.0, Max: 0, Diff: 0, Sum: 0, Workers: 4
[1690.699s][debug][gc,phases      ] GC(61)   Weak JFR Old Object Samples    Min:  0.0, Avg:  0.0, Max:  0.0, Diff:  0.0, Sum:  0.0, Workers: 4
[1690.699s][debug][gc,phases      ] GC(61)     Dead                           Min: 0, Avg:  0.0, Max: 0, Diff: 0, Sum: 0, Workers: 4
[1690.699s][debug][gc,phases      ] GC(61)     Total                          Min: 0, Avg:  0.0, Max: 0, Diff: 0, Sum: 0, Workers: 4
[1690.699s][debug][gc,phases      ] GC(61) Weak Processing 0.363ms
[1690.699s][debug][gc,age         ] GC(61) Desired survivor size 55574528 bytes, new threshold 1 (max threshold 15)
[1690.699s][info ][gc,heap        ] GC(61) PSYoungGen: 2004032K(2039296K)->9136K(2042368K) Eden: 1984512K(1984512K)->0K(1988608K) From: 19520K(54784K)->9136K(53760K)
[1690.699s][info ][gc,heap        ] GC(61) ParOldGen: 1122065K(1122304K)->1138593K(1138688K)
[1690.699s][info ][gc,metaspace   ] GC(61) Metaspace: 113395K(114816K)->113395K(114816K) NonClass: 96371K(97152K)->96371K(97152K) Class: 17023K(17664K)->17023K(17664K)
[1690.699s][info ][gc             ] GC(61) Pause Young (Allocation Failure) 3052M->1120M(3106M) 18.856ms
[1690.699s][info ][gc,cpu         ] GC(61) User=0.06s Sys=0.02s Real=0.02s
[1690.699s][info ][safepoint      ] Safepoint "ParallelGCFailedAllocation", Time since last: 672513049 ns, Reaching safepoint: 13800 ns, Cleanup: 5800 ns, At safepoint: 18976757 ns, Total: 18996357 ns
[1691.700s][info ][safepoint      ] Safepoint "Cleanup", Time since last: 1000115611 ns, Reaching safepoint: 11100 ns, Cleanup: 10200 ns, At safepoint: 3100 ns, Total: 24400 ns
[1692.700s][info ][safepoint      ] Safepoint "Cleanup", Time since last: 1000127611 ns, Reaching safepoint: 12700 ns, Cleanup: 14601 ns, At safepoint: 3300 ns, Total: 30601 ns
[1694.700s][info ][safepoint      ] Safepoint "Cleanup", Time since last: 2000373677 ns, Reaching safepoint: 13101 ns, Cleanup: 16000 ns, At safepoint: 3700 ns, Total: 32801 ns
[1700.701s][info ][safepoint      ] Safepoint "Cleanup", Time since last: 6000791358 ns, Reaching safepoint: 12300 ns, Cleanup: 14401 ns, At safepoint: 4000 ns, Total: 30701 ns
[1707.702s][info ][safepoint      ] Safepoint "Cleanup", Time since last: 7000937734 ns, Reaching safepoint: 13500 ns, Cleanup: 14300 ns, At safepoint: 3700 ns, Total: 31500 ns
[1709.702s][info ][safepoint      ] Safepoint "Cleanup", Time since last: 2000217294 ns, Reaching safepoint: 88301 ns, Cleanup: 24001 ns, At safepoint: 12000 ns, Total: 124302 ns
[1710.703s][info ][safepoint      ] Safepoint "Cleanup", Time since last: 1000291535 ns, Reaching safepoint: 19401 ns, Cleanup: 27600 ns, At safepoint: 8300 ns, Total: 55301 ns
[1711.703s][info ][safepoint      ] Safepoint "Cleanup", Time since last: 1000260635 ns, Reaching safepoint: 12400 ns, Cleanup: 20501 ns, At safepoint: 3800 ns, Total: 36701 ns
[1713.682s][info ][safepoint      ] Safepoint "Cleanup", Time since last: 1979217598 ns, Reaching safepoint: 101502 ns, Cleanup: 42000 ns, At safepoint: 31101 ns, Total: 174603 ns
[1714.809s][info ][safepoint      ] Safepoint "Cleanup", Time since last: 1126667538 ns, Reaching safepoint: 85702 ns, Cleanup: 16300 ns, At safepoint: 16400 ns, Total: 118402 ns
[1715.809s][info ][safepoint      ] Safepoint "Cleanup", Time since last: 1000210034 ns, Reaching safepoint: 13200 ns, Cleanup: 18201 ns, At safepoint: 4300 ns, Total: 35701 ns
[1721.338s][info ][gc,start       ] GC(62) Pause Young (Allocation Failure)
[1721.358s][debug][gc,phases      ] GC(62) Scavenge 20.467ms
[1721.359s][debug][gc,ref         ] GC(62) ReferenceProcessor::execute queues: 1, RefProcThreadModel::Single, marks_oops_alive: false
[1721.359s][debug][gc,ref         ] GC(62) Skipped KeepAliveFinalRefsPhase of Reference Processing: no references
[1721.359s][debug][gc,ref         ] GC(62) ReferenceProcessor::execute queues: 1, RefProcThreadModel::Single, marks_oops_alive: false
[1721.359s][debug][gc,phases      ] GC(62) Reference Processing 0.104ms
[1721.359s][debug][gc,phases      ] GC(62)   VM Weak                        Min:  0.0, Avg:  0.0, Max:  0.0, Diff:  0.0, Sum:  0.0, Workers: 4
[1721.359s][debug][gc,phases      ] GC(62)     Dead                           Min: 0, Avg:  0.0, Max: 0, Diff: 0, Sum: 0, Workers: 4
[1721.359s][debug][gc,phases      ] GC(62)     Total                          Min: 0, Avg: 261.0, Max: 596, Diff: 596, Sum: 1044, Workers: 4
[1721.359s][debug][gc,phases      ] GC(62)   ObjectSynchronizer Weak        Min:  0.0, Avg:  0.0, Max:  0.0, Diff:  0.0, Sum:  0.0, Workers: 4
[1721.359s][debug][gc,phases      ] GC(62)     Dead                           Min: 0, Avg:  0.0, Max: 0, Diff: 0, Sum: 0, Workers: 4
[1721.359s][debug][gc,phases      ] GC(62)     Total                          Min: 0, Avg:  1.5, Max: 6, Diff: 6, Sum: 6, Workers: 4
[1721.359s][debug][gc,phases      ] GC(62)   JVMTI Tag Weak OopStorage      Min:  0.0, Avg:  0.0, Max:  0.0, Diff:  0.0, Sum:  0.0, Workers: 4
[1721.359s][debug][gc,phases      ] GC(62)     Dead                           Min: 0, Avg:  0.0, Max: 0, Diff: 0, Sum: 0, Workers: 4
[1721.359s][debug][gc,phases      ] GC(62)     Total                          Min: 0, Avg:  0.0, Max: 0, Diff: 0, Sum: 0, Workers: 4
[1721.359s][debug][gc,phases      ] GC(62)   StringTable Weak               Min:  0.1, Avg:  0.1, Max:  0.1, Diff:  0.0, Sum:  0.5, Workers: 4
[1721.359s][debug][gc,phases      ] GC(62)     Dead                           Min: 0, Avg:  0.0, Max: 0, Diff: 0, Sum: 0, Workers: 4
[1721.359s][debug][gc,phases      ] GC(62)     Total                          Min: 11485, Avg: 12455.2, Max: 13376, Diff: 1891, Sum: 49821, Workers: 4
[1721.359s][debug][gc,phases      ] GC(62)   ResolvedMethodTable Weak       Min:  0.0, Avg:  0.0, Max:  0.0, Diff:  0.0, Sum:  0.2, Workers: 4
[1721.359s][debug][gc,phases      ] GC(62)     Dead                           Min: 0, Avg:  4.5, Max: 17, Diff: 17, Sum: 18, Workers: 4
[1721.359s][debug][gc,phases      ] GC(62)     Total                          Min: 3635, Avg: 4054.0, Max: 4450, Diff: 815, Sum: 16216, Workers: 4
[1721.359s][debug][gc,phases      ] GC(62)   JNI Weak                       Min:  0.0, Avg:  0.0, Max:  0.0, Diff:  0.0, Sum:  0.0, Workers: 4
[1721.359s][debug][gc,phases      ] GC(62)     Dead                           Min: 0, Avg:  0.0, Max: 0, Diff: 0, Sum: 0, Workers: 4
[1721.359s][debug][gc,phases      ] GC(62)     Total                          Min: 0, Avg: 13.0, Max: 52, Diff: 52, Sum: 52, Workers: 4
[1721.359s][debug][gc,phases      ] GC(62)   StringDedup Table Weak         Min:  0.0, Avg:  0.0, Max:  0.0, Diff:  0.0, Sum:  0.0, Workers: 4
[1721.359s][debug][gc,phases      ] GC(62)     Dead                           Min: 0, Avg:  0.0, Max: 0, Diff: 0, Sum: 0, Workers: 4
[1721.359s][debug][gc,phases      ] GC(62)     Total                          Min: 0, Avg:  0.0, Max: 0, Diff: 0, Sum: 0, Workers: 4
[1721.359s][debug][gc,phases      ] GC(62)   StringDedup Requests0 Weak     Min:  0.0, Avg:  0.0, Max:  0.0, Diff:  0.0, Sum:  0.0, Workers: 4
[1721.359s][debug][gc,phases      ] GC(62)     Dead                           Min: 0, Avg:  0.0, Max: 0, Diff: 0, Sum: 0, Workers: 4
[1721.359s][debug][gc,phases      ] GC(62)     Total                          Min: 0, Avg:  0.0, Max: 0, Diff: 0, Sum: 0, Workers: 4
[1721.359s][debug][gc,phases      ] GC(62)   StringDedup Requests1 Weak     Min:  0.0, Avg:  0.0, Max:  0.0, Diff:  0.0, Sum:  0.0, Workers: 4
[1721.359s][debug][gc,phases      ] GC(62)     Dead                           Min: 0, Avg:  0.0, Max: 0, Diff: 0, Sum: 0, Workers: 4
[1721.359s][debug][gc,phases      ] GC(62)     Total                          Min: 0, Avg:  0.0, Max: 0, Diff: 0, Sum: 0, Workers: 4
[1721.359s][debug][gc,phases      ] GC(62)   Weak JFR Old Object Samples    Min:  0.0, Avg:  0.0, Max:  0.0, Diff:  0.0, Sum:  0.0, Workers: 4
[1721.359s][debug][gc,phases      ] GC(62)     Dead                           Min: 0, Avg:  0.0, Max: 0, Diff: 0, Sum: 0, Workers: 4
[1721.359s][debug][gc,phases      ] GC(62)     Total                          Min: 0, Avg:  0.0, Max: 0, Diff: 0, Sum: 0, Workers: 4
[1721.359s][debug][gc,phases      ] GC(62) Weak Processing 0.355ms
[1721.359s][debug][gc,age         ] GC(62) Desired survivor size 56623104 bytes, new threshold 1 (max threshold 15)
[1721.359s][info ][gc,heap        ] GC(62) PSYoungGen: 1997744K(2042368K)->35840K(2024960K) Eden: 1988608K(1988608K)->0K(1988608K) From: 9136K(53760K)->35840K(36352K)
[1721.359s][info ][gc,heap        ] GC(62) ParOldGen: 1138593K(1138688K)->1143817K(1144320K)
[1721.359s][info ][gc,metaspace   ] GC(62) Metaspace: 113440K(114880K)->113440K(114880K) NonClass: 96411K(97216K)->96411K(97216K) Class: 17028K(17664K)->17028K(17664K)
[1721.359s][info ][gc             ] GC(62) Pause Young (Allocation Failure) 3062M->1152M(3095M) 21.074ms
[1721.359s][info ][gc,cpu         ] GC(62) User=0.08s Sys=0.00s Real=0.03s
[1721.359s][info ][safepoint      ] Safepoint "ParallelGCFailedAllocation", Time since last: 5528558483 ns, Reaching safepoint: 10700 ns, Cleanup: 14300 ns, At safepoint: 21163050 ns, Total: 21188050 ns
[1723.359s][info ][safepoint      ] Safepoint "Cleanup", Time since last: 2000229270 ns, Reaching safepoint: 101102 ns, Cleanup: 11200 ns, At safepoint: 29801 ns, Total: 142103 ns
[1724.360s][info ][safepoint      ] Safepoint "Cleanup", Time since last: 1000218437 ns, Reaching safepoint: 13700 ns, Cleanup: 15501 ns, At safepoint: 4000 ns, Total: 33201 ns
[1727.360s][info ][safepoint      ] Safepoint "Cleanup", Time since last: 3000373123 ns, Reaching safepoint: 17000 ns, Cleanup: 15800 ns, At safepoint: 5501 ns, Total: 38301 ns
[1728.360s][info ][safepoint      ] Safepoint "Cleanup", Time since last: 1000189646 ns, Reaching safepoint: 11800 ns, Cleanup: 20001 ns, At safepoint: 4400 ns, Total: 36201 ns
[1729.361s][info ][safepoint      ] Safepoint "Cleanup", Time since last: 1000151846 ns, Reaching safepoint: 91402 ns, Cleanup: 15400 ns, At safepoint: 15400 ns, Total: 122202 ns
[1730.361s][info ][safepoint      ] Safepoint "Cleanup", Time since last: 1000206547 ns, Reaching safepoint: 11400 ns, Cleanup: 14701 ns, At safepoint: 3300 ns, Total: 29401 ns
[1731.361s][info ][safepoint      ] Safepoint "Cleanup", Time since last: 1000121345 ns, Reaching safepoint: 95202 ns, Cleanup: 15100 ns, At safepoint: 23101 ns, Total: 133403 ns
[1732.361s][info ][safepoint      ] Safepoint "Cleanup", Time since last: 1000193146 ns, Reaching safepoint: 14401 ns, Cleanup: 20200 ns, At safepoint: 4100 ns, Total: 38701 ns
[1733.362s][info ][safepoint      ] Safepoint "Cleanup", Time since last: 1000198939 ns, Reaching safepoint: 16100 ns, Cleanup: 17600 ns, At safepoint: 4400 ns, Total: 38100 ns
[1734.865s][info ][gc,start       ] GC(63) Pause Young (Allocation Failure)
[1734.901s][debug][gc,phases      ] GC(63) Scavenge 35.909ms
[1734.901s][debug][gc,ref         ] GC(63) ReferenceProcessor::execute queues: 1, RefProcThreadModel::Single, marks_oops_alive: false
[1734.901s][debug][gc,ref         ] GC(63) Skipped KeepAliveFinalRefsPhase of Reference Processing: no references
[1734.901s][debug][gc,ref         ] GC(63) ReferenceProcessor::execute queues: 1, RefProcThreadModel::Single, marks_oops_alive: false
[1734.901s][debug][gc,phases      ] GC(63) Reference Processing 0.105ms
[1734.901s][debug][gc,phases      ] GC(63)   VM Weak                        Min:  0.0, Avg:  0.0, Max:  0.0, Diff:  0.0, Sum:  0.0, Workers: 4
[1734.901s][debug][gc,phases      ] GC(63)     Dead                           Min: 0, Avg:  0.0, Max: 0, Diff: 0, Sum: 0, Workers: 4
[1734.901s][debug][gc,phases      ] GC(63)     Total                          Min: 0, Avg: 261.0, Max: 596, Diff: 596, Sum: 1044, Workers: 4
[1734.901s][debug][gc,phases      ] GC(63)   ObjectSynchronizer Weak        Min:  0.0, Avg:  0.0, Max:  0.0, Diff:  0.0, Sum:  0.0, Workers: 4
[1734.901s][debug][gc,phases      ] GC(63)     Dead                           Min: 0, Avg:  0.0, Max: 0, Diff: 0, Sum: 0, Workers: 4
[1734.901s][debug][gc,phases      ] GC(63)     Total                          Min: 0, Avg:  1.5, Max: 6, Diff: 6, Sum: 6, Workers: 4
[1734.901s][debug][gc,phases      ] GC(63)   JVMTI Tag Weak OopStorage      Min:  0.0, Avg:  0.0, Max:  0.0, Diff:  0.0, Sum:  0.0, Workers: 4
[1734.901s][debug][gc,phases      ] GC(63)     Dead                           Min: 0, Avg:  0.0, Max: 0, Diff: 0, Sum: 0, Workers: 4
[1734.901s][debug][gc,phases      ] GC(63)     Total                          Min: 0, Avg:  0.0, Max: 0, Diff: 0, Sum: 0, Workers: 4
[1734.901s][debug][gc,phases      ] GC(63)   StringTable Weak               Min:  0.1, Avg:  0.1, Max:  0.1, Diff:  0.0, Sum:  0.4, Workers: 4
[1734.901s][debug][gc,phases      ] GC(63)     Dead                           Min: 0, Avg:  0.0, Max: 0, Diff: 0, Sum: 0, Workers: 4
[1734.901s][debug][gc,phases      ] GC(63)     Total                          Min: 12288, Avg: 12455.8, Max: 12639, Diff: 351, Sum: 49823, Workers: 4
[1734.901s][debug][gc,phases      ] GC(63)   ResolvedMethodTable Weak       Min:  0.0, Avg:  0.0, Max:  0.0, Diff:  0.0, Sum:  0.1, Workers: 4
[1734.901s][debug][gc,phases      ] GC(63)     Dead                           Min: 0, Avg:  0.5, Max: 2, Diff: 2, Sum: 2, Workers: 4
[1734.901s][debug][gc,phases      ] GC(63)     Total                          Min: 3957, Avg: 4055.0, Max: 4250, Diff: 293, Sum: 16220, Workers: 4
[1734.901s][debug][gc,phases      ] GC(63)   JNI Weak                       Min:  0.0, Avg:  0.0, Max:  0.0, Diff:  0.0, Sum:  0.0, Workers: 4
[1734.901s][debug][gc,phases      ] GC(63)     Dead                           Min: 0, Avg:  0.0, Max: 0, Diff: 0, Sum: 0, Workers: 4
[1734.901s][debug][gc,phases      ] GC(63)     Total                          Min: 0, Avg: 13.0, Max: 52, Diff: 52, Sum: 52, Workers: 4
[1734.901s][debug][gc,phases      ] GC(63)   StringDedup Table Weak         Min:  0.0, Avg:  0.0, Max:  0.0, Diff:  0.0, Sum:  0.0, Workers: 4
[1734.901s][debug][gc,phases      ] GC(63)     Dead                           Min: 0, Avg:  0.0, Max: 0, Diff: 0, Sum: 0, Workers: 4
[1734.901s][debug][gc,phases      ] GC(63)     Total                          Min: 0, Avg:  0.0, Max: 0, Diff: 0, Sum: 0, Workers: 4
[1734.901s][debug][gc,phases      ] GC(63)   StringDedup Requests0 Weak     Min:  0.0, Avg:  0.0, Max:  0.0, Diff:  0.0, Sum:  0.0, Workers: 4
[1734.901s][debug][gc,phases      ] GC(63)     Dead                           Min: 0, Avg:  0.0, Max: 0, Diff: 0, Sum: 0, Workers: 4
[1734.901s][debug][gc,phases      ] GC(63)     Total                          Min: 0, Avg:  0.0, Max: 0, Diff: 0, Sum: 0, Workers: 4
[1734.901s][debug][gc,phases      ] GC(63)   StringDedup Requests1 Weak     Min:  0.0, Avg:  0.0, Max:  0.0, Diff:  0.0, Sum:  0.0, Workers: 4
[1734.901s][debug][gc,phases      ] GC(63)     Dead                           Min: 0, Avg:  0.0, Max: 0, Diff: 0, Sum: 0, Workers: 4
[1734.901s][debug][gc,phases      ] GC(63)     Total                          Min: 0, Avg:  0.0, Max: 0, Diff: 0, Sum: 0, Workers: 4
[1734.901s][debug][gc,phases      ] GC(63)   Weak JFR Old Object Samples    Min:  0.0, Avg:  0.0, Max:  0.0, Diff:  0.0, Sum:  0.0, Workers: 4
[1734.901s][debug][gc,phases      ] GC(63)     Dead                           Min: 0, Avg:  0.0, Max: 0, Diff: 0, Sum: 0, Workers: 4
[1734.901s][debug][gc,phases      ] GC(63)     Total                          Min: 0, Avg:  0.0, Max: 0, Diff: 0, Sum: 0, Workers: 4
[1734.901s][debug][gc,phases      ] GC(63) Weak Processing 0.347ms
[1734.901s][debug][gc,age         ] GC(63) Desired survivor size 57671680 bytes, new threshold 1 (max threshold 15)
[1734.901s][info ][gc,heap        ] GC(63) PSYoungGen: 2024448K(2024960K)->37712K(2039808K) Eden: 1988608K(1988608K)->0K(1984512K) From: 35840K(36352K)->37712K(55296K)
[1734.901s][info ][gc,heap        ] GC(63) ParOldGen: 1143817K(1144320K)->1172942K(1172992K)
[1734.901s][info ][gc,metaspace   ] GC(63) Metaspace: 113467K(114880K)->113467K(114880K) NonClass: 96438K(97216K)->96438K(97216K) Class: 17029K(17664K)->17029K(17664K)
[1734.901s][info ][gc             ] GC(63) Pause Young (Allocation Failure) 3094M->1182M(3137M) 36.510ms
[1734.901s][info ][gc,cpu         ] GC(63) User=0.12s Sys=0.01s Real=0.04s
[1734.901s][info ][safepoint      ] Safepoint "ParallelGCFailedAllocation", Time since last: 1503125531 ns, Reaching safepoint: 12400 ns, Cleanup: 23501 ns, At safepoint: 36609192 ns, Total: 36645093 ns
[1735.902s][info ][safepoint      ] Safepoint "Cleanup", Time since last: 1000172418 ns, Reaching safepoint: 12700 ns, Cleanup: 27401 ns, At safepoint: 4100 ns, Total: 44201 ns
[1737.902s][info ][safepoint      ] Safepoint "Cleanup", Time since last: 2000204132 ns, Reaching safepoint: 9600 ns, Cleanup: 34801 ns, At safepoint: 2800 ns, Total: 47201 ns
[1738.902s][info ][safepoint      ] Safepoint "Cleanup", Time since last: 1000117517 ns, Reaching safepoint: 11400 ns, Cleanup: 54201 ns, At safepoint: 3100 ns, Total: 68701 ns
[1739.902s][info ][safepoint      ] Safepoint "Cleanup", Time since last: 1000194618 ns, Reaching safepoint: 12300 ns, Cleanup: 25901 ns, At safepoint: 3600 ns, Total: 41801 ns
[1740.902s][info ][safepoint      ] Safepoint "Cleanup", Time since last: 1000191018 ns, Reaching safepoint: 11900 ns, Cleanup: 34401 ns, At safepoint: 20000 ns, Total: 66301 ns
[1742.037s][info ][safepoint      ] Safepoint "Cleanup", Time since last: 1134112569 ns, Reaching safepoint: 87302 ns, Cleanup: 11500 ns, At safepoint: 15701 ns, Total: 114503 ns
[1743.037s][info ][safepoint      ] Safepoint "Cleanup", Time since last: 1000213696 ns, Reaching safepoint: 13400 ns, Cleanup: 32601 ns, At safepoint: 4100 ns, Total: 50101 ns
[1744.037s][info ][safepoint      ] Safepoint "Cleanup", Time since last: 1000197496 ns, Reaching safepoint: 87502 ns, Cleanup: 19700 ns, At safepoint: 11000 ns, Total: 118202 ns
[1745.037s][info ][safepoint      ] Safepoint "Cleanup", Time since last: 1000130295 ns, Reaching safepoint: 14600 ns, Cleanup: 17301 ns, At safepoint: 3300 ns, Total: 35201 ns
[1746.038s][info ][safepoint      ] Safepoint "Cleanup", Time since last: 1000216296 ns, Reaching safepoint: 13200 ns, Cleanup: 21501 ns, At safepoint: 3100 ns, Total: 37801 ns
[1750.038s][info ][safepoint      ] Safepoint "Cleanup", Time since last: 4000408996 ns, Reaching safepoint: 11700 ns, Cleanup: 13000 ns, At safepoint: 3600 ns, Total: 28300 ns
[1753.039s][info ][safepoint      ] Safepoint "Cleanup", Time since last: 3000303114 ns, Reaching safepoint: 13100 ns, Cleanup: 23301 ns, At safepoint: 3000 ns, Total: 39401 ns
[1754.039s][info ][safepoint      ] Safepoint "Cleanup", Time since last: 1000127372 ns, Reaching safepoint: 12800 ns, Cleanup: 13100 ns, At safepoint: 3100 ns, Total: 29000 ns
[1755.039s][info ][safepoint      ] Safepoint "Cleanup", Time since last: 1000126572 ns, Reaching safepoint: 14800 ns, Cleanup: 13100 ns, At safepoint: 2900 ns, Total: 30800 ns
[1756.039s][info ][safepoint      ] Safepoint "Cleanup", Time since last: 1000188573 ns, Reaching safepoint: 13001 ns, Cleanup: 13300 ns, At safepoint: 4300 ns, Total: 30601 ns
[1757.039s][info ][safepoint      ] Safepoint "Cleanup", Time since last: 1000207073 ns, Reaching safepoint: 12200 ns, Cleanup: 43301 ns, At safepoint: 3600 ns, Total: 59101 ns
[1759.040s][info ][safepoint      ] Safepoint "Cleanup", Time since last: 2000212366 ns, Reaching safepoint: 13100 ns, Cleanup: 35401 ns, At safepoint: 3300 ns, Total: 51801 ns
[1760.040s][info ][safepoint      ] Safepoint "Cleanup", Time since last: 1000192411 ns, Reaching safepoint: 158703 ns, Cleanup: 13800 ns, At safepoint: 8900 ns, Total: 181403 ns
[1761.040s][info ][safepoint      ] Safepoint "Cleanup", Time since last: 1000129810 ns, Reaching safepoint: 13501 ns, Cleanup: 15100 ns, At safepoint: 3300 ns, Total: 31901 ns
[1762.040s][info ][safepoint      ] Safepoint "Cleanup", Time since last: 1000203411 ns, Reaching safepoint: 13700 ns, Cleanup: 22801 ns, At safepoint: 3700 ns, Total: 40201 ns
[1764.041s][info ][safepoint      ] Safepoint "Cleanup", Time since last: 2000390222 ns, Reaching safepoint: 13600 ns, Cleanup: 15401 ns, At safepoint: 3500 ns, Total: 32501 ns
[1765.041s][info ][safepoint      ] Safepoint "Cleanup", Time since last: 1000131810 ns, Reaching safepoint: 89701 ns, Cleanup: 9101 ns, At safepoint: 18900 ns, Total: 117702 ns
[1765.381s][info ][gc,start       ] GC(64) Pause Young (Allocation Failure)
[1765.415s][debug][gc,phases      ] GC(64) Scavenge 34.428ms
[1765.415s][debug][gc,ref         ] GC(64) ReferenceProcessor::execute queues: 1, RefProcThreadModel::Single, marks_oops_alive: false
[1765.415s][debug][gc,ref         ] GC(64) Skipped KeepAliveFinalRefsPhase of Reference Processing: no references
[1765.415s][debug][gc,ref         ] GC(64) ReferenceProcessor::execute queues: 1, RefProcThreadModel::Single, marks_oops_alive: false
[1765.415s][debug][gc,phases      ] GC(64) Reference Processing 0.128ms
[1765.416s][debug][gc,phases      ] GC(64)   VM Weak                        Min:  0.0, Avg:  0.0, Max:  0.0, Diff:  0.0, Sum:  0.0, Workers: 4
[1765.416s][debug][gc,phases      ] GC(64)     Dead                           Min: 0, Avg:  0.0, Max: 0, Diff: 0, Sum: 0, Workers: 4
[1765.416s][debug][gc,phases      ] GC(64)     Total                          Min: 0, Avg: 268.8, Max: 691, Diff: 691, Sum: 1075, Workers: 4
[1765.416s][debug][gc,phases      ] GC(64)   ObjectSynchronizer Weak        Min:  0.0, Avg:  0.0, Max:  0.0, Diff:  0.0, Sum:  0.0, Workers: 4
[1765.416s][debug][gc,phases      ] GC(64)     Dead                           Min: 0, Avg:  0.0, Max: 0, Diff: 0, Sum: 0, Workers: 4
[1765.416s][debug][gc,phases      ] GC(64)     Total                          Min: 0, Avg:  1.5, Max: 6, Diff: 6, Sum: 6, Workers: 4
[1765.416s][debug][gc,phases      ] GC(64)   JVMTI Tag Weak OopStorage      Min:  0.0, Avg:  0.0, Max:  0.0, Diff:  0.0, Sum:  0.0, Workers: 4
[1765.416s][debug][gc,phases      ] GC(64)     Dead                           Min: 0, Avg:  0.0, Max: 0, Diff: 0, Sum: 0, Workers: 4
[1765.416s][debug][gc,phases      ] GC(64)     Total                          Min: 0, Avg:  0.0, Max: 0, Diff: 0, Sum: 0, Workers: 4
[1765.416s][debug][gc,phases      ] GC(64)   StringTable Weak               Min:  0.1, Avg:  0.1, Max:  0.1, Diff:  0.0, Sum:  0.5, Workers: 4
[1765.416s][debug][gc,phases      ] GC(64)     Dead                           Min: 0, Avg:  0.5, Max: 2, Diff: 2, Sum: 2, Workers: 4
[1765.416s][debug][gc,phases      ] GC(64)     Total                          Min: 12079, Avg: 12475.8, Max: 12928, Diff: 849, Sum: 49903, Workers: 4
[1765.416s][debug][gc,phases      ] GC(64)   ResolvedMethodTable Weak       Min:  0.0, Avg:  0.0, Max:  0.0, Diff:  0.0, Sum:  0.2, Workers: 4
[1765.416s][debug][gc,phases      ] GC(64)     Dead                           Min: 3, Avg:  8.0, Max: 19, Diff: 16, Sum: 32, Workers: 4
[1765.416s][debug][gc,phases      ] GC(64)     Total                          Min: 3885, Avg: 4100.5, Max: 4295, Diff: 410, Sum: 16402, Workers: 4
[1765.416s][debug][gc,phases      ] GC(64)   JNI Weak                       Min:  0.0, Avg:  0.0, Max:  0.0, Diff:  0.0, Sum:  0.0, Workers: 4
[1765.416s][debug][gc,phases      ] GC(64)     Dead                           Min: 0, Avg:  0.0, Max: 0, Diff: 0, Sum: 0, Workers: 4
[1765.416s][debug][gc,phases      ] GC(64)     Total                          Min: 0, Avg: 13.0, Max: 52, Diff: 52, Sum: 52, Workers: 4
[1765.416s][debug][gc,phases      ] GC(64)   StringDedup Table Weak         Min:  0.0, Avg:  0.0, Max:  0.0, Diff:  0.0, Sum:  0.0, Workers: 4
[1765.416s][debug][gc,phases      ] GC(64)     Dead                           Min: 0, Avg:  0.0, Max: 0, Diff: 0, Sum: 0, Workers: 4
[1765.416s][debug][gc,phases      ] GC(64)     Total                          Min: 0, Avg:  0.0, Max: 0, Diff: 0, Sum: 0, Workers: 4
[1765.416s][debug][gc,phases      ] GC(64)   StringDedup Requests0 Weak     Min:  0.0, Avg:  0.0, Max:  0.0, Diff:  0.0, Sum:  0.0, Workers: 4
[1765.416s][debug][gc,phases      ] GC(64)     Dead                           Min: 0, Avg:  0.0, Max: 0, Diff: 0, Sum: 0, Workers: 4
[1765.416s][debug][gc,phases      ] GC(64)     Total                          Min: 0, Avg:  0.0, Max: 0, Diff: 0, Sum: 0, Workers: 4
[1765.416s][debug][gc,phases      ] GC(64)   StringDedup Requests1 Weak     Min:  0.0, Avg:  0.0, Max:  0.0, Diff:  0.0, Sum:  0.0, Workers: 4
[1765.416s][debug][gc,phases      ] GC(64)     Dead                           Min: 0, Avg:  0.0, Max: 0, Diff: 0, Sum: 0, Workers: 4
[1765.416s][debug][gc,phases      ] GC(64)     Total                          Min: 0, Avg:  0.0, Max: 0, Diff: 0, Sum: 0, Workers: 4
[1765.416s][debug][gc,phases      ] GC(64)   Weak JFR Old Object Samples    Min:  0.0, Avg:  0.0, Max:  0.0, Diff:  0.0, Sum:  0.0, Workers: 4
[1765.416s][debug][gc,phases      ] GC(64)     Dead                           Min: 0, Avg:  0.0, Max: 0, Diff: 0, Sum: 0, Workers: 4
[1765.416s][debug][gc,phases      ] GC(64)     Total                          Min: 0, Avg:  0.0, Max: 0, Diff: 0, Sum: 0, Workers: 4
[1765.416s][debug][gc,phases      ] GC(64) Weak Processing 0.378ms
[1765.416s][debug][gc,age         ] GC(64) Desired survivor size 56098816 bytes, new threshold 1 (max threshold 15)
[1765.416s][info ][gc,heap        ] GC(64) PSYoungGen: 2022224K(2039808K)->21360K(2040832K) Eden: 1984512K(1984512K)->0K(1984512K) From: 37712K(55296K)->21360K(56320K)
[1765.416s][info ][gc,heap        ] GC(64) ParOldGen: 1172942K(1172992K)->1206900K(1207296K)
[1765.416s][info ][gc,metaspace   ] GC(64) Metaspace: 113727K(115200K)->113727K(115200K) NonClass: 96641K(97472K)->96641K(97472K) Class: 17086K(17728K)->17086K(17728K)
[1765.416s][info ][gc             ] GC(64) Pause Young (Allocation Failure) 3120M->1199M(3172M) 35.081ms
[1765.416s][info ][gc,cpu         ] GC(64) User=0.12s Sys=0.01s Real=0.03s
[1765.416s][info ][safepoint      ] Safepoint "ParallelGCFailedAllocation", Time since last: 339573688 ns, Reaching safepoint: 82502 ns, Cleanup: 17500 ns, At safepoint: 35183460 ns, Total: 35283462 ns
[1766.416s][info ][safepoint      ] Safepoint "Cleanup", Time since last: 1000180704 ns, Reaching safepoint: 14500 ns, Cleanup: 17200 ns, At safepoint: 3900 ns, Total: 35600 ns
[1767.416s][info ][safepoint      ] Safepoint "Cleanup", Time since last: 1000134903 ns, Reaching safepoint: 14300 ns, Cleanup: 20701 ns, At safepoint: 3700 ns, Total: 38701 ns
[1768.416s][info ][safepoint      ] Safepoint "Cleanup", Time since last: 1000129702 ns, Reaching safepoint: 12100 ns, Cleanup: 14501 ns, At safepoint: 3100 ns, Total: 29701 ns
[1769.417s][info ][safepoint      ] Safepoint "Cleanup", Time since last: 1000188703 ns, Reaching safepoint: 15101 ns, Cleanup: 22900 ns, At safepoint: 3400 ns, Total: 41401 ns
[1770.417s][info ][safepoint      ] Safepoint "Cleanup", Time since last: 1000123202 ns, Reaching safepoint: 15501 ns, Cleanup: 27600 ns, At safepoint: 3000 ns, Total: 46101 ns
[1771.417s][info ][safepoint      ] Safepoint "Cleanup", Time since last: 1000215104 ns, Reaching safepoint: 14801 ns, Cleanup: 18400 ns, At safepoint: 4100 ns, Total: 37301 ns
[1775.418s][info ][safepoint      ] Safepoint "Cleanup", Time since last: 4000585839 ns, Reaching safepoint: 15000 ns, Cleanup: 16800 ns, At safepoint: 3700 ns, Total: 35500 ns
[1776.418s][info ][safepoint      ] Safepoint "Cleanup", Time since last: 1000135166 ns, Reaching safepoint: 13701 ns, Cleanup: 22000 ns, At safepoint: 3100 ns, Total: 38801 ns
[1778.418s][info ][safepoint      ] Safepoint "Cleanup", Time since last: 2000201930 ns, Reaching safepoint: 14401 ns, Cleanup: 26200 ns, At safepoint: 3400 ns, Total: 44001 ns
[1779.418s][info ][safepoint      ] Safepoint "Cleanup", Time since last: 1000193067 ns, Reaching safepoint: 14400 ns, Cleanup: 24801 ns, At safepoint: 3400 ns, Total: 42601 ns
[1783.419s][info ][safepoint      ] Safepoint "Cleanup", Time since last: 4000617083 ns, Reaching safepoint: 14800 ns, Cleanup: 16600 ns, At safepoint: 3700 ns, Total: 35100 ns
[1785.419s][info ][safepoint      ] Safepoint "Cleanup", Time since last: 2000352749 ns, Reaching safepoint: 14901 ns, Cleanup: 18200 ns, At safepoint: 4300 ns, Total: 37401 ns
[1787.420s][info ][safepoint      ] Safepoint "Cleanup", Time since last: 2000346049 ns, Reaching safepoint: 13800 ns, Cleanup: 15100 ns, At safepoint: 3600 ns, Total: 32500 ns
[1792.420s][info ][safepoint      ] Safepoint "Cleanup", Time since last: 5000597771 ns, Reaching safepoint: 17600 ns, Cleanup: 16000 ns, At safepoint: 3801 ns, Total: 37401 ns
[1793.421s][info ][safepoint      ] Safepoint "Cleanup", Time since last: 1000140211 ns, Reaching safepoint: 17700 ns, Cleanup: 20300 ns, At safepoint: 4000 ns, Total: 42000 ns
[1797.421s][info ][safepoint      ] Safepoint "Cleanup", Time since last: 4000378641 ns, Reaching safepoint: 15900 ns, Cleanup: 14500 ns, At safepoint: 3000 ns, Total: 33400 ns
[1801.063s][info ][safepoint      ] Safepoint "Cleanup", Time since last: 3641946105 ns, Reaching safepoint: 5300 ns, Cleanup: 28300 ns, At safepoint: 4800 ns, Total: 38400 ns
[1805.064s][info ][safepoint      ] Safepoint "Cleanup", Time since last: 4000438139 ns, Reaching safepoint: 13801 ns, Cleanup: 27800 ns, At safepoint: 40701 ns, Total: 82302 ns
[1811.064s][info ][safepoint      ] Safepoint "Cleanup", Time since last: 6000478628 ns, Reaching safepoint: 11801 ns, Cleanup: 14300 ns, At safepoint: 3100 ns, Total: 29201 ns
[1816.065s][info ][safepoint      ] Safepoint "Cleanup", Time since last: 5000547883 ns, Reaching safepoint: 12900 ns, Cleanup: 13800 ns, At safepoint: 3500 ns, Total: 30200 ns
[1817.065s][info ][safepoint      ] Safepoint "Cleanup", Time since last: 1000274692 ns, Reaching safepoint: 14001 ns, Cleanup: 13700 ns, At safepoint: 4300 ns, Total: 32001 ns
[1818.065s][info ][safepoint      ] Safepoint "Cleanup", Time since last: 1000213391 ns, Reaching safepoint: 13500 ns, Cleanup: 12801 ns, At safepoint: 3600 ns, Total: 29901 ns
[1821.066s][info ][safepoint      ] Safepoint "Cleanup", Time since last: 3000365868 ns, Reaching safepoint: 15500 ns, Cleanup: 17201 ns, At safepoint: 3700 ns, Total: 36401 ns
[1822.066s][info ][safepoint      ] Safepoint "Cleanup", Time since last: 1000208459 ns, Reaching safepoint: 14200 ns, Cleanup: 15601 ns, At safepoint: 3700 ns, Total: 33501 ns
[1824.066s][info ][safepoint      ] Safepoint "Cleanup", Time since last: 2000347715 ns, Reaching safepoint: 14400 ns, Cleanup: 15600 ns, At safepoint: 3400 ns, Total: 33400 ns
[1825.066s][info ][safepoint      ] Safepoint "Cleanup", Time since last: 1000141607 ns, Reaching safepoint: 14901 ns, Cleanup: 17200 ns, At safepoint: 3100 ns, Total: 35201 ns
[1828.067s][info ][safepoint      ] Safepoint "Cleanup", Time since last: 3000490929 ns, Reaching safepoint: 15400 ns, Cleanup: 17200 ns, At safepoint: 4000 ns, Total: 36600 ns
[1829.067s][info ][safepoint      ] Safepoint "Cleanup", Time since last: 1000209886 ns, Reaching safepoint: 16600 ns, Cleanup: 19600 ns, At safepoint: 4300 ns, Total: 40500 ns
[1830.067s][info ][safepoint      ] Safepoint "Cleanup", Time since last: 1000203945 ns, Reaching safepoint: 14800 ns, Cleanup: 23601 ns, At safepoint: 4600 ns, Total: 43001 ns
[1831.068s][info ][safepoint      ] Safepoint "Cleanup", Time since last: 1000137286 ns, Reaching safepoint: 18301 ns, Cleanup: 22500 ns, At safepoint: 3700 ns, Total: 44501 ns
[1833.031s][info ][gc,start       ] GC(65) Pause Young (Allocation Failure)
[1833.049s][debug][gc,phases      ] GC(65) Scavenge 17.716ms
[1833.049s][debug][gc,ref         ] GC(65) ReferenceProcessor::execute queues: 1, RefProcThreadModel::Single, marks_oops_alive: false
[1833.049s][debug][gc,ref         ] GC(65) Skipped KeepAliveFinalRefsPhase of Reference Processing: no references
[1833.049s][debug][gc,ref         ] GC(65) ReferenceProcessor::execute queues: 1, RefProcThreadModel::Single, marks_oops_alive: false
[1833.049s][debug][gc,phases      ] GC(65) Reference Processing 0.108ms
[1833.049s][debug][gc,phases      ] GC(65)   VM Weak                        Min:  0.0, Avg:  0.0, Max:  0.0, Diff:  0.0, Sum:  0.0, Workers: 4
[1833.049s][debug][gc,phases      ] GC(65)     Dead                           Min: 0, Avg:  0.0, Max: 0, Diff: 0, Sum: 0, Workers: 4
[1833.049s][debug][gc,phases      ] GC(65)     Total                          Min: 0, Avg: 268.8, Max: 384, Diff: 384, Sum: 1075, Workers: 4
[1833.049s][debug][gc,phases      ] GC(65)   ObjectSynchronizer Weak        Min:  0.0, Avg:  0.0, Max:  0.0, Diff:  0.0, Sum:  0.0, Workers: 4
[1833.049s][debug][gc,phases      ] GC(65)     Dead                           Min: 0, Avg:  0.0, Max: 0, Diff: 0, Sum: 0, Workers: 4
[1833.049s][debug][gc,phases      ] GC(65)     Total                          Min: 0, Avg:  0.8, Max: 3, Diff: 3, Sum: 3, Workers: 4
[1833.049s][debug][gc,phases      ] GC(65)   JVMTI Tag Weak OopStorage      Min:  0.0, Avg:  0.0, Max:  0.0, Diff:  0.0, Sum:  0.0, Workers: 4
[1833.049s][debug][gc,phases      ] GC(65)     Dead                           Min: 0, Avg:  0.0, Max: 0, Diff: 0, Sum: 0, Workers: 4
[1833.049s][debug][gc,phases      ] GC(65)     Total                          Min: 0, Avg:  0.0, Max: 0, Diff: 0, Sum: 0, Workers: 4
[1833.049s][debug][gc,phases      ] GC(65)   StringTable Weak               Min:  0.1, Avg:  0.1, Max:  0.1, Diff:  0.0, Sum:  0.5, Workers: 4
[1833.049s][debug][gc,phases      ] GC(65)     Dead                           Min: 0, Avg:  0.5, Max: 1, Diff: 1, Sum: 2, Workers: 4
[1833.049s][debug][gc,phases      ] GC(65)     Total                          Min: 11264, Avg: 12485.8, Max: 13824, Diff: 2560, Sum: 49943, Workers: 4
[1833.049s][debug][gc,phases      ] GC(65)   ResolvedMethodTable Weak       Min:  0.0, Avg:  0.0, Max:  0.0, Diff:  0.0, Sum:  0.2, Workers: 4
[1833.049s][debug][gc,phases      ] GC(65)     Dead                           Min: 0, Avg:  9.0, Max: 20, Diff: 20, Sum: 36, Workers: 4
[1833.049s][debug][gc,phases      ] GC(65)     Total                          Min: 3464, Avg: 3967.0, Max: 4473, Diff: 1009, Sum: 15868, Workers: 4
[1833.049s][debug][gc,phases      ] GC(65)   JNI Weak                       Min:  0.0, Avg:  0.0, Max:  0.0, Diff:  0.0, Sum:  0.0, Workers: 4
[1833.049s][debug][gc,phases      ] GC(65)     Dead                           Min: 0, Avg:  0.0, Max: 0, Diff: 0, Sum: 0, Workers: 4
[1833.049s][debug][gc,phases      ] GC(65)     Total                          Min: 0, Avg: 13.0, Max: 52, Diff: 52, Sum: 52, Workers: 4
[1833.049s][debug][gc,phases      ] GC(65)   StringDedup Table Weak         Min:  0.0, Avg:  0.0, Max:  0.0, Diff:  0.0, Sum:  0.0, Workers: 4
[1833.049s][debug][gc,phases      ] GC(65)     Dead                           Min: 0, Avg:  0.0, Max: 0, Diff: 0, Sum: 0, Workers: 4
[1833.049s][debug][gc,phases      ] GC(65)     Total                          Min: 0, Avg:  0.0, Max: 0, Diff: 0, Sum: 0, Workers: 4
[1833.049s][debug][gc,phases      ] GC(65)   StringDedup Requests0 Weak     Min:  0.0, Avg:  0.0, Max:  0.0, Diff:  0.0, Sum:  0.0, Workers: 4
[1833.049s][debug][gc,phases      ] GC(65)     Dead                           Min: 0, Avg:  0.0, Max: 0, Diff: 0, Sum: 0, Workers: 4
[1833.049s][debug][gc,phases      ] GC(65)     Total                          Min: 0, Avg:  0.0, Max: 0, Diff: 0, Sum: 0, Workers: 4
[1833.049s][debug][gc,phases      ] GC(65)   StringDedup Requests1 Weak     Min:  0.0, Avg:  0.0, Max:  0.0, Diff:  0.0, Sum:  0.0, Workers: 4
[1833.049s][debug][gc,phases      ] GC(65)     Dead                           Min: 0, Avg:  0.0, Max: 0, Diff: 0, Sum: 0, Workers: 4
[1833.049s][debug][gc,phases      ] GC(65)     Total                          Min: 0, Avg:  0.0, Max: 0, Diff: 0, Sum: 0, Workers: 4
[1833.049s][debug][gc,phases      ] GC(65)   Weak JFR Old Object Samples    Min:  0.0, Avg:  0.0, Max:  0.0, Diff:  0.0, Sum:  0.0, Workers: 4
[1833.049s][debug][gc,phases      ] GC(65)     Dead                           Min: 0, Avg:  0.0, Max: 0, Diff: 0, Sum: 0, Workers: 4
[1833.049s][debug][gc,phases      ] GC(65)     Total                          Min: 0, Avg:  0.0, Max: 0, Diff: 0, Sum: 0, Workers: 4
[1833.049s][debug][gc,phases      ] GC(65) Weak Processing 0.354ms
[1833.049s][debug][gc,age         ] GC(65) Desired survivor size 57147392 bytes, new threshold 1 (max threshold 15)
[1833.049s][info ][gc,heap        ] GC(65) PSYoungGen: 2005872K(2040832K)->4480K(2040320K) Eden: 1984512K(1984512K)->0K(1985536K) From: 21360K(56320K)->4480K(54784K)
[1833.049s][info ][gc,heap        ] GC(65) ParOldGen: 1206900K(1207296K)->1224070K(1224192K)
[1833.049s][info ][gc,metaspace   ] GC(65) Metaspace: 113831K(115264K)->113831K(115264K) NonClass: 96729K(97536K)->96729K(97536K) Class: 17101K(17728K)->17101K(17728K)
[1833.049s][info ][gc             ] GC(65) Pause Young (Allocation Failure) 3137M->1199M(3188M) 18.323ms
[1833.049s][info ][gc,cpu         ] GC(65) User=0.05s Sys=0.01s Real=0.02s
[1833.049s][info ][safepoint      ] Safepoint "ParallelGCFailedAllocation", Time since last: 1963163584 ns, Reaching safepoint: 13800 ns, Cleanup: 5900 ns, At safepoint: 18417942 ns, Total: 18437642 ns
[1838.050s][info ][safepoint      ] Safepoint "Cleanup", Time since last: 5000693513 ns, Reaching safepoint: 14300 ns, Cleanup: 16000 ns, At safepoint: 3900 ns, Total: 34200 ns
[1840.050s][info ][safepoint      ] Safepoint "Cleanup", Time since last: 2000387201 ns, Reaching safepoint: 13800 ns, Cleanup: 15800 ns, At safepoint: 4100 ns, Total: 33700 ns
[1842.051s][info ][safepoint      ] Safepoint "Cleanup", Time since last: 2000299199 ns, Reaching safepoint: 17200 ns, Cleanup: 16501 ns, At safepoint: 4000 ns, Total: 37701 ns
[1844.051s][info ][safepoint      ] Safepoint "Cleanup", Time since last: 2000207797 ns, Reaching safepoint: 13700 ns, Cleanup: 14300 ns, At safepoint: 3700 ns, Total: 31700 ns
[1845.051s][info ][safepoint      ] Safepoint "Cleanup", Time since last: 1000118949 ns, Reaching safepoint: 12700 ns, Cleanup: 17701 ns, At safepoint: 2600 ns, Total: 33001 ns
[1847.051s][info ][safepoint      ] Safepoint "Cleanup", Time since last: 2000192323 ns, Reaching safepoint: 13700 ns, Cleanup: 14500 ns, At safepoint: 3801 ns, Total: 32001 ns
[1849.052s][info ][safepoint      ] Safepoint "Cleanup", Time since last: 2000294943 ns, Reaching safepoint: 14000 ns, Cleanup: 16801 ns, At safepoint: 3700 ns, Total: 34501 ns
[1851.052s][info ][safepoint      ] Safepoint "Cleanup", Time since last: 2000264743 ns, Reaching safepoint: 11600 ns, Cleanup: 11400 ns, At safepoint: 3400 ns, Total: 26400 ns
[1855.053s][info ][safepoint      ] Safepoint "Cleanup", Time since last: 4000594017 ns, Reaching safepoint: 34601 ns, Cleanup: 14100 ns, At safepoint: 4800 ns, Total: 53501 ns
[1860.053s][info ][safepoint      ] Safepoint "Cleanup", Time since last: 5000616796 ns, Reaching safepoint: 16601 ns, Cleanup: 21400 ns, At safepoint: 4700 ns, Total: 42701 ns
[1862.089s][info ][safepoint      ] Safepoint "Cleanup", Time since last: 2035870439 ns, Reaching safepoint: 13700 ns, Cleanup: 16801 ns, At safepoint: 4100 ns, Total: 34601 ns
[1867.090s][info ][safepoint      ] Safepoint "Cleanup", Time since last: 5000677780 ns, Reaching safepoint: 13000 ns, Cleanup: 32601 ns, At safepoint: 4200 ns, Total: 49801 ns
[1868.090s][info ][safepoint      ] Safepoint "Cleanup", Time since last: 1000198457 ns, Reaching safepoint: 13801 ns, Cleanup: 17200 ns, At safepoint: 4800 ns, Total: 35801 ns
[1869.090s][info ][safepoint      ] Safepoint "Cleanup", Time since last: 1000128456 ns, Reaching safepoint: 13800 ns, Cleanup: 22001 ns, At safepoint: 3000 ns, Total: 38801 ns
[1874.091s][info ][safepoint      ] Safepoint "Cleanup", Time since last: 5000549344 ns, Reaching safepoint: 14400 ns, Cleanup: 18201 ns, At safepoint: 4200 ns, Total: 36801 ns
[1875.091s][info ][safepoint      ] Safepoint "Cleanup", Time since last: 1000130902 ns, Reaching safepoint: 12800 ns, Cleanup: 14301 ns, At safepoint: 3400 ns, Total: 30501 ns
[1880.092s][info ][safepoint      ] Safepoint "Cleanup", Time since last: 5000852317 ns, Reaching safepoint: 13600 ns, Cleanup: 15701 ns, At safepoint: 4000 ns, Total: 33301 ns
[1886.093s][info ][safepoint      ] Safepoint "Cleanup", Time since last: 6001072939 ns, Reaching safepoint: 17700 ns, Cleanup: 22701 ns, At safepoint: 7400 ns, Total: 47801 ns
[1887.093s][info ][safepoint      ] Safepoint "Cleanup", Time since last: 1000221203 ns, Reaching safepoint: 12801 ns, Cleanup: 13100 ns, At safepoint: 4000 ns, Total: 29901 ns
[1895.094s][info ][safepoint      ] Safepoint "Cleanup", Time since last: 8000995928 ns, Reaching safepoint: 13101 ns, Cleanup: 14700 ns, At safepoint: 2900 ns, Total: 30701 ns
[1897.095s][info ][safepoint      ] Safepoint "Cleanup", Time since last: 2000304022 ns, Reaching safepoint: 11801 ns, Cleanup: 13000 ns, At safepoint: 3300 ns, Total: 28101 ns
[1898.095s][info ][safepoint      ] Safepoint "Cleanup", Time since last: 1000237513 ns, Reaching safepoint: 11900 ns, Cleanup: 14500 ns, At safepoint: 3300 ns, Total: 29700 ns
[1908.929s][info ][gc,start       ] GC(66) Pause Young (Allocation Failure)
[1908.935s][debug][gc,phases      ] GC(66) Scavenge 6.046ms
[1908.935s][debug][gc,ref         ] GC(66) ReferenceProcessor::execute queues: 1, RefProcThreadModel::Single, marks_oops_alive: false
[1908.935s][debug][gc,ref         ] GC(66) Skipped KeepAliveFinalRefsPhase of Reference Processing: no references
[1908.935s][debug][gc,ref         ] GC(66) ReferenceProcessor::execute queues: 1, RefProcThreadModel::Single, marks_oops_alive: false
[1908.935s][debug][gc,phases      ] GC(66) Reference Processing 0.094ms
[1908.935s][debug][gc,phases      ] GC(66)   VM Weak                        Min:  0.0, Avg:  0.0, Max:  0.0, Diff:  0.0, Sum:  0.0, Workers: 4
[1908.935s][debug][gc,phases      ] GC(66)     Dead                           Min: 0, Avg:  0.0, Max: 0, Diff: 0, Sum: 0, Workers: 4
[1908.935s][debug][gc,phases      ] GC(66)     Total                          Min: 0, Avg: 269.2, Max: 640, Diff: 640, Sum: 1077, Workers: 4
[1908.935s][debug][gc,phases      ] GC(66)   ObjectSynchronizer Weak        Min:  0.0, Avg:  0.0, Max:  0.0, Diff:  0.0, Sum:  0.0, Workers: 4
[1908.935s][debug][gc,phases      ] GC(66)     Dead                           Min: 0, Avg:  0.0, Max: 0, Diff: 0, Sum: 0, Workers: 4
[1908.935s][debug][gc,phases      ] GC(66)     Total                          Min: 0, Avg:  1.0, Max: 4, Diff: 4, Sum: 4, Workers: 4
[1908.935s][debug][gc,phases      ] GC(66)   JVMTI Tag Weak OopStorage      Min:  0.0, Avg:  0.0, Max:  0.0, Diff:  0.0, Sum:  0.0, Workers: 4
[1908.935s][debug][gc,phases      ] GC(66)     Dead                           Min: 0, Avg:  0.0, Max: 0, Diff: 0, Sum: 0, Workers: 4
[1908.935s][debug][gc,phases      ] GC(66)     Total                          Min: 0, Avg:  0.0, Max: 0, Diff: 0, Sum: 0, Workers: 4
[1908.935s][debug][gc,phases      ] GC(66)   StringTable Weak               Min:  0.1, Avg:  0.1, Max:  0.1, Diff:  0.0, Sum:  0.5, Workers: 4
[1908.935s][debug][gc,phases      ] GC(66)     Dead                           Min: 0, Avg:  0.0, Max: 0, Diff: 0, Sum: 0, Workers: 4
[1908.935s][debug][gc,phases      ] GC(66)     Total                          Min: 11072, Avg: 12487.8, Max: 14175, Diff: 3103, Sum: 49951, Workers: 4
[1908.935s][debug][gc,phases      ] GC(66)   ResolvedMethodTable Weak       Min:  0.0, Avg:  0.0, Max:  0.0, Diff:  0.0, Sum:  0.2, Workers: 4
[1908.935s][debug][gc,phases      ] GC(66)     Dead                           Min: 0, Avg:  4.2, Max: 12, Diff: 12, Sum: 17, Workers: 4
[1908.935s][debug][gc,phases      ] GC(66)     Total                          Min: 3530, Avg: 3970.0, Max: 4474, Diff: 944, Sum: 15880, Workers: 4
[1908.935s][debug][gc,phases      ] GC(66)   JNI Weak                       Min:  0.0, Avg:  0.0, Max:  0.0, Diff:  0.0, Sum:  0.0, Workers: 4
[1908.935s][debug][gc,phases      ] GC(66)     Dead                           Min: 0, Avg:  0.0, Max: 0, Diff: 0, Sum: 0, Workers: 4
[1908.935s][debug][gc,phases      ] GC(66)     Total                          Min: 0, Avg: 13.0, Max: 52, Diff: 52, Sum: 52, Workers: 4
[1908.935s][debug][gc,phases      ] GC(66)   StringDedup Table Weak         Min:  0.0, Avg:  0.0, Max:  0.0, Diff:  0.0, Sum:  0.0, Workers: 4
[1908.935s][debug][gc,phases      ] GC(66)     Dead                           Min: 0, Avg:  0.0, Max: 0, Diff: 0, Sum: 0, Workers: 4
[1908.935s][debug][gc,phases      ] GC(66)     Total                          Min: 0, Avg:  0.0, Max: 0, Diff: 0, Sum: 0, Workers: 4
[1908.935s][debug][gc,phases      ] GC(66)   StringDedup Requests0 Weak     Min:  0.0, Avg:  0.0, Max:  0.0, Diff:  0.0, Sum:  0.0, Workers: 4
[1908.935s][debug][gc,phases      ] GC(66)     Dead                           Min: 0, Avg:  0.0, Max: 0, Diff: 0, Sum: 0, Workers: 4
[1908.935s][debug][gc,phases      ] GC(66)     Total                          Min: 0, Avg:  0.0, Max: 0, Diff: 0, Sum: 0, Workers: 4
[1908.935s][debug][gc,phases      ] GC(66)   StringDedup Requests1 Weak     Min:  0.0, Avg:  0.0, Max:  0.0, Diff:  0.0, Sum:  0.0, Workers: 4
[1908.935s][debug][gc,phases      ] GC(66)     Dead                           Min: 0, Avg:  0.0, Max: 0, Diff: 0, Sum: 0, Workers: 4
[1908.935s][debug][gc,phases      ] GC(66)     Total                          Min: 0, Avg:  0.0, Max: 0, Diff: 0, Sum: 0, Workers: 4
[1908.935s][debug][gc,phases      ] GC(66)   Weak JFR Old Object Samples    Min:  0.0, Avg:  0.0, Max:  0.0, Diff:  0.0, Sum:  0.0, Workers: 4
[1908.935s][debug][gc,phases      ] GC(66)     Dead                           Min: 0, Avg:  0.0, Max: 0, Diff: 0, Sum: 0, Workers: 4
[1908.935s][debug][gc,phases      ] GC(66)     Total                          Min: 0, Avg:  0.0, Max: 0, Diff: 0, Sum: 0, Workers: 4
[1908.935s][debug][gc,phases      ] GC(66) Weak Processing 0.334ms
[1908.935s][debug][gc,age         ] GC(66) Desired survivor size 57671680 bytes, new threshold 1 (max threshold 15)
[1908.935s][info ][gc,heap        ] GC(66) PSYoungGen: 1990016K(2040320K)->3840K(1989632K) Eden: 1985536K(1985536K)->0K(1985536K) From: 4480K(54784K)->3840K(4096K)
[1908.935s][info ][gc,heap        ] GC(66) ParOldGen: 1224070K(1224192K)->1225282K(1225728K)
[1908.935s][info ][gc,metaspace   ] GC(66) Metaspace: 113864K(115264K)->113864K(115264K) NonClass: 96758K(97536K)->96758K(97536K) Class: 17105K(17728K)->17105K(17728K)
[1908.935s][info ][gc             ] GC(66) Pause Young (Allocation Failure) 3138M->1200M(3140M) 6.607ms
[1908.935s][info ][gc,cpu         ] GC(66) User=0.02s Sys=0.01s Real=0.00s
[1908.935s][info ][safepoint      ] Safepoint "ParallelGCFailedAllocation", Time since last: 10833596324 ns, Reaching safepoint: 88602 ns, Cleanup: 6300 ns, At safepoint: 6694724 ns, Total: 6789626 ns
[1909.935s][info ][safepoint      ] Safepoint "Cleanup", Time since last: 1000152609 ns, Reaching safepoint: 13400 ns, Cleanup: 15400 ns, At safepoint: 3800 ns, Total: 32600 ns
[1930.118s][info ][safepoint      ] Safepoint "Cleanup", Time since last: 20182504430 ns, Reaching safepoint: 13900 ns, Cleanup: 14700 ns, At safepoint: 3901 ns, Total: 32501 ns
[1945.120s][info ][safepoint      ] Safepoint "Cleanup", Time since last: 15001938600 ns, Reaching safepoint: 12300 ns, Cleanup: 15200 ns, At safepoint: 3800 ns, Total: 31300 ns
[1951.121s][info ][safepoint      ] Safepoint "Cleanup", Time since last: 6000748299 ns, Reaching safepoint: 14601 ns, Cleanup: 15900 ns, At safepoint: 4200 ns, Total: 34701 ns
[1955.121s][info ][safepoint      ] Safepoint "Cleanup", Time since last: 4000602160 ns, Reaching safepoint: 15800 ns, Cleanup: 24600 ns, At safepoint: 4100 ns, Total: 44500 ns
[1959.122s][info ][safepoint      ] Safepoint "Cleanup", Time since last: 4000539268 ns, Reaching safepoint: 13501 ns, Cleanup: 15600 ns, At safepoint: 29401 ns, Total: 58502 ns
[1967.123s][info ][safepoint      ] Safepoint "Cleanup", Time since last: 8000808111 ns, Reaching safepoint: 14500 ns, Cleanup: 17601 ns, At safepoint: 3500 ns, Total: 35601 ns
[1969.123s][info ][safepoint      ] Safepoint "Cleanup", Time since last: 2000210256 ns, Reaching safepoint: 14100 ns, Cleanup: 14000 ns, At safepoint: 3100 ns, Total: 31200 ns
[1975.124s][info ][safepoint      ] Safepoint "Cleanup", Time since last: 6000520641 ns, Reaching safepoint: 13200 ns, Cleanup: 14801 ns, At safepoint: 4100 ns, Total: 32101 ns
[1979.124s][info ][safepoint      ] Safepoint "Cleanup", Time since last: 4000316017 ns, Reaching safepoint: 13000 ns, Cleanup: 17500 ns, At safepoint: 3300 ns, Total: 33800 ns
[1982.144s][info ][safepoint      ] Safepoint "Cleanup", Time since last: 3019701891 ns, Reaching safepoint: 13100 ns, Cleanup: 21201 ns, At safepoint: 4000 ns, Total: 38301 ns
[1986.429s][info ][gc,start       ] GC(67) Pause Young (Allocation Failure)
[1986.435s][debug][gc,phases      ] GC(67) Scavenge 5.302ms
[1986.435s][debug][gc,ref         ] GC(67) ReferenceProcessor::execute queues: 1, RefProcThreadModel::Single, marks_oops_alive: false
[1986.435s][debug][gc,ref         ] GC(67) Skipped KeepAliveFinalRefsPhase of Reference Processing: no references
[1986.435s][debug][gc,ref         ] GC(67) ReferenceProcessor::execute queues: 1, RefProcThreadModel::Single, marks_oops_alive: false
[1986.435s][debug][gc,phases      ] GC(67) Reference Processing 0.099ms
[1986.435s][debug][gc,phases      ] GC(67)   VM Weak                        Min:  0.0, Avg:  0.0, Max:  0.0, Diff:  0.0, Sum:  0.0, Workers: 4
[1986.435s][debug][gc,phases      ] GC(67)     Dead                           Min: 0, Avg:  0.0, Max: 0, Diff: 0, Sum: 0, Workers: 4
[1986.435s][debug][gc,phases      ] GC(67)     Total                          Min: 0, Avg: 269.5, Max: 694, Diff: 694, Sum: 1078, Workers: 4
[1986.435s][debug][gc,phases      ] GC(67)   ObjectSynchronizer Weak        Min:  0.0, Avg:  0.0, Max:  0.0, Diff:  0.0, Sum:  0.0, Workers: 4
[1986.435s][debug][gc,phases      ] GC(67)     Dead                           Min: 0, Avg:  0.0, Max: 0, Diff: 0, Sum: 0, Workers: 4
[1986.435s][debug][gc,phases      ] GC(67)     Total                          Min: 0, Avg:  1.0, Max: 4, Diff: 4, Sum: 4, Workers: 4
[1986.435s][debug][gc,phases      ] GC(67)   JVMTI Tag Weak OopStorage      Min:  0.0, Avg:  0.0, Max:  0.0, Diff:  0.0, Sum:  0.0, Workers: 4
[1986.435s][debug][gc,phases      ] GC(67)     Dead                           Min: 0, Avg:  0.0, Max: 0, Diff: 0, Sum: 0, Workers: 4
[1986.435s][debug][gc,phases      ] GC(67)     Total                          Min: 0, Avg:  0.0, Max: 0, Diff: 0, Sum: 0, Workers: 4
[1986.435s][debug][gc,phases      ] GC(67)   StringTable Weak               Min:  0.1, Avg:  0.1, Max:  0.1, Diff:  0.0, Sum:  0.4, Workers: 4
[1986.435s][debug][gc,phases      ] GC(67)     Dead                           Min: 0, Avg:  0.2, Max: 1, Diff: 1, Sum: 1, Workers: 4
[1986.435s][debug][gc,phases      ] GC(67)     Total                          Min: 11072, Avg: 12488.2, Max: 14945, Diff: 3873, Sum: 49953, Workers: 4
[1986.435s][debug][gc,phases      ] GC(67)   ResolvedMethodTable Weak       Min:  0.0, Avg:  0.0, Max:  0.0, Diff:  0.0, Sum:  0.1, Workers: 4
[1986.435s][debug][gc,phases      ] GC(67)     Dead                           Min: 0, Avg:  4.0, Max: 16, Diff: 16, Sum: 16, Workers: 4
[1986.435s][debug][gc,phases      ] GC(67)     Total                          Min: 3543, Avg: 3971.0, Max: 4434, Diff: 891, Sum: 15884, Workers: 4
[1986.435s][debug][gc,phases      ] GC(67)   JNI Weak                       Min:  0.0, Avg:  0.0, Max:  0.0, Diff:  0.0, Sum:  0.0, Workers: 4
[1986.435s][debug][gc,phases      ] GC(67)     Dead                           Min: 0, Avg:  0.0, Max: 0, Diff: 0, Sum: 0, Workers: 4
[1986.435s][debug][gc,phases      ] GC(67)     Total                          Min: 0, Avg: 13.0, Max: 52, Diff: 52, Sum: 52, Workers: 4
[1986.435s][debug][gc,phases      ] GC(67)   StringDedup Table Weak         Min:  0.0, Avg:  0.0, Max:  0.0, Diff:  0.0, Sum:  0.0, Workers: 4
[1986.435s][debug][gc,phases      ] GC(67)     Dead                           Min: 0, Avg:  0.0, Max: 0, Diff: 0, Sum: 0, Workers: 4
[1986.435s][debug][gc,phases      ] GC(67)     Total                          Min: 0, Avg:  0.0, Max: 0, Diff: 0, Sum: 0, Workers: 4
[1986.435s][debug][gc,phases      ] GC(67)   StringDedup Requests0 Weak     Min:  0.0, Avg:  0.0, Max:  0.0, Diff:  0.0, Sum:  0.0, Workers: 4
[1986.435s][debug][gc,phases      ] GC(67)     Dead                           Min: 0, Avg:  0.0, Max: 0, Diff: 0, Sum: 0, Workers: 4
[1986.435s][debug][gc,phases      ] GC(67)     Total                          Min: 0, Avg:  0.0, Max: 0, Diff: 0, Sum: 0, Workers: 4
[1986.435s][debug][gc,phases      ] GC(67)   StringDedup Requests1 Weak     Min:  0.0, Avg:  0.0, Max:  0.0, Diff:  0.0, Sum:  0.0, Workers: 4
[1986.435s][debug][gc,phases      ] GC(67)     Dead                           Min: 0, Avg:  0.0, Max: 0, Diff: 0, Sum: 0, Workers: 4
[1986.435s][debug][gc,phases      ] GC(67)     Total                          Min: 0, Avg:  0.0, Max: 0, Diff: 0, Sum: 0, Workers: 4
[1986.435s][debug][gc,phases      ] GC(67)   Weak JFR Old Object Samples    Min:  0.0, Avg:  0.0, Max:  0.0, Diff:  0.0, Sum:  0.0, Workers: 4
[1986.435s][debug][gc,phases      ] GC(67)     Dead                           Min: 0, Avg:  0.0, Max: 0, Diff: 0, Sum: 0, Workers: 4
[1986.435s][debug][gc,phases      ] GC(67)     Total                          Min: 0, Avg:  0.0, Max: 0, Diff: 0, Sum: 0, Workers: 4
[1986.435s][debug][gc,phases      ] GC(67) Weak Processing 0.345ms
[1986.435s][debug][gc,age         ] GC(67) Desired survivor size 57147392 bytes, new threshold 1 (max threshold 15)
[1986.435s][info ][gc,heap        ] GC(67) PSYoungGen: 1989376K(1989632K)->3568K(2041344K) Eden: 1985536K(1985536K)->0K(1985024K) From: 3840K(4096K)->3568K(56320K)
[1986.435s][info ][gc,heap        ] GC(67) ParOldGen: 1225282K(1225728K)->1226054K(1226240K)
[1986.435s][info ][gc,metaspace   ] GC(67) Metaspace: 113898K(115328K)->113898K(115328K) NonClass: 96789K(97600K)->96789K(97600K) Class: 17108K(17728K)->17108K(17728K)
[1986.435s][info ][gc             ] GC(67) Pause Young (Allocation Failure) 3139M->1200M(3191M) 5.869ms
[1986.435s][info ][gc,cpu         ] GC(67) User=0.02s Sys=0.01s Real=0.00s
[1986.435s][info ][safepoint      ] Safepoint "ParallelGCFailedAllocation", Time since last: 4285586932 ns, Reaching safepoint: 104802 ns, Cleanup: 6101 ns, At safepoint: 5960010 ns, Total: 6070913 ns
[1988.436s][info ][safepoint      ] Safepoint "Cleanup", Time since last: 2000176920 ns, Reaching safepoint: 13900 ns, Cleanup: 16600 ns, At safepoint: 4800 ns, Total: 35300 ns
[1990.436s][info ][safepoint      ] Safepoint "Cleanup", Time since last: 2000363666 ns, Reaching safepoint: 12200 ns, Cleanup: 12600 ns, At safepoint: 3200 ns, Total: 28000 ns
[1991.436s][info ][safepoint      ] Safepoint "Cleanup", Time since last: 1000209020 ns, Reaching safepoint: 12700 ns, Cleanup: 12600 ns, At safepoint: 3300 ns, Total: 28600 ns
[1999.437s][info ][safepoint      ] Safepoint "Cleanup", Time since last: 8001093326 ns, Reaching safepoint: 10300 ns, Cleanup: 15201 ns, At safepoint: 3100 ns, Total: 28601 ns
[2002.438s][info ][safepoint      ] Safepoint "Cleanup", Time since last: 3000494597 ns, Reaching safepoint: 12100 ns, Cleanup: 13100 ns, At safepoint: 3800 ns, Total: 29000 ns
[2005.438s][info ][safepoint      ] Safepoint "Cleanup", Time since last: 3000440496 ns, Reaching safepoint: 11800 ns, Cleanup: 29801 ns, At safepoint: 3800 ns, Total: 45401 ns
[2007.439s][info ][safepoint      ] Safepoint "Cleanup", Time since last: 2000195217 ns, Reaching safepoint: 10801 ns, Cleanup: 26300 ns, At safepoint: 2600 ns, Total: 39701 ns
[2011.439s][info ][safepoint      ] Safepoint "Cleanup", Time since last: 4000311662 ns, Reaching safepoint: 82901 ns, Cleanup: 18001 ns, At safepoint: 16000 ns, Total: 116902 ns
[2012.439s][info ][safepoint      ] Safepoint "Cleanup", Time since last: 1000124841 ns, Reaching safepoint: 12000 ns, Cleanup: 13401 ns, At safepoint: 3300 ns, Total: 28701 ns
[2016.440s][info ][safepoint      ] Safepoint "Cleanup", Time since last: 4000482187 ns, Reaching safepoint: 12400 ns, Cleanup: 13600 ns, At safepoint: 4000 ns, Total: 30000 ns
[2017.440s][info ][safepoint      ] Safepoint "Cleanup", Time since last: 1000141632 ns, Reaching safepoint: 13600 ns, Cleanup: 19201 ns, At safepoint: 12500 ns, Total: 45301 ns
[2023.441s][info ][safepoint      ] Safepoint "Cleanup", Time since last: 6000697172 ns, Reaching safepoint: 13101 ns, Cleanup: 15000 ns, At safepoint: 3700 ns, Total: 31801 ns
[2027.441s][info ][safepoint      ] Safepoint "Cleanup", Time since last: 4000482747 ns, Reaching safepoint: 10800 ns, Cleanup: 16700 ns, At safepoint: 3000 ns, Total: 30500 ns
[2032.442s][info ][safepoint      ] Safepoint "Cleanup", Time since last: 5000796264 ns, Reaching safepoint: 13900 ns, Cleanup: 15400 ns, At safepoint: 3200 ns, Total: 32500 ns
[2034.442s][info ][safepoint      ] Safepoint "Cleanup", Time since last: 2000268231 ns, Reaching safepoint: 13100 ns, Cleanup: 16201 ns, At safepoint: 3600 ns, Total: 32901 ns
[2037.443s][info ][safepoint      ] Safepoint "Cleanup", Time since last: 3000534298 ns, Reaching safepoint: 13001 ns, Cleanup: 21300 ns, At safepoint: 3800 ns, Total: 38101 ns
[2042.171s][info ][safepoint      ] Safepoint "Cleanup", Time since last: 4728575971 ns, Reaching safepoint: 12301 ns, Cleanup: 12400 ns, At safepoint: 2700 ns, Total: 27401 ns
[2048.172s][info ][safepoint      ] Safepoint "Cleanup", Time since last: 6000910734 ns, Reaching safepoint: 13201 ns, Cleanup: 12300 ns, At safepoint: 3300 ns, Total: 28801 ns
[2056.173s][info ][safepoint      ] Safepoint "Cleanup", Time since last: 8000945522 ns, Reaching safepoint: 83702 ns, Cleanup: 11400 ns, At safepoint: 5300 ns, Total: 100402 ns
[2059.174s][info ][safepoint      ] Safepoint "Cleanup", Time since last: 3000346150 ns, Reaching safepoint: 13700 ns, Cleanup: 17500 ns, At safepoint: 3601 ns, Total: 34801 ns
[2060.174s][info ][safepoint      ] Safepoint "Cleanup", Time since last: 1000137717 ns, Reaching safepoint: 14600 ns, Cleanup: 15800 ns, At safepoint: 3900 ns, Total: 34300 ns
[2062.174s][info ][safepoint      ] Safepoint "Cleanup", Time since last: 2000289496 ns, Reaching safepoint: 14301 ns, Cleanup: 15100 ns, At safepoint: 3300 ns, Total: 32701 ns
[2062.457s][info ][gc,start       ] GC(68) Pause Young (Allocation Failure)
[2062.463s][debug][gc,phases      ] GC(68) Scavenge 5.951ms
[2062.463s][debug][gc,ref         ] GC(68) ReferenceProcessor::execute queues: 1, RefProcThreadModel::Single, marks_oops_alive: false
[2062.463s][debug][gc,ref         ] GC(68) Skipped KeepAliveFinalRefsPhase of Reference Processing: no references
[2062.463s][debug][gc,ref         ] GC(68) ReferenceProcessor::execute queues: 1, RefProcThreadModel::Single, marks_oops_alive: false
[2062.463s][debug][gc,phases      ] GC(68) Reference Processing 0.116ms
[2062.463s][debug][gc,phases      ] GC(68)   VM Weak                        Min:  0.0, Avg:  0.0, Max:  0.0, Diff:  0.0, Sum:  0.0, Workers: 4
[2062.463s][debug][gc,phases      ] GC(68)     Dead                           Min: 0, Avg:  0.0, Max: 0, Diff: 0, Sum: 0, Workers: 4
[2062.463s][debug][gc,phases      ] GC(68)     Total                          Min: 0, Avg: 269.5, Max: 640, Diff: 640, Sum: 1078, Workers: 4
[2062.463s][debug][gc,phases      ] GC(68)   ObjectSynchronizer Weak        Min:  0.0, Avg:  0.0, Max:  0.0, Diff:  0.0, Sum:  0.0, Workers: 4
[2062.463s][debug][gc,phases      ] GC(68)     Dead                           Min: 0, Avg:  0.0, Max: 0, Diff: 0, Sum: 0, Workers: 4
[2062.463s][debug][gc,phases      ] GC(68)     Total                          Min: 0, Avg:  1.2, Max: 5, Diff: 5, Sum: 5, Workers: 4
[2062.463s][debug][gc,phases      ] GC(68)   JVMTI Tag Weak OopStorage      Min:  0.0, Avg:  0.0, Max:  0.0, Diff:  0.0, Sum:  0.0, Workers: 4
[2062.463s][debug][gc,phases      ] GC(68)     Dead                           Min: 0, Avg:  0.0, Max: 0, Diff: 0, Sum: 0, Workers: 4
[2062.463s][debug][gc,phases      ] GC(68)     Total                          Min: 0, Avg:  0.0, Max: 0, Diff: 0, Sum: 0, Workers: 4
[2062.463s][debug][gc,phases      ] GC(68)   StringTable Weak               Min:  0.1, Avg:  0.1, Max:  0.1, Diff:  0.0, Sum:  0.5, Workers: 4
[2062.463s][debug][gc,phases      ] GC(68)     Dead                           Min: 0, Avg:  0.0, Max: 0, Diff: 0, Sum: 0, Workers: 4
[2062.463s][debug][gc,phases      ] GC(68)     Total                          Min: 11520, Avg: 12488.5, Max: 14079, Diff: 2559, Sum: 49954, Workers: 4
[2062.463s][debug][gc,phases      ] GC(68)   ResolvedMethodTable Weak       Min:  0.0, Avg:  0.0, Max:  0.0, Diff:  0.0, Sum:  0.2, Workers: 4
[2062.463s][debug][gc,phases      ] GC(68)     Dead                           Min: 0, Avg:  6.0, Max: 24, Diff: 24, Sum: 24, Workers: 4
[2062.463s][debug][gc,phases      ] GC(68)     Total                          Min: 3693, Avg: 3973.0, Max: 4633, Diff: 940, Sum: 15892, Workers: 4
[2062.463s][debug][gc,phases      ] GC(68)   JNI Weak                       Min:  0.0, Avg:  0.0, Max:  0.0, Diff:  0.0, Sum:  0.0, Workers: 4
[2062.463s][debug][gc,phases      ] GC(68)     Dead                           Min: 0, Avg:  0.0, Max: 0, Diff: 0, Sum: 0, Workers: 4
[2062.463s][debug][gc,phases      ] GC(68)     Total                          Min: 0, Avg: 13.0, Max: 52, Diff: 52, Sum: 52, Workers: 4
[2062.463s][debug][gc,phases      ] GC(68)   StringDedup Table Weak         Min:  0.0, Avg:  0.0, Max:  0.0, Diff:  0.0, Sum:  0.0, Workers: 4
[2062.463s][debug][gc,phases      ] GC(68)     Dead                           Min: 0, Avg:  0.0, Max: 0, Diff: 0, Sum: 0, Workers: 4
[2062.463s][debug][gc,phases      ] GC(68)     Total                          Min: 0, Avg:  0.0, Max: 0, Diff: 0, Sum: 0, Workers: 4
[2062.463s][debug][gc,phases      ] GC(68)   StringDedup Requests0 Weak     Min:  0.0, Avg:  0.0, Max:  0.0, Diff:  0.0, Sum:  0.0, Workers: 4
[2062.463s][debug][gc,phases      ] GC(68)     Dead                           Min: 0, Avg:  0.0, Max: 0, Diff: 0, Sum: 0, Workers: 4
[2062.463s][debug][gc,phases      ] GC(68)     Total                          Min: 0, Avg:  0.0, Max: 0, Diff: 0, Sum: 0, Workers: 4
[2062.463s][debug][gc,phases      ] GC(68)   StringDedup Requests1 Weak     Min:  0.0, Avg:  0.0, Max:  0.0, Diff:  0.0, Sum:  0.0, Workers: 4
[2062.463s][debug][gc,phases      ] GC(68)     Dead                           Min: 0, Avg:  0.0, Max: 0, Diff: 0, Sum: 0, Workers: 4
[2062.463s][debug][gc,phases      ] GC(68)     Total                          Min: 0, Avg:  0.0, Max: 0, Diff: 0, Sum: 0, Workers: 4
[2062.463s][debug][gc,phases      ] GC(68)   Weak JFR Old Object Samples    Min:  0.0, Avg:  0.0, Max:  0.0, Diff:  0.0, Sum:  0.0, Workers: 4
[2062.463s][debug][gc,phases      ] GC(68)     Dead                           Min: 0, Avg:  0.0, Max: 0, Diff: 0, Sum: 0, Workers: 4
[2062.463s][debug][gc,phases      ] GC(68)     Total                          Min: 0, Avg:  0.0, Max: 0, Diff: 0, Sum: 0, Workers: 4
[2062.463s][debug][gc,phases      ] GC(68) Weak Processing 0.404ms
[2062.463s][debug][gc,age         ] GC(68) Desired survivor size 56623104 bytes, new threshold 1 (max threshold 15)
[2062.463s][info ][gc,heap        ] GC(68) PSYoungGen: 1988592K(2041344K)->3392K(2040832K) Eden: 1985024K(1985024K)->0K(1985024K) From: 3568K(56320K)->3392K(55808K)
[2062.463s][info ][gc,heap        ] GC(68) ParOldGen: 1226054K(1226240K)->1226562K(1226752K)
[2062.463s][info ][gc,metaspace   ] GC(68) Metaspace: 113934K(115328K)->113934K(115328K) NonClass: 96826K(97600K)->96826K(97600K) Class: 17108K(17728K)->17108K(17728K)
[2062.463s][info ][gc             ] GC(68) Pause Young (Allocation Failure) 3139M->1201M(3191M) 6.615ms
[2062.463s][info ][gc,cpu         ] GC(68) User=0.02s Sys=0.01s Real=0.01s
[2062.463s][info ][safepoint      ] Safepoint "ParallelGCFailedAllocation", Time since last: 282496029 ns, Reaching safepoint: 12800 ns, Cleanup: 5200 ns, At safepoint: 6705424 ns, Total: 6723424 ns
[2064.464s][info ][safepoint      ] Safepoint "Cleanup", Time since last: 2000227726 ns, Reaching safepoint: 12600 ns, Cleanup: 13400 ns, At safepoint: 3500 ns, Total: 29500 ns
[2076.465s][info ][safepoint      ] Safepoint "Cleanup", Time since last: 12001584285 ns, Reaching safepoint: 13400 ns, Cleanup: 12200 ns, At safepoint: 4400 ns, Total: 30000 ns
[2109.198s][info ][safepoint      ] Safepoint "Cleanup", Time since last: 32732812711 ns, Reaching safepoint: 12700 ns, Cleanup: 12900 ns, At safepoint: 3900 ns, Total: 29500 ns
[2111.198s][info ][safepoint      ] Safepoint "Cleanup", Time since last: 2000216015 ns, Reaching safepoint: 13801 ns, Cleanup: 13000 ns, At safepoint: 3400 ns, Total: 30201 ns
[2126.200s][info ][safepoint      ] Safepoint "Cleanup", Time since last: 15001938604 ns, Reaching safepoint: 13200 ns, Cleanup: 14900 ns, At safepoint: 3500 ns, Total: 31600 ns
[2128.201s][info ][safepoint      ] Safepoint "Cleanup", Time since last: 2000296905 ns, Reaching safepoint: 13500 ns, Cleanup: 15300 ns, At safepoint: 3201 ns, Total: 32001 ns
[2138.202s][info ][safepoint      ] Safepoint "Cleanup", Time since last: 10001290067 ns, Reaching safepoint: 14801 ns, Cleanup: 15500 ns, At safepoint: 2900 ns, Total: 33201 ns
[2139.202s][info ][safepoint      ] Safepoint "Cleanup", Time since last: 1000133623 ns, Reaching safepoint: 14700 ns, Cleanup: 16400 ns, At safepoint: 3200 ns, Total: 34300 ns
[2141.203s][info ][safepoint      ] Safepoint "Cleanup", Time since last: 2000403949 ns, Reaching safepoint: 15900 ns, Cleanup: 17300 ns, At safepoint: 4400 ns, Total: 37600 ns
[2142.093s][info ][gc,start       ] GC(69) Pause Young (Allocation Failure)
[2142.098s][debug][gc,phases      ] GC(69) Scavenge 5.575ms
[2142.098s][debug][gc,ref         ] GC(69) ReferenceProcessor::execute queues: 1, RefProcThreadModel::Single, marks_oops_alive: false
[2142.098s][debug][gc,ref         ] GC(69) Skipped KeepAliveFinalRefsPhase of Reference Processing: no references
[2142.098s][debug][gc,ref         ] GC(69) ReferenceProcessor::execute queues: 1, RefProcThreadModel::Single, marks_oops_alive: false
[2142.098s][debug][gc,phases      ] GC(69) Reference Processing 0.115ms
[2142.099s][debug][gc,phases      ] GC(69)   VM Weak                        Min:  0.0, Avg:  0.0, Max:  0.0, Diff:  0.0, Sum:  0.0, Workers: 4
[2142.099s][debug][gc,phases      ] GC(69)     Dead                           Min: 0, Avg:  0.0, Max: 0, Diff: 0, Sum: 0, Workers: 4
[2142.099s][debug][gc,phases      ] GC(69)     Total                          Min: 0, Avg: 269.5, Max: 512, Diff: 512, Sum: 1078, Workers: 4
[2142.099s][debug][gc,phases      ] GC(69)   ObjectSynchronizer Weak        Min:  0.0, Avg:  0.0, Max:  0.0, Diff:  0.0, Sum:  0.0, Workers: 4
[2142.099s][debug][gc,phases      ] GC(69)     Dead                           Min: 0, Avg:  0.0, Max: 0, Diff: 0, Sum: 0, Workers: 4
[2142.099s][debug][gc,phases      ] GC(69)     Total                          Min: 0, Avg:  1.0, Max: 4, Diff: 4, Sum: 4, Workers: 4
[2142.099s][debug][gc,phases      ] GC(69)   JVMTI Tag Weak OopStorage      Min:  0.0, Avg:  0.0, Max:  0.0, Diff:  0.0, Sum:  0.0, Workers: 4
[2142.099s][debug][gc,phases      ] GC(69)     Dead                           Min: 0, Avg:  0.0, Max: 0, Diff: 0, Sum: 0, Workers: 4
[2142.099s][debug][gc,phases      ] GC(69)     Total                          Min: 0, Avg:  0.0, Max: 0, Diff: 0, Sum: 0, Workers: 4
[2142.099s][debug][gc,phases      ] GC(69)   StringTable Weak               Min:  0.1, Avg:  0.1, Max:  0.1, Diff:  0.0, Sum:  0.5, Workers: 4
[2142.099s][debug][gc,phases      ] GC(69)     Dead                           Min: 0, Avg:  0.0, Max: 0, Diff: 0, Sum: 0, Workers: 4
[2142.099s][debug][gc,phases      ] GC(69)     Total                          Min: 11811, Avg: 12488.8, Max: 13824, Diff: 2013, Sum: 49955, Workers: 4
[2142.099s][debug][gc,phases      ] GC(69)   ResolvedMethodTable Weak       Min:  0.1, Avg:  0.1, Max:  0.1, Diff:  0.0, Sum:  0.2, Workers: 4
[2142.099s][debug][gc,phases      ] GC(69)     Dead                           Min: 0, Avg:  4.0, Max: 11, Diff: 11, Sum: 16, Workers: 4
[2142.099s][debug][gc,phases      ] GC(69)     Total                          Min: 3225, Avg: 3973.5, Max: 4442, Diff: 1217, Sum: 15894, Workers: 4
[2142.099s][debug][gc,phases      ] GC(69)   JNI Weak                       Min:  0.0, Avg:  0.0, Max:  0.0, Diff:  0.0, Sum:  0.0, Workers: 4
[2142.099s][debug][gc,phases      ] GC(69)     Dead                           Min: 0, Avg:  0.0, Max: 0, Diff: 0, Sum: 0, Workers: 4
[2142.099s][debug][gc,phases      ] GC(69)     Total                          Min: 0, Avg: 13.0, Max: 52, Diff: 52, Sum: 52, Workers: 4
[2142.099s][debug][gc,phases      ] GC(69)   StringDedup Table Weak         Min:  0.0, Avg:  0.0, Max:  0.0, Diff:  0.0, Sum:  0.0, Workers: 4
[2142.099s][debug][gc,phases      ] GC(69)     Dead                           Min: 0, Avg:  0.0, Max: 0, Diff: 0, Sum: 0, Workers: 4
[2142.099s][debug][gc,phases      ] GC(69)     Total                          Min: 0, Avg:  0.0, Max: 0, Diff: 0, Sum: 0, Workers: 4
[2142.099s][debug][gc,phases      ] GC(69)   StringDedup Requests0 Weak     Min:  0.0, Avg:  0.0, Max:  0.0, Diff:  0.0, Sum:  0.0, Workers: 4
[2142.099s][debug][gc,phases      ] GC(69)     Dead                           Min: 0, Avg:  0.0, Max: 0, Diff: 0, Sum: 0, Workers: 4
[2142.099s][debug][gc,phases      ] GC(69)     Total                          Min: 0, Avg:  0.0, Max: 0, Diff: 0, Sum: 0, Workers: 4
[2142.099s][debug][gc,phases      ] GC(69)   StringDedup Requests1 Weak     Min:  0.0, Avg:  0.0, Max:  0.0, Diff:  0.0, Sum:  0.0, Workers: 4
[2142.099s][debug][gc,phases      ] GC(69)     Dead                           Min: 0, Avg:  0.0, Max: 0, Diff: 0, Sum: 0, Workers: 4
[2142.099s][debug][gc,phases      ] GC(69)     Total                          Min: 0, Avg:  0.0, Max: 0, Diff: 0, Sum: 0, Workers: 4
[2142.099s][debug][gc,phases      ] GC(69)   Weak JFR Old Object Samples    Min:  0.0, Avg:  0.0, Max:  0.0, Diff:  0.0, Sum:  0.0, Workers: 4
[2142.099s][debug][gc,phases      ] GC(69)     Dead                           Min: 0, Avg:  0.0, Max: 0, Diff: 0, Sum: 0, Workers: 4
[2142.099s][debug][gc,phases      ] GC(69)     Total                          Min: 0, Avg:  0.0, Max: 0, Diff: 0, Sum: 0, Workers: 4
[2142.099s][debug][gc,phases      ] GC(69) Weak Processing 0.409ms
[2142.099s][debug][gc,age         ] GC(69) Desired survivor size 55574528 bytes, new threshold 1 (max threshold 15)
[2142.099s][info ][gc,heap        ] GC(69) PSYoungGen: 1988416K(2040832K)->3712K(2042880K) Eden: 1985024K(1985024K)->0K(1987584K) From: 3392K(55808K)->3712K(55296K)
[2142.099s][info ][gc,heap        ] GC(69) ParOldGen: 1226562K(1226752K)->1227030K(1227264K)
[2142.099s][info ][gc,metaspace   ] GC(69) Metaspace: 113947K(115328K)->113947K(115328K) NonClass: 96838K(97600K)->96838K(97600K) Class: 17109K(17728K)->17109K(17728K)
[2142.099s][info ][gc             ] GC(69) Pause Young (Allocation Failure) 3139M->1201M(3193M) 6.231ms
[2142.099s][info ][gc,cpu         ] GC(69) User=0.02s Sys=0.00s Real=0.01s
[2142.099s][info ][safepoint      ] Safepoint "ParallelGCFailedAllocation", Time since last: 889779389 ns, Reaching safepoint: 13400 ns, Cleanup: 6600 ns, At safepoint: 6368618 ns, Total: 6388618 ns
[2145.099s][info ][safepoint      ] Safepoint "Cleanup", Time since last: 3000433927 ns, Reaching safepoint: 15501 ns, Cleanup: 16100 ns, At safepoint: 3900 ns, Total: 35501 ns
[2149.100s][info ][safepoint      ] Safepoint "Cleanup", Time since last: 4000703405 ns, Reaching safepoint: 14200 ns, Cleanup: 15000 ns, At safepoint: 4400 ns, Total: 33600 ns
[2152.100s][info ][safepoint      ] Safepoint "Cleanup", Time since last: 3000387798 ns, Reaching safepoint: 12600 ns, Cleanup: 14200 ns, At safepoint: 3300 ns, Total: 30100 ns
[2153.101s][info ][safepoint      ] Safepoint "Cleanup", Time since last: 1000150625 ns, Reaching safepoint: 14800 ns, Cleanup: 15401 ns, At safepoint: 3900 ns, Total: 34101 ns
[2159.101s][info ][safepoint      ] Safepoint "Cleanup", Time since last: 6000718585 ns, Reaching safepoint: 14000 ns, Cleanup: 14500 ns, At safepoint: 4200 ns, Total: 32700 ns
[2161.102s][info ][safepoint      ] Safepoint "Cleanup", Time since last: 2000294018 ns, Reaching safepoint: 12900 ns, Cleanup: 12801 ns, At safepoint: 3600 ns, Total: 29301 ns
[2163.226s][info ][safepoint      ] Safepoint "Cleanup", Time since last: 2124054102 ns, Reaching safepoint: 88401 ns, Cleanup: 15701 ns, At safepoint: 10200 ns, Total: 114302 ns
[2165.226s][info ][safepoint      ] Safepoint "Cleanup", Time since last: 2000288618 ns, Reaching safepoint: 84501 ns, Cleanup: 12501 ns, At safepoint: 7500 ns, Total: 104502 ns
[2166.227s][info ][safepoint      ] Safepoint "Cleanup", Time since last: 1000172820 ns, Reaching safepoint: 85502 ns, Cleanup: 12700 ns, At safepoint: 6800 ns, Total: 105002 ns
[2168.227s][info ][safepoint      ] Safepoint "Cleanup", Time since last: 2000216019 ns, Reaching safepoint: 88501 ns, Cleanup: 13600 ns, At safepoint: 9601 ns, Total: 111702 ns
[2171.227s][info ][safepoint      ] Safepoint "Cleanup", Time since last: 3000276677 ns, Reaching safepoint: 85401 ns, Cleanup: 18700 ns, At safepoint: 9101 ns, Total: 113202 ns
[2172.227s][info ][safepoint      ] Safepoint "Cleanup", Time since last: 1000123259 ns, Reaching safepoint: 82802 ns, Cleanup: 16200 ns, At safepoint: 18600 ns, Total: 117602 ns
[2184.229s][info ][safepoint      ] Safepoint "Cleanup", Time since last: 12000981493 ns, Reaching safepoint: 99602 ns, Cleanup: 14000 ns, At safepoint: 7100 ns, Total: 120702 ns
[2185.229s][info ][safepoint      ] Safepoint "Cleanup", Time since last: 1000126664 ns, Reaching safepoint: 85901 ns, Cleanup: 19101 ns, At safepoint: 9100 ns, Total: 114102 ns
[2188.229s][info ][safepoint      ] Safepoint "Cleanup", Time since last: 3000350490 ns, Reaching safepoint: 87301 ns, Cleanup: 22101 ns, At safepoint: 11700 ns, Total: 121102 ns
[2189.230s][info ][safepoint      ] Safepoint "Cleanup", Time since last: 1000207465 ns, Reaching safepoint: 80402 ns, Cleanup: 14200 ns, At safepoint: 13900 ns, Total: 108502 ns
[2190.230s][info ][safepoint      ] Safepoint "Cleanup", Time since last: 1000199961 ns, Reaching safepoint: 87402 ns, Cleanup: 13600 ns, At safepoint: 10900 ns, Total: 111902 ns
[2195.231s][info ][safepoint      ] Safepoint "Cleanup", Time since last: 5000706748 ns, Reaching safepoint: 106202 ns, Cleanup: 18501 ns, At safepoint: 10600 ns, Total: 135303 ns
[2206.232s][info ][safepoint      ] Safepoint "Cleanup", Time since last: 11001053959 ns, Reaching safepoint: 12101 ns, Cleanup: 14900 ns, At safepoint: 2600 ns, Total: 29601 ns
[2220.233s][info ][safepoint      ] Safepoint "Cleanup", Time since last: 14001556442 ns, Reaching safepoint: 12201 ns, Cleanup: 13000 ns, At safepoint: 3900 ns, Total: 29101 ns
[2221.028s][info ][gc,start       ] GC(70) Pause Young (Allocation Failure)
[2221.034s][debug][gc,phases      ] GC(70) Scavenge 6.543ms
[2221.034s][debug][gc,ref         ] GC(70) ReferenceProcessor::execute queues: 1, RefProcThreadModel::Single, marks_oops_alive: false
[2221.034s][debug][gc,ref         ] GC(70) Skipped KeepAliveFinalRefsPhase of Reference Processing: no references
[2221.034s][debug][gc,ref         ] GC(70) ReferenceProcessor::execute queues: 1, RefProcThreadModel::Single, marks_oops_alive: false
[2221.034s][debug][gc,phases      ] GC(70) Reference Processing 0.102ms
[2221.035s][debug][gc,phases      ] GC(70)   VM Weak                        Min:  0.0, Avg:  0.0, Max:  0.0, Diff:  0.0, Sum:  0.0, Workers: 4
[2221.035s][debug][gc,phases      ] GC(70)     Dead                           Min: 0, Avg:  0.0, Max: 0, Diff: 0, Sum: 0, Workers: 4
[2221.035s][debug][gc,phases      ] GC(70)     Total                          Min: 0, Avg: 269.5, Max: 694, Diff: 694, Sum: 1078, Workers: 4
[2221.035s][debug][gc,phases      ] GC(70)   ObjectSynchronizer Weak        Min:  0.0, Avg:  0.0, Max:  0.0, Diff:  0.0, Sum:  0.0, Workers: 4
[2221.035s][debug][gc,phases      ] GC(70)     Dead                           Min: 0, Avg:  0.0, Max: 0, Diff: 0, Sum: 0, Workers: 4
[2221.035s][debug][gc,phases      ] GC(70)     Total                          Min: 0, Avg:  1.0, Max: 4, Diff: 4, Sum: 4, Workers: 4
[2221.035s][debug][gc,phases      ] GC(70)   JVMTI Tag Weak OopStorage      Min:  0.0, Avg:  0.0, Max:  0.0, Diff:  0.0, Sum:  0.0, Workers: 4
[2221.035s][debug][gc,phases      ] GC(70)     Dead                           Min: 0, Avg:  0.0, Max: 0, Diff: 0, Sum: 0, Workers: 4
[2221.035s][debug][gc,phases      ] GC(70)     Total                          Min: 0, Avg:  0.0, Max: 0, Diff: 0, Sum: 0, Workers: 4
[2221.035s][debug][gc,phases      ] GC(70)   StringTable Weak               Min:  0.0, Avg:  0.1, Max:  0.2, Diff:  0.2, Sum:  0.4, Workers: 4
[2221.035s][debug][gc,phases      ] GC(70)     Dead                           Min: 0, Avg:  0.0, Max: 0, Diff: 0, Sum: 0, Workers: 4
[2221.035s][debug][gc,phases      ] GC(70)     Total                          Min: 0, Avg: 12489.2, Max: 25125, Diff: 25125, Sum: 49957, Workers: 4
[2221.035s][debug][gc,phases      ] GC(70)   ResolvedMethodTable Weak       Min:  0.0, Avg:  0.0, Max:  0.1, Diff:  0.0, Sum:  0.1, Workers: 4
[2221.035s][debug][gc,phases      ] GC(70)     Dead                           Min: 0, Avg:  6.0, Max: 14, Diff: 14, Sum: 24, Workers: 4
[2221.035s][debug][gc,phases      ] GC(70)     Total                          Min: 859, Avg: 3973.5, Max: 6842, Diff: 5983, Sum: 15894, Workers: 4
[2221.035s][debug][gc,phases      ] GC(70)   JNI Weak                       Min:  0.0, Avg:  0.0, Max:  0.0, Diff:  0.0, Sum:  0.0, Workers: 4
[2221.035s][debug][gc,phases      ] GC(70)     Dead                           Min: 0, Avg:  0.0, Max: 0, Diff: 0, Sum: 0, Workers: 4
[2221.035s][debug][gc,phases      ] GC(70)     Total                          Min: 0, Avg: 13.0, Max: 52, Diff: 52, Sum: 52, Workers: 4
[2221.035s][debug][gc,phases      ] GC(70)   StringDedup Table Weak         Min:  0.0, Avg:  0.0, Max:  0.0, Diff:  0.0, Sum:  0.0, Workers: 4
[2221.035s][debug][gc,phases      ] GC(70)     Dead                           Min: 0, Avg:  0.0, Max: 0, Diff: 0, Sum: 0, Workers: 4
[2221.035s][debug][gc,phases      ] GC(70)     Total                          Min: 0, Avg:  0.0, Max: 0, Diff: 0, Sum: 0, Workers: 4
[2221.035s][debug][gc,phases      ] GC(70)   StringDedup Requests0 Weak     Min:  0.0, Avg:  0.0, Max:  0.0, Diff:  0.0, Sum:  0.0, Workers: 4
[2221.035s][debug][gc,phases      ] GC(70)     Dead                           Min: 0, Avg:  0.0, Max: 0, Diff: 0, Sum: 0, Workers: 4
[2221.035s][debug][gc,phases      ] GC(70)     Total                          Min: 0, Avg:  0.0, Max: 0, Diff: 0, Sum: 0, Workers: 4
[2221.035s][debug][gc,phases      ] GC(70)   StringDedup Requests1 Weak     Min:  0.0, Avg:  0.0, Max:  0.0, Diff:  0.0, Sum:  0.0, Workers: 4
[2221.035s][debug][gc,phases      ] GC(70)     Dead                           Min: 0, Avg:  0.0, Max: 0, Diff: 0, Sum: 0, Workers: 4
[2221.035s][debug][gc,phases      ] GC(70)     Total                          Min: 0, Avg:  0.0, Max: 0, Diff: 0, Sum: 0, Workers: 4
[2221.035s][debug][gc,phases      ] GC(70)   Weak JFR Old Object Samples    Min:  0.0, Avg:  0.0, Max:  0.0, Diff:  0.0, Sum:  0.0, Workers: 4
[2221.035s][debug][gc,phases      ] GC(70)     Dead                           Min: 0, Avg:  0.0, Max: 0, Diff: 0, Sum: 0, Workers: 4
[2221.035s][debug][gc,phases      ] GC(70)     Total                          Min: 0, Avg:  0.0, Max: 0, Diff: 0, Sum: 0, Workers: 4
[2221.035s][debug][gc,phases      ] GC(70) Weak Processing 0.460ms
[2221.035s][debug][gc,age         ] GC(70) Desired survivor size 54525952 bytes, new threshold 1 (max threshold 15)
[2221.035s][info ][gc,heap        ] GC(70) PSYoungGen: 1991296K(2042880K)->2880K(2041856K) Eden: 1987584K(1987584K)->0K(1987584K) From: 3712K(55296K)->2880K(54272K)
[2221.035s][info ][gc,heap        ] GC(70) ParOldGen: 1227030K(1227264K)->1228275K(1228288K)
[2221.035s][info ][gc,metaspace   ] GC(70) Metaspace: 113980K(115456K)->113980K(115456K) NonClass: 96871K(97728K)->96871K(97728K) Class: 17109K(17728K)->17109K(17728K)
[2221.035s][info ][gc             ] GC(70) Pause Young (Allocation Failure) 3142M->1202M(3193M) 7.225ms
[2221.035s][info ][gc,cpu         ] GC(70) User=0.02s Sys=0.00s Real=0.01s
[2221.035s][info ][safepoint      ] Safepoint "ParallelGCFailedAllocation", Time since last: 793982860 ns, Reaching safepoint: 84101 ns, Cleanup: 15100 ns, At safepoint: 7303535 ns, Total: 7402736 ns
[2224.253s][info ][safepoint      ] Safepoint "Cleanup", Time since last: 3218134480 ns, Reaching safepoint: 17700 ns, Cleanup: 22801 ns, At safepoint: 7200 ns, Total: 47701 ns
[2227.254s][info ][safepoint      ] Safepoint "Cleanup", Time since last: 3000499009 ns, Reaching safepoint: 11500 ns, Cleanup: 19501 ns, At safepoint: 3900 ns, Total: 34901 ns
[2236.255s][info ][safepoint      ] Safepoint "Cleanup", Time since last: 9001236693 ns, Reaching safepoint: 12300 ns, Cleanup: 13700 ns, At safepoint: 30701 ns, Total: 56701 ns
[2246.256s][info ][safepoint      ] Safepoint "Cleanup", Time since last: 10001474573 ns, Reaching safepoint: 12000 ns, Cleanup: 14500 ns, At safepoint: 3500 ns, Total: 30000 ns
[2250.257s][info ][safepoint      ] Safepoint "Cleanup", Time since last: 4000487038 ns, Reaching safepoint: 19400 ns, Cleanup: 21801 ns, At safepoint: 8000 ns, Total: 49201 ns
[2254.257s][info ][safepoint      ] Safepoint "Cleanup", Time since last: 4000385630 ns, Reaching safepoint: 12400 ns, Cleanup: 15000 ns, At safepoint: 3500 ns, Total: 30900 ns
[2264.259s][info ][safepoint      ] Safepoint "Cleanup", Time since last: 10001300871 ns, Reaching safepoint: 19800 ns, Cleanup: 19600 ns, At safepoint: 7300 ns, Total: 46700 ns
[2271.259s][info ][safepoint      ] Safepoint "Cleanup", Time since last: 7000692735 ns, Reaching safepoint: 12900 ns, Cleanup: 32101 ns, At safepoint: 3900 ns, Total: 48901 ns
[2272.260s][info ][safepoint      ] Safepoint "Cleanup", Time since last: 1000190158 ns, Reaching safepoint: 14101 ns, Cleanup: 32200 ns, At safepoint: 4000 ns, Total: 50301 ns
[2273.260s][info ][safepoint      ] Safepoint "Cleanup", Time since last: 1000153158 ns, Reaching safepoint: 13600 ns, Cleanup: 18401 ns, At safepoint: 4400 ns, Total: 36401 ns
[2280.261s][info ][safepoint      ] Safepoint "Cleanup", Time since last: 7000758595 ns, Reaching safepoint: 13701 ns, Cleanup: 18600 ns, At safepoint: 4300 ns, Total: 36601 ns
[2283.282s][info ][safepoint      ] Safepoint "Cleanup", Time since last: 3021360153 ns, Reaching safepoint: 91402 ns, Cleanup: 14600 ns, At safepoint: 10800 ns, Total: 116802 ns
[2286.283s][info ][safepoint      ] Safepoint "Cleanup", Time since last: 3000341066 ns, Reaching safepoint: 88701 ns, Cleanup: 14901 ns, At safepoint: 10600 ns, Total: 114202 ns
[2290.283s][info ][safepoint      ] Safepoint "Cleanup", Time since last: 4000560232 ns, Reaching safepoint: 11200 ns, Cleanup: 12900 ns, At safepoint: 2900 ns, Total: 27000 ns
[2291.283s][info ][safepoint      ] Safepoint "Cleanup", Time since last: 1000120458 ns, Reaching safepoint: 10500 ns, Cleanup: 12600 ns, At safepoint: 2800 ns, Total: 25900 ns
[2292.283s][info ][safepoint      ] Safepoint "Cleanup", Time since last: 1000124458 ns, Reaching safepoint: 11900 ns, Cleanup: 13100 ns, At safepoint: 3000 ns, Total: 28000 ns
[2293.284s][info ][safepoint      ] Safepoint "Cleanup", Time since last: 1000118058 ns, Reaching safepoint: 12100 ns, Cleanup: 13300 ns, At safepoint: 2800 ns, Total: 28200 ns
[2300.284s][info ][safepoint      ] Safepoint "Cleanup", Time since last: 7000710249 ns, Reaching safepoint: 12400 ns, Cleanup: 14501 ns, At safepoint: 4000 ns, Total: 30901 ns
[2300.653s][info ][gc,start       ] GC(71) Pause Young (Allocation Failure)
[2300.659s][debug][gc,phases      ] GC(71) Scavenge 6.454ms
[2300.659s][debug][gc,ref         ] GC(71) ReferenceProcessor::execute queues: 1, RefProcThreadModel::Single, marks_oops_alive: false
[2300.659s][debug][gc,ref         ] GC(71) Skipped KeepAliveFinalRefsPhase of Reference Processing: no references
[2300.659s][debug][gc,ref         ] GC(71) ReferenceProcessor::execute queues: 1, RefProcThreadModel::Single, marks_oops_alive: false
[2300.659s][debug][gc,phases      ] GC(71) Reference Processing 0.117ms
[2300.659s][debug][gc,phases      ] GC(71)   VM Weak                        Min:  0.0, Avg:  0.0, Max:  0.0, Diff:  0.0, Sum:  0.0, Workers: 4
[2300.659s][debug][gc,phases      ] GC(71)     Dead                           Min: 0, Avg:  0.0, Max: 0, Diff: 0, Sum: 0, Workers: 4
[2300.659s][debug][gc,phases      ] GC(71)     Total                          Min: 128, Avg: 269.5, Max: 448, Diff: 320, Sum: 1078, Workers: 4
[2300.659s][debug][gc,phases      ] GC(71)   ObjectSynchronizer Weak        Min:  0.0, Avg:  0.0, Max:  0.0, Diff:  0.0, Sum:  0.0, Workers: 4
[2300.659s][debug][gc,phases      ] GC(71)     Dead                           Min: 0, Avg:  0.0, Max: 0, Diff: 0, Sum: 0, Workers: 4
[2300.659s][debug][gc,phases      ] GC(71)     Total                          Min: 0, Avg:  0.8, Max: 3, Diff: 3, Sum: 3, Workers: 4
[2300.660s][debug][gc,phases      ] GC(71)   JVMTI Tag Weak OopStorage      Min:  0.0, Avg:  0.0, Max:  0.0, Diff:  0.0, Sum:  0.0, Workers: 4
[2300.660s][debug][gc,phases      ] GC(71)     Dead                           Min: 0, Avg:  0.0, Max: 0, Diff: 0, Sum: 0, Workers: 4
[2300.660s][debug][gc,phases      ] GC(71)     Total                          Min: 0, Avg:  0.0, Max: 0, Diff: 0, Sum: 0, Workers: 4
[2300.660s][debug][gc,phases      ] GC(71)   StringTable Weak               Min:  0.1, Avg:  0.1, Max:  0.1, Diff:  0.0, Sum:  0.5, Workers: 4
[2300.660s][debug][gc,phases      ] GC(71)     Dead                           Min: 0, Avg:  0.2, Max: 1, Diff: 1, Sum: 1, Workers: 4
[2300.660s][debug][gc,phases      ] GC(71)     Total                          Min: 11373, Avg: 12491.2, Max: 14656, Diff: 3283, Sum: 49965, Workers: 4
[2300.660s][debug][gc,phases      ] GC(71)   ResolvedMethodTable Weak       Min:  0.0, Avg:  0.0, Max:  0.0, Diff:  0.0, Sum:  0.2, Workers: 4
[2300.660s][debug][gc,phases      ] GC(71)     Dead                           Min: 0, Avg:  4.2, Max: 16, Diff: 16, Sum: 17, Workers: 4
[2300.660s][debug][gc,phases      ] GC(71)     Total                          Min: 3686, Avg: 3976.5, Max: 4463, Diff: 777, Sum: 15906, Workers: 4
[2300.660s][debug][gc,phases      ] GC(71)   JNI Weak                       Min:  0.0, Avg:  0.0, Max:  0.0, Diff:  0.0, Sum:  0.0, Workers: 4
[2300.660s][debug][gc,phases      ] GC(71)     Dead                           Min: 0, Avg:  0.0, Max: 0, Diff: 0, Sum: 0, Workers: 4
[2300.660s][debug][gc,phases      ] GC(71)     Total                          Min: 0, Avg: 13.0, Max: 52, Diff: 52, Sum: 52, Workers: 4
[2300.660s][debug][gc,phases      ] GC(71)   StringDedup Table Weak         Min:  0.0, Avg:  0.0, Max:  0.0, Diff:  0.0, Sum:  0.0, Workers: 4
[2300.660s][debug][gc,phases      ] GC(71)     Dead                           Min: 0, Avg:  0.0, Max: 0, Diff: 0, Sum: 0, Workers: 4
[2300.660s][debug][gc,phases      ] GC(71)     Total                          Min: 0, Avg:  0.0, Max: 0, Diff: 0, Sum: 0, Workers: 4
[2300.660s][debug][gc,phases      ] GC(71)   StringDedup Requests0 Weak     Min:  0.0, Avg:  0.0, Max:  0.0, Diff:  0.0, Sum:  0.0, Workers: 4
[2300.660s][debug][gc,phases      ] GC(71)     Dead                           Min: 0, Avg:  0.0, Max: 0, Diff: 0, Sum: 0, Workers: 4
[2300.660s][debug][gc,phases      ] GC(71)     Total                          Min: 0, Avg:  0.0, Max: 0, Diff: 0, Sum: 0, Workers: 4
[2300.660s][debug][gc,phases      ] GC(71)   StringDedup Requests1 Weak     Min:  0.0, Avg:  0.0, Max:  0.0, Diff:  0.0, Sum:  0.0, Workers: 4
[2300.660s][debug][gc,phases      ] GC(71)     Dead                           Min: 0, Avg:  0.0, Max: 0, Diff: 0, Sum: 0, Workers: 4
[2300.660s][debug][gc,phases      ] GC(71)     Total                          Min: 0, Avg:  0.0, Max: 0, Diff: 0, Sum: 0, Workers: 4
[2300.660s][debug][gc,phases      ] GC(71)   Weak JFR Old Object Samples    Min:  0.0, Avg:  0.0, Max:  0.0, Diff:  0.0, Sum:  0.0, Workers: 4
[2300.660s][debug][gc,phases      ] GC(71)     Dead                           Min: 0, Avg:  0.0, Max: 0, Diff: 0, Sum: 0, Workers: 4
[2300.660s][debug][gc,phases      ] GC(71)     Total                          Min: 0, Avg:  0.0, Max: 0, Diff: 0, Sum: 0, Workers: 4
[2300.660s][debug][gc,phases      ] GC(71) Weak Processing 0.462ms
[2300.660s][debug][gc,age         ] GC(71) Desired survivor size 52953088 bytes, new threshold 1 (max threshold 15)
[2300.660s][info ][gc,heap        ] GC(71) PSYoungGen: 1990464K(2041856K)->3264K(2045440K) Eden: 1987584K(1987584K)->0K(1992192K) From: 2880K(54272K)->3264K(53248K)
[2300.660s][info ][gc,heap        ] GC(71) ParOldGen: 1228275K(1228288K)->1228763K(1228800K)
[2300.660s][info ][gc,metaspace   ] GC(71) Metaspace: 114010K(115456K)->114010K(115456K) NonClass: 96896K(97728K)->96896K(97728K) Class: 17113K(17728K)->17113K(17728K)
[2300.660s][info ][gc             ] GC(71) Pause Young (Allocation Failure) 3143M->1203M(3197M) 7.173ms
[2300.660s][info ][gc,cpu         ] GC(71) User=0.03s Sys=0.00s Real=0.01s
[2300.660s][info ][safepoint      ] Safepoint "ParallelGCFailedAllocation", Time since last: 368121826 ns, Reaching safepoint: 12001 ns, Cleanup: 6100 ns, At safepoint: 7292735 ns, Total: 7310836 ns
[2307.661s][info ][safepoint      ] Safepoint "Cleanup", Time since last: 7000705778 ns, Reaching safepoint: 11800 ns, Cleanup: 36000 ns, At safepoint: 4901 ns, Total: 52701 ns
[2308.661s][info ][safepoint      ] Safepoint "Cleanup", Time since last: 1000136292 ns, Reaching safepoint: 12201 ns, Cleanup: 15900 ns, At safepoint: 4200 ns, Total: 32301 ns
[2312.661s][info ][safepoint      ] Safepoint "Cleanup", Time since last: 4000488950 ns, Reaching safepoint: 12800 ns, Cleanup: 14401 ns, At safepoint: 3800 ns, Total: 31001 ns
[2320.662s][info ][safepoint      ] Safepoint "Cleanup", Time since last: 8000955990 ns, Reaching safepoint: 12501 ns, Cleanup: 16300 ns, At safepoint: 4000 ns, Total: 32801 ns
[2326.663s][info ][safepoint      ] Safepoint "Cleanup", Time since last: 6000550162 ns, Reaching safepoint: 12200 ns, Cleanup: 14900 ns, At safepoint: 28301 ns, Total: 55401 ns
[2328.663s][info ][safepoint      ] Safepoint "Cleanup", Time since last: 2000257647 ns, Reaching safepoint: 13000 ns, Cleanup: 13800 ns, At safepoint: 3700 ns, Total: 30500 ns
[2333.664s][info ][safepoint      ] Safepoint "Cleanup", Time since last: 5000743169 ns, Reaching safepoint: 16200 ns, Cleanup: 15400 ns, At safepoint: 7900 ns, Total: 39500 ns
[2345.310s][info ][safepoint      ] Safepoint "Cleanup", Time since last: 11645737059 ns, Reaching safepoint: 13400 ns, Cleanup: 12700 ns, At safepoint: 3900 ns, Total: 30000 ns
[2358.311s][info ][safepoint      ] Safepoint "Cleanup", Time since last: 13001402726 ns, Reaching safepoint: 13200 ns, Cleanup: 14200 ns, At safepoint: 30801 ns, Total: 58201 ns
[2362.312s][info ][safepoint      ] Safepoint "Cleanup", Time since last: 4000516502 ns, Reaching safepoint: 11900 ns, Cleanup: 14200 ns, At safepoint: 4100 ns, Total: 30200 ns
[2366.312s][info ][safepoint      ] Safepoint "Cleanup", Time since last: 4000472400 ns, Reaching safepoint: 13200 ns, Cleanup: 15701 ns, At safepoint: 3200 ns, Total: 32101 ns
[2372.479s][info ][gc,start       ] GC(72) Pause Young (Allocation Failure)
[2372.486s][debug][gc,phases      ] GC(72) Scavenge 7.053ms
[2372.486s][debug][gc,ref         ] GC(72) ReferenceProcessor::execute queues: 1, RefProcThreadModel::Single, marks_oops_alive: false
[2372.486s][debug][gc,ref         ] GC(72) Skipped KeepAliveFinalRefsPhase of Reference Processing: no references
[2372.486s][debug][gc,ref         ] GC(72) ReferenceProcessor::execute queues: 1, RefProcThreadModel::Single, marks_oops_alive: false
[2372.486s][debug][gc,phases      ] GC(72) Reference Processing 0.137ms
[2372.486s][debug][gc,phases      ] GC(72)   VM Weak                        Min:  0.0, Avg:  0.0, Max:  0.0, Diff:  0.0, Sum:  0.0, Workers: 4
[2372.486s][debug][gc,phases      ] GC(72)     Dead                           Min: 0, Avg:  0.0, Max: 0, Diff: 0, Sum: 0, Workers: 4
[2372.486s][debug][gc,phases      ] GC(72)     Total                          Min: 0, Avg: 269.5, Max: 758, Diff: 758, Sum: 1078, Workers: 4
[2372.486s][debug][gc,phases      ] GC(72)   ObjectSynchronizer Weak        Min:  0.0, Avg:  0.0, Max:  0.0, Diff:  0.0, Sum:  0.0, Workers: 4
[2372.486s][debug][gc,phases      ] GC(72)     Dead                           Min: 0, Avg:  0.0, Max: 0, Diff: 0, Sum: 0, Workers: 4
[2372.486s][debug][gc,phases      ] GC(72)     Total                          Min: 0, Avg:  1.0, Max: 4, Diff: 4, Sum: 4, Workers: 4
[2372.486s][debug][gc,phases      ] GC(72)   JVMTI Tag Weak OopStorage      Min:  0.0, Avg:  0.0, Max:  0.0, Diff:  0.0, Sum:  0.0, Workers: 4
[2372.486s][debug][gc,phases      ] GC(72)     Dead                           Min: 0, Avg:  0.0, Max: 0, Diff: 0, Sum: 0, Workers: 4
[2372.486s][debug][gc,phases      ] GC(72)     Total                          Min: 0, Avg:  0.0, Max: 0, Diff: 0, Sum: 0, Workers: 4
[2372.486s][debug][gc,phases      ] GC(72)   StringTable Weak               Min:  0.1, Avg:  0.1, Max:  0.1, Diff:  0.0, Sum:  0.5, Workers: 4
[2372.486s][debug][gc,phases      ] GC(72)     Dead                           Min: 0, Avg:  0.0, Max: 0, Diff: 0, Sum: 0, Workers: 4
[2372.486s][debug][gc,phases      ] GC(72)     Total                          Min: 9983, Avg: 12494.2, Max: 14586, Diff: 4603, Sum: 49977, Workers: 4
[2372.486s][debug][gc,phases      ] GC(72)   ResolvedMethodTable Weak       Min:  0.0, Avg:  0.0, Max:  0.0, Diff:  0.0, Sum:  0.2, Workers: 4
[2372.486s][debug][gc,phases      ] GC(72)     Dead                           Min: 0, Avg:  4.0, Max: 11, Diff: 11, Sum: 16, Workers: 4
[2372.486s][debug][gc,phases      ] GC(72)     Total                          Min: 3539, Avg: 3976.5, Max: 4469, Diff: 930, Sum: 15906, Workers: 4
[2372.486s][debug][gc,phases      ] GC(72)   JNI Weak                       Min:  0.0, Avg:  0.0, Max:  0.0, Diff:  0.0, Sum:  0.0, Workers: 4
[2372.486s][debug][gc,phases      ] GC(72)     Dead                           Min: 0, Avg:  0.0, Max: 0, Diff: 0, Sum: 0, Workers: 4
[2372.486s][debug][gc,phases      ] GC(72)     Total                          Min: 0, Avg: 13.0, Max: 52, Diff: 52, Sum: 52, Workers: 4
[2372.486s][debug][gc,phases      ] GC(72)   StringDedup Table Weak         Min:  0.0, Avg:  0.0, Max:  0.0, Diff:  0.0, Sum:  0.0, Workers: 4
[2372.486s][debug][gc,phases      ] GC(72)     Dead                           Min: 0, Avg:  0.0, Max: 0, Diff: 0, Sum: 0, Workers: 4
[2372.486s][debug][gc,phases      ] GC(72)     Total                          Min: 0, Avg:  0.0, Max: 0, Diff: 0, Sum: 0, Workers: 4
[2372.486s][debug][gc,phases      ] GC(72)   StringDedup Requests0 Weak     Min:  0.0, Avg:  0.0, Max:  0.0, Diff:  0.0, Sum:  0.0, Workers: 4
[2372.486s][debug][gc,phases      ] GC(72)     Dead                           Min: 0, Avg:  0.0, Max: 0, Diff: 0, Sum: 0, Workers: 4
[2372.486s][debug][gc,phases      ] GC(72)     Total                          Min: 0, Avg:  0.0, Max: 0, Diff: 0, Sum: 0, Workers: 4
[2372.486s][debug][gc,phases      ] GC(72)   StringDedup Requests1 Weak     Min:  0.0, Avg:  0.0, Max:  0.0, Diff:  0.0, Sum:  0.0, Workers: 4
[2372.486s][debug][gc,phases      ] GC(72)     Dead                           Min: 0, Avg:  0.0, Max: 0, Diff: 0, Sum: 0, Workers: 4
[2372.486s][debug][gc,phases      ] GC(72)     Total                          Min: 0, Avg:  0.0, Max: 0, Diff: 0, Sum: 0, Workers: 4
[2372.486s][debug][gc,phases      ] GC(72)   Weak JFR Old Object Samples    Min:  0.0, Avg:  0.0, Max:  0.0, Diff:  0.0, Sum:  0.0, Workers: 4
[2372.486s][debug][gc,phases      ] GC(72)     Dead                           Min: 0, Avg:  0.0, Max: 0, Diff: 0, Sum: 0, Workers: 4
[2372.486s][debug][gc,phases      ] GC(72)     Total                          Min: 0, Avg:  0.0, Max: 0, Diff: 0, Sum: 0, Workers: 4
[2372.486s][debug][gc,phases      ] GC(72) Weak Processing 0.376ms
[2372.486s][debug][gc,age         ] GC(72) Desired survivor size 50855936 bytes, new threshold 1 (max threshold 15)
[2372.486s][info ][gc,heap        ] GC(72) PSYoungGen: 1995456K(2045440K)->3552K(2043904K) Eden: 1992192K(1992192K)->0K(1992192K) From: 3264K(53248K)->3552K(51712K)
[2372.486s][info ][gc,heap        ] GC(72) ParOldGen: 1228763K(1228800K)->1229335K(1229824K)
[2372.486s][info ][gc,metaspace   ] GC(72) Metaspace: 114033K(115520K)->114033K(115520K) NonClass: 96920K(97792K)->96920K(97792K) Class: 17113K(17728K)->17113K(17728K)
[2372.486s][info ][gc             ] GC(72) Pause Young (Allocation Failure) 3148M->1203M(3197M) 7.774ms
[2372.486s][info ][gc,cpu         ] GC(72) User=0.03s Sys=0.00s Real=0.00s
[2372.486s][info ][safepoint      ] Safepoint "ParallelGCFailedAllocation", Time since last: 6166200799 ns, Reaching safepoint: 85201 ns, Cleanup: 6400 ns, At safepoint: 7880546 ns, Total: 7972147 ns
[2401.337s][info ][safepoint      ] Safepoint "Cleanup", Time since last: 28850419155 ns, Reaching safepoint: 5500 ns, Cleanup: 10801 ns, At safepoint: 4300 ns, Total: 20601 ns
[2409.338s][info ][safepoint      ] Safepoint "Cleanup", Time since last: 8001147335 ns, Reaching safepoint: 11600 ns, Cleanup: 14400 ns, At safepoint: 3100 ns, Total: 29100 ns
[2411.338s][info ][safepoint      ] Safepoint "Cleanup", Time since last: 2000392203 ns, Reaching safepoint: 13900 ns, Cleanup: 16800 ns, At safepoint: 3800 ns, Total: 34500 ns
[2415.339s][info ][safepoint      ] Safepoint "Cleanup", Time since last: 4000467582 ns, Reaching safepoint: 12400 ns, Cleanup: 14300 ns, At safepoint: 3400 ns, Total: 30100 ns
[2418.339s][info ][safepoint      ] Safepoint "Cleanup", Time since last: 3000458038 ns, Reaching safepoint: 11200 ns, Cleanup: 10500 ns, At safepoint: 4300 ns, Total: 26000 ns
[2420.340s][info ][safepoint      ] Safepoint "Cleanup", Time since last: 2000339059 ns, Reaching safepoint: 14401 ns, Cleanup: 13700 ns, At safepoint: 4300 ns, Total: 32401 ns
[2423.340s][info ][safepoint      ] Safepoint "Cleanup", Time since last: 3000442016 ns, Reaching safepoint: 14101 ns, Cleanup: 16700 ns, At safepoint: 4500 ns, Total: 35301 ns
[2430.341s][info ][safepoint      ] Safepoint "Cleanup", Time since last: 7000852607 ns, Reaching safepoint: 12701 ns, Cleanup: 19700 ns, At safepoint: 3100 ns, Total: 35501 ns
[2443.343s][info ][safepoint      ] Safepoint "Cleanup", Time since last: 13001451082 ns, Reaching safepoint: 12000 ns, Cleanup: 12900 ns, At safepoint: 3100 ns, Total: 28000 ns
[2443.978s][info ][gc,start       ] GC(73) Pause Young (Allocation Failure)
[2443.984s][debug][gc,phases      ] GC(73) Scavenge 5.994ms
[2443.984s][debug][gc,ref         ] GC(73) ReferenceProcessor::execute queues: 1, RefProcThreadModel::Single, marks_oops_alive: false
[2443.984s][debug][gc,ref         ] GC(73) Skipped KeepAliveFinalRefsPhase of Reference Processing: no references
[2443.984s][debug][gc,ref         ] GC(73) ReferenceProcessor::execute queues: 1, RefProcThreadModel::Single, marks_oops_alive: false
[2443.984s][debug][gc,phases      ] GC(73) Reference Processing 0.102ms
[2443.984s][debug][gc,phases      ] GC(73)   VM Weak                        Min:  0.0, Avg:  0.0, Max:  0.0, Diff:  0.0, Sum:  0.0, Workers: 4
[2443.984s][debug][gc,phases      ] GC(73)     Dead                           Min: 0, Avg:  0.0, Max: 0, Diff: 0, Sum: 0, Workers: 4
[2443.984s][debug][gc,phases      ] GC(73)     Total                          Min: 0, Avg: 269.5, Max: 630, Diff: 630, Sum: 1078, Workers: 4
[2443.984s][debug][gc,phases      ] GC(73)   ObjectSynchronizer Weak        Min:  0.0, Avg:  0.0, Max:  0.0, Diff:  0.0, Sum:  0.0, Workers: 4
[2443.984s][debug][gc,phases      ] GC(73)     Dead                           Min: 0, Avg:  0.0, Max: 0, Diff: 0, Sum: 0, Workers: 4
[2443.984s][debug][gc,phases      ] GC(73)     Total                          Min: 0, Avg:  1.0, Max: 4, Diff: 4, Sum: 4, Workers: 4
[2443.985s][debug][gc,phases      ] GC(73)   JVMTI Tag Weak OopStorage      Min:  0.0, Avg:  0.0, Max:  0.0, Diff:  0.0, Sum:  0.0, Workers: 4
[2443.985s][debug][gc,phases      ] GC(73)     Dead                           Min: 0, Avg:  0.0, Max: 0, Diff: 0, Sum: 0, Workers: 4
[2443.985s][debug][gc,phases      ] GC(73)     Total                          Min: 0, Avg:  0.0, Max: 0, Diff: 0, Sum: 0, Workers: 4
[2443.985s][debug][gc,phases      ] GC(73)   StringTable Weak               Min:  0.1, Avg:  0.1, Max:  0.1, Diff:  0.0, Sum:  0.5, Workers: 4
[2443.985s][debug][gc,phases      ] GC(73)     Dead                           Min: 0, Avg:  0.0, Max: 0, Diff: 0, Sum: 0, Workers: 4
[2443.985s][debug][gc,phases      ] GC(73)     Total                          Min: 10687, Avg: 12494.5, Max: 14784, Diff: 4097, Sum: 49978, Workers: 4
[2443.985s][debug][gc,phases      ] GC(73)   ResolvedMethodTable Weak       Min:  0.0, Avg:  0.0, Max:  0.0, Diff:  0.0, Sum:  0.2, Workers: 4
[2443.985s][debug][gc,phases      ] GC(73)     Dead                           Min: 0, Avg:  4.0, Max: 8, Diff: 8, Sum: 16, Workers: 4
[2443.985s][debug][gc,phases      ] GC(73)     Total                          Min: 3528, Avg: 3977.0, Max: 4624, Diff: 1096, Sum: 15908, Workers: 4
[2443.985s][debug][gc,phases      ] GC(73)   JNI Weak                       Min:  0.0, Avg:  0.0, Max:  0.0, Diff:  0.0, Sum:  0.0, Workers: 4
[2443.985s][debug][gc,phases      ] GC(73)     Dead                           Min: 0, Avg:  0.0, Max: 0, Diff: 0, Sum: 0, Workers: 4
[2443.985s][debug][gc,phases      ] GC(73)     Total                          Min: 0, Avg: 13.0, Max: 52, Diff: 52, Sum: 52, Workers: 4
[2443.985s][debug][gc,phases      ] GC(73)   StringDedup Table Weak         Min:  0.0, Avg:  0.0, Max:  0.0, Diff:  0.0, Sum:  0.0, Workers: 4
[2443.985s][debug][gc,phases      ] GC(73)     Dead                           Min: 0, Avg:  0.0, Max: 0, Diff: 0, Sum: 0, Workers: 4
[2443.985s][debug][gc,phases      ] GC(73)     Total                          Min: 0, Avg:  0.0, Max: 0, Diff: 0, Sum: 0, Workers: 4
[2443.985s][debug][gc,phases      ] GC(73)   StringDedup Requests0 Weak     Min:  0.0, Avg:  0.0, Max:  0.0, Diff:  0.0, Sum:  0.0, Workers: 4
[2443.985s][debug][gc,phases      ] GC(73)     Dead                           Min: 0, Avg:  0.0, Max: 0, Diff: 0, Sum: 0, Workers: 4
[2443.985s][debug][gc,phases      ] GC(73)     Total                          Min: 0, Avg:  0.0, Max: 0, Diff: 0, Sum: 0, Workers: 4
[2443.985s][debug][gc,phases      ] GC(73)   StringDedup Requests1 Weak     Min:  0.0, Avg:  0.0, Max:  0.0, Diff:  0.0, Sum:  0.0, Workers: 4
[2443.985s][debug][gc,phases      ] GC(73)     Dead                           Min: 0, Avg:  0.0, Max: 0, Diff: 0, Sum: 0, Workers: 4
[2443.985s][debug][gc,phases      ] GC(73)     Total                          Min: 0, Avg:  0.0, Max: 0, Diff: 0, Sum: 0, Workers: 4
[2443.985s][debug][gc,phases      ] GC(73)   Weak JFR Old Object Samples    Min:  0.0, Avg:  0.0, Max:  0.0, Diff:  0.0, Sum:  0.0, Workers: 4
[2443.985s][debug][gc,phases      ] GC(73)     Dead                           Min: 0, Avg:  0.0, Max: 0, Diff: 0, Sum: 0, Workers: 4
[2443.985s][debug][gc,phases      ] GC(73)     Total                          Min: 0, Avg:  0.0, Max: 0, Diff: 0, Sum: 0, Workers: 4
[2443.985s][debug][gc,phases      ] GC(73) Weak Processing 0.383ms
[2443.985s][debug][gc,age         ] GC(73) Desired survivor size 49283072 bytes, new threshold 1 (max threshold 15)
[2443.985s][info ][gc,heap        ] GC(73) PSYoungGen: 1995744K(2043904K)->3264K(2049024K) Eden: 1992192K(1992192K)->0K(1999360K) From: 3552K(51712K)->3264K(49664K)
[2443.985s][info ][gc,heap        ] GC(73) ParOldGen: 1229335K(1229824K)->1230091K(1230336K)
[2443.985s][info ][gc,metaspace   ] GC(73) Metaspace: 114046K(115520K)->114046K(115520K) NonClass: 96931K(97792K)->96931K(97792K) Class: 17114K(17728K)->17114K(17728K)
[2443.985s][info ][gc             ] GC(73) Pause Young (Allocation Failure) 3149M->1204M(3202M) 6.609ms
[2443.985s][info ][gc,cpu         ] GC(73) User=0.02s Sys=0.00s Real=0.01s
[2443.985s][info ][safepoint      ] Safepoint "ParallelGCFailedAllocation", Time since last: 635324742 ns, Reaching safepoint: 93602 ns, Cleanup: 6200 ns, At safepoint: 6703323 ns, Total: 6803125 ns
[2450.985s][info ][safepoint      ] Safepoint "Cleanup", Time since last: 7000733800 ns, Reaching safepoint: 13800 ns, Cleanup: 16601 ns, At safepoint: 4800 ns, Total: 35201 ns
[2451.986s][info ][safepoint      ] Safepoint "Cleanup", Time since last: 1000158860 ns, Reaching safepoint: 12400 ns, Cleanup: 17800 ns, At safepoint: 4000 ns, Total: 34200 ns
[2452.986s][info ][safepoint      ] Safepoint "Cleanup", Time since last: 1000195161 ns, Reaching safepoint: 13800 ns, Cleanup: 10600 ns, At safepoint: 3800 ns, Total: 28200 ns
[2453.986s][info ][safepoint      ] Safepoint "Cleanup", Time since last: 1000193961 ns, Reaching safepoint: 12900 ns, Cleanup: 14200 ns, At safepoint: 3200 ns, Total: 30300 ns
[2454.986s][info ][safepoint      ] Safepoint "Cleanup", Time since last: 1000185783 ns, Reaching safepoint: 13200 ns, Cleanup: 13400 ns, At safepoint: 3800 ns, Total: 30400 ns
[2455.986s][info ][safepoint      ] Safepoint "Cleanup", Time since last: 1000131495 ns, Reaching safepoint: 12900 ns, Cleanup: 12400 ns, At safepoint: 3400 ns, Total: 28700 ns
[2456.987s][info ][safepoint      ] Safepoint "Cleanup", Time since last: 1000139995 ns, Reaching safepoint: 82101 ns, Cleanup: 13101 ns, At safepoint: 6500 ns, Total: 101702 ns
[2457.987s][info ][safepoint      ] Safepoint "Cleanup", Time since last: 1000185595 ns, Reaching safepoint: 12200 ns, Cleanup: 17901 ns, At safepoint: 3900 ns, Total: 34001 ns
[2459.987s][info ][safepoint      ] Safepoint "Cleanup", Time since last: 2000317989 ns, Reaching safepoint: 13300 ns, Cleanup: 13301 ns, At safepoint: 3800 ns, Total: 30401 ns
[2460.987s][info ][safepoint      ] Safepoint "Cleanup", Time since last: 1000123794 ns, Reaching safepoint: 12300 ns, Cleanup: 12800 ns, At safepoint: 3200 ns, Total: 28300 ns
[2462.366s][info ][safepoint      ] Safepoint "Cleanup", Time since last: 1378781597 ns, Reaching safepoint: 16800 ns, Cleanup: 16800 ns, At safepoint: 4800 ns, Total: 38400 ns
[2463.366s][info ][safepoint      ] Safepoint "Cleanup", Time since last: 1000130568 ns, Reaching safepoint: 14300 ns, Cleanup: 15501 ns, At safepoint: 3800 ns, Total: 33601 ns
[2464.367s][info ][safepoint      ] Safepoint "Cleanup", Time since last: 1000201869 ns, Reaching safepoint: 13700 ns, Cleanup: 17800 ns, At safepoint: 3700 ns, Total: 35200 ns
[2470.368s][info ][safepoint      ] Safepoint "Cleanup", Time since last: 6000857908 ns, Reaching safepoint: 13200 ns, Cleanup: 12400 ns, At safepoint: 4400 ns, Total: 30000 ns
[2471.368s][info ][safepoint      ] Safepoint "Cleanup", Time since last: 1000131596 ns, Reaching safepoint: 12400 ns, Cleanup: 13300 ns, At safepoint: 3100 ns, Total: 28800 ns
[2474.368s][info ][safepoint      ] Safepoint "Cleanup", Time since last: 3000444689 ns, Reaching safepoint: 12700 ns, Cleanup: 13101 ns, At safepoint: 3600 ns, Total: 29401 ns
[2478.369s][info ][safepoint      ] Safepoint "Cleanup", Time since last: 4000576585 ns, Reaching safepoint: 12000 ns, Cleanup: 14200 ns, At safepoint: 3700 ns, Total: 29900 ns
[2481.369s][info ][safepoint      ] Safepoint "Cleanup", Time since last: 3000449544 ns, Reaching safepoint: 13600 ns, Cleanup: 12501 ns, At safepoint: 3200 ns, Total: 29301 ns
[2492.928s][info ][gc,start       ] GC(74) Pause Young (Allocation Failure)
[2492.939s][debug][gc,phases      ] GC(74) Scavenge 10.958ms
[2492.939s][debug][gc,ref         ] GC(74) ReferenceProcessor::execute queues: 1, RefProcThreadModel::Single, marks_oops_alive: false
[2492.939s][debug][gc,ref         ] GC(74) Skipped KeepAliveFinalRefsPhase of Reference Processing: no references
[2492.939s][debug][gc,ref         ] GC(74) ReferenceProcessor::execute queues: 1, RefProcThreadModel::Single, marks_oops_alive: false
[2492.939s][debug][gc,phases      ] GC(74) Reference Processing 0.109ms
[2492.940s][debug][gc,phases      ] GC(74)   VM Weak                        Min:  0.0, Avg:  0.0, Max:  0.0, Diff:  0.0, Sum:  0.0, Workers: 4
[2492.940s][debug][gc,phases      ] GC(74)     Dead                           Min: 0, Avg:  0.0, Max: 0, Diff: 0, Sum: 0, Workers: 4
[2492.940s][debug][gc,phases      ] GC(74)     Total                          Min: 0, Avg: 273.8, Max: 896, Diff: 896, Sum: 1095, Workers: 4
[2492.940s][debug][gc,phases      ] GC(74)   ObjectSynchronizer Weak        Min:  0.0, Avg:  0.0, Max:  0.0, Diff:  0.0, Sum:  0.0, Workers: 4
[2492.940s][debug][gc,phases      ] GC(74)     Dead                           Min: 0, Avg:  0.0, Max: 0, Diff: 0, Sum: 0, Workers: 4
[2492.940s][debug][gc,phases      ] GC(74)     Total                          Min: 0, Avg:  1.5, Max: 6, Diff: 6, Sum: 6, Workers: 4
[2492.940s][debug][gc,phases      ] GC(74)   JVMTI Tag Weak OopStorage      Min:  0.0, Avg:  0.0, Max:  0.0, Diff:  0.0, Sum:  0.0, Workers: 4
[2492.940s][debug][gc,phases      ] GC(74)     Dead                           Min: 0, Avg:  0.0, Max: 0, Diff: 0, Sum: 0, Workers: 4
[2492.940s][debug][gc,phases      ] GC(74)     Total                          Min: 0, Avg:  0.0, Max: 0, Diff: 0, Sum: 0, Workers: 4
[2492.940s][debug][gc,phases      ] GC(74)   StringTable Weak               Min:  0.1, Avg:  0.1, Max:  0.1, Diff:  0.0, Sum:  0.5, Workers: 4
[2492.940s][debug][gc,phases      ] GC(74)     Dead                           Min: 0, Avg:  0.2, Max: 1, Diff: 1, Sum: 1, Workers: 4
[2492.940s][debug][gc,phases      ] GC(74)     Total                          Min: 10843, Avg: 12502.8, Max: 14080, Diff: 3237, Sum: 50011, Workers: 4
[2492.940s][debug][gc,phases      ] GC(74)   ResolvedMethodTable Weak       Min:  0.0, Avg:  0.0, Max:  0.0, Diff:  0.0, Sum:  0.2, Workers: 4
[2492.940s][debug][gc,phases      ] GC(74)     Dead                           Min: 0, Avg:  6.2, Max: 20, Diff: 20, Sum: 25, Workers: 4
[2492.940s][debug][gc,phases      ] GC(74)     Total                          Min: 3716, Avg: 3999.8, Max: 4404, Diff: 688, Sum: 15999, Workers: 4
[2492.940s][debug][gc,phases      ] GC(74)   JNI Weak                       Min:  0.0, Avg:  0.0, Max:  0.0, Diff:  0.0, Sum:  0.0, Workers: 4
[2492.940s][debug][gc,phases      ] GC(74)     Dead                           Min: 0, Avg:  0.0, Max: 0, Diff: 0, Sum: 0, Workers: 4
[2492.940s][debug][gc,phases      ] GC(74)     Total                          Min: 0, Avg: 13.0, Max: 52, Diff: 52, Sum: 52, Workers: 4
[2492.940s][debug][gc,phases      ] GC(74)   StringDedup Table Weak         Min:  0.0, Avg:  0.0, Max:  0.0, Diff:  0.0, Sum:  0.0, Workers: 4
[2492.940s][debug][gc,phases      ] GC(74)     Dead                           Min: 0, Avg:  0.0, Max: 0, Diff: 0, Sum: 0, Workers: 4
[2492.940s][debug][gc,phases      ] GC(74)     Total                          Min: 0, Avg:  0.0, Max: 0, Diff: 0, Sum: 0, Workers: 4
[2492.940s][debug][gc,phases      ] GC(74)   StringDedup Requests0 Weak     Min:  0.0, Avg:  0.0, Max:  0.0, Diff:  0.0, Sum:  0.0, Workers: 4
[2492.940s][debug][gc,phases      ] GC(74)     Dead                           Min: 0, Avg:  0.0, Max: 0, Diff: 0, Sum: 0, Workers: 4
[2492.940s][debug][gc,phases      ] GC(74)     Total                          Min: 0, Avg:  0.0, Max: 0, Diff: 0, Sum: 0, Workers: 4
[2492.940s][debug][gc,phases      ] GC(74)   StringDedup Requests1 Weak     Min:  0.0, Avg:  0.0, Max:  0.0, Diff:  0.0, Sum:  0.0, Workers: 4
[2492.940s][debug][gc,phases      ] GC(74)     Dead                           Min: 0, Avg:  0.0, Max: 0, Diff: 0, Sum: 0, Workers: 4
[2492.940s][debug][gc,phases      ] GC(74)     Total                          Min: 0, Avg:  0.0, Max: 0, Diff: 0, Sum: 0, Workers: 4
[2492.940s][debug][gc,phases      ] GC(74)   Weak JFR Old Object Samples    Min:  0.0, Avg:  0.0, Max:  0.0, Diff:  0.0, Sum:  0.0, Workers: 4
[2492.940s][debug][gc,phases      ] GC(74)     Dead                           Min: 0, Avg:  0.0, Max: 0, Diff: 0, Sum: 0, Workers: 4
[2492.940s][debug][gc,phases      ] GC(74)     Total                          Min: 0, Avg:  0.0, Max: 0, Diff: 0, Sum: 0, Workers: 4
[2492.940s][debug][gc,phases      ] GC(74) Weak Processing 0.354ms
[2492.940s][debug][gc,age         ] GC(74) Desired survivor size 46137344 bytes, new threshold 1 (max threshold 15)
[2492.940s][info ][gc,heap        ] GC(74) PSYoungGen: 2002624K(2049024K)->13360K(2047488K) Eden: 1999360K(1999360K)->0K(1999360K) From: 3264K(49664K)->13360K(48128K)
[2492.940s][info ][gc,heap        ] GC(74) ParOldGen: 1230091K(1230336K)->1231027K(1231360K)
[2492.940s][info ][gc,metaspace   ] GC(74) Metaspace: 114263K(115776K)->114263K(115776K) NonClass: 97122K(97984K)->97122K(97984K) Class: 17140K(17792K)->17140K(17792K)
[2492.940s][info ][gc             ] GC(74) Pause Young (Allocation Failure) 3156M->1215M(3202M) 11.563ms
[2492.940s][info ][gc,cpu         ] GC(74) User=0.04s Sys=0.00s Real=0.02s
[2492.940s][info ][safepoint      ] Safepoint "ParallelGCFailedAllocation", Time since last: 11558873569 ns, Reaching safepoint: 87702 ns, Cleanup: 5200 ns, At safepoint: 11655021 ns, Total: 11747923 ns
[2499.941s][info ][safepoint      ] Safepoint "Cleanup", Time since last: 7000737465 ns, Reaching safepoint: 12001 ns, Cleanup: 12000 ns, At safepoint: 2800 ns, Total: 26801 ns
[2500.941s][info ][safepoint      ] Safepoint "Cleanup", Time since last: 1000239624 ns, Reaching safepoint: 18500 ns, Cleanup: 16200 ns, At safepoint: 7300 ns, Total: 42000 ns
[2502.941s][info ][safepoint      ] Safepoint "Cleanup", Time since last: 2000339749 ns, Reaching safepoint: 18800 ns, Cleanup: 19700 ns, At safepoint: 7800 ns, Total: 46300 ns
[2508.942s][info ][safepoint      ] Safepoint "Cleanup", Time since last: 6000573527 ns, Reaching safepoint: 82601 ns, Cleanup: 19901 ns, At safepoint: 6500 ns, Total: 109002 ns
[2509.942s][info ][safepoint      ] Safepoint "Cleanup", Time since last: 1000197140 ns, Reaching safepoint: 11600 ns, Cleanup: 15800 ns, At safepoint: 3900 ns, Total: 31300 ns
[2510.942s][info ][safepoint      ] Safepoint "Cleanup", Time since last: 1000181015 ns, Reaching safepoint: 13501 ns, Cleanup: 13400 ns, At safepoint: 30301 ns, Total: 57202 ns
[2511.943s][info ][safepoint      ] Safepoint "Cleanup", Time since last: 1000226373 ns, Reaching safepoint: 12701 ns, Cleanup: 33000 ns, At safepoint: 4600 ns, Total: 50301 ns
[2512.943s][info ][safepoint      ] Safepoint "Cleanup", Time since last: 1000124372 ns, Reaching safepoint: 12100 ns, Cleanup: 15301 ns, At safepoint: 2800 ns, Total: 30201 ns
[2516.943s][info ][safepoint      ] Safepoint "Cleanup", Time since last: 4000421586 ns, Reaching safepoint: 12100 ns, Cleanup: 13400 ns, At safepoint: 3600 ns, Total: 29100 ns
[2517.944s][info ][safepoint      ] Safepoint "Cleanup", Time since last: 1000124472 ns, Reaching safepoint: 30000 ns, Cleanup: 20501 ns, At safepoint: 3500 ns, Total: 54001 ns
[2518.944s][info ][safepoint      ] Safepoint "Cleanup", Time since last: 1000109662 ns, Reaching safepoint: 14000 ns, Cleanup: 13401 ns, At safepoint: 3100 ns, Total: 30501 ns
[2519.944s][info ][safepoint      ] Safepoint "Cleanup", Time since last: 1000152770 ns, Reaching safepoint: 18700 ns, Cleanup: 22600 ns, At safepoint: 7001 ns, Total: 48301 ns
[2520.944s][info ][safepoint      ] Safepoint "Cleanup", Time since last: 1000145469 ns, Reaching safepoint: 18601 ns, Cleanup: 13300 ns, At safepoint: 7200 ns, Total: 39101 ns
[2522.392s][info ][safepoint      ] Safepoint "Cleanup", Time since last: 1448276990 ns, Reaching safepoint: 19301 ns, Cleanup: 33700 ns, At safepoint: 4500 ns, Total: 57501 ns
[2527.393s][info ][safepoint      ] Safepoint "Cleanup", Time since last: 5000627975 ns, Reaching safepoint: 18702 ns, Cleanup: 24202 ns, At safepoint: 7501 ns, Total: 50405 ns
[2528.393s][info ][safepoint      ] Safepoint "Cleanup", Time since last: 1000216513 ns, Reaching safepoint: 12000 ns, Cleanup: 11401 ns, At safepoint: 3700 ns, Total: 27101 ns
[2529.393s][info ][safepoint      ] Safepoint "Cleanup", Time since last: 1000130823 ns, Reaching safepoint: 13100 ns, Cleanup: 15601 ns, At safepoint: 3400 ns, Total: 32101 ns
[2532.350s][info ][gc,start       ] GC(75) Pause Young (Allocation Failure)
[2532.366s][debug][gc,phases      ] GC(75) Scavenge 16.339ms
[2532.366s][debug][gc,ref         ] GC(75) ReferenceProcessor::execute queues: 1, RefProcThreadModel::Single, marks_oops_alive: false
[2532.366s][debug][gc,ref         ] GC(75) Skipped KeepAliveFinalRefsPhase of Reference Processing: no references
[2532.366s][debug][gc,ref         ] GC(75) ReferenceProcessor::execute queues: 1, RefProcThreadModel::Single, marks_oops_alive: false
[2532.366s][debug][gc,phases      ] GC(75) Reference Processing 0.101ms
[2532.367s][debug][gc,phases      ] GC(75)   VM Weak                        Min:  0.0, Avg:  0.0, Max:  0.0, Diff:  0.0, Sum:  0.0, Workers: 4
[2532.367s][debug][gc,phases      ] GC(75)     Dead                           Min: 0, Avg:  0.0, Max: 0, Diff: 0, Sum: 0, Workers: 4
[2532.367s][debug][gc,phases      ] GC(75)     Total                          Min: 0, Avg: 275.0, Max: 704, Diff: 704, Sum: 1100, Workers: 4
[2532.367s][debug][gc,phases      ] GC(75)   ObjectSynchronizer Weak        Min:  0.0, Avg:  0.0, Max:  0.0, Diff:  0.0, Sum:  0.0, Workers: 4
[2532.367s][debug][gc,phases      ] GC(75)     Dead                           Min: 0, Avg:  0.0, Max: 0, Diff: 0, Sum: 0, Workers: 4
[2532.367s][debug][gc,phases      ] GC(75)     Total                          Min: 0, Avg:  1.5, Max: 6, Diff: 6, Sum: 6, Workers: 4
[2532.367s][debug][gc,phases      ] GC(75)   JVMTI Tag Weak OopStorage      Min:  0.0, Avg:  0.0, Max:  0.0, Diff:  0.0, Sum:  0.0, Workers: 4
[2532.367s][debug][gc,phases      ] GC(75)     Dead                           Min: 0, Avg:  0.0, Max: 0, Diff: 0, Sum: 0, Workers: 4
[2532.367s][debug][gc,phases      ] GC(75)     Total                          Min: 0, Avg:  0.0, Max: 0, Diff: 0, Sum: 0, Workers: 4
[2532.367s][debug][gc,phases      ] GC(75)   StringTable Weak               Min:  0.1, Avg:  0.1, Max:  0.1, Diff:  0.0, Sum:  0.5, Workers: 4
[2532.367s][debug][gc,phases      ] GC(75)     Dead                           Min: 0, Avg:  0.2, Max: 1, Diff: 1, Sum: 1, Workers: 4
[2532.367s][debug][gc,phases      ] GC(75)     Total                          Min: 11328, Avg: 12509.5, Max: 13823, Diff: 2495, Sum: 50038, Workers: 4
[2532.367s][debug][gc,phases      ] GC(75)   ResolvedMethodTable Weak       Min:  0.1, Avg:  0.1, Max:  0.1, Diff:  0.0, Sum:  0.2, Workers: 4
[2532.367s][debug][gc,phases      ] GC(75)     Dead                           Min: 0, Avg:  5.2, Max: 11, Diff: 11, Sum: 21, Workers: 4
[2532.367s][debug][gc,phases      ] GC(75)     Total                          Min: 3566, Avg: 4009.8, Max: 4902, Diff: 1336, Sum: 16039, Workers: 4
[2532.367s][debug][gc,phases      ] GC(75)   JNI Weak                       Min:  0.0, Avg:  0.0, Max:  0.0, Diff:  0.0, Sum:  0.0, Workers: 4
[2532.367s][debug][gc,phases      ] GC(75)     Dead                           Min: 0, Avg:  0.0, Max: 0, Diff: 0, Sum: 0, Workers: 4
[2532.367s][debug][gc,phases      ] GC(75)     Total                          Min: 0, Avg: 13.0, Max: 52, Diff: 52, Sum: 52, Workers: 4
[2532.367s][debug][gc,phases      ] GC(75)   StringDedup Table Weak         Min:  0.0, Avg:  0.0, Max:  0.0, Diff:  0.0, Sum:  0.0, Workers: 4
[2532.367s][debug][gc,phases      ] GC(75)     Dead                           Min: 0, Avg:  0.0, Max: 0, Diff: 0, Sum: 0, Workers: 4
[2532.367s][debug][gc,phases      ] GC(75)     Total                          Min: 0, Avg:  0.0, Max: 0, Diff: 0, Sum: 0, Workers: 4
[2532.367s][debug][gc,phases      ] GC(75)   StringDedup Requests0 Weak     Min:  0.0, Avg:  0.0, Max:  0.0, Diff:  0.0, Sum:  0.0, Workers: 4
[2532.367s][debug][gc,phases      ] GC(75)     Dead                           Min: 0, Avg:  0.0, Max: 0, Diff: 0, Sum: 0, Workers: 4
[2532.367s][debug][gc,phases      ] GC(75)     Total                          Min: 0, Avg:  0.0, Max: 0, Diff: 0, Sum: 0, Workers: 4
[2532.367s][debug][gc,phases      ] GC(75)   StringDedup Requests1 Weak     Min:  0.0, Avg:  0.0, Max:  0.0, Diff:  0.0, Sum:  0.0, Workers: 4
[2532.367s][debug][gc,phases      ] GC(75)     Dead                           Min: 0, Avg:  0.0, Max: 0, Diff: 0, Sum: 0, Workers: 4
[2532.367s][debug][gc,phases      ] GC(75)     Total                          Min: 0, Avg:  0.0, Max: 0, Diff: 0, Sum: 0, Workers: 4
[2532.367s][debug][gc,phases      ] GC(75)   Weak JFR Old Object Samples    Min:  0.0, Avg:  0.0, Max:  0.0, Diff:  0.0, Sum:  0.0, Workers: 4
[2532.367s][debug][gc,phases      ] GC(75)     Dead                           Min: 0, Avg:  0.0, Max: 0, Diff: 0, Sum: 0, Workers: 4
[2532.367s][debug][gc,phases      ] GC(75)     Total                          Min: 0, Avg:  0.0, Max: 0, Diff: 0, Sum: 0, Workers: 4
[2532.367s][debug][gc,phases      ] GC(75) Weak Processing 0.358ms
[2532.367s][debug][gc,age         ] GC(75) Desired survivor size 42991616 bytes, new threshold 1 (max threshold 15)
[2532.367s][info ][gc,heap        ] GC(75) PSYoungGen: 2012682K(2047488K)->13301K(2055168K) Eden: 1999322K(1999360K)->0K(2010112K) From: 13360K(48128K)->13301K(45056K)
[2532.367s][info ][gc,heap        ] GC(75) ParOldGen: 1231027K(1231360K)->1241173K(1241600K)
[2532.367s][info ][gc,metaspace   ] GC(75) Metaspace: 114371K(115840K)->114371K(115840K) NonClass: 97218K(98048K)->97218K(98048K) Class: 17152K(17792K)->17152K(17792K)
[2532.367s][info ][gc             ] GC(75) Pause Young (Allocation Failure) 3167M->1225M(3219M) 16.930ms
[2532.367s][info ][gc,cpu         ] GC(75) User=0.06s Sys=0.01s Real=0.01s
[2532.367s][info ][safepoint      ] Safepoint "ParallelGCFailedAllocation", Time since last: 2956247848 ns, Reaching safepoint: 11500 ns, Cleanup: 18801 ns, At safepoint: 17012517 ns, Total: 17042818 ns
[2536.368s][info ][safepoint      ] Safepoint "Cleanup", Time since last: 4000693170 ns, Reaching safepoint: 20000 ns, Cleanup: 74501 ns, At safepoint: 9501 ns, Total: 104002 ns
[2537.368s][info ][safepoint      ] Safepoint "Cleanup", Time since last: 1000273855 ns, Reaching safepoint: 14200 ns, Cleanup: 23200 ns, At safepoint: 4100 ns, Total: 41500 ns
[2539.368s][info ][safepoint      ] Safepoint "Cleanup", Time since last: 2000266305 ns, Reaching safepoint: 14000 ns, Cleanup: 15300 ns, At safepoint: 3901 ns, Total: 33201 ns
[2540.368s][info ][safepoint      ] Safepoint "Cleanup", Time since last: 1000186853 ns, Reaching safepoint: 14000 ns, Cleanup: 14300 ns, At safepoint: 4200 ns, Total: 32500 ns
[2541.369s][info ][safepoint      ] Safepoint "Cleanup", Time since last: 1000194854 ns, Reaching safepoint: 13200 ns, Cleanup: 14500 ns, At safepoint: 4301 ns, Total: 32001 ns
[2544.369s][info ][safepoint      ] Safepoint "Cleanup", Time since last: 3000292801 ns, Reaching safepoint: 14200 ns, Cleanup: 16100 ns, At safepoint: 30901 ns, Total: 61201 ns
[2545.369s][info ][safepoint      ] Safepoint "Cleanup", Time since last: 1000117681 ns, Reaching safepoint: 13701 ns, Cleanup: 14700 ns, At safepoint: 3900 ns, Total: 32301 ns
[2547.369s][info ][safepoint      ] Safepoint "Cleanup", Time since last: 2000202763 ns, Reaching safepoint: 13500 ns, Cleanup: 14100 ns, At safepoint: 3400 ns, Total: 31000 ns
[2548.370s][info ][safepoint      ] Safepoint "Cleanup", Time since last: 1000155183 ns, Reaching safepoint: 13900 ns, Cleanup: 14200 ns, At safepoint: 3500 ns, Total: 31600 ns
[2556.371s][info ][safepoint      ] Safepoint "Cleanup", Time since last: 8000971700 ns, Reaching safepoint: 14201 ns, Cleanup: 13700 ns, At safepoint: 4400 ns, Total: 32301 ns
[2562.371s][info ][safepoint      ] Safepoint "Cleanup", Time since last: 6000587734 ns, Reaching safepoint: 14900 ns, Cleanup: 15000 ns, At safepoint: 4100 ns, Total: 34000 ns
[2564.372s][info ][safepoint      ] Safepoint "Cleanup", Time since last: 2000297801 ns, Reaching safepoint: 31500 ns, Cleanup: 15901 ns, At safepoint: 3800 ns, Total: 51201 ns
[2570.372s][info ][safepoint      ] Safepoint "Cleanup", Time since last: 6000567964 ns, Reaching safepoint: 14900 ns, Cleanup: 17601 ns, At safepoint: 4100 ns, Total: 36601 ns
[2573.373s][info ][safepoint      ] Safepoint "Cleanup", Time since last: 3000395974 ns, Reaching safepoint: 17400 ns, Cleanup: 17501 ns, At safepoint: 4600 ns, Total: 39501 ns
[2575.373s][info ][safepoint      ] Safepoint "Cleanup", Time since last: 2000348545 ns, Reaching safepoint: 13100 ns, Cleanup: 14800 ns, At safepoint: 4401 ns, Total: 32301 ns
[2582.421s][info ][safepoint      ] Safepoint "Cleanup", Time since last: 7047716127 ns, Reaching safepoint: 15400 ns, Cleanup: 15201 ns, At safepoint: 3900 ns, Total: 34501 ns
[2586.636s][info ][gc,start       ] GC(76) Pause Young (Allocation Failure)
[2586.648s][debug][gc,phases      ] GC(76) Scavenge 11.771ms
[2586.648s][debug][gc,ref         ] GC(76) ReferenceProcessor::execute queues: 1, RefProcThreadModel::Single, marks_oops_alive: false
[2586.648s][debug][gc,ref         ] GC(76) Skipped KeepAliveFinalRefsPhase of Reference Processing: no references
[2586.648s][debug][gc,ref         ] GC(76) ReferenceProcessor::execute queues: 1, RefProcThreadModel::Single, marks_oops_alive: false
[2586.648s][debug][gc,phases      ] GC(76) Reference Processing 0.104ms
[2586.649s][debug][gc,phases      ] GC(76)   VM Weak                        Min:  0.0, Avg:  0.0, Max:  0.0, Diff:  0.0, Sum:  0.0, Workers: 4
[2586.649s][debug][gc,phases      ] GC(76)     Dead                           Min: 0, Avg:  0.0, Max: 0, Diff: 0, Sum: 0, Workers: 4
[2586.649s][debug][gc,phases      ] GC(76)     Total                          Min: 0, Avg: 275.0, Max: 704, Diff: 704, Sum: 1100, Workers: 4
[2586.649s][debug][gc,phases      ] GC(76)   ObjectSynchronizer Weak        Min:  0.0, Avg:  0.0, Max:  0.0, Diff:  0.0, Sum:  0.0, Workers: 4
[2586.649s][debug][gc,phases      ] GC(76)     Dead                           Min: 0, Avg:  0.0, Max: 0, Diff: 0, Sum: 0, Workers: 4
[2586.649s][debug][gc,phases      ] GC(76)     Total                          Min: 0, Avg:  1.2, Max: 5, Diff: 5, Sum: 5, Workers: 4
[2586.649s][debug][gc,phases      ] GC(76)   JVMTI Tag Weak OopStorage      Min:  0.0, Avg:  0.0, Max:  0.0, Diff:  0.0, Sum:  0.0, Workers: 4
[2586.649s][debug][gc,phases      ] GC(76)     Dead                           Min: 0, Avg:  0.0, Max: 0, Diff: 0, Sum: 0, Workers: 4
[2586.649s][debug][gc,phases      ] GC(76)     Total                          Min: 0, Avg:  0.0, Max: 0, Diff: 0, Sum: 0, Workers: 4
[2586.649s][debug][gc,phases      ] GC(76)   StringTable Weak               Min:  0.1, Avg:  0.1, Max:  0.1, Diff:  0.0, Sum:  0.5, Workers: 4
[2586.649s][debug][gc,phases      ] GC(76)     Dead                           Min: 0, Avg:  0.0, Max: 0, Diff: 0, Sum: 0, Workers: 4
[2586.649s][debug][gc,phases      ] GC(76)     Total                          Min: 11327, Avg: 12510.5, Max: 13051, Diff: 1724, Sum: 50042, Workers: 4
[2586.649s][debug][gc,phases      ] GC(76)   ResolvedMethodTable Weak       Min:  0.0, Avg:  0.0, Max:  0.0, Diff:  0.0, Sum:  0.2, Workers: 4
[2586.649s][debug][gc,phases      ] GC(76)     Dead                           Min: 0, Avg:  6.0, Max: 17, Diff: 17, Sum: 24, Workers: 4
[2586.649s][debug][gc,phases      ] GC(76)     Total                          Min: 3708, Avg: 4012.2, Max: 4315, Diff: 607, Sum: 16049, Workers: 4
[2586.649s][debug][gc,phases      ] GC(76)   JNI Weak                       Min:  0.0, Avg:  0.0, Max:  0.0, Diff:  0.0, Sum:  0.0, Workers: 4
[2586.649s][debug][gc,phases      ] GC(76)     Dead                           Min: 0, Avg:  0.0, Max: 0, Diff: 0, Sum: 0, Workers: 4
[2586.649s][debug][gc,phases      ] GC(76)     Total                          Min: 0, Avg: 13.0, Max: 52, Diff: 52, Sum: 52, Workers: 4
[2586.649s][debug][gc,phases      ] GC(76)   StringDedup Table Weak         Min:  0.0, Avg:  0.0, Max:  0.0, Diff:  0.0, Sum:  0.0, Workers: 4
[2586.649s][debug][gc,phases      ] GC(76)     Dead                           Min: 0, Avg:  0.0, Max: 0, Diff: 0, Sum: 0, Workers: 4
[2586.649s][debug][gc,phases      ] GC(76)     Total                          Min: 0, Avg:  0.0, Max: 0, Diff: 0, Sum: 0, Workers: 4
[2586.649s][debug][gc,phases      ] GC(76)   StringDedup Requests0 Weak     Min:  0.0, Avg:  0.0, Max:  0.0, Diff:  0.0, Sum:  0.0, Workers: 4
[2586.649s][debug][gc,phases      ] GC(76)     Dead                           Min: 0, Avg:  0.0, Max: 0, Diff: 0, Sum: 0, Workers: 4
[2586.649s][debug][gc,phases      ] GC(76)     Total                          Min: 0, Avg:  0.0, Max: 0, Diff: 0, Sum: 0, Workers: 4
[2586.649s][debug][gc,phases      ] GC(76)   StringDedup Requests1 Weak     Min:  0.0, Avg:  0.0, Max:  0.0, Diff:  0.0, Sum:  0.0, Workers: 4
[2586.649s][debug][gc,phases      ] GC(76)     Dead                           Min: 0, Avg:  0.0, Max: 0, Diff: 0, Sum: 0, Workers: 4
[2586.649s][debug][gc,phases      ] GC(76)     Total                          Min: 0, Avg:  0.0, Max: 0, Diff: 0, Sum: 0, Workers: 4
[2586.649s][debug][gc,phases      ] GC(76)   Weak JFR Old Object Samples    Min:  0.0, Avg:  0.0, Max:  0.0, Diff:  0.0, Sum:  0.0, Workers: 4
[2586.649s][debug][gc,phases      ] GC(76)     Dead                           Min: 0, Avg:  0.0, Max: 0, Diff: 0, Sum: 0, Workers: 4
[2586.649s][debug][gc,phases      ] GC(76)     Total                          Min: 0, Avg:  0.0, Max: 0, Diff: 0, Sum: 0, Workers: 4
[2586.649s][debug][gc,phases      ] GC(76) Weak Processing 0.361ms
[2586.649s][debug][gc,age         ] GC(76) Desired survivor size 41418752 bytes, new threshold 1 (max threshold 15)
[2586.649s][info ][gc,heap        ] GC(76) PSYoungGen: 2023413K(2055168K)->4000K(2052096K) Eden: 2010112K(2010112K)->0K(2010112K) From: 13301K(45056K)->4000K(41984K)
[2586.649s][info ][gc,heap        ] GC(76) ParOldGen: 1241173K(1241600K)->1250502K(1250816K)
[2586.649s][info ][gc,metaspace   ] GC(76) Metaspace: 114432K(115904K)->114432K(115904K) NonClass: 97277K(98112K)->97277K(98112K) Class: 17155K(17792K)->17155K(17792K)
[2586.649s][info ][gc             ] GC(76) Pause Young (Allocation Failure) 3188M->1225M(3225M) 12.368ms
[2586.649s][info ][gc,cpu         ] GC(76) User=0.04s Sys=0.00s Real=0.02s
[2586.649s][info ][safepoint      ] Safepoint "ParallelGCFailedAllocation", Time since last: 4215626239 ns, Reaching safepoint: 10901 ns, Cleanup: 5400 ns, At safepoint: 12466497 ns, Total: 12482798 ns
[2601.651s][info ][safepoint      ] Safepoint "Cleanup", Time since last: 15002139215 ns, Reaching safepoint: 11000 ns, Cleanup: 14900 ns, At safepoint: 3301 ns, Total: 29201 ns
[2608.652s][info ][safepoint      ] Safepoint "Cleanup", Time since last: 7000810030 ns, Reaching safepoint: 11901 ns, Cleanup: 14600 ns, At safepoint: 4200 ns, Total: 30701 ns
[2610.652s][info ][safepoint      ] Safepoint "Cleanup", Time since last: 2000359553 ns, Reaching safepoint: 26201 ns, Cleanup: 25900 ns, At safepoint: 7800 ns, Total: 59901 ns
[2611.652s][info ][safepoint      ] Safepoint "Cleanup", Time since last: 1000141676 ns, Reaching safepoint: 10800 ns, Cleanup: 12501 ns, At safepoint: 2900 ns, Total: 26201 ns
[2615.653s][info ][safepoint      ] Safepoint "Cleanup", Time since last: 4000620324 ns, Reaching safepoint: 12000 ns, Cleanup: 19601 ns, At safepoint: 4500 ns, Total: 36101 ns
[2619.654s][info ][safepoint      ] Safepoint "Cleanup", Time since last: 4000491350 ns, Reaching safepoint: 11000 ns, Cleanup: 15301 ns, At safepoint: 3400 ns, Total: 29701 ns
[2620.654s][info ][safepoint      ] Safepoint "Cleanup", Time since last: 1000237165 ns, Reaching safepoint: 18000 ns, Cleanup: 20600 ns, At safepoint: 7600 ns, Total: 46200 ns
[2623.654s][info ][safepoint      ] Safepoint "Cleanup", Time since last: 3000540005 ns, Reaching safepoint: 11501 ns, Cleanup: 13300 ns, At safepoint: 4200 ns, Total: 29001 ns
[2636.656s][info ][safepoint      ] Safepoint "Cleanup", Time since last: 13001593474 ns, Reaching safepoint: 11800 ns, Cleanup: 13900 ns, At safepoint: 23101 ns, Total: 48801 ns
[2655.483s][info ][gc,start       ] GC(77) Pause Young (Allocation Failure)
[2655.488s][debug][gc,phases      ] GC(77) Scavenge 5.260ms
[2655.488s][debug][gc,ref         ] GC(77) ReferenceProcessor::execute queues: 1, RefProcThreadModel::Single, marks_oops_alive: false
[2655.488s][debug][gc,ref         ] GC(77) Skipped KeepAliveFinalRefsPhase of Reference Processing: no references
[2655.488s][debug][gc,ref         ] GC(77) Skipped PhantomRefsPhase of Reference Processing: no references
[2655.488s][debug][gc,phases      ] GC(77) Reference Processing 0.118ms
[2655.488s][debug][gc,phases      ] GC(77)   VM Weak                        Min:  0.0, Avg:  0.0, Max:  0.0, Diff:  0.0, Sum:  0.0, Workers: 4
[2655.489s][debug][gc,phases      ] GC(77)     Dead                           Min: 0, Avg:  0.0, Max: 0, Diff: 0, Sum: 0, Workers: 4
[2655.489s][debug][gc,phases      ] GC(77)     Total                          Min: 0, Avg: 275.0, Max: 640, Diff: 640, Sum: 1100, Workers: 4
[2655.489s][debug][gc,phases      ] GC(77)   ObjectSynchronizer Weak        Min:  0.0, Avg:  0.0, Max:  0.0, Diff:  0.0, Sum:  0.0, Workers: 4
[2655.489s][debug][gc,phases      ] GC(77)     Dead                           Min: 0, Avg:  0.0, Max: 0, Diff: 0, Sum: 0, Workers: 4
[2655.489s][debug][gc,phases      ] GC(77)     Total                          Min: 0, Avg:  1.0, Max: 4, Diff: 4, Sum: 4, Workers: 4
[2655.489s][debug][gc,phases      ] GC(77)   JVMTI Tag Weak OopStorage      Min:  0.0, Avg:  0.0, Max:  0.0, Diff:  0.0, Sum:  0.0, Workers: 4
[2655.489s][debug][gc,phases      ] GC(77)     Dead                           Min: 0, Avg:  0.0, Max: 0, Diff: 0, Sum: 0, Workers: 4
[2655.489s][debug][gc,phases      ] GC(77)     Total                          Min: 0, Avg:  0.0, Max: 0, Diff: 0, Sum: 0, Workers: 4
[2655.489s][debug][gc,phases      ] GC(77)   StringTable Weak               Min:  0.1, Avg:  0.1, Max:  0.1, Diff:  0.0, Sum:  0.4, Workers: 4
[2655.489s][debug][gc,phases      ] GC(77)     Dead                           Min: 0, Avg:  0.0, Max: 0, Diff: 0, Sum: 0, Workers: 4
[2655.489s][debug][gc,phases      ] GC(77)     Total                          Min: 12163, Avg: 12512.8, Max: 13184, Diff: 1021, Sum: 50051, Workers: 4
[2655.489s][debug][gc,phases      ] GC(77)   ResolvedMethodTable Weak       Min:  0.0, Avg:  0.0, Max:  0.0, Diff:  0.0, Sum:  0.2, Workers: 4
[2655.489s][debug][gc,phases      ] GC(77)     Dead                           Min: 0, Avg:  4.0, Max: 6, Diff: 6, Sum: 16, Workers: 4
[2655.489s][debug][gc,phases      ] GC(77)     Total                          Min: 3818, Avg: 4012.2, Max: 4244, Diff: 426, Sum: 16049, Workers: 4
[2655.489s][debug][gc,phases      ] GC(77)   JNI Weak                       Min:  0.0, Avg:  0.0, Max:  0.0, Diff:  0.0, Sum:  0.0, Workers: 4
[2655.489s][debug][gc,phases      ] GC(77)     Dead                           Min: 0, Avg:  0.0, Max: 0, Diff: 0, Sum: 0, Workers: 4
[2655.489s][debug][gc,phases      ] GC(77)     Total                          Min: 0, Avg: 13.0, Max: 52, Diff: 52, Sum: 52, Workers: 4
[2655.489s][debug][gc,phases      ] GC(77)   StringDedup Table Weak         Min:  0.0, Avg:  0.0, Max:  0.0, Diff:  0.0, Sum:  0.0, Workers: 4
[2655.489s][debug][gc,phases      ] GC(77)     Dead                           Min: 0, Avg:  0.0, Max: 0, Diff: 0, Sum: 0, Workers: 4
[2655.489s][debug][gc,phases      ] GC(77)     Total                          Min: 0, Avg:  0.0, Max: 0, Diff: 0, Sum: 0, Workers: 4
[2655.489s][debug][gc,phases      ] GC(77)   StringDedup Requests0 Weak     Min:  0.0, Avg:  0.0, Max:  0.0, Diff:  0.0, Sum:  0.0, Workers: 4
[2655.489s][debug][gc,phases      ] GC(77)     Dead                           Min: 0, Avg:  0.0, Max: 0, Diff: 0, Sum: 0, Workers: 4
[2655.489s][debug][gc,phases      ] GC(77)     Total                          Min: 0, Avg:  0.0, Max: 0, Diff: 0, Sum: 0, Workers: 4
[2655.489s][debug][gc,phases      ] GC(77)   StringDedup Requests1 Weak     Min:  0.0, Avg:  0.0, Max:  0.0, Diff:  0.0, Sum:  0.0, Workers: 4
[2655.489s][debug][gc,phases      ] GC(77)     Dead                           Min: 0, Avg:  0.0, Max: 0, Diff: 0, Sum: 0, Workers: 4
[2655.489s][debug][gc,phases      ] GC(77)     Total                          Min: 0, Avg:  0.0, Max: 0, Diff: 0, Sum: 0, Workers: 4
[2655.489s][debug][gc,phases      ] GC(77)   Weak JFR Old Object Samples    Min:  0.0, Avg:  0.0, Max:  0.0, Diff:  0.0, Sum:  0.0, Workers: 4
[2655.489s][debug][gc,phases      ] GC(77)     Dead                           Min: 0, Avg:  0.0, Max: 0, Diff: 0, Sum: 0, Workers: 4
[2655.489s][debug][gc,phases      ] GC(77)     Total                          Min: 0, Avg:  0.0, Max: 0, Diff: 0, Sum: 0, Workers: 4
[2655.489s][debug][gc,phases      ] GC(77) Weak Processing 0.413ms
[2655.489s][debug][gc,age         ] GC(77) Desired survivor size 39845888 bytes, new threshold 1 (max threshold 15)
[2655.489s][info ][gc,heap        ] GC(77) PSYoungGen: 2014112K(2052096K)->3296K(2058240K) Eden: 2010112K(2010112K)->0K(2017792K) From: 4000K(41984K)->3296K(40448K)
[2655.489s][info ][gc,heap        ] GC(77) ParOldGen: 1250502K(1250816K)->1252166K(1252352K)
[2655.489s][info ][gc,metaspace   ] GC(77) Metaspace: 114446K(115904K)->114446K(115904K) NonClass: 97291K(98112K)->97291K(98112K) Class: 17155K(17792K)->17155K(17792K)
[2655.489s][info ][gc             ] GC(77) Pause Young (Allocation Failure) 3188M->1226M(3233M) 5.944ms
[2655.489s][info ][gc,cpu         ] GC(77) User=0.02s Sys=0.00s Real=0.01s
[2655.489s][info ][safepoint      ] Safepoint "ParallelGCFailedAllocation", Time since last: 18826554700 ns, Reaching safepoint: 85801 ns, Cleanup: 5101 ns, At safepoint: 6037818 ns, Total: 6128720 ns
[2658.489s][info ][safepoint      ] Safepoint "Cleanup", Time since last: 3000371863 ns, Reaching safepoint: 11600 ns, Cleanup: 14000 ns, At safepoint: 3300 ns, Total: 28900 ns
[2659.489s][info ][safepoint      ] Safepoint "Cleanup", Time since last: 1000219590 ns, Reaching safepoint: 11200 ns, Cleanup: 13400 ns, At safepoint: 3400 ns, Total: 28000 ns
[2663.490s][info ][safepoint      ] Safepoint "Cleanup", Time since last: 4000528191 ns, Reaching safepoint: 12900 ns, Cleanup: 18201 ns, At safepoint: 3500 ns, Total: 34601 ns
[2664.490s][info ][safepoint      ] Safepoint "Cleanup", Time since last: 1000122667 ns, Reaching safepoint: 11800 ns, Cleanup: 12800 ns, At safepoint: 24301 ns, Total: 48901 ns
[2667.491s][info ][safepoint      ] Safepoint "Cleanup", Time since last: 3000418001 ns, Reaching safepoint: 11400 ns, Cleanup: 12501 ns, At safepoint: 3300 ns, Total: 27201 ns
[2671.491s][info ][safepoint      ] Safepoint "Cleanup", Time since last: 4000407205 ns, Reaching safepoint: 12600 ns, Cleanup: 12800 ns, At safepoint: 3200 ns, Total: 28600 ns
[2673.491s][info ][safepoint      ] Safepoint "Cleanup", Time since last: 2000254200 ns, Reaching safepoint: 14300 ns, Cleanup: 14200 ns, At safepoint: 3801 ns, Total: 32301 ns
[2680.492s][info ][safepoint      ] Safepoint "Cleanup", Time since last: 7000818734 ns, Reaching safepoint: 85902 ns, Cleanup: 11800 ns, At safepoint: 9300 ns, Total: 107002 ns
[2686.493s][info ][safepoint      ] Safepoint "Cleanup", Time since last: 6000620939 ns, Reaching safepoint: 11601 ns, Cleanup: 16000 ns, At safepoint: 3100 ns, Total: 30701 ns
[2690.493s][info ][safepoint      ] Safepoint "Cleanup", Time since last: 4000428096 ns, Reaching safepoint: 11600 ns, Cleanup: 13400 ns, At safepoint: 3200 ns, Total: 28200 ns
[2692.494s][info ][safepoint      ] Safepoint "Cleanup", Time since last: 2000314542 ns, Reaching safepoint: 20801 ns, Cleanup: 18700 ns, At safepoint: 6600 ns, Total: 46101 ns
[2696.494s][info ][safepoint      ] Safepoint "Cleanup", Time since last: 4000499973 ns, Reaching safepoint: 12600 ns, Cleanup: 13100 ns, At safepoint: 24701 ns, Total: 50401 ns
[2707.477s][info ][safepoint      ] Safepoint "Cleanup", Time since last: 10982361140 ns, Reaching safepoint: 84902 ns, Cleanup: 13300 ns, At safepoint: 8500 ns, Total: 106702 ns
[2711.477s][info ][safepoint      ] Safepoint "Cleanup", Time since last: 4000369584 ns, Reaching safepoint: 89101 ns, Cleanup: 22001 ns, At safepoint: 10800 ns, Total: 121902 ns
[2716.478s][info ][safepoint      ] Safepoint "Cleanup", Time since last: 5000465767 ns, Reaching safepoint: 93302 ns, Cleanup: 16700 ns, At safepoint: 9101 ns, Total: 119103 ns
[2720.478s][info ][safepoint      ] Safepoint "Cleanup", Time since last: 4000370265 ns, Reaching safepoint: 94201 ns, Cleanup: 12901 ns, At safepoint: 14600 ns, Total: 121702 ns
[2723.479s][info ][safepoint      ] Safepoint "Cleanup", Time since last: 3000296888 ns, Reaching safepoint: 87101 ns, Cleanup: 13701 ns, At safepoint: 8600 ns, Total: 109402 ns
[2726.479s][info ][safepoint      ] Safepoint "Cleanup", Time since last: 3000340589 ns, Reaching safepoint: 91501 ns, Cleanup: 22501 ns, At safepoint: 38100 ns, Total: 152102 ns
[2728.480s][info ][safepoint      ] Safepoint "Cleanup", Time since last: 2000282556 ns, Reaching safepoint: 94502 ns, Cleanup: 11400 ns, At safepoint: 6700 ns, Total: 112602 ns
[2731.480s][info ][safepoint      ] Safepoint "Cleanup", Time since last: 3000462772 ns, Reaching safepoint: 92202 ns, Cleanup: 16901 ns, At safepoint: 10800 ns, Total: 119903 ns
[2733.481s][info ][safepoint      ] Safepoint "Cleanup", Time since last: 2000220679 ns, Reaching safepoint: 96302 ns, Cleanup: 31701 ns, At safepoint: 12800 ns, Total: 140803 ns
[2734.481s][info ][safepoint      ] Safepoint "Cleanup", Time since last: 1000213992 ns, Reaching safepoint: 86702 ns, Cleanup: 16400 ns, At safepoint: 9400 ns, Total: 112502 ns
[2736.479s][info ][gc,start       ] GC(78) Pause Young (Allocation Failure)
[2736.484s][debug][gc,phases      ] GC(78) Scavenge 4.958ms
[2736.484s][debug][gc,ref         ] GC(78) ReferenceProcessor::execute queues: 1, RefProcThreadModel::Single, marks_oops_alive: false
[2736.484s][debug][gc,ref         ] GC(78) Skipped KeepAliveFinalRefsPhase of Reference Processing: no references
[2736.484s][debug][gc,ref         ] GC(78) ReferenceProcessor::execute queues: 1, RefProcThreadModel::Single, marks_oops_alive: false
[2736.484s][debug][gc,phases      ] GC(78) Reference Processing 0.110ms
[2736.484s][debug][gc,phases      ] GC(78)   VM Weak                        Min:  0.0, Avg:  0.0, Max:  0.0, Diff:  0.0, Sum:  0.0, Workers: 4
[2736.484s][debug][gc,phases      ] GC(78)     Dead                           Min: 0, Avg:  0.0, Max: 0, Diff: 0, Sum: 0, Workers: 4
[2736.484s][debug][gc,phases      ] GC(78)     Total                          Min: 12, Avg: 275.0, Max: 704, Diff: 692, Sum: 1100, Workers: 4
[2736.484s][debug][gc,phases      ] GC(78)   ObjectSynchronizer Weak        Min:  0.0, Avg:  0.0, Max:  0.0, Diff:  0.0, Sum:  0.0, Workers: 4
[2736.484s][debug][gc,phases      ] GC(78)     Dead                           Min: 0, Avg:  0.0, Max: 0, Diff: 0, Sum: 0, Workers: 4
[2736.484s][debug][gc,phases      ] GC(78)     Total                          Min: 0, Avg:  1.0, Max: 4, Diff: 4, Sum: 4, Workers: 4
[2736.484s][debug][gc,phases      ] GC(78)   JVMTI Tag Weak OopStorage      Min:  0.0, Avg:  0.0, Max:  0.0, Diff:  0.0, Sum:  0.0, Workers: 4
[2736.484s][debug][gc,phases      ] GC(78)     Dead                           Min: 0, Avg:  0.0, Max: 0, Diff: 0, Sum: 0, Workers: 4
[2736.484s][debug][gc,phases      ] GC(78)     Total                          Min: 0, Avg:  0.0, Max: 0, Diff: 0, Sum: 0, Workers: 4
[2736.484s][debug][gc,phases      ] GC(78)   StringTable Weak               Min:  0.1, Avg:  0.1, Max:  0.1, Diff:  0.0, Sum:  0.5, Workers: 4
[2736.484s][debug][gc,phases      ] GC(78)     Dead                           Min: 0, Avg:  0.0, Max: 0, Diff: 0, Sum: 0, Workers: 4
[2736.484s][debug][gc,phases      ] GC(78)     Total                          Min: 12096, Avg: 12513.5, Max: 13184, Diff: 1088, Sum: 50054, Workers: 4
[2736.484s][debug][gc,phases      ] GC(78)   ResolvedMethodTable Weak       Min:  0.0, Avg:  0.0, Max:  0.0, Diff:  0.0, Sum:  0.2, Workers: 4
[2736.484s][debug][gc,phases      ] GC(78)     Dead                           Min: 0, Avg:  6.0, Max: 17, Diff: 17, Sum: 24, Workers: 4
[2736.484s][debug][gc,phases      ] GC(78)     Total                          Min: 3786, Avg: 4012.2, Max: 4353, Diff: 567, Sum: 16049, Workers: 4
[2736.484s][debug][gc,phases      ] GC(78)   JNI Weak                       Min:  0.0, Avg:  0.0, Max:  0.0, Diff:  0.0, Sum:  0.0, Workers: 4
[2736.484s][debug][gc,phases      ] GC(78)     Dead                           Min: 0, Avg:  0.0, Max: 0, Diff: 0, Sum: 0, Workers: 4
[2736.484s][debug][gc,phases      ] GC(78)     Total                          Min: 0, Avg: 13.0, Max: 52, Diff: 52, Sum: 52, Workers: 4
[2736.484s][debug][gc,phases      ] GC(78)   StringDedup Table Weak         Min:  0.0, Avg:  0.0, Max:  0.0, Diff:  0.0, Sum:  0.0, Workers: 4
[2736.484s][debug][gc,phases      ] GC(78)     Dead                           Min: 0, Avg:  0.0, Max: 0, Diff: 0, Sum: 0, Workers: 4
[2736.484s][debug][gc,phases      ] GC(78)     Total                          Min: 0, Avg:  0.0, Max: 0, Diff: 0, Sum: 0, Workers: 4
[2736.484s][debug][gc,phases      ] GC(78)   StringDedup Requests0 Weak     Min:  0.0, Avg:  0.0, Max:  0.0, Diff:  0.0, Sum:  0.0, Workers: 4
[2736.484s][debug][gc,phases      ] GC(78)     Dead                           Min: 0, Avg:  0.0, Max: 0, Diff: 0, Sum: 0, Workers: 4
[2736.484s][debug][gc,phases      ] GC(78)     Total                          Min: 0, Avg:  0.0, Max: 0, Diff: 0, Sum: 0, Workers: 4
[2736.484s][debug][gc,phases      ] GC(78)   StringDedup Requests1 Weak     Min:  0.0, Avg:  0.0, Max:  0.0, Diff:  0.0, Sum:  0.0, Workers: 4
[2736.484s][debug][gc,phases      ] GC(78)     Dead                           Min: 0, Avg:  0.0, Max: 0, Diff: 0, Sum: 0, Workers: 4
[2736.484s][debug][gc,phases      ] GC(78)     Total                          Min: 0, Avg:  0.0, Max: 0, Diff: 0, Sum: 0, Workers: 4
[2736.484s][debug][gc,phases      ] GC(78)   Weak JFR Old Object Samples    Min:  0.0, Avg:  0.0, Max:  0.0, Diff:  0.0, Sum:  0.0, Workers: 4
[2736.484s][debug][gc,phases      ] GC(78)     Dead                           Min: 0, Avg:  0.0, Max: 0, Diff: 0, Sum: 0, Workers: 4
[2736.484s][debug][gc,phases      ] GC(78)     Total                          Min: 0, Avg:  0.0, Max: 0, Diff: 0, Sum: 0, Workers: 4
[2736.484s][debug][gc,phases      ] GC(78) Weak Processing 0.360ms
[2736.484s][debug][gc,age         ] GC(78) Desired survivor size 38273024 bytes, new threshold 1 (max threshold 15)
[2736.484s][info ][gc,heap        ] GC(78) PSYoungGen: 2021088K(2058240K)->3152K(2056704K) Eden: 2017792K(2017792K)->0K(2017792K) From: 3296K(40448K)->3152K(38912K)
[2736.484s][info ][gc,heap        ] GC(78) ParOldGen: 1252166K(1252352K)->1252795K(1252864K)
[2736.484s][info ][gc,metaspace   ] GC(78) Metaspace: 114467K(115904K)->114467K(115904K) NonClass: 97312K(98112K)->97312K(98112K) Class: 17155K(17792K)->17155K(17792K)
[2736.484s][info ][gc             ] GC(78) Pause Young (Allocation Failure) 3196M->1226M(3232M) 5.573ms
[2736.484s][info ][gc,cpu         ] GC(78) User=0.02s Sys=0.00s Real=0.00s
[2736.484s][info ][safepoint      ] Safepoint "ParallelGCFailedAllocation", Time since last: 1997728865 ns, Reaching safepoint: 85601 ns, Cleanup: 5801 ns, At safepoint: 5666515 ns, Total: 5757917 ns
[2743.485s][info ][safepoint      ] Safepoint "Cleanup", Time since last: 7000825167 ns, Reaching safepoint: 14500 ns, Cleanup: 16601 ns, At safepoint: 3300 ns, Total: 34401 ns
[2765.505s][info ][safepoint      ] Safepoint "Cleanup", Time since last: 22019659871 ns, Reaching safepoint: 19400 ns, Cleanup: 20400 ns, At safepoint: 7600 ns, Total: 47400 ns
[2769.506s][info ][safepoint      ] Safepoint "Cleanup", Time since last: 4000637705 ns, Reaching safepoint: 14300 ns, Cleanup: 13600 ns, At safepoint: 4400 ns, Total: 32300 ns
[2795.509s][info ][safepoint      ] Safepoint "Cleanup", Time since last: 26002844070 ns, Reaching safepoint: 101701 ns, Cleanup: 15901 ns, At safepoint: 11900 ns, Total: 129502 ns
[2796.509s][info ][safepoint      ] Safepoint "Cleanup", Time since last: 1000159640 ns, Reaching safepoint: 11800 ns, Cleanup: 13700 ns, At safepoint: 3300 ns, Total: 28800 ns
[2801.509s][info ][safepoint      ] Safepoint "Cleanup", Time since last: 5000529355 ns, Reaching safepoint: 17500 ns, Cleanup: 18901 ns, At safepoint: 4100 ns, Total: 40501 ns
[2808.510s][info ][safepoint      ] Safepoint "Cleanup", Time since last: 7000691490 ns, Reaching safepoint: 14500 ns, Cleanup: 15200 ns, At safepoint: 3700 ns, Total: 33400 ns
[2815.511s][info ][safepoint      ] Safepoint "Cleanup", Time since last: 7000747259 ns, Reaching safepoint: 14001 ns, Cleanup: 14200 ns, At safepoint: 3800 ns, Total: 32001 ns
[2817.179s][info ][gc,start       ] GC(79) Pause Young (Allocation Failure)
[2817.184s][debug][gc,phases      ] GC(79) Scavenge 4.686ms
[2817.184s][debug][gc,ref         ] GC(79) ReferenceProcessor::execute queues: 1, RefProcThreadModel::Single, marks_oops_alive: false
[2817.184s][debug][gc,ref         ] GC(79) Skipped KeepAliveFinalRefsPhase of Reference Processing: no references
[2817.184s][debug][gc,ref         ] GC(79) ReferenceProcessor::execute queues: 1, RefProcThreadModel::Single, marks_oops_alive: false
[2817.184s][debug][gc,phases      ] GC(79) Reference Processing 0.108ms
[2817.184s][debug][gc,phases      ] GC(79)   VM Weak                        Min:  0.0, Avg:  0.0, Max:  0.0, Diff:  0.0, Sum:  0.0, Workers: 4
[2817.184s][debug][gc,phases      ] GC(79)     Dead                           Min: 0, Avg:  0.0, Max: 0, Diff: 0, Sum: 0, Workers: 4
[2817.184s][debug][gc,phases      ] GC(79)     Total                          Min: 0, Avg: 275.0, Max: 576, Diff: 576, Sum: 1100, Workers: 4
[2817.184s][debug][gc,phases      ] GC(79)   ObjectSynchronizer Weak        Min:  0.0, Avg:  0.0, Max:  0.0, Diff:  0.0, Sum:  0.0, Workers: 4
[2817.184s][debug][gc,phases      ] GC(79)     Dead                           Min: 0, Avg:  0.0, Max: 0, Diff: 0, Sum: 0, Workers: 4
[2817.184s][debug][gc,phases      ] GC(79)     Total                          Min: 0, Avg:  1.0, Max: 4, Diff: 4, Sum: 4, Workers: 4
[2817.184s][debug][gc,phases      ] GC(79)   JVMTI Tag Weak OopStorage      Min:  0.0, Avg:  0.0, Max:  0.0, Diff:  0.0, Sum:  0.0, Workers: 4
[2817.184s][debug][gc,phases      ] GC(79)     Dead                           Min: 0, Avg:  0.0, Max: 0, Diff: 0, Sum: 0, Workers: 4
[2817.184s][debug][gc,phases      ] GC(79)     Total                          Min: 0, Avg:  0.0, Max: 0, Diff: 0, Sum: 0, Workers: 4
[2817.184s][debug][gc,phases      ] GC(79)   StringTable Weak               Min:  0.1, Avg:  0.1, Max:  0.1, Diff:  0.0, Sum:  0.4, Workers: 4
[2817.184s][debug][gc,phases      ] GC(79)     Dead                           Min: 0, Avg:  0.0, Max: 0, Diff: 0, Sum: 0, Workers: 4
[2817.184s][debug][gc,phases      ] GC(79)     Total                          Min: 12288, Avg: 12513.5, Max: 12870, Diff: 582, Sum: 50054, Workers: 4
[2817.184s][debug][gc,phases      ] GC(79)   ResolvedMethodTable Weak       Min:  0.0, Avg:  0.0, Max:  0.0, Diff:  0.0, Sum:  0.2, Workers: 4
[2817.184s][debug][gc,phases      ] GC(79)     Dead                           Min: 0, Avg:  6.0, Max: 11, Diff: 11, Sum: 24, Workers: 4
[2817.184s][debug][gc,phases      ] GC(79)     Total                          Min: 3898, Avg: 4012.2, Max: 4223, Diff: 325, Sum: 16049, Workers: 4
[2817.184s][debug][gc,phases      ] GC(79)   JNI Weak                       Min:  0.0, Avg:  0.0, Max:  0.0, Diff:  0.0, Sum:  0.0, Workers: 4
[2817.184s][debug][gc,phases      ] GC(79)     Dead                           Min: 0, Avg:  0.0, Max: 0, Diff: 0, Sum: 0, Workers: 4
[2817.184s][debug][gc,phases      ] GC(79)     Total                          Min: 0, Avg: 13.0, Max: 52, Diff: 52, Sum: 52, Workers: 4
[2817.184s][debug][gc,phases      ] GC(79)   StringDedup Table Weak         Min:  0.0, Avg:  0.0, Max:  0.0, Diff:  0.0, Sum:  0.0, Workers: 4
[2817.184s][debug][gc,phases      ] GC(79)     Dead                           Min: 0, Avg:  0.0, Max: 0, Diff: 0, Sum: 0, Workers: 4
[2817.184s][debug][gc,phases      ] GC(79)     Total                          Min: 0, Avg:  0.0, Max: 0, Diff: 0, Sum: 0, Workers: 4
[2817.184s][debug][gc,phases      ] GC(79)   StringDedup Requests0 Weak     Min:  0.0, Avg:  0.0, Max:  0.0, Diff:  0.0, Sum:  0.0, Workers: 4
[2817.184s][debug][gc,phases      ] GC(79)     Dead                           Min: 0, Avg:  0.0, Max: 0, Diff: 0, Sum: 0, Workers: 4
[2817.184s][debug][gc,phases      ] GC(79)     Total                          Min: 0, Avg:  0.0, Max: 0, Diff: 0, Sum: 0, Workers: 4
[2817.184s][debug][gc,phases      ] GC(79)   StringDedup Requests1 Weak     Min:  0.0, Avg:  0.0, Max:  0.0, Diff:  0.0, Sum:  0.0, Workers: 4
[2817.184s][debug][gc,phases      ] GC(79)     Dead                           Min: 0, Avg:  0.0, Max: 0, Diff: 0, Sum: 0, Workers: 4
[2817.184s][debug][gc,phases      ] GC(79)     Total                          Min: 0, Avg:  0.0, Max: 0, Diff: 0, Sum: 0, Workers: 4
[2817.184s][debug][gc,phases      ] GC(79)   Weak JFR Old Object Samples    Min:  0.0, Avg:  0.0, Max:  0.0, Diff:  0.0, Sum:  0.0, Workers: 4
[2817.184s][debug][gc,phases      ] GC(79)     Dead                           Min: 0, Avg:  0.0, Max: 0, Diff: 0, Sum: 0, Workers: 4
[2817.184s][debug][gc,phases      ] GC(79)     Total                          Min: 0, Avg:  0.0, Max: 0, Diff: 0, Sum: 0, Workers: 4
[2817.184s][debug][gc,phases      ] GC(79) Weak Processing 0.333ms
[2817.184s][debug][gc,age         ] GC(79) Desired survivor size 37224448 bytes, new threshold 1 (max threshold 15)
[2817.184s][info ][gc,heap        ] GC(79) PSYoungGen: 2020944K(2056704K)->2656K(2060800K) Eden: 2017792K(2017792K)->0K(2023424K) From: 3152K(38912K)->2656K(37376K)
[2817.184s][info ][gc,heap        ] GC(79) ParOldGen: 1252795K(1252864K)->1253439K(1253888K)
[2817.184s][info ][gc,metaspace   ] GC(79) Metaspace: 114474K(115968K)->114474K(115968K) NonClass: 97319K(98176K)->97319K(98176K) Class: 17155K(17792K)->17155K(17792K)
[2817.184s][info ][gc             ] GC(79) Pause Young (Allocation Failure) 3197M->1226M(3237M) 5.264ms
[2817.184s][info ][gc,cpu         ] GC(79) User=0.02s Sys=0.01s Real=0.00s
[2817.184s][info ][safepoint      ] Safepoint "ParallelGCFailedAllocation", Time since last: 1667892383 ns, Reaching safepoint: 84001 ns, Cleanup: 5700 ns, At safepoint: 5355300 ns, Total: 5445001 ns
[2827.532s][info ][safepoint      ] Safepoint "Cleanup", Time since last: 10347367637 ns, Reaching safepoint: 84902 ns, Cleanup: 12500 ns, At safepoint: 7700 ns, Total: 105102 ns
[2833.532s][info ][safepoint      ] Safepoint "Cleanup", Time since last: 6000637983 ns, Reaching safepoint: 89202 ns, Cleanup: 9900 ns, At safepoint: 7900 ns, Total: 107002 ns
[2845.534s][info ][safepoint      ] Safepoint "Cleanup", Time since last: 12001162348 ns, Reaching safepoint: 16601 ns, Cleanup: 19100 ns, At safepoint: 9500 ns, Total: 45201 ns
[2851.534s][info ][safepoint      ] Safepoint "Cleanup", Time since last: 6000682237 ns, Reaching safepoint: 85602 ns, Cleanup: 13700 ns, At safepoint: 8001 ns, Total: 107303 ns
[2852.535s][info ][safepoint      ] Safepoint "Cleanup", Time since last: 1000198663 ns, Reaching safepoint: 12300 ns, Cleanup: 15600 ns, At safepoint: 3301 ns, Total: 31201 ns
[2853.535s][info ][safepoint      ] Safepoint "Cleanup", Time since last: 1000204463 ns, Reaching safepoint: 11700 ns, Cleanup: 13100 ns, At safepoint: 3201 ns, Total: 28001 ns
[2865.536s][info ][safepoint      ] Safepoint "Cleanup", Time since last: 12001494801 ns, Reaching safepoint: 12700 ns, Cleanup: 16500 ns, At safepoint: 3400 ns, Total: 32600 ns
[2880.538s][info ][safepoint      ] Safepoint "Cleanup", Time since last: 15001794856 ns, Reaching safepoint: 12800 ns, Cleanup: 13401 ns, At safepoint: 3100 ns, Total: 29301 ns
[2882.181s][info ][gc,start       ] GC(80) Pause Young (Allocation Failure)
[2882.189s][debug][gc,phases      ] GC(80) Scavenge 7.767ms
[2882.189s][debug][gc,ref         ] GC(80) ReferenceProcessor::execute queues: 1, RefProcThreadModel::Single, marks_oops_alive: false
[2882.189s][debug][gc,ref         ] GC(80) Skipped KeepAliveFinalRefsPhase of Reference Processing: no references
[2882.189s][debug][gc,ref         ] GC(80) ReferenceProcessor::execute queues: 1, RefProcThreadModel::Single, marks_oops_alive: false
[2882.189s][debug][gc,phases      ] GC(80) Reference Processing 0.108ms
[2882.189s][debug][gc,phases      ] GC(80)   VM Weak                        Min:  0.0, Avg:  0.0, Max:  0.0, Diff:  0.0, Sum:  0.0, Workers: 4
[2882.189s][debug][gc,phases      ] GC(80)     Dead                           Min: 0, Avg:  0.0, Max: 0, Diff: 0, Sum: 0, Workers: 4
[2882.189s][debug][gc,phases      ] GC(80)     Total                          Min: 192, Avg: 275.0, Max: 332, Diff: 140, Sum: 1100, Workers: 4
[2882.189s][debug][gc,phases      ] GC(80)   ObjectSynchronizer Weak        Min:  0.0, Avg:  0.0, Max:  0.0, Diff:  0.0, Sum:  0.0, Workers: 4
[2882.189s][debug][gc,phases      ] GC(80)     Dead                           Min: 0, Avg:  0.0, Max: 0, Diff: 0, Sum: 0, Workers: 4
[2882.189s][debug][gc,phases      ] GC(80)     Total                          Min: 0, Avg:  0.8, Max: 3, Diff: 3, Sum: 3, Workers: 4
[2882.189s][debug][gc,phases      ] GC(80)   JVMTI Tag Weak OopStorage      Min:  0.0, Avg:  0.0, Max:  0.0, Diff:  0.0, Sum:  0.0, Workers: 4
[2882.189s][debug][gc,phases      ] GC(80)     Dead                           Min: 0, Avg:  0.0, Max: 0, Diff: 0, Sum: 0, Workers: 4
[2882.189s][debug][gc,phases      ] GC(80)     Total                          Min: 0, Avg:  0.0, Max: 0, Diff: 0, Sum: 0, Workers: 4
[2882.189s][debug][gc,phases      ] GC(80)   StringTable Weak               Min:  0.1, Avg:  0.1, Max:  0.1, Diff:  0.0, Sum:  0.5, Workers: 4
[2882.189s][debug][gc,phases      ] GC(80)     Dead                           Min: 0, Avg:  0.0, Max: 0, Diff: 0, Sum: 0, Workers: 4
[2882.189s][debug][gc,phases      ] GC(80)     Total                          Min: 11520, Avg: 12513.5, Max: 13382, Diff: 1862, Sum: 50054, Workers: 4
[2882.189s][debug][gc,phases      ] GC(80)   ResolvedMethodTable Weak       Min:  0.0, Avg:  0.0, Max:  0.0, Diff:  0.0, Sum:  0.2, Workers: 4
[2882.189s][debug][gc,phases      ] GC(80)     Dead                           Min: 0, Avg:  4.0, Max: 10, Diff: 10, Sum: 16, Workers: 4
[2882.189s][debug][gc,phases      ] GC(80)     Total                          Min: 3517, Avg: 4012.2, Max: 4507, Diff: 990, Sum: 16049, Workers: 4
[2882.189s][debug][gc,phases      ] GC(80)   JNI Weak                       Min:  0.0, Avg:  0.0, Max:  0.0, Diff:  0.0, Sum:  0.0, Workers: 4
[2882.189s][debug][gc,phases      ] GC(80)     Dead                           Min: 0, Avg:  0.0, Max: 0, Diff: 0, Sum: 0, Workers: 4
[2882.189s][debug][gc,phases      ] GC(80)     Total                          Min: 0, Avg: 13.0, Max: 52, Diff: 52, Sum: 52, Workers: 4
[2882.189s][debug][gc,phases      ] GC(80)   StringDedup Table Weak         Min:  0.0, Avg:  0.0, Max:  0.0, Diff:  0.0, Sum:  0.0, Workers: 4
[2882.189s][debug][gc,phases      ] GC(80)     Dead                           Min: 0, Avg:  0.0, Max: 0, Diff: 0, Sum: 0, Workers: 4
[2882.189s][debug][gc,phases      ] GC(80)     Total                          Min: 0, Avg:  0.0, Max: 0, Diff: 0, Sum: 0, Workers: 4
[2882.189s][debug][gc,phases      ] GC(80)   StringDedup Requests0 Weak     Min:  0.0, Avg:  0.0, Max:  0.0, Diff:  0.0, Sum:  0.0, Workers: 4
[2882.189s][debug][gc,phases      ] GC(80)     Dead                           Min: 0, Avg:  0.0, Max: 0, Diff: 0, Sum: 0, Workers: 4
[2882.189s][debug][gc,phases      ] GC(80)     Total                          Min: 0, Avg:  0.0, Max: 0, Diff: 0, Sum: 0, Workers: 4
[2882.189s][debug][gc,phases      ] GC(80)   StringDedup Requests1 Weak     Min:  0.0, Avg:  0.0, Max:  0.0, Diff:  0.0, Sum:  0.0, Workers: 4
[2882.189s][debug][gc,phases      ] GC(80)     Dead                           Min: 0, Avg:  0.0, Max: 0, Diff: 0, Sum: 0, Workers: 4
[2882.189s][debug][gc,phases      ] GC(80)     Total                          Min: 0, Avg:  0.0, Max: 0, Diff: 0, Sum: 0, Workers: 4
[2882.189s][debug][gc,phases      ] GC(80)   Weak JFR Old Object Samples    Min:  0.0, Avg:  0.0, Max:  0.0, Diff:  0.0, Sum:  0.0, Workers: 4
[2882.189s][debug][gc,phases      ] GC(80)     Dead                           Min: 0, Avg:  0.0, Max: 0, Diff: 0, Sum: 0, Workers: 4
[2882.189s][debug][gc,phases      ] GC(80)     Total                          Min: 0, Avg:  0.0, Max: 0, Diff: 0, Sum: 0, Workers: 4
[2882.189s][debug][gc,phases      ] GC(80) Weak Processing 0.355ms
[2882.189s][debug][gc,age         ] GC(80) Desired survivor size 34603008 bytes, new threshold 1 (max threshold 15)
[2882.189s][info ][gc,heap        ] GC(80) PSYoungGen: 2026080K(2060800K)->7744K(2059776K) Eden: 2023424K(2023424K)->0K(2023424K) From: 2656K(37376K)->7744K(36352K)
[2882.189s][info ][gc,heap        ] GC(80) ParOldGen: 1253439K(1253888K)->1253955K(1254400K)
[2882.189s][info ][gc,metaspace   ] GC(80) Metaspace: 114490K(115968K)->114490K(115968K) NonClass: 97335K(98176K)->97335K(98176K) Class: 17155K(17792K)->17155K(17792K)
[2882.189s][info ][gc             ] GC(80) Pause Young (Allocation Failure) 3202M->1232M(3236M) 8.374ms
[2882.189s][info ][gc,cpu         ] GC(80) User=0.03s Sys=0.00s Real=0.01s
[2882.189s][info ][safepoint      ] Safepoint "ParallelGCFailedAllocation", Time since last: 1642701946 ns, Reaching safepoint: 12201 ns, Cleanup: 5900 ns, At safepoint: 8470163 ns, Total: 8488264 ns
[2892.191s][info ][safepoint      ] Safepoint "Cleanup", Time since last: 10001417735 ns, Reaching safepoint: 12200 ns, Cleanup: 13900 ns, At safepoint: 3600 ns, Total: 29700 ns
[2895.191s][info ][safepoint      ] Safepoint "Cleanup", Time since last: 3000410840 ns, Reaching safepoint: 12900 ns, Cleanup: 14000 ns, At safepoint: 3400 ns, Total: 30300 ns
[2954.718s][info ][gc,start       ] GC(81) Pause Young (Allocation Failure)
[2954.731s][debug][gc,phases      ] GC(81) Scavenge 13.440ms
[2954.731s][debug][gc,ref         ] GC(81) ReferenceProcessor::execute queues: 1, RefProcThreadModel::Single, marks_oops_alive: false
[2954.731s][debug][gc,ref         ] GC(81) Skipped KeepAliveFinalRefsPhase of Reference Processing: no references
[2954.731s][debug][gc,ref         ] GC(81) Skipped PhantomRefsPhase of Reference Processing: no references
[2954.731s][debug][gc,phases      ] GC(81) Reference Processing 0.130ms
[2954.732s][debug][gc,phases      ] GC(81)   VM Weak                        Min:  0.0, Avg:  0.0, Max:  0.0, Diff:  0.0, Sum:  0.0, Workers: 4
[2954.732s][debug][gc,phases      ] GC(81)     Dead                           Min: 0, Avg:  0.0, Max: 0, Diff: 0, Sum: 0, Workers: 4
[2954.732s][debug][gc,phases      ] GC(81)     Total                          Min: 0, Avg: 275.0, Max: 1100, Diff: 1100, Sum: 1100, Workers: 4
[2954.732s][debug][gc,phases      ] GC(81)   ObjectSynchronizer Weak        Min:  0.0, Avg:  0.0, Max:  0.0, Diff:  0.0, Sum:  0.0, Workers: 4
[2954.732s][debug][gc,phases      ] GC(81)     Dead                           Min: 0, Avg:  0.0, Max: 0, Diff: 0, Sum: 0, Workers: 4
[2954.732s][debug][gc,phases      ] GC(81)     Total                          Min: 0, Avg:  1.0, Max: 4, Diff: 4, Sum: 4, Workers: 4
[2954.732s][debug][gc,phases      ] GC(81)   JVMTI Tag Weak OopStorage      Min:  0.0, Avg:  0.0, Max:  0.0, Diff:  0.0, Sum:  0.0, Workers: 4
[2954.732s][debug][gc,phases      ] GC(81)     Dead                           Min: 0, Avg:  0.0, Max: 0, Diff: 0, Sum: 0, Workers: 4
[2954.732s][debug][gc,phases      ] GC(81)     Total                          Min: 0, Avg:  0.0, Max: 0, Diff: 0, Sum: 0, Workers: 4
[2954.732s][debug][gc,phases      ] GC(81)   StringTable Weak               Min:  0.0, Avg:  0.1, Max:  0.5, Diff:  0.5, Sum:  0.5, Workers: 4
[2954.732s][debug][gc,phases      ] GC(81)     Dead                           Min: 0, Avg:  0.0, Max: 0, Diff: 0, Sum: 0, Workers: 4
[2954.732s][debug][gc,phases      ] GC(81)     Total                          Min: 0, Avg: 12513.5, Max: 50054, Diff: 50054, Sum: 50054, Workers: 4
[2954.732s][debug][gc,phases      ] GC(81)   ResolvedMethodTable Weak       Min:  0.0, Avg:  0.0, Max:  0.2, Diff:  0.2, Sum:  0.2, Workers: 4
[2954.732s][debug][gc,phases      ] GC(81)     Dead                           Min: 0, Avg:  4.0, Max: 16, Diff: 16, Sum: 16, Workers: 4
[2954.732s][debug][gc,phases      ] GC(81)     Total                          Min: 0, Avg: 4012.2, Max: 16049, Diff: 16049, Sum: 16049, Workers: 4
[2954.732s][debug][gc,phases      ] GC(81)   JNI Weak                       Min:  0.0, Avg:  0.0, Max:  0.0, Diff:  0.0, Sum:  0.0, Workers: 4
[2954.732s][debug][gc,phases      ] GC(81)     Dead                           Min: 0, Avg:  0.0, Max: 0, Diff: 0, Sum: 0, Workers: 4
[2954.732s][debug][gc,phases      ] GC(81)     Total                          Min: 0, Avg: 13.0, Max: 52, Diff: 52, Sum: 52, Workers: 4
[2954.732s][debug][gc,phases      ] GC(81)   StringDedup Table Weak         Min:  0.0, Avg:  0.0, Max:  0.0, Diff:  0.0, Sum:  0.0, Workers: 4
[2954.732s][debug][gc,phases      ] GC(81)     Dead                           Min: 0, Avg:  0.0, Max: 0, Diff: 0, Sum: 0, Workers: 4
[2954.732s][debug][gc,phases      ] GC(81)     Total                          Min: 0, Avg:  0.0, Max: 0, Diff: 0, Sum: 0, Workers: 4
[2954.732s][debug][gc,phases      ] GC(81)   StringDedup Requests0 Weak     Min:  0.0, Avg:  0.0, Max:  0.0, Diff:  0.0, Sum:  0.0, Workers: 4
[2954.732s][debug][gc,phases      ] GC(81)     Dead                           Min: 0, Avg:  0.0, Max: 0, Diff: 0, Sum: 0, Workers: 4
[2954.732s][debug][gc,phases      ] GC(81)     Total                          Min: 0, Avg:  0.0, Max: 0, Diff: 0, Sum: 0, Workers: 4
[2954.732s][debug][gc,phases      ] GC(81)   StringDedup Requests1 Weak     Min:  0.0, Avg:  0.0, Max:  0.0, Diff:  0.0, Sum:  0.0, Workers: 4
[2954.732s][debug][gc,phases      ] GC(81)     Dead                           Min: 0, Avg:  0.0, Max: 0, Diff: 0, Sum: 0, Workers: 4
[2954.732s][debug][gc,phases      ] GC(81)     Total                          Min: 0, Avg:  0.0, Max: 0, Diff: 0, Sum: 0, Workers: 4
[2954.732s][debug][gc,phases      ] GC(81)   Weak JFR Old Object Samples    Min:  0.0, Avg:  0.0, Max:  0.0, Diff:  0.0, Sum:  0.0, Workers: 4
[2954.732s][debug][gc,phases      ] GC(81)     Dead                           Min: 0, Avg:  0.0, Max: 0, Diff: 0, Sum: 0, Workers: 4
[2954.732s][debug][gc,phases      ] GC(81)     Total                          Min: 0, Avg:  0.0, Max: 0, Diff: 0, Sum: 0, Workers: 4
[2954.732s][debug][gc,phases      ] GC(81) Weak Processing 1.011ms
[2954.732s][debug][gc,age         ] GC(81) Desired survivor size 33030144 bytes, new threshold 1 (max threshold 15)
[2954.732s][info ][gc,heap        ] GC(81) PSYoungGen: 2031168K(2059776K)->2896K(2064896K) Eden: 2023424K(2023424K)->0K(2031104K) From: 7744K(36352K)->2896K(33792K)
[2954.732s][info ][gc,heap        ] GC(81) ParOldGen: 1253955K(1254400K)->1259286K(1259520K)
[2954.732s][info ][gc,metaspace   ] GC(81) Metaspace: 114496K(115968K)->114496K(115968K) NonClass: 97341K(98176K)->97341K(98176K) Class: 17155K(17792K)->17155K(17792K)
[2954.732s][info ][gc             ] GC(81) Pause Young (Allocation Failure) 3208M->1232M(3246M) 14.752ms
[2954.732s][info ][gc,cpu         ] GC(81) User=0.04s Sys=0.00s Real=0.02s
[2954.732s][info ][safepoint      ] Safepoint "ParallelGCFailedAllocation", Time since last: 59526260086 ns, Reaching safepoint: 14401 ns, Cleanup: 6800 ns, At safepoint: 14866971 ns, Total: 14888172 ns
[2959.735s][info ][safepoint      ] Safepoint "Cleanup", Time since last: 5002593865 ns, Reaching safepoint: 12201 ns, Cleanup: 25800 ns, At safepoint: 3500 ns, Total: 41501 ns
[2962.736s][info ][safepoint      ] Safepoint "Cleanup", Time since last: 3000397134 ns, Reaching safepoint: 42801 ns, Cleanup: 24100 ns, At safepoint: 8701 ns, Total: 75602 ns
[2972.737s][info ][safepoint      ] Safepoint "Cleanup", Time since last: 10001161022 ns, Reaching safepoint: 13101 ns, Cleanup: 16500 ns, At safepoint: 3500 ns, Total: 33101 ns
[2986.739s][info ][safepoint      ] Safepoint "Cleanup", Time since last: 14001819503 ns, Reaching safepoint: 13000 ns, Cleanup: 18101 ns, At safepoint: 3500 ns, Total: 34601 ns
[3011.624s][info ][safepoint      ] Safepoint "Cleanup", Time since last: 24885115771 ns, Reaching safepoint: 13201 ns, Cleanup: 14600 ns, At safepoint: 2900 ns, Total: 30701 ns
[3013.624s][info ][safepoint      ] Safepoint "Cleanup", Time since last: 2000217084 ns, Reaching safepoint: 14600 ns, Cleanup: 31301 ns, At safepoint: 3100 ns, Total: 49001 ns
[3014.624s][info ][safepoint      ] Safepoint "Cleanup", Time since last: 1000139292 ns, Reaching safepoint: 16801 ns, Cleanup: 16900 ns, At safepoint: 4000 ns, Total: 37701 ns
[3016.624s][info ][safepoint      ] Safepoint "Cleanup", Time since last: 2000243227 ns, Reaching safepoint: 17601 ns, Cleanup: 16600 ns, At safepoint: 3400 ns, Total: 37601 ns
[3020.625s][info ][safepoint      ] Safepoint "Cleanup", Time since last: 4000480582 ns, Reaching safepoint: 14800 ns, Cleanup: 14901 ns, At safepoint: 3900 ns, Total: 33601 ns
[3023.626s][info ][safepoint      ] Safepoint "Cleanup", Time since last: 3000440463 ns, Reaching safepoint: 92201 ns, Cleanup: 37000 ns, At safepoint: 11701 ns, Total: 140902 ns
[3027.626s][info ][safepoint      ] Safepoint "Cleanup", Time since last: 4000441113 ns, Reaching safepoint: 89902 ns, Cleanup: 20300 ns, At safepoint: 9900 ns, Total: 120102 ns
[3029.779s][info ][gc,start       ] GC(82) Pause Young (Allocation Failure)
[3029.787s][debug][gc,phases      ] GC(82) Scavenge 7.764ms
[3029.787s][debug][gc,ref         ] GC(82) ReferenceProcessor::execute queues: 1, RefProcThreadModel::Single, marks_oops_alive: false
[3029.787s][debug][gc,ref         ] GC(82) Skipped KeepAliveFinalRefsPhase of Reference Processing: no references
[3029.787s][debug][gc,ref         ] GC(82) ReferenceProcessor::execute queues: 1, RefProcThreadModel::Single, marks_oops_alive: false
[3029.787s][debug][gc,phases      ] GC(82) Reference Processing 0.103ms
[3029.787s][debug][gc,phases      ] GC(82)   VM Weak                        Min:  0.0, Avg:  0.0, Max:  0.0, Diff:  0.0, Sum:  0.0, Workers: 4
[3029.787s][debug][gc,phases      ] GC(82)     Dead                           Min: 0, Avg:  0.0, Max: 0, Diff: 0, Sum: 0, Workers: 4
[3029.787s][debug][gc,phases      ] GC(82)     Total                          Min: 0, Avg: 275.0, Max: 640, Diff: 640, Sum: 1100, Workers: 4
[3029.787s][debug][gc,phases      ] GC(82)   ObjectSynchronizer Weak        Min:  0.0, Avg:  0.0, Max:  0.0, Diff:  0.0, Sum:  0.0, Workers: 4
[3029.787s][debug][gc,phases      ] GC(82)     Dead                           Min: 0, Avg:  0.0, Max: 0, Diff: 0, Sum: 0, Workers: 4
[3029.787s][debug][gc,phases      ] GC(82)     Total                          Min: 0, Avg:  1.0, Max: 4, Diff: 4, Sum: 4, Workers: 4
[3029.787s][debug][gc,phases      ] GC(82)   JVMTI Tag Weak OopStorage      Min:  0.0, Avg:  0.0, Max:  0.0, Diff:  0.0, Sum:  0.0, Workers: 4
[3029.787s][debug][gc,phases      ] GC(82)     Dead                           Min: 0, Avg:  0.0, Max: 0, Diff: 0, Sum: 0, Workers: 4
[3029.787s][debug][gc,phases      ] GC(82)     Total                          Min: 0, Avg:  0.0, Max: 0, Diff: 0, Sum: 0, Workers: 4
[3029.787s][debug][gc,phases      ] GC(82)   StringTable Weak               Min:  0.1, Avg:  0.1, Max:  0.1, Diff:  0.0, Sum:  0.5, Workers: 4
[3029.787s][debug][gc,phases      ] GC(82)     Dead                           Min: 0, Avg:  0.0, Max: 0, Diff: 0, Sum: 0, Workers: 4
[3029.787s][debug][gc,phases      ] GC(82)     Total                          Min: 11456, Avg: 12515.5, Max: 13376, Diff: 1920, Sum: 50062, Workers: 4
[3029.787s][debug][gc,phases      ] GC(82)   ResolvedMethodTable Weak       Min:  0.0, Avg:  0.0, Max:  0.0, Diff:  0.0, Sum:  0.2, Workers: 4
[3029.787s][debug][gc,phases      ] GC(82)     Dead                           Min: 0, Avg:  6.8, Max: 18, Diff: 18, Sum: 27, Workers: 4
[3029.787s][debug][gc,phases      ] GC(82)     Total                          Min: 3562, Avg: 4014.2, Max: 4611, Diff: 1049, Sum: 16057, Workers: 4
[3029.787s][debug][gc,phases      ] GC(82)   JNI Weak                       Min:  0.0, Avg:  0.0, Max:  0.0, Diff:  0.0, Sum:  0.0, Workers: 4
[3029.787s][debug][gc,phases      ] GC(82)     Dead                           Min: 0, Avg:  0.0, Max: 0, Diff: 0, Sum: 0, Workers: 4
[3029.787s][debug][gc,phases      ] GC(82)     Total                          Min: 0, Avg: 13.0, Max: 52, Diff: 52, Sum: 52, Workers: 4
[3029.787s][debug][gc,phases      ] GC(82)   StringDedup Table Weak         Min:  0.0, Avg:  0.0, Max:  0.0, Diff:  0.0, Sum:  0.0, Workers: 4
[3029.787s][debug][gc,phases      ] GC(82)     Dead                           Min: 0, Avg:  0.0, Max: 0, Diff: 0, Sum: 0, Workers: 4
[3029.787s][debug][gc,phases      ] GC(82)     Total                          Min: 0, Avg:  0.0, Max: 0, Diff: 0, Sum: 0, Workers: 4
[3029.787s][debug][gc,phases      ] GC(82)   StringDedup Requests0 Weak     Min:  0.0, Avg:  0.0, Max:  0.0, Diff:  0.0, Sum:  0.0, Workers: 4
[3029.787s][debug][gc,phases      ] GC(82)     Dead                           Min: 0, Avg:  0.0, Max: 0, Diff: 0, Sum: 0, Workers: 4
[3029.787s][debug][gc,phases      ] GC(82)     Total                          Min: 0, Avg:  0.0, Max: 0, Diff: 0, Sum: 0, Workers: 4
[3029.787s][debug][gc,phases      ] GC(82)   StringDedup Requests1 Weak     Min:  0.0, Avg:  0.0, Max:  0.0, Diff:  0.0, Sum:  0.0, Workers: 4
[3029.787s][debug][gc,phases      ] GC(82)     Dead                           Min: 0, Avg:  0.0, Max: 0, Diff: 0, Sum: 0, Workers: 4
[3029.787s][debug][gc,phases      ] GC(82)     Total                          Min: 0, Avg:  0.0, Max: 0, Diff: 0, Sum: 0, Workers: 4
[3029.787s][debug][gc,phases      ] GC(82)   Weak JFR Old Object Samples    Min:  0.0, Avg:  0.0, Max:  0.0, Diff:  0.0, Sum:  0.0, Workers: 4
[3029.787s][debug][gc,phases      ] GC(82)     Dead                           Min: 0, Avg:  0.0, Max: 0, Diff: 0, Sum: 0, Workers: 4
[3029.787s][debug][gc,phases      ] GC(82)     Total                          Min: 0, Avg:  0.0, Max: 0, Diff: 0, Sum: 0, Workers: 4
[3029.787s][debug][gc,phases      ] GC(82) Weak Processing 0.345ms
[3029.787s][debug][gc,age         ] GC(82) Desired survivor size 31981568 bytes, new threshold 1 (max threshold 15)
[3029.787s][info ][gc,heap        ] GC(82) PSYoungGen: 2034000K(2064896K)->3296K(2063360K) Eden: 2031104K(2031104K)->0K(2031104K) From: 2896K(33792K)->3296K(32256K)
[3029.787s][info ][gc,heap        ] GC(82) ParOldGen: 1259286K(1259520K)->1259606K(1260032K)
[3029.787s][info ][gc,metaspace   ] GC(82) Metaspace: 114542K(115968K)->114542K(115968K) NonClass: 97387K(98176K)->97387K(98176K) Class: 17155K(17792K)->17155K(17792K)
[3029.787s][info ][gc             ] GC(82) Pause Young (Allocation Failure) 3216M->1233M(3245M) 8.349ms
[3029.787s][info ][gc,cpu         ] GC(82) User=0.03s Sys=0.01s Real=0.00s
[3029.787s][info ][safepoint      ] Safepoint "ParallelGCFailedAllocation", Time since last: 2152612666 ns, Reaching safepoint: 92701 ns, Cleanup: 6600 ns, At safepoint: 8446759 ns, Total: 8546060 ns
[3031.787s][info ][safepoint      ] Safepoint "Cleanup", Time since last: 2000176715 ns, Reaching safepoint: 13400 ns, Cleanup: 13200 ns, At safepoint: 3800 ns, Total: 30400 ns
[3032.788s][info ][safepoint      ] Safepoint "Cleanup", Time since last: 1000147602 ns, Reaching safepoint: 16101 ns, Cleanup: 22300 ns, At safepoint: 3900 ns, Total: 42301 ns
[3047.790s][info ][safepoint      ] Safepoint "Cleanup", Time since last: 15001834874 ns, Reaching safepoint: 28701 ns, Cleanup: 17000 ns, At safepoint: 3300 ns, Total: 49001 ns
[3052.790s][info ][safepoint      ] Safepoint "Cleanup", Time since last: 5000705157 ns, Reaching safepoint: 18101 ns, Cleanup: 19200 ns, At safepoint: 7500 ns, Total: 44801 ns
[3058.791s][info ][safepoint      ] Safepoint "Cleanup", Time since last: 6000695610 ns, Reaching safepoint: 14300 ns, Cleanup: 13600 ns, At safepoint: 25601 ns, Total: 53501 ns
[3072.652s][info ][safepoint      ] Safepoint "Cleanup", Time since last: 13860778622 ns, Reaching safepoint: 15701 ns, Cleanup: 18700 ns, At safepoint: 4500 ns, Total: 38901 ns
[3073.652s][info ][safepoint      ] Safepoint "Cleanup", Time since last: 1000198795 ns, Reaching safepoint: 14600 ns, Cleanup: 18600 ns, At safepoint: 4100 ns, Total: 37300 ns
[3099.655s][info ][safepoint      ] Safepoint "Cleanup", Time since last: 26002708912 ns, Reaching safepoint: 15800 ns, Cleanup: 32101 ns, At safepoint: 4000 ns, Total: 51901 ns
[3100.655s][info ][safepoint      ] Safepoint "Cleanup", Time since last: 1000212709 ns, Reaching safepoint: 16200 ns, Cleanup: 26301 ns, At safepoint: 4100 ns, Total: 46601 ns
[3102.655s][info ][safepoint      ] Safepoint "Cleanup", Time since last: 2000293917 ns, Reaching safepoint: 16500 ns, Cleanup: 20301 ns, At safepoint: 3500 ns, Total: 40301 ns
[3103.227s][info ][gc,start       ] GC(83) Pause Young (Allocation Failure)
[3103.234s][debug][gc,phases      ] GC(83) Scavenge 6.907ms
[3103.234s][debug][gc,ref         ] GC(83) ReferenceProcessor::execute queues: 1, RefProcThreadModel::Single, marks_oops_alive: false
[3103.234s][debug][gc,ref         ] GC(83) Skipped KeepAliveFinalRefsPhase of Reference Processing: no references
[3103.234s][debug][gc,ref         ] GC(83) ReferenceProcessor::execute queues: 1, RefProcThreadModel::Single, marks_oops_alive: false
[3103.234s][debug][gc,phases      ] GC(83) Reference Processing 0.127ms
[3103.234s][debug][gc,phases      ] GC(83)   VM Weak                        Min:  0.0, Avg:  0.0, Max:  0.0, Diff:  0.0, Sum:  0.0, Workers: 4
[3103.234s][debug][gc,phases      ] GC(83)     Dead                           Min: 0, Avg:  0.0, Max: 0, Diff: 0, Sum: 0, Workers: 4
[3103.234s][debug][gc,phases      ] GC(83)     Total                          Min: 0, Avg: 275.0, Max: 1088, Diff: 1088, Sum: 1100, Workers: 4
[3103.234s][debug][gc,phases      ] GC(83)   ObjectSynchronizer Weak        Min:  0.0, Avg:  0.0, Max:  0.0, Diff:  0.0, Sum:  0.0, Workers: 4
[3103.234s][debug][gc,phases      ] GC(83)     Dead                           Min: 0, Avg:  0.0, Max: 0, Diff: 0, Sum: 0, Workers: 4
[3103.234s][debug][gc,phases      ] GC(83)     Total                          Min: 0, Avg:  1.0, Max: 4, Diff: 4, Sum: 4, Workers: 4
[3103.234s][debug][gc,phases      ] GC(83)   JVMTI Tag Weak OopStorage      Min:  0.0, Avg:  0.0, Max:  0.0, Diff:  0.0, Sum:  0.0, Workers: 4
[3103.234s][debug][gc,phases      ] GC(83)     Dead                           Min: 0, Avg:  0.0, Max: 0, Diff: 0, Sum: 0, Workers: 4
[3103.234s][debug][gc,phases      ] GC(83)     Total                          Min: 0, Avg:  0.0, Max: 0, Diff: 0, Sum: 0, Workers: 4
[3103.234s][debug][gc,phases      ] GC(83)   StringTable Weak               Min:  0.1, Avg:  0.1, Max:  0.1, Diff:  0.0, Sum:  0.5, Workers: 4
[3103.234s][debug][gc,phases      ] GC(83)     Dead                           Min: 0, Avg:  0.0, Max: 0, Diff: 0, Sum: 0, Workers: 4
[3103.234s][debug][gc,phases      ] GC(83)     Total                          Min: 11793, Avg: 12516.2, Max: 14080, Diff: 2287, Sum: 50065, Workers: 4
[3103.234s][debug][gc,phases      ] GC(83)   ResolvedMethodTable Weak       Min:  0.0, Avg:  0.0, Max:  0.0, Diff:  0.0, Sum:  0.2, Workers: 4
[3103.234s][debug][gc,phases      ] GC(83)     Dead                           Min: 0, Avg:  6.8, Max: 13, Diff: 13, Sum: 27, Workers: 4
[3103.234s][debug][gc,phases      ] GC(83)     Total                          Min: 3555, Avg: 4014.2, Max: 4559, Diff: 1004, Sum: 16057, Workers: 4
[3103.234s][debug][gc,phases      ] GC(83)   JNI Weak                       Min:  0.0, Avg:  0.0, Max:  0.0, Diff:  0.0, Sum:  0.0, Workers: 4
[3103.234s][debug][gc,phases      ] GC(83)     Dead                           Min: 0, Avg:  0.0, Max: 0, Diff: 0, Sum: 0, Workers: 4
[3103.234s][debug][gc,phases      ] GC(83)     Total                          Min: 0, Avg: 13.0, Max: 52, Diff: 52, Sum: 52, Workers: 4
[3103.234s][debug][gc,phases      ] GC(83)   StringDedup Table Weak         Min:  0.0, Avg:  0.0, Max:  0.0, Diff:  0.0, Sum:  0.0, Workers: 4
[3103.234s][debug][gc,phases      ] GC(83)     Dead                           Min: 0, Avg:  0.0, Max: 0, Diff: 0, Sum: 0, Workers: 4
[3103.234s][debug][gc,phases      ] GC(83)     Total                          Min: 0, Avg:  0.0, Max: 0, Diff: 0, Sum: 0, Workers: 4
[3103.234s][debug][gc,phases      ] GC(83)   StringDedup Requests0 Weak     Min:  0.0, Avg:  0.0, Max:  0.0, Diff:  0.0, Sum:  0.0, Workers: 4
[3103.234s][debug][gc,phases      ] GC(83)     Dead                           Min: 0, Avg:  0.0, Max: 0, Diff: 0, Sum: 0, Workers: 4
[3103.234s][debug][gc,phases      ] GC(83)     Total                          Min: 0, Avg:  0.0, Max: 0, Diff: 0, Sum: 0, Workers: 4
[3103.234s][debug][gc,phases      ] GC(83)   StringDedup Requests1 Weak     Min:  0.0, Avg:  0.0, Max:  0.0, Diff:  0.0, Sum:  0.0, Workers: 4
[3103.234s][debug][gc,phases      ] GC(83)     Dead                           Min: 0, Avg:  0.0, Max: 0, Diff: 0, Sum: 0, Workers: 4
[3103.234s][debug][gc,phases      ] GC(83)     Total                          Min: 0, Avg:  0.0, Max: 0, Diff: 0, Sum: 0, Workers: 4
[3103.234s][debug][gc,phases      ] GC(83)   Weak JFR Old Object Samples    Min:  0.0, Avg:  0.0, Max:  0.0, Diff:  0.0, Sum:  0.0, Workers: 4
[3103.234s][debug][gc,phases      ] GC(83)     Dead                           Min: 0, Avg:  0.0, Max: 0, Diff: 0, Sum: 0, Workers: 4
[3103.234s][debug][gc,phases      ] GC(83)     Total                          Min: 0, Avg:  0.0, Max: 0, Diff: 0, Sum: 0, Workers: 4
[3103.234s][debug][gc,phases      ] GC(83) Weak Processing 0.403ms
[3103.234s][debug][gc,age         ] GC(83) Desired survivor size 29884416 bytes, new threshold 1 (max threshold 15)
[3103.234s][info ][gc,heap        ] GC(83) PSYoungGen: 2034400K(2063360K)->4320K(2067968K) Eden: 2031104K(2031104K)->0K(2036736K) From: 3296K(32256K)->4320K(31232K)
[3103.234s][info ][gc,heap        ] GC(83) ParOldGen: 1259606K(1260032K)->1260066K(1260544K)
[3103.234s][info ][gc,metaspace   ] GC(83) Metaspace: 114586K(116032K)->114586K(116032K) NonClass: 97431K(98240K)->97431K(98240K) Class: 17155K(17792K)->17155K(17792K)
[3103.234s][info ][gc             ] GC(83) Pause Young (Allocation Failure) 3216M->1234M(3250M) 7.604ms
[3103.234s][info ][gc,cpu         ] GC(83) User=0.02s Sys=0.00s Real=0.01s
[3103.234s][info ][safepoint      ] Safepoint "ParallelGCFailedAllocation", Time since last: 571087025 ns, Reaching safepoint: 14501 ns, Cleanup: 6500 ns, At safepoint: 7705938 ns, Total: 7726939 ns
[3106.235s][info ][safepoint      ] Safepoint "Cleanup", Time since last: 3000271791 ns, Reaching safepoint: 13600 ns, Cleanup: 14800 ns, At safepoint: 3400 ns, Total: 31800 ns
[3111.235s][info ][safepoint      ] Safepoint "Cleanup", Time since last: 5000521729 ns, Reaching safepoint: 12500 ns, Cleanup: 15900 ns, At safepoint: 4700 ns, Total: 33100 ns
[3112.235s][info ][safepoint      ] Safepoint "Cleanup", Time since last: 1000136853 ns, Reaching safepoint: 10800 ns, Cleanup: 11101 ns, At safepoint: 3600 ns, Total: 25501 ns
[3119.236s][info ][safepoint      ] Safepoint "Cleanup", Time since last: 7000758478 ns, Reaching safepoint: 12900 ns, Cleanup: 17001 ns, At safepoint: 3100 ns, Total: 33001 ns
[3120.236s][info ][safepoint      ] Safepoint "Cleanup", Time since last: 1000196117 ns, Reaching safepoint: 12900 ns, Cleanup: 14400 ns, At safepoint: 4200 ns, Total: 31500 ns
[3121.236s][info ][safepoint      ] Safepoint "Cleanup", Time since last: 1000131801 ns, Reaching safepoint: 13700 ns, Cleanup: 15800 ns, At safepoint: 4200 ns, Total: 33700 ns
[3126.679s][info ][safepoint      ] Safepoint "Cleanup", Time since last: 5442643210 ns, Reaching safepoint: 92501 ns, Cleanup: 18301 ns, At safepoint: 11500 ns, Total: 122302 ns
[3128.680s][info ][safepoint      ] Safepoint "Cleanup", Time since last: 2000214625 ns, Reaching safepoint: 84801 ns, Cleanup: 14100 ns, At safepoint: 8001 ns, Total: 106902 ns
[3131.680s][info ][safepoint      ] Safepoint "Cleanup", Time since last: 3000335239 ns, Reaching safepoint: 82702 ns, Cleanup: 14100 ns, At safepoint: 8000 ns, Total: 104802 ns
[3132.680s][info ][safepoint      ] Safepoint "Cleanup", Time since last: 1000133447 ns, Reaching safepoint: 86802 ns, Cleanup: 16400 ns, At safepoint: 9400 ns, Total: 112602 ns
[3133.680s][info ][safepoint      ] Safepoint "Cleanup", Time since last: 1000123747 ns, Reaching safepoint: 84501 ns, Cleanup: 12201 ns, At safepoint: 8100 ns, Total: 104802 ns
[3142.682s][info ][safepoint      ] Safepoint "Cleanup", Time since last: 9001069239 ns, Reaching safepoint: 16800 ns, Cleanup: 15901 ns, At safepoint: 5900 ns, Total: 38601 ns
[3165.628s][info ][gc,start       ] GC(84) Pause Young (Allocation Failure)
[3165.639s][debug][gc,phases      ] GC(84) Scavenge 10.481ms
[3165.639s][debug][gc,ref         ] GC(84) ReferenceProcessor::execute queues: 1, RefProcThreadModel::Single, marks_oops_alive: false
[3165.639s][debug][gc,ref         ] GC(84) Skipped KeepAliveFinalRefsPhase of Reference Processing: no references
[3165.639s][debug][gc,ref         ] GC(84) ReferenceProcessor::execute queues: 1, RefProcThreadModel::Single, marks_oops_alive: false
[3165.639s][debug][gc,phases      ] GC(84) Reference Processing 0.100ms
[3165.639s][debug][gc,phases      ] GC(84)   VM Weak                        Min:  0.0, Avg:  0.0, Max:  0.0, Diff:  0.0, Sum:  0.0, Workers: 4
[3165.639s][debug][gc,phases      ] GC(84)     Dead                           Min: 0, Avg:  0.0, Max: 0, Diff: 0, Sum: 0, Workers: 4
[3165.639s][debug][gc,phases      ] GC(84)     Total                          Min: 0, Avg: 275.0, Max: 576, Diff: 576, Sum: 1100, Workers: 4
[3165.639s][debug][gc,phases      ] GC(84)   ObjectSynchronizer Weak        Min:  0.0, Avg:  0.0, Max:  0.0, Diff:  0.0, Sum:  0.0, Workers: 4
[3165.639s][debug][gc,phases      ] GC(84)     Dead                           Min: 0, Avg:  0.0, Max: 0, Diff: 0, Sum: 0, Workers: 4
[3165.639s][debug][gc,phases      ] GC(84)     Total                          Min: 0, Avg:  1.5, Max: 6, Diff: 6, Sum: 6, Workers: 4
[3165.639s][debug][gc,phases      ] GC(84)   JVMTI Tag Weak OopStorage      Min:  0.0, Avg:  0.0, Max:  0.0, Diff:  0.0, Sum:  0.0, Workers: 4
[3165.639s][debug][gc,phases      ] GC(84)     Dead                           Min: 0, Avg:  0.0, Max: 0, Diff: 0, Sum: 0, Workers: 4
[3165.639s][debug][gc,phases      ] GC(84)     Total                          Min: 0, Avg:  0.0, Max: 0, Diff: 0, Sum: 0, Workers: 4
[3165.639s][debug][gc,phases      ] GC(84)   StringTable Weak               Min:  0.1, Avg:  0.1, Max:  0.1, Diff:  0.0, Sum:  0.5, Workers: 4
[3165.639s][debug][gc,phases      ] GC(84)     Dead                           Min: 0, Avg:  0.0, Max: 0, Diff: 0, Sum: 0, Workers: 4
[3165.639s][debug][gc,phases      ] GC(84)     Total                          Min: 11264, Avg: 12516.5, Max: 14354, Diff: 3090, Sum: 50066, Workers: 4
[3165.639s][debug][gc,phases      ] GC(84)   ResolvedMethodTable Weak       Min:  0.0, Avg:  0.0, Max:  0.0, Diff:  0.0, Sum:  0.2, Workers: 4
[3165.639s][debug][gc,phases      ] GC(84)     Dead                           Min: 0, Avg:  4.0, Max: 9, Diff: 9, Sum: 16, Workers: 4
[3165.639s][debug][gc,phases      ] GC(84)     Total                          Min: 3489, Avg: 4014.2, Max: 4548, Diff: 1059, Sum: 16057, Workers: 4
[3165.639s][debug][gc,phases      ] GC(84)   JNI Weak                       Min:  0.0, Avg:  0.0, Max:  0.0, Diff:  0.0, Sum:  0.0, Workers: 4
[3165.639s][debug][gc,phases      ] GC(84)     Dead                           Min: 0, Avg:  0.0, Max: 0, Diff: 0, Sum: 0, Workers: 4
[3165.639s][debug][gc,phases      ] GC(84)     Total                          Min: 0, Avg: 13.0, Max: 52, Diff: 52, Sum: 52, Workers: 4
[3165.639s][debug][gc,phases      ] GC(84)   StringDedup Table Weak         Min:  0.0, Avg:  0.0, Max:  0.0, Diff:  0.0, Sum:  0.0, Workers: 4
[3165.639s][debug][gc,phases      ] GC(84)     Dead                           Min: 0, Avg:  0.0, Max: 0, Diff: 0, Sum: 0, Workers: 4
[3165.639s][debug][gc,phases      ] GC(84)     Total                          Min: 0, Avg:  0.0, Max: 0, Diff: 0, Sum: 0, Workers: 4
[3165.639s][debug][gc,phases      ] GC(84)   StringDedup Requests0 Weak     Min:  0.0, Avg:  0.0, Max:  0.0, Diff:  0.0, Sum:  0.0, Workers: 4
[3165.639s][debug][gc,phases      ] GC(84)     Dead                           Min: 0, Avg:  0.0, Max: 0, Diff: 0, Sum: 0, Workers: 4
[3165.639s][debug][gc,phases      ] GC(84)     Total                          Min: 0, Avg:  0.0, Max: 0, Diff: 0, Sum: 0, Workers: 4
[3165.639s][debug][gc,phases      ] GC(84)   StringDedup Requests1 Weak     Min:  0.0, Avg:  0.0, Max:  0.0, Diff:  0.0, Sum:  0.0, Workers: 4
[3165.639s][debug][gc,phases      ] GC(84)     Dead                           Min: 0, Avg:  0.0, Max: 0, Diff: 0, Sum: 0, Workers: 4
[3165.640s][debug][gc,phases      ] GC(84)     Total                          Min: 0, Avg:  0.0, Max: 0, Diff: 0, Sum: 0, Workers: 4
[3165.640s][debug][gc,phases      ] GC(84)   Weak JFR Old Object Samples    Min:  0.0, Avg:  0.0, Max:  0.0, Diff:  0.0, Sum:  0.0, Workers: 4
[3165.640s][debug][gc,phases      ] GC(84)     Dead                           Min: 0, Avg:  0.0, Max: 0, Diff: 0, Sum: 0, Workers: 4
[3165.640s][debug][gc,phases      ] GC(84)     Total                          Min: 0, Avg:  0.0, Max: 0, Diff: 0, Sum: 0, Workers: 4
[3165.640s][debug][gc,phases      ] GC(84) Weak Processing 0.383ms
[3165.640s][debug][gc,age         ] GC(84) Desired survivor size 27787264 bytes, new threshold 1 (max threshold 15)
[3165.640s][info ][gc,heap        ] GC(84) PSYoungGen: 2041056K(2067968K)->7552K(2065920K) Eden: 2036736K(2036736K)->0K(2036736K) From: 4320K(31232K)->7552K(29184K)
[3165.640s][info ][gc,heap        ] GC(84) ParOldGen: 1260066K(1260544K)->1260630K(1261056K)
[3165.640s][info ][gc,metaspace   ] GC(84) Metaspace: 114601K(116032K)->114601K(116032K) NonClass: 97446K(98240K)->97446K(98240K) Class: 17155K(17792K)->17155K(17792K)
[3165.640s][info ][gc             ] GC(84) Pause Young (Allocation Failure) 3223M->1238M(3249M) 11.103ms
[3165.640s][info ][gc,cpu         ] GC(84) User=0.04s Sys=0.00s Real=0.02s
[3165.640s][info ][safepoint      ] Safepoint "ParallelGCFailedAllocation", Time since last: 22946782434 ns, Reaching safepoint: 87701 ns, Cleanup: 4700 ns, At safepoint: 11193109 ns, Total: 11285510 ns
[3173.642s][info ][safepoint      ] Safepoint "Cleanup", Time since last: 8002279231 ns, Reaching safepoint: 15300 ns, Cleanup: 20101 ns, At safepoint: 3200 ns, Total: 38601 ns
[3178.643s][info ][safepoint      ] Safepoint "Cleanup", Time since last: 5000521702 ns, Reaching safepoint: 34401 ns, Cleanup: 14500 ns, At safepoint: 3500 ns, Total: 52401 ns
[3185.717s][info ][safepoint      ] Safepoint "Cleanup", Time since last: 7074551530 ns, Reaching safepoint: 17001 ns, Cleanup: 13400 ns, At safepoint: 3300 ns, Total: 33701 ns
[3194.718s][info ][safepoint      ] Safepoint "Cleanup", Time since last: 9000991144 ns, Reaching safepoint: 13500 ns, Cleanup: 12700 ns, At safepoint: 3100 ns, Total: 29300 ns
[3199.719s][info ][safepoint      ] Safepoint "Cleanup", Time since last: 5000783771 ns, Reaching safepoint: 14000 ns, Cleanup: 12501 ns, At safepoint: 3200 ns, Total: 29701 ns
[3202.719s][info ][safepoint      ] Safepoint "Cleanup", Time since last: 3000353248 ns, Reaching safepoint: 13900 ns, Cleanup: 15001 ns, At safepoint: 2700 ns, Total: 31601 ns
[3203.719s][info ][safepoint      ] Safepoint "Cleanup", Time since last: 1000120449 ns, Reaching safepoint: 12900 ns, Cleanup: 13301 ns, At safepoint: 3000 ns, Total: 29201 ns
[3208.720s][info ][safepoint      ] Safepoint "Cleanup", Time since last: 5000607580 ns, Reaching safepoint: 18200 ns, Cleanup: 17501 ns, At safepoint: 3100 ns, Total: 38801 ns
[3225.722s][info ][safepoint      ] Safepoint "Cleanup", Time since last: 17002277133 ns, Reaching safepoint: 13000 ns, Cleanup: 14701 ns, At safepoint: 3700 ns, Total: 31401 ns
[3228.465s][info ][gc,start       ] GC(85) Pause Young (Allocation Failure)
[3228.473s][debug][gc,phases      ] GC(85) Scavenge 8.828ms
[3228.474s][debug][gc,ref         ] GC(85) ReferenceProcessor::execute queues: 1, RefProcThreadModel::Single, marks_oops_alive: false
[3228.474s][debug][gc,ref         ] GC(85) Skipped KeepAliveFinalRefsPhase of Reference Processing: no references
[3228.474s][debug][gc,ref         ] GC(85) ReferenceProcessor::execute queues: 1, RefProcThreadModel::Single, marks_oops_alive: false
[3228.474s][debug][gc,phases      ] GC(85) Reference Processing 0.130ms
[3228.474s][debug][gc,phases      ] GC(85)   VM Weak                        Min:  0.0, Avg:  0.0, Max:  0.0, Diff:  0.0, Sum:  0.0, Workers: 4
[3228.474s][debug][gc,phases      ] GC(85)     Dead                           Min: 0, Avg:  0.0, Max: 0, Diff: 0, Sum: 0, Workers: 4
[3228.474s][debug][gc,phases      ] GC(85)     Total                          Min: 0, Avg: 275.0, Max: 640, Diff: 640, Sum: 1100, Workers: 4
[3228.474s][debug][gc,phases      ] GC(85)   ObjectSynchronizer Weak        Min:  0.0, Avg:  0.0, Max:  0.0, Diff:  0.0, Sum:  0.0, Workers: 4
[3228.474s][debug][gc,phases      ] GC(85)     Dead                           Min: 0, Avg:  0.0, Max: 0, Diff: 0, Sum: 0, Workers: 4
[3228.474s][debug][gc,phases      ] GC(85)     Total                          Min: 0, Avg:  1.5, Max: 6, Diff: 6, Sum: 6, Workers: 4
[3228.474s][debug][gc,phases      ] GC(85)   JVMTI Tag Weak OopStorage      Min:  0.0, Avg:  0.0, Max:  0.0, Diff:  0.0, Sum:  0.0, Workers: 4
[3228.474s][debug][gc,phases      ] GC(85)     Dead                           Min: 0, Avg:  0.0, Max: 0, Diff: 0, Sum: 0, Workers: 4
[3228.474s][debug][gc,phases      ] GC(85)     Total                          Min: 0, Avg:  0.0, Max: 0, Diff: 0, Sum: 0, Workers: 4
[3228.474s][debug][gc,phases      ] GC(85)   StringTable Weak               Min:  0.0, Avg:  0.1, Max:  0.2, Diff:  0.2, Sum:  0.4, Workers: 4
[3228.474s][debug][gc,phases      ] GC(85)     Dead                           Min: 0, Avg:  0.2, Max: 1, Diff: 1, Sum: 1, Workers: 4
[3228.474s][debug][gc,phases      ] GC(85)     Total                          Min: 2303, Avg: 12518.8, Max: 22748, Diff: 20445, Sum: 50075, Workers: 4
[3228.474s][debug][gc,phases      ] GC(85)   ResolvedMethodTable Weak       Min:  0.0, Avg:  0.0, Max:  0.0, Diff:  0.0, Sum:  0.2, Workers: 4
[3228.474s][debug][gc,phases      ] GC(85)     Dead                           Min: 0, Avg:  4.5, Max: 14, Diff: 14, Sum: 18, Workers: 4
[3228.474s][debug][gc,phases      ] GC(85)     Total                          Min: 3454, Avg: 4017.8, Max: 4640, Diff: 1186, Sum: 16071, Workers: 4
[3228.474s][debug][gc,phases      ] GC(85)   JNI Weak                       Min:  0.0, Avg:  0.0, Max:  0.0, Diff:  0.0, Sum:  0.0, Workers: 4
[3228.474s][debug][gc,phases      ] GC(85)     Dead                           Min: 0, Avg:  0.0, Max: 0, Diff: 0, Sum: 0, Workers: 4
[3228.474s][debug][gc,phases      ] GC(85)     Total                          Min: 0, Avg: 13.0, Max: 52, Diff: 52, Sum: 52, Workers: 4
[3228.474s][debug][gc,phases      ] GC(85)   StringDedup Table Weak         Min:  0.0, Avg:  0.0, Max:  0.0, Diff:  0.0, Sum:  0.0, Workers: 4
[3228.474s][debug][gc,phases      ] GC(85)     Dead                           Min: 0, Avg:  0.0, Max: 0, Diff: 0, Sum: 0, Workers: 4
[3228.474s][debug][gc,phases      ] GC(85)     Total                          Min: 0, Avg:  0.0, Max: 0, Diff: 0, Sum: 0, Workers: 4
[3228.474s][debug][gc,phases      ] GC(85)   StringDedup Requests0 Weak     Min:  0.0, Avg:  0.0, Max:  0.0, Diff:  0.0, Sum:  0.0, Workers: 4
[3228.474s][debug][gc,phases      ] GC(85)     Dead                           Min: 0, Avg:  0.0, Max: 0, Diff: 0, Sum: 0, Workers: 4
[3228.474s][debug][gc,phases      ] GC(85)     Total                          Min: 0, Avg:  0.0, Max: 0, Diff: 0, Sum: 0, Workers: 4
[3228.474s][debug][gc,phases      ] GC(85)   StringDedup Requests1 Weak     Min:  0.0, Avg:  0.0, Max:  0.0, Diff:  0.0, Sum:  0.0, Workers: 4
[3228.474s][debug][gc,phases      ] GC(85)     Dead                           Min: 0, Avg:  0.0, Max: 0, Diff: 0, Sum: 0, Workers: 4
[3228.474s][debug][gc,phases      ] GC(85)     Total                          Min: 0, Avg:  0.0, Max: 0, Diff: 0, Sum: 0, Workers: 4
[3228.474s][debug][gc,phases      ] GC(85)   Weak JFR Old Object Samples    Min:  0.0, Avg:  0.0, Max:  0.0, Diff:  0.0, Sum:  0.0, Workers: 4
[3228.474s][debug][gc,phases      ] GC(85)     Dead                           Min: 0, Avg:  0.0, Max: 0, Diff: 0, Sum: 0, Workers: 4
[3228.474s][debug][gc,phases      ] GC(85)     Total                          Min: 0, Avg:  0.0, Max: 0, Diff: 0, Sum: 0, Workers: 4
[3228.474s][debug][gc,phases      ] GC(85) Weak Processing 0.425ms
[3228.474s][debug][gc,age         ] GC(85) Desired survivor size 26214400 bytes, new threshold 1 (max threshold 15)
[3228.474s][info ][gc,heap        ] GC(85) PSYoungGen: 2044288K(2065920K)->5600K(2071552K) Eden: 2036736K(2036736K)->0K(2044416K) From: 7552K(29184K)->5600K(27136K)
[3228.474s][info ][gc,heap        ] GC(85) ParOldGen: 1260630K(1261056K)->1262114K(1262592K)
[3228.474s][info ][gc,metaspace   ] GC(85) Metaspace: 114617K(116032K)->114617K(116032K) NonClass: 97457K(98240K)->97457K(98240K) Class: 17159K(17792K)->17159K(17792K)
[3228.474s][info ][gc             ] GC(85) Pause Young (Allocation Failure) 3227M->1238M(3256M) 9.526ms
[3228.474s][info ][gc,cpu         ] GC(85) User=0.03s Sys=0.00s Real=0.01s
[3228.474s][info ][safepoint      ] Safepoint "ParallelGCFailedAllocation", Time since last: 2741940421 ns, Reaching safepoint: 91402 ns, Cleanup: 6500 ns, At safepoint: 9640377 ns, Total: 9738279 ns
[3252.743s][info ][safepoint      ] Safepoint "Cleanup", Time since last: 24269330633 ns, Reaching safepoint: 14500 ns, Cleanup: 16101 ns, At safepoint: 2900 ns, Total: 33501 ns
[3255.744s][info ][safepoint      ] Safepoint "Cleanup", Time since last: 3000403619 ns, Reaching safepoint: 12601 ns, Cleanup: 11700 ns, At safepoint: 3500 ns, Total: 27801 ns
[3260.745s][info ][safepoint      ] Safepoint "Cleanup", Time since last: 5000792429 ns, Reaching safepoint: 13100 ns, Cleanup: 14501 ns, At safepoint: 4200 ns, Total: 31801 ns
[3301.750s][info ][safepoint      ] Safepoint "Cleanup", Time since last: 41005076682 ns, Reaching safepoint: 15300 ns, Cleanup: 13701 ns, At safepoint: 3400 ns, Total: 32401 ns
[3304.769s][info ][safepoint      ] Safepoint "Cleanup", Time since last: 3019338881 ns, Reaching safepoint: 12800 ns, Cleanup: 14500 ns, At safepoint: 3300 ns, Total: 30600 ns
[3308.770s][info ][safepoint      ] Safepoint "Cleanup", Time since last: 4000464373 ns, Reaching safepoint: 13400 ns, Cleanup: 18300 ns, At safepoint: 4000 ns, Total: 35700 ns
[3311.770s][info ][safepoint      ] Safepoint "Cleanup", Time since last: 3000375200 ns, Reaching safepoint: 14801 ns, Cleanup: 24000 ns, At safepoint: 3800 ns, Total: 42601 ns
[3313.770s][info ][safepoint      ] Safepoint "Cleanup", Time since last: 2000271437 ns, Reaching safepoint: 13300 ns, Cleanup: 17501 ns, At safepoint: 3200 ns, Total: 34001 ns
[3315.428s][info ][gc,start       ] GC(86) Pause Young (Allocation Failure)
[3315.435s][debug][gc,phases      ] GC(86) Scavenge 6.765ms
[3315.435s][debug][gc,ref         ] GC(86) ReferenceProcessor::execute queues: 1, RefProcThreadModel::Single, marks_oops_alive: false
[3315.435s][debug][gc,ref         ] GC(86) Skipped KeepAliveFinalRefsPhase of Reference Processing: no references
[3315.435s][debug][gc,ref         ] GC(86) ReferenceProcessor::execute queues: 1, RefProcThreadModel::Single, marks_oops_alive: false
[3315.435s][debug][gc,phases      ] GC(86) Reference Processing 0.112ms
[3315.436s][debug][gc,phases      ] GC(86)   VM Weak                        Min:  0.0, Avg:  0.0, Max:  0.0, Diff:  0.0, Sum:  0.0, Workers: 4
[3315.436s][debug][gc,phases      ] GC(86)     Dead                           Min: 0, Avg:  0.0, Max: 0, Diff: 0, Sum: 0, Workers: 4
[3315.436s][debug][gc,phases      ] GC(86)     Total                          Min: 0, Avg: 275.0, Max: 576, Diff: 576, Sum: 1100, Workers: 4
[3315.436s][debug][gc,phases      ] GC(86)   ObjectSynchronizer Weak        Min:  0.0, Avg:  0.0, Max:  0.0, Diff:  0.0, Sum:  0.0, Workers: 4
[3315.436s][debug][gc,phases      ] GC(86)     Dead                           Min: 0, Avg:  0.0, Max: 0, Diff: 0, Sum: 0, Workers: 4
[3315.436s][debug][gc,phases      ] GC(86)     Total                          Min: 0, Avg:  0.8, Max: 3, Diff: 3, Sum: 3, Workers: 4
[3315.436s][debug][gc,phases      ] GC(86)   JVMTI Tag Weak OopStorage      Min:  0.0, Avg:  0.0, Max:  0.0, Diff:  0.0, Sum:  0.0, Workers: 4
[3315.436s][debug][gc,phases      ] GC(86)     Dead                           Min: 0, Avg:  0.0, Max: 0, Diff: 0, Sum: 0, Workers: 4
[3315.436s][debug][gc,phases      ] GC(86)     Total                          Min: 0, Avg:  0.0, Max: 0, Diff: 0, Sum: 0, Workers: 4
[3315.436s][debug][gc,phases      ] GC(86)   StringTable Weak               Min:  0.1, Avg:  0.1, Max:  0.1, Diff:  0.0, Sum:  0.5, Workers: 4
[3315.436s][debug][gc,phases      ] GC(86)     Dead                           Min: 0, Avg:  0.0, Max: 0, Diff: 0, Sum: 0, Workers: 4
[3315.436s][debug][gc,phases      ] GC(86)     Total                          Min: 11264, Avg: 12519.2, Max: 13981, Diff: 2717, Sum: 50077, Workers: 4
[3315.436s][debug][gc,phases      ] GC(86)   ResolvedMethodTable Weak       Min:  0.1, Avg:  0.1, Max:  0.1, Diff:  0.0, Sum:  0.2, Workers: 4
[3315.436s][debug][gc,phases      ] GC(86)     Dead                           Min: 1, Avg:  4.0, Max: 9, Diff: 8, Sum: 16, Workers: 4
[3315.436s][debug][gc,phases      ] GC(86)     Total                          Min: 3589, Avg: 4017.8, Max: 4963, Diff: 1374, Sum: 16071, Workers: 4
[3315.436s][debug][gc,phases      ] GC(86)   JNI Weak                       Min:  0.0, Avg:  0.0, Max:  0.0, Diff:  0.0, Sum:  0.0, Workers: 4
[3315.436s][debug][gc,phases      ] GC(86)     Dead                           Min: 0, Avg:  0.0, Max: 0, Diff: 0, Sum: 0, Workers: 4
[3315.436s][debug][gc,phases      ] GC(86)     Total                          Min: 0, Avg: 13.0, Max: 52, Diff: 52, Sum: 52, Workers: 4
[3315.436s][debug][gc,phases      ] GC(86)   StringDedup Table Weak         Min:  0.0, Avg:  0.0, Max:  0.0, Diff:  0.0, Sum:  0.0, Workers: 4
[3315.436s][debug][gc,phases      ] GC(86)     Dead                           Min: 0, Avg:  0.0, Max: 0, Diff: 0, Sum: 0, Workers: 4
[3315.436s][debug][gc,phases      ] GC(86)     Total                          Min: 0, Avg:  0.0, Max: 0, Diff: 0, Sum: 0, Workers: 4
[3315.436s][debug][gc,phases      ] GC(86)   StringDedup Requests0 Weak     Min:  0.0, Avg:  0.0, Max:  0.0, Diff:  0.0, Sum:  0.0, Workers: 4
[3315.436s][debug][gc,phases      ] GC(86)     Dead                           Min: 0, Avg:  0.0, Max: 0, Diff: 0, Sum: 0, Workers: 4
[3315.436s][debug][gc,phases      ] GC(86)     Total                          Min: 0, Avg:  0.0, Max: 0, Diff: 0, Sum: 0, Workers: 4
[3315.436s][debug][gc,phases      ] GC(86)   StringDedup Requests1 Weak     Min:  0.0, Avg:  0.0, Max:  0.0, Diff:  0.0, Sum:  0.0, Workers: 4
[3315.436s][debug][gc,phases      ] GC(86)     Dead                           Min: 0, Avg:  0.0, Max: 0, Diff: 0, Sum: 0, Workers: 4
[3315.436s][debug][gc,phases      ] GC(86)     Total                          Min: 0, Avg:  0.0, Max: 0, Diff: 0, Sum: 0, Workers: 4
[3315.436s][debug][gc,phases      ] GC(86)   Weak JFR Old Object Samples    Min:  0.0, Avg:  0.0, Max:  0.0, Diff:  0.0, Sum:  0.0, Workers: 4
[3315.436s][debug][gc,phases      ] GC(86)     Dead                           Min: 0, Avg:  0.0, Max: 0, Diff: 0, Sum: 0, Workers: 4
[3315.436s][debug][gc,phases      ] GC(86)     Total                          Min: 0, Avg:  0.0, Max: 0, Diff: 0, Sum: 0, Workers: 4
[3315.436s][debug][gc,phases      ] GC(86) Weak Processing 0.363ms
[3315.436s][debug][gc,age         ] GC(86) Desired survivor size 25165824 bytes, new threshold 1 (max threshold 15)
[3315.436s][info ][gc,heap        ] GC(86) PSYoungGen: 2050016K(2071552K)->3200K(2070016K) Eden: 2044416K(2044416K)->0K(2044416K) From: 5600K(27136K)->3200K(25600K)
[3315.436s][info ][gc,heap        ] GC(86) ParOldGen: 1262114K(1262592K)->1265250K(1265664K)
[3315.436s][info ][gc,metaspace   ] GC(86) Metaspace: 114647K(116096K)->114647K(116096K) NonClass: 97486K(98304K)->97486K(98304K) Class: 17160K(17792K)->17160K(17792K)
[3315.436s][info ][gc             ] GC(86) Pause Young (Allocation Failure) 3234M->1238M(3257M) 7.382ms
[3315.436s][info ][gc,cpu         ] GC(86) User=0.02s Sys=0.00s Real=0.01s
[3315.436s][info ][safepoint      ] Safepoint "ParallelGCFailedAllocation", Time since last: 1657793884 ns, Reaching safepoint: 83402 ns, Cleanup: 5100 ns, At safepoint: 7473048 ns, Total: 7561550 ns
[3317.436s][info ][safepoint      ] Safepoint "Cleanup", Time since last: 2000175935 ns, Reaching safepoint: 14200 ns, Cleanup: 21600 ns, At safepoint: 3500 ns, Total: 39300 ns
[3318.436s][info ][safepoint      ] Safepoint "Cleanup", Time since last: 1000185820 ns, Reaching safepoint: 13500 ns, Cleanup: 14000 ns, At safepoint: 4800 ns, Total: 32300 ns
[3319.436s][info ][safepoint      ] Safepoint "Cleanup", Time since last: 1000198020 ns, Reaching safepoint: 13300 ns, Cleanup: 10701 ns, At safepoint: 3700 ns, Total: 27701 ns
[3320.437s][info ][safepoint      ] Safepoint "Cleanup", Time since last: 1000198077 ns, Reaching safepoint: 13501 ns, Cleanup: 18600 ns, At safepoint: 3300 ns, Total: 35401 ns
[3328.439s][info ][safepoint      ] Safepoint "Cleanup", Time since last: 8002078699 ns, Reaching safepoint: 12500 ns, Cleanup: 16900 ns, At safepoint: 31601 ns, Total: 61001 ns
[3329.439s][info ][safepoint      ] Safepoint "Cleanup", Time since last: 1000119645 ns, Reaching safepoint: 13900 ns, Cleanup: 18001 ns, At safepoint: 3000 ns, Total: 34901 ns
[3332.439s][info ][safepoint      ] Safepoint "Cleanup", Time since last: 3000456037 ns, Reaching safepoint: 15001 ns, Cleanup: 13300 ns, At safepoint: 4300 ns, Total: 32601 ns
[3337.440s][info ][safepoint      ] Safepoint "Cleanup", Time since last: 5000911903 ns, Reaching safepoint: 16601 ns, Cleanup: 18300 ns, At safepoint: 5300 ns, Total: 40201 ns
[3340.441s][info ][safepoint      ] Safepoint "Cleanup", Time since last: 3000560793 ns, Reaching safepoint: 14200 ns, Cleanup: 15800 ns, At safepoint: 4101 ns, Total: 34101 ns
[3341.441s][info ][safepoint      ] Safepoint "Cleanup", Time since last: 1000204497 ns, Reaching safepoint: 14601 ns, Cleanup: 14200 ns, At safepoint: 3700 ns, Total: 32501 ns
[3354.443s][info ][safepoint      ] Safepoint "Cleanup", Time since last: 13001762719 ns, Reaching safepoint: 17500 ns, Cleanup: 18801 ns, At safepoint: 3600 ns, Total: 39901 ns
[3355.443s][info ][safepoint      ] Safepoint "Cleanup", Time since last: 1000280450 ns, Reaching safepoint: 17000 ns, Cleanup: 17201 ns, At safepoint: 4700 ns, Total: 38901 ns
[3356.444s][info ][safepoint      ] Safepoint "Cleanup", Time since last: 1000213649 ns, Reaching safepoint: 13000 ns, Cleanup: 13101 ns, At safepoint: 4000 ns, Total: 30101 ns
[3358.444s][info ][safepoint      ] Safepoint "Cleanup", Time since last: 2000340096 ns, Reaching safepoint: 14101 ns, Cleanup: 15600 ns, At safepoint: 3900 ns, Total: 33601 ns
[3361.444s][info ][safepoint      ] Safepoint "Cleanup", Time since last: 3000440522 ns, Reaching safepoint: 16400 ns, Cleanup: 16700 ns, At safepoint: 3900 ns, Total: 37000 ns
[3362.796s][info ][safepoint      ] Safepoint "Cleanup", Time since last: 1351757629 ns, Reaching safepoint: 13100 ns, Cleanup: 13100 ns, At safepoint: 3400 ns, Total: 29600 ns
[3364.544s][info ][safepoint      ] Safepoint "Cleanup", Time since last: 1747451426 ns, Reaching safepoint: 77501 ns, Cleanup: 11000 ns, At safepoint: 9001 ns, Total: 97502 ns
[3365.544s][info ][safepoint      ] Safepoint "Cleanup", Time since last: 1000130243 ns, Reaching safepoint: 12601 ns, Cleanup: 22600 ns, At safepoint: 3300 ns, Total: 38501 ns
[3367.544s][info ][safepoint      ] Safepoint "Cleanup", Time since last: 2000300689 ns, Reaching safepoint: 12100 ns, Cleanup: 12200 ns, At safepoint: 3500 ns, Total: 27800 ns
[3370.545s][info ][safepoint      ] Safepoint "Cleanup", Time since last: 3000309362 ns, Reaching safepoint: 17600 ns, Cleanup: 17701 ns, At safepoint: 3800 ns, Total: 39101 ns
[3372.545s][info ][safepoint      ] Safepoint "Cleanup", Time since last: 2000227132 ns, Reaching safepoint: 15800 ns, Cleanup: 17701 ns, At safepoint: 4200 ns, Total: 37701 ns
[3375.285s][info ][gc,start       ] GC(87) Pause Young (Allocation Failure)
[3375.296s][debug][gc,phases      ] GC(87) Scavenge 10.742ms
[3375.296s][debug][gc,ref         ] GC(87) ReferenceProcessor::execute queues: 1, RefProcThreadModel::Single, marks_oops_alive: false
[3375.296s][debug][gc,ref         ] GC(87) Skipped KeepAliveFinalRefsPhase of Reference Processing: no references
[3375.296s][debug][gc,ref         ] GC(87) ReferenceProcessor::execute queues: 1, RefProcThreadModel::Single, marks_oops_alive: false
[3375.296s][debug][gc,phases      ] GC(87) Reference Processing 0.111ms
[3375.296s][debug][gc,phases      ] GC(87)   VM Weak                        Min:  0.0, Avg:  0.0, Max:  0.0, Diff:  0.0, Sum:  0.0, Workers: 4
[3375.296s][debug][gc,phases      ] GC(87)     Dead                           Min: 0, Avg:  0.0, Max: 0, Diff: 0, Sum: 0, Workers: 4
[3375.296s][debug][gc,phases      ] GC(87)     Total                          Min: 0, Avg: 276.2, Max: 721, Diff: 721, Sum: 1105, Workers: 4
[3375.296s][debug][gc,phases      ] GC(87)   ObjectSynchronizer Weak        Min:  0.0, Avg:  0.0, Max:  0.0, Diff:  0.0, Sum:  0.0, Workers: 4
[3375.296s][debug][gc,phases      ] GC(87)     Dead                           Min: 0, Avg:  0.0, Max: 0, Diff: 0, Sum: 0, Workers: 4
[3375.296s][debug][gc,phases      ] GC(87)     Total                          Min: 0, Avg:  1.0, Max: 4, Diff: 4, Sum: 4, Workers: 4
[3375.296s][debug][gc,phases      ] GC(87)   JVMTI Tag Weak OopStorage      Min:  0.0, Avg:  0.0, Max:  0.0, Diff:  0.0, Sum:  0.0, Workers: 4
[3375.296s][debug][gc,phases      ] GC(87)     Dead                           Min: 0, Avg:  0.0, Max: 0, Diff: 0, Sum: 0, Workers: 4
[3375.296s][debug][gc,phases      ] GC(87)     Total                          Min: 0, Avg:  0.0, Max: 0, Diff: 0, Sum: 0, Workers: 4
[3375.296s][debug][gc,phases      ] GC(87)   StringTable Weak               Min:  0.1, Avg:  0.1, Max:  0.1, Diff:  0.0, Sum:  0.5, Workers: 4
[3375.296s][debug][gc,phases      ] GC(87)     Dead                           Min: 0, Avg:  0.2, Max: 1, Diff: 1, Sum: 1, Workers: 4
[3375.296s][debug][gc,phases      ] GC(87)     Total                          Min: 11391, Avg: 12524.5, Max: 13760, Diff: 2369, Sum: 50098, Workers: 4
[3375.296s][debug][gc,phases      ] GC(87)   ResolvedMethodTable Weak       Min:  0.0, Avg:  0.0, Max:  0.0, Diff:  0.0, Sum:  0.2, Workers: 4
[3375.296s][debug][gc,phases      ] GC(87)     Dead                           Min: 0, Avg:  6.0, Max: 17, Diff: 17, Sum: 24, Workers: 4
[3375.296s][debug][gc,phases      ] GC(87)     Total                          Min: 3531, Avg: 4024.8, Max: 4540, Diff: 1009, Sum: 16099, Workers: 4
[3375.296s][debug][gc,phases      ] GC(87)   JNI Weak                       Min:  0.0, Avg:  0.0, Max:  0.0, Diff:  0.0, Sum:  0.0, Workers: 4
[3375.296s][debug][gc,phases      ] GC(87)     Dead                           Min: 0, Avg:  0.0, Max: 0, Diff: 0, Sum: 0, Workers: 4
[3375.296s][debug][gc,phases      ] GC(87)     Total                          Min: 0, Avg: 13.0, Max: 52, Diff: 52, Sum: 52, Workers: 4
[3375.296s][debug][gc,phases      ] GC(87)   StringDedup Table Weak         Min:  0.0, Avg:  0.0, Max:  0.0, Diff:  0.0, Sum:  0.0, Workers: 4
[3375.296s][debug][gc,phases      ] GC(87)     Dead                           Min: 0, Avg:  0.0, Max: 0, Diff: 0, Sum: 0, Workers: 4
[3375.296s][debug][gc,phases      ] GC(87)     Total                          Min: 0, Avg:  0.0, Max: 0, Diff: 0, Sum: 0, Workers: 4
[3375.296s][debug][gc,phases      ] GC(87)   StringDedup Requests0 Weak     Min:  0.0, Avg:  0.0, Max:  0.0, Diff:  0.0, Sum:  0.0, Workers: 4
[3375.296s][debug][gc,phases      ] GC(87)     Dead                           Min: 0, Avg:  0.0, Max: 0, Diff: 0, Sum: 0, Workers: 4
[3375.296s][debug][gc,phases      ] GC(87)     Total                          Min: 0, Avg:  0.0, Max: 0, Diff: 0, Sum: 0, Workers: 4
[3375.296s][debug][gc,phases      ] GC(87)   StringDedup Requests1 Weak     Min:  0.0, Avg:  0.0, Max:  0.0, Diff:  0.0, Sum:  0.0, Workers: 4
[3375.296s][debug][gc,phases      ] GC(87)     Dead                           Min: 0, Avg:  0.0, Max: 0, Diff: 0, Sum: 0, Workers: 4
[3375.296s][debug][gc,phases      ] GC(87)     Total                          Min: 0, Avg:  0.0, Max: 0, Diff: 0, Sum: 0, Workers: 4
[3375.296s][debug][gc,phases      ] GC(87)   Weak JFR Old Object Samples    Min:  0.0, Avg:  0.0, Max:  0.0, Diff:  0.0, Sum:  0.0, Workers: 4
[3375.296s][debug][gc,phases      ] GC(87)     Dead                           Min: 0, Avg:  0.0, Max: 0, Diff: 0, Sum: 0, Workers: 4
[3375.296s][debug][gc,phases      ] GC(87)     Total                          Min: 0, Avg:  0.0, Max: 0, Diff: 0, Sum: 0, Workers: 4
[3375.296s][debug][gc,phases      ] GC(87) Weak Processing 0.362ms
[3375.296s][debug][gc,age         ] GC(87) Desired survivor size 25165824 bytes, new threshold 1 (max threshold 15)
[3375.296s][info ][gc,heap        ] GC(87) PSYoungGen: 2047616K(2070016K)->11904K(2072576K) Eden: 2044416K(2044416K)->0K(2048000K) From: 3200K(25600K)->11904K(24576K)
[3375.296s][info ][gc,heap        ] GC(87) ParOldGen: 1265250K(1265664K)->1266046K(1266176K)
[3375.296s][info ][gc,metaspace   ] GC(87) Metaspace: 114705K(116160K)->114705K(116160K) NonClass: 97535K(98304K)->97535K(98304K) Class: 17169K(17856K)->17169K(17856K)
[3375.296s][info ][gc             ] GC(87) Pause Young (Allocation Failure) 3235M->1247M(3260M) 11.371ms
[3375.296s][info ][gc,cpu         ] GC(87) User=0.04s Sys=0.00s Real=0.01s
[3375.296s][info ][safepoint      ] Safepoint "ParallelGCFailedAllocation", Time since last: 2739985606 ns, Reaching safepoint: 12500 ns, Cleanup: 15600 ns, At safepoint: 11464109 ns, Total: 11492209 ns
[3378.297s][info ][safepoint      ] Safepoint "Cleanup", Time since last: 3000368358 ns, Reaching safepoint: 15200 ns, Cleanup: 14401 ns, At safepoint: 3300 ns, Total: 32901 ns
[3380.297s][info ][safepoint      ] Safepoint "Cleanup", Time since last: 2000313388 ns, Reaching safepoint: 14901 ns, Cleanup: 16100 ns, At safepoint: 3400 ns, Total: 34401 ns
[3381.297s][info ][safepoint      ] Safepoint "Cleanup", Time since last: 1000255846 ns, Reaching safepoint: 14001 ns, Cleanup: 15100 ns, At safepoint: 4000 ns, Total: 33101 ns
[3385.298s][info ][safepoint      ] Safepoint "Cleanup", Time since last: 4000441886 ns, Reaching safepoint: 86602 ns, Cleanup: 21200 ns, At safepoint: 9800 ns, Total: 117602 ns
[3387.298s][info ][safepoint      ] Safepoint "Cleanup", Time since last: 2000325963 ns, Reaching safepoint: 13800 ns, Cleanup: 17801 ns, At safepoint: 4400 ns, Total: 36001 ns
[3389.299s][info ][safepoint      ] Safepoint "Cleanup", Time since last: 2000261162 ns, Reaching safepoint: 14700 ns, Cleanup: 14200 ns, At safepoint: 3300 ns, Total: 32200 ns
[3390.299s][info ][safepoint      ] Safepoint "Cleanup", Time since last: 1000124131 ns, Reaching safepoint: 12700 ns, Cleanup: 11201 ns, At safepoint: 3000 ns, Total: 26901 ns
[3392.299s][info ][safepoint      ] Safepoint "Cleanup", Time since last: 2000216881 ns, Reaching safepoint: 13000 ns, Cleanup: 12401 ns, At safepoint: 3500 ns, Total: 28901 ns
[3394.299s][info ][safepoint      ] Safepoint "Cleanup", Time since last: 2000199622 ns, Reaching safepoint: 13901 ns, Cleanup: 12600 ns, At safepoint: 2800 ns, Total: 29301 ns
[3395.300s][info ][safepoint      ] Safepoint "Cleanup", Time since last: 1000191363 ns, Reaching safepoint: 12900 ns, Cleanup: 25701 ns, At safepoint: 6200 ns, Total: 44801 ns
[3396.300s][info ][safepoint      ] Safepoint "Cleanup", Time since last: 1000117862 ns, Reaching safepoint: 83801 ns, Cleanup: 17500 ns, At safepoint: 9801 ns, Total: 111102 ns
[3402.435s][info ][gc,start       ] GC(88) Pause Young (Allocation Failure)
[3402.455s][debug][gc,phases      ] GC(88) Scavenge 20.124ms
[3402.455s][debug][gc,ref         ] GC(88) ReferenceProcessor::execute queues: 1, RefProcThreadModel::Single, marks_oops_alive: false
[3402.456s][debug][gc,ref         ] GC(88) Skipped KeepAliveFinalRefsPhase of Reference Processing: no references
[3402.456s][debug][gc,ref         ] GC(88) ReferenceProcessor::execute queues: 1, RefProcThreadModel::Single, marks_oops_alive: false
[3402.456s][debug][gc,phases      ] GC(88) Reference Processing 0.161ms
[3402.456s][debug][gc,phases      ] GC(88)   VM Weak                        Min:  0.0, Avg:  0.0, Max:  0.0, Diff:  0.0, Sum:  0.0, Workers: 4
[3402.456s][debug][gc,phases      ] GC(88)     Dead                           Min: 0, Avg:  0.0, Max: 0, Diff: 0, Sum: 0, Workers: 4
[3402.456s][debug][gc,phases      ] GC(88)     Total                          Min: 0, Avg: 276.2, Max: 704, Diff: 704, Sum: 1105, Workers: 4
[3402.456s][debug][gc,phases      ] GC(88)   ObjectSynchronizer Weak        Min:  0.0, Avg:  0.0, Max:  0.0, Diff:  0.0, Sum:  0.0, Workers: 4
[3402.456s][debug][gc,phases      ] GC(88)     Dead                           Min: 0, Avg:  0.0, Max: 0, Diff: 0, Sum: 0, Workers: 4
[3402.456s][debug][gc,phases      ] GC(88)     Total                          Min: 0, Avg:  1.5, Max: 6, Diff: 6, Sum: 6, Workers: 4
[3402.456s][debug][gc,phases      ] GC(88)   JVMTI Tag Weak OopStorage      Min:  0.0, Avg:  0.0, Max:  0.0, Diff:  0.0, Sum:  0.0, Workers: 4
[3402.456s][debug][gc,phases      ] GC(88)     Dead                           Min: 0, Avg:  0.0, Max: 0, Diff: 0, Sum: 0, Workers: 4
[3402.456s][debug][gc,phases      ] GC(88)     Total                          Min: 0, Avg:  0.0, Max: 0, Diff: 0, Sum: 0, Workers: 4
[3402.456s][debug][gc,phases      ] GC(88)   StringTable Weak               Min:  0.1, Avg:  0.1, Max:  0.1, Diff:  0.0, Sum:  0.5, Workers: 4
[3402.456s][debug][gc,phases      ] GC(88)     Dead                           Min: 0, Avg:  0.0, Max: 0, Diff: 0, Sum: 0, Workers: 4
[3402.456s][debug][gc,phases      ] GC(88)     Total                          Min: 12032, Avg: 12524.5, Max: 13056, Diff: 1024, Sum: 50098, Workers: 4
[3402.456s][debug][gc,phases      ] GC(88)   ResolvedMethodTable Weak       Min:  0.0, Avg:  0.0, Max:  0.0, Diff:  0.0, Sum:  0.2, Workers: 4
[3402.456s][debug][gc,phases      ] GC(88)     Dead                           Min: 0, Avg:  4.0, Max: 13, Diff: 13, Sum: 16, Workers: 4
[3402.456s][debug][gc,phases      ] GC(88)     Total                          Min: 3766, Avg: 4024.8, Max: 4358, Diff: 592, Sum: 16099, Workers: 4
[3402.456s][debug][gc,phases      ] GC(88)   JNI Weak                       Min:  0.0, Avg:  0.0, Max:  0.0, Diff:  0.0, Sum:  0.0, Workers: 4
[3402.456s][debug][gc,phases      ] GC(88)     Dead                           Min: 0, Avg:  0.0, Max: 0, Diff: 0, Sum: 0, Workers: 4
[3402.456s][debug][gc,phases      ] GC(88)     Total                          Min: 0, Avg: 13.0, Max: 52, Diff: 52, Sum: 52, Workers: 4
[3402.456s][debug][gc,phases      ] GC(88)   StringDedup Table Weak         Min:  0.0, Avg:  0.0, Max:  0.0, Diff:  0.0, Sum:  0.0, Workers: 4
[3402.456s][debug][gc,phases      ] GC(88)     Dead                           Min: 0, Avg:  0.0, Max: 0, Diff: 0, Sum: 0, Workers: 4
[3402.456s][debug][gc,phases      ] GC(88)     Total                          Min: 0, Avg:  0.0, Max: 0, Diff: 0, Sum: 0, Workers: 4
[3402.456s][debug][gc,phases      ] GC(88)   StringDedup Requests0 Weak     Min:  0.0, Avg:  0.0, Max:  0.0, Diff:  0.0, Sum:  0.0, Workers: 4
[3402.456s][debug][gc,phases      ] GC(88)     Dead                           Min: 0, Avg:  0.0, Max: 0, Diff: 0, Sum: 0, Workers: 4
[3402.456s][debug][gc,phases      ] GC(88)     Total                          Min: 0, Avg:  0.0, Max: 0, Diff: 0, Sum: 0, Workers: 4
[3402.456s][debug][gc,phases      ] GC(88)   StringDedup Requests1 Weak     Min:  0.0, Avg:  0.0, Max:  0.0, Diff:  0.0, Sum:  0.0, Workers: 4
[3402.456s][debug][gc,phases      ] GC(88)     Dead                           Min: 0, Avg:  0.0, Max: 0, Diff: 0, Sum: 0, Workers: 4
[3402.456s][debug][gc,phases      ] GC(88)     Total                          Min: 0, Avg:  0.0, Max: 0, Diff: 0, Sum: 0, Workers: 4
[3402.456s][debug][gc,phases      ] GC(88)   Weak JFR Old Object Samples    Min:  0.0, Avg:  0.0, Max:  0.0, Diff:  0.0, Sum:  0.0, Workers: 4
[3402.456s][debug][gc,phases      ] GC(88)     Dead                           Min: 0, Avg:  0.0, Max: 0, Diff: 0, Sum: 0, Workers: 4
[3402.456s][debug][gc,phases      ] GC(88)     Total                          Min: 0, Avg:  0.0, Max: 0, Diff: 0, Sum: 0, Workers: 4
[3402.456s][debug][gc,phases      ] GC(88) Weak Processing 0.468ms
[3402.456s][debug][gc,age         ] GC(88) Desired survivor size 27787264 bytes, new threshold 1 (max threshold 15)
[3402.456s][info ][gc,heap        ] GC(88) PSYoungGen: 2059904K(2072576K)->18416K(2066432K) Eden: 2048000K(2048000K)->0K(2048000K) From: 11904K(24576K)->18416K(18432K)
[3402.456s][info ][gc,heap        ] GC(88) ParOldGen: 1266046K(1266176K)->1275145K(1275392K)
[3402.456s][info ][gc,metaspace   ] GC(88) Metaspace: 114724K(116224K)->114724K(116224K) NonClass: 97554K(98368K)->97554K(98368K) Class: 17169K(17856K)->17169K(17856K)
[3402.456s][info ][gc             ] GC(88) Pause Young (Allocation Failure) 3247M->1263M(3263M) 20.925ms
[3402.456s][info ][gc,cpu         ] GC(88) User=0.08s Sys=0.01s Real=0.02s
[3402.456s][info ][safepoint      ] Safepoint "ParallelGCFailedAllocation", Time since last: 6135368386 ns, Reaching safepoint: 11500 ns, Cleanup: 4900 ns, At safepoint: 21032596 ns, Total: 21048996 ns
[3410.457s][info ][safepoint      ] Safepoint "Cleanup", Time since last: 8000713277 ns, Reaching safepoint: 14900 ns, Cleanup: 13000 ns, At safepoint: 3601 ns, Total: 31501 ns
[3411.457s][info ][safepoint      ] Safepoint "Cleanup", Time since last: 1000123702 ns, Reaching safepoint: 15300 ns, Cleanup: 12900 ns, At safepoint: 2500 ns, Total: 30700 ns
[3413.457s][info ][safepoint      ] Safepoint "Cleanup", Time since last: 2000263905 ns, Reaching safepoint: 15200 ns, Cleanup: 12700 ns, At safepoint: 3700 ns, Total: 31600 ns
[3423.827s][info ][safepoint      ] Safepoint "Cleanup", Time since last: 10370006750 ns, Reaching safepoint: 86702 ns, Cleanup: 14500 ns, At safepoint: 6700 ns, Total: 107902 ns
[3437.831s][info ][safepoint      ] Safepoint "Cleanup", Time since last: 14003058437 ns, Reaching safepoint: 100002 ns, Cleanup: 10700 ns, At safepoint: 30300 ns, Total: 141002 ns
[3438.831s][info ][safepoint      ] Safepoint "Cleanup", Time since last: 1000130761 ns, Reaching safepoint: 82202 ns, Cleanup: 14700 ns, At safepoint: 11700 ns, Total: 108602 ns
[3439.831s][info ][safepoint      ] Safepoint "Cleanup", Time since last: 1000205063 ns, Reaching safepoint: 93902 ns, Cleanup: 14000 ns, At safepoint: 11100 ns, Total: 119002 ns
[3441.832s][info ][safepoint      ] Safepoint "Cleanup", Time since last: 2000221933 ns, Reaching safepoint: 88802 ns, Cleanup: 12500 ns, At safepoint: 9500 ns, Total: 110802 ns
[3441.981s][info ][gc,start       ] GC(89) Pause Young (Allocation Failure)
[3442.002s][debug][gc,phases      ] GC(89) Scavenge 20.989ms
[3442.002s][debug][gc,ref         ] GC(89) ReferenceProcessor::execute queues: 1, RefProcThreadModel::Single, marks_oops_alive: false
[3442.002s][debug][gc,ref         ] GC(89) Skipped KeepAliveFinalRefsPhase of Reference Processing: no references
[3442.002s][debug][gc,ref         ] GC(89) ReferenceProcessor::execute queues: 1, RefProcThreadModel::Single, marks_oops_alive: false
[3442.002s][debug][gc,phases      ] GC(89) Reference Processing 0.102ms
[3442.003s][debug][gc,phases      ] GC(89)   VM Weak                        Min:  0.0, Avg:  0.0, Max:  0.0, Diff:  0.0, Sum:  0.0, Workers: 4
[3442.003s][debug][gc,phases      ] GC(89)     Dead                           Min: 0, Avg:  0.0, Max: 0, Diff: 0, Sum: 0, Workers: 4
[3442.003s][debug][gc,phases      ] GC(89)     Total                          Min: 0, Avg: 276.2, Max: 832, Diff: 832, Sum: 1105, Workers: 4
[3442.003s][debug][gc,phases      ] GC(89)   ObjectSynchronizer Weak        Min:  0.0, Avg:  0.0, Max:  0.0, Diff:  0.0, Sum:  0.0, Workers: 4
[3442.003s][debug][gc,phases      ] GC(89)     Dead                           Min: 0, Avg:  0.0, Max: 0, Diff: 0, Sum: 0, Workers: 4
[3442.003s][debug][gc,phases      ] GC(89)     Total                          Min: 0, Avg:  1.5, Max: 6, Diff: 6, Sum: 6, Workers: 4
[3442.003s][debug][gc,phases      ] GC(89)   JVMTI Tag Weak OopStorage      Min:  0.0, Avg:  0.0, Max:  0.0, Diff:  0.0, Sum:  0.0, Workers: 4
[3442.003s][debug][gc,phases      ] GC(89)     Dead                           Min: 0, Avg:  0.0, Max: 0, Diff: 0, Sum: 0, Workers: 4
[3442.003s][debug][gc,phases      ] GC(89)     Total                          Min: 0, Avg:  0.0, Max: 0, Diff: 0, Sum: 0, Workers: 4
[3442.003s][debug][gc,phases      ] GC(89)   StringTable Weak               Min:  0.1, Avg:  0.1, Max:  0.1, Diff:  0.0, Sum:  0.5, Workers: 4
[3442.003s][debug][gc,phases      ] GC(89)     Dead                           Min: 0, Avg:  0.0, Max: 0, Diff: 0, Sum: 0, Workers: 4
[3442.003s][debug][gc,phases      ] GC(89)     Total                          Min: 11456, Avg: 12524.8, Max: 14388, Diff: 2932, Sum: 50099, Workers: 4
[3442.003s][debug][gc,phases      ] GC(89)   ResolvedMethodTable Weak       Min:  0.1, Avg:  0.1, Max:  0.1, Diff:  0.0, Sum:  0.2, Workers: 4
[3442.003s][debug][gc,phases      ] GC(89)     Dead                           Min: 0, Avg:  0.0, Max: 0, Diff: 0, Sum: 0, Workers: 4
[3442.003s][debug][gc,phases      ] GC(89)     Total                          Min: 3667, Avg: 4024.8, Max: 4371, Diff: 704, Sum: 16099, Workers: 4
[3442.003s][debug][gc,phases      ] GC(89)   JNI Weak                       Min:  0.0, Avg:  0.0, Max:  0.0, Diff:  0.0, Sum:  0.0, Workers: 4
[3442.003s][debug][gc,phases      ] GC(89)     Dead                           Min: 0, Avg:  0.0, Max: 0, Diff: 0, Sum: 0, Workers: 4
[3442.003s][debug][gc,phases      ] GC(89)     Total                          Min: 0, Avg: 13.0, Max: 52, Diff: 52, Sum: 52, Workers: 4
[3442.003s][debug][gc,phases      ] GC(89)   StringDedup Table Weak         Min:  0.0, Avg:  0.0, Max:  0.0, Diff:  0.0, Sum:  0.0, Workers: 4
[3442.003s][debug][gc,phases      ] GC(89)     Dead                           Min: 0, Avg:  0.0, Max: 0, Diff: 0, Sum: 0, Workers: 4
[3442.003s][debug][gc,phases      ] GC(89)     Total                          Min: 0, Avg:  0.0, Max: 0, Diff: 0, Sum: 0, Workers: 4
[3442.003s][debug][gc,phases      ] GC(89)   StringDedup Requests0 Weak     Min:  0.0, Avg:  0.0, Max:  0.0, Diff:  0.0, Sum:  0.0, Workers: 4
[3442.003s][debug][gc,phases      ] GC(89)     Dead                           Min: 0, Avg:  0.0, Max: 0, Diff: 0, Sum: 0, Workers: 4
[3442.003s][debug][gc,phases      ] GC(89)     Total                          Min: 0, Avg:  0.0, Max: 0, Diff: 0, Sum: 0, Workers: 4
[3442.003s][debug][gc,phases      ] GC(89)   StringDedup Requests1 Weak     Min:  0.0, Avg:  0.0, Max:  0.0, Diff:  0.0, Sum:  0.0, Workers: 4
[3442.003s][debug][gc,phases      ] GC(89)     Dead                           Min: 0, Avg:  0.0, Max: 0, Diff: 0, Sum: 0, Workers: 4
[3442.003s][debug][gc,phases      ] GC(89)     Total                          Min: 0, Avg:  0.0, Max: 0, Diff: 0, Sum: 0, Workers: 4
[3442.003s][debug][gc,phases      ] GC(89)   Weak JFR Old Object Samples    Min:  0.0, Avg:  0.0, Max:  0.0, Diff:  0.0, Sum:  0.0, Workers: 4
[3442.003s][debug][gc,phases      ] GC(89)     Dead                           Min: 0, Avg:  0.0, Max: 0, Diff: 0, Sum: 0, Workers: 4
[3442.003s][debug][gc,phases      ] GC(89)     Total                          Min: 0, Avg:  0.0, Max: 0, Diff: 0, Sum: 0, Workers: 4
[3442.003s][debug][gc,phases      ] GC(89) Weak Processing 0.385ms
[3442.003s][debug][gc,age         ] GC(89) Desired survivor size 27787264 bytes, new threshold 1 (max threshold 15)
[3442.003s][info ][gc,heap        ] GC(89) PSYoungGen: 2066416K(2066432K)->14112K(2070016K) Eden: 2048000K(2048000K)->0K(2042880K) From: 18416K(18432K)->14112K(27136K)
[3442.003s][info ][gc,heap        ] GC(89) ParOldGen: 1275145K(1275392K)->1290475K(1290752K)
[3442.003s][info ][gc,metaspace   ] GC(89) Metaspace: 114728K(116224K)->114728K(116224K) NonClass: 97558K(98368K)->97558K(98368K) Class: 17169K(17856K)->17169K(17856K)
[3442.003s][info ][gc             ] GC(89) Pause Young (Allocation Failure) 3263M->1274M(3282M) 21.616ms
[3442.003s][info ][gc,cpu         ] GC(89) User=0.08s Sys=0.01s Real=0.02s
[3442.003s][info ][safepoint      ] Safepoint "ParallelGCFailedAllocation", Time since last: 149493676 ns, Reaching safepoint: 12400 ns, Cleanup: 5700 ns, At safepoint: 21711703 ns, Total: 21729803 ns
[3443.003s][info ][safepoint      ] Safepoint "Cleanup", Time since last: 1000091066 ns, Reaching safepoint: 13901 ns, Cleanup: 17400 ns, At safepoint: 2900 ns, Total: 34201 ns
[3444.003s][info ][safepoint      ] Safepoint "Cleanup", Time since last: 1000209568 ns, Reaching safepoint: 15101 ns, Cleanup: 16300 ns, At safepoint: 4100 ns, Total: 35501 ns
[3446.003s][info ][safepoint      ] Safepoint "Cleanup", Time since last: 2000298435 ns, Reaching safepoint: 14300 ns, Cleanup: 11500 ns, At safepoint: 3500 ns, Total: 29300 ns
[3447.004s][info ][safepoint      ] Safepoint "Cleanup", Time since last: 1000148367 ns, Reaching safepoint: 16701 ns, Cleanup: 12800 ns, At safepoint: 3700 ns, Total: 33201 ns
[3448.004s][info ][safepoint      ] Safepoint "Cleanup", Time since last: 1000144650 ns, Reaching safepoint: 18200 ns, Cleanup: 16100 ns, At safepoint: 4800 ns, Total: 39100 ns
[3450.004s][info ][safepoint      ] Safepoint "Cleanup", Time since last: 2000225014 ns, Reaching safepoint: 13800 ns, Cleanup: 13700 ns, At safepoint: 3300 ns, Total: 30800 ns
[3455.005s][info ][safepoint      ] Safepoint "Cleanup", Time since last: 5000474031 ns, Reaching safepoint: 16601 ns, Cleanup: 16300 ns, At safepoint: 4400 ns, Total: 37301 ns
[3459.005s][info ][safepoint      ] Safepoint "Cleanup", Time since last: 4000394775 ns, Reaching safepoint: 13001 ns, Cleanup: 14800 ns, At safepoint: 2700 ns, Total: 30501 ns
[3460.005s][info ][safepoint      ] Safepoint "Cleanup", Time since last: 1000139575 ns, Reaching safepoint: 13400 ns, Cleanup: 12100 ns, At safepoint: 3100 ns, Total: 28600 ns
[3467.006s][info ][safepoint      ] Safepoint "Cleanup", Time since last: 7000847926 ns, Reaching safepoint: 23601 ns, Cleanup: 15300 ns, At safepoint: 4600 ns, Total: 43501 ns
[3481.008s][info ][safepoint      ] Safepoint "Cleanup", Time since last: 14001535120 ns, Reaching safepoint: 12701 ns, Cleanup: 13000 ns, At safepoint: 4100 ns, Total: 29801 ns
[3482.855s][info ][safepoint      ] Safepoint "Cleanup", Time since last: 1847353917 ns, Reaching safepoint: 12900 ns, Cleanup: 12100 ns, At safepoint: 28001 ns, Total: 53001 ns
[3483.855s][info ][safepoint      ] Safepoint "Cleanup", Time since last: 1000128433 ns, Reaching safepoint: 15700 ns, Cleanup: 16600 ns, At safepoint: 3300 ns, Total: 35600 ns
[3484.856s][info ][safepoint      ] Safepoint "Cleanup", Time since last: 1000281936 ns, Reaching safepoint: 12200 ns, Cleanup: 10701 ns, At safepoint: 3500 ns, Total: 26401 ns
[3487.856s][info ][safepoint      ] Safepoint "Cleanup", Time since last: 3000488435 ns, Reaching safepoint: 13201 ns, Cleanup: 13800 ns, At safepoint: 3400 ns, Total: 30401 ns
[3492.857s][info ][safepoint      ] Safepoint "Cleanup", Time since last: 5000468086 ns, Reaching safepoint: 15100 ns, Cleanup: 14800 ns, At safepoint: 3100 ns, Total: 33000 ns
[3496.857s][info ][safepoint      ] Safepoint "Cleanup", Time since last: 4000411670 ns, Reaching safepoint: 13100 ns, Cleanup: 10500 ns, At safepoint: 3501 ns, Total: 27101 ns
[3499.857s][info ][safepoint      ] Safepoint "Cleanup", Time since last: 3000288981 ns, Reaching safepoint: 13601 ns, Cleanup: 13300 ns, At safepoint: 3200 ns, Total: 30101 ns
[3501.824s][info ][gc,start       ] GC(90) Pause Young (Allocation Failure)
[3501.836s][debug][gc,phases      ] GC(90) Scavenge 12.146ms
[3501.836s][debug][gc,ref         ] GC(90) ReferenceProcessor::execute queues: 1, RefProcThreadModel::Single, marks_oops_alive: false
[3501.836s][debug][gc,ref         ] GC(90) Skipped KeepAliveFinalRefsPhase of Reference Processing: no references
[3501.836s][debug][gc,ref         ] GC(90) Skipped PhantomRefsPhase of Reference Processing: no references
[3501.836s][debug][gc,phases      ] GC(90) Reference Processing 0.118ms
[3501.836s][debug][gc,phases      ] GC(90)   VM Weak                        Min:  0.0, Avg:  0.0, Max:  0.0, Diff:  0.0, Sum:  0.0, Workers: 4
[3501.836s][debug][gc,phases      ] GC(90)     Dead                           Min: 0, Avg:  0.0, Max: 0, Diff: 0, Sum: 0, Workers: 4
[3501.836s][debug][gc,phases      ] GC(90)     Total                          Min: 0, Avg: 276.2, Max: 593, Diff: 593, Sum: 1105, Workers: 4
[3501.836s][debug][gc,phases      ] GC(90)   ObjectSynchronizer Weak        Min:  0.0, Avg:  0.0, Max:  0.0, Diff:  0.0, Sum:  0.0, Workers: 4
[3501.836s][debug][gc,phases      ] GC(90)     Dead                           Min: 0, Avg:  0.0, Max: 0, Diff: 0, Sum: 0, Workers: 4
[3501.836s][debug][gc,phases      ] GC(90)     Total                          Min: 0, Avg:  1.0, Max: 4, Diff: 4, Sum: 4, Workers: 4
[3501.836s][debug][gc,phases      ] GC(90)   JVMTI Tag Weak OopStorage      Min:  0.0, Avg:  0.0, Max:  0.0, Diff:  0.0, Sum:  0.0, Workers: 4
[3501.836s][debug][gc,phases      ] GC(90)     Dead                           Min: 0, Avg:  0.0, Max: 0, Diff: 0, Sum: 0, Workers: 4
[3501.836s][debug][gc,phases      ] GC(90)     Total                          Min: 0, Avg:  0.0, Max: 0, Diff: 0, Sum: 0, Workers: 4
[3501.836s][debug][gc,phases      ] GC(90)   StringTable Weak               Min:  0.1, Avg:  0.1, Max:  0.1, Diff:  0.0, Sum:  0.5, Workers: 4
[3501.837s][debug][gc,phases      ] GC(90)     Dead                           Min: 0, Avg:  0.0, Max: 0, Diff: 0, Sum: 0, Workers: 4
[3501.837s][debug][gc,phases      ] GC(90)     Total                          Min: 11444, Avg: 12524.8, Max: 13696, Diff: 2252, Sum: 50099, Workers: 4
[3501.837s][debug][gc,phases      ] GC(90)   ResolvedMethodTable Weak       Min:  0.0, Avg:  0.0, Max:  0.0, Diff:  0.0, Sum:  0.2, Workers: 4
[3501.837s][debug][gc,phases      ] GC(90)     Dead                           Min: 0, Avg:  4.0, Max: 8, Diff: 8, Sum: 16, Workers: 4
[3501.837s][debug][gc,phases      ] GC(90)     Total                          Min: 3565, Avg: 4024.8, Max: 4452, Diff: 887, Sum: 16099, Workers: 4
[3501.837s][debug][gc,phases      ] GC(90)   JNI Weak                       Min:  0.0, Avg:  0.0, Max:  0.0, Diff:  0.0, Sum:  0.0, Workers: 4
[3501.837s][debug][gc,phases      ] GC(90)     Dead                           Min: 0, Avg:  0.0, Max: 0, Diff: 0, Sum: 0, Workers: 4
[3501.837s][debug][gc,phases      ] GC(90)     Total                          Min: 0, Avg: 13.0, Max: 52, Diff: 52, Sum: 52, Workers: 4
[3501.837s][debug][gc,phases      ] GC(90)   StringDedup Table Weak         Min:  0.0, Avg:  0.0, Max:  0.0, Diff:  0.0, Sum:  0.0, Workers: 4
[3501.837s][debug][gc,phases      ] GC(90)     Dead                           Min: 0, Avg:  0.0, Max: 0, Diff: 0, Sum: 0, Workers: 4
[3501.837s][debug][gc,phases      ] GC(90)     Total                          Min: 0, Avg:  0.0, Max: 0, Diff: 0, Sum: 0, Workers: 4
[3501.837s][debug][gc,phases      ] GC(90)   StringDedup Requests0 Weak     Min:  0.0, Avg:  0.0, Max:  0.0, Diff:  0.0, Sum:  0.0, Workers: 4
[3501.837s][debug][gc,phases      ] GC(90)     Dead                           Min: 0, Avg:  0.0, Max: 0, Diff: 0, Sum: 0, Workers: 4
[3501.837s][debug][gc,phases      ] GC(90)     Total                          Min: 0, Avg:  0.0, Max: 0, Diff: 0, Sum: 0, Workers: 4
[3501.837s][debug][gc,phases      ] GC(90)   StringDedup Requests1 Weak     Min:  0.0, Avg:  0.0, Max:  0.0, Diff:  0.0, Sum:  0.0, Workers: 4
[3501.837s][debug][gc,phases      ] GC(90)     Dead                           Min: 0, Avg:  0.0, Max: 0, Diff: 0, Sum: 0, Workers: 4
[3501.837s][debug][gc,phases      ] GC(90)     Total                          Min: 0, Avg:  0.0, Max: 0, Diff: 0, Sum: 0, Workers: 4
[3501.837s][debug][gc,phases      ] GC(90)   Weak JFR Old Object Samples    Min:  0.0, Avg:  0.0, Max:  0.0, Diff:  0.0, Sum:  0.0, Workers: 4
[3501.837s][debug][gc,phases      ] GC(90)     Dead                           Min: 0, Avg:  0.0, Max: 0, Diff: 0, Sum: 0, Workers: 4
[3501.837s][debug][gc,phases      ] GC(90)     Total                          Min: 0, Avg:  0.0, Max: 0, Diff: 0, Sum: 0, Workers: 4
[3501.837s][debug][gc,phases      ] GC(90) Weak Processing 0.379ms
[3501.837s][debug][gc,age         ] GC(90) Desired survivor size 27262976 bytes, new threshold 1 (max threshold 15)
[3501.837s][info ][gc,heap        ] GC(90) PSYoungGen: 2056992K(2070016K)->3552K(2070016K) Eden: 2042880K(2042880K)->0K(2042880K) From: 14112K(27136K)->3552K(27136K)
[3501.837s][info ][gc,heap        ] GC(90) ParOldGen: 1290475K(1290752K)->1300077K(1300480K)
[3501.837s][info ][gc,metaspace   ] GC(90) Metaspace: 114748K(116224K)->114748K(116224K) NonClass: 97578K(98368K)->97578K(98368K) Class: 17169K(17856K)->17169K(17856K)
[3501.837s][info ][gc             ] GC(90) Pause Young (Allocation Failure) 3269M->1273M(3291M) 12.786ms
[3501.837s][info ][gc,cpu         ] GC(90) User=0.04s Sys=0.01s Real=0.01s
[3501.837s][info ][safepoint      ] Safepoint "ParallelGCFailedAllocation", Time since last: 1966477700 ns, Reaching safepoint: 10200 ns, Cleanup: 6800 ns, At safepoint: 12886950 ns, Total: 12903950 ns
[3502.837s][info ][safepoint      ] Safepoint "Cleanup", Time since last: 1000128928 ns, Reaching safepoint: 11800 ns, Cleanup: 14401 ns, At safepoint: 2600 ns, Total: 28801 ns
[3508.838s][info ][safepoint      ] Safepoint "Cleanup", Time since last: 6000648212 ns, Reaching safepoint: 13300 ns, Cleanup: 15101 ns, At safepoint: 3700 ns, Total: 32101 ns
[3509.838s][info ][safepoint      ] Safepoint "Cleanup", Time since last: 1000134585 ns, Reaching safepoint: 15800 ns, Cleanup: 16401 ns, At safepoint: 3900 ns, Total: 36101 ns
[3514.838s][info ][safepoint      ] Safepoint "Cleanup", Time since last: 5000637518 ns, Reaching safepoint: 13201 ns, Cleanup: 13400 ns, At safepoint: 3800 ns, Total: 30401 ns
[3515.839s][info ][safepoint      ] Safepoint "Cleanup", Time since last: 1000197368 ns, Reaching safepoint: 11600 ns, Cleanup: 10501 ns, At safepoint: 3500 ns, Total: 25601 ns
[3520.839s][info ][safepoint      ] Safepoint "Cleanup", Time since last: 5000682206 ns, Reaching safepoint: 11500 ns, Cleanup: 13600 ns, At safepoint: 3900 ns, Total: 29000 ns
[3522.840s][info ][safepoint      ] Safepoint "Cleanup", Time since last: 2000366534 ns, Reaching safepoint: 11600 ns, Cleanup: 13400 ns, At safepoint: 4000 ns, Total: 29000 ns
[3537.842s][info ][safepoint      ] Safepoint "Cleanup", Time since last: 15001834280 ns, Reaching safepoint: 14200 ns, Cleanup: 13500 ns, At safepoint: 3600 ns, Total: 31300 ns
[3545.882s][info ][safepoint      ] Safepoint "Cleanup", Time since last: 8040171715 ns, Reaching safepoint: 85802 ns, Cleanup: 12900 ns, At safepoint: 7900 ns, Total: 106602 ns
[3549.882s][info ][safepoint      ] Safepoint "Cleanup", Time since last: 4000424341 ns, Reaching safepoint: 87101 ns, Cleanup: 11100 ns, At safepoint: 7601 ns, Total: 105802 ns
[3553.883s][info ][safepoint      ] Safepoint "Cleanup", Time since last: 4000513470 ns, Reaching safepoint: 96901 ns, Cleanup: 12900 ns, At safepoint: 6501 ns, Total: 116302 ns
[3557.871s][info ][gc,start       ] GC(91) Pause Young (Allocation Failure)
[3557.881s][debug][gc,phases      ] GC(91) Scavenge 9.641ms
[3557.881s][debug][gc,ref         ] GC(91) ReferenceProcessor::execute queues: 1, RefProcThreadModel::Single, marks_oops_alive: false
[3557.881s][debug][gc,ref         ] GC(91) Skipped KeepAliveFinalRefsPhase of Reference Processing: no references
[3557.881s][debug][gc,ref         ] GC(91) ReferenceProcessor::execute queues: 1, RefProcThreadModel::Single, marks_oops_alive: false
[3557.881s][debug][gc,phases      ] GC(91) Reference Processing 0.104ms
[3557.881s][debug][gc,phases      ] GC(91)   VM Weak                        Min:  0.0, Avg:  0.0, Max:  0.0, Diff:  0.0, Sum:  0.0, Workers: 4
[3557.881s][debug][gc,phases      ] GC(91)     Dead                           Min: 0, Avg:  0.0, Max: 0, Diff: 0, Sum: 0, Workers: 4
[3557.881s][debug][gc,phases      ] GC(91)     Total                          Min: 0, Avg: 276.2, Max: 721, Diff: 721, Sum: 1105, Workers: 4
[3557.881s][debug][gc,phases      ] GC(91)   ObjectSynchronizer Weak        Min:  0.0, Avg:  0.0, Max:  0.0, Diff:  0.0, Sum:  0.0, Workers: 4
[3557.881s][debug][gc,phases      ] GC(91)     Dead                           Min: 0, Avg:  0.0, Max: 0, Diff: 0, Sum: 0, Workers: 4
[3557.881s][debug][gc,phases      ] GC(91)     Total                          Min: 0, Avg:  1.5, Max: 6, Diff: 6, Sum: 6, Workers: 4
[3557.881s][debug][gc,phases      ] GC(91)   JVMTI Tag Weak OopStorage      Min:  0.0, Avg:  0.0, Max:  0.0, Diff:  0.0, Sum:  0.0, Workers: 4
[3557.881s][debug][gc,phases      ] GC(91)     Dead                           Min: 0, Avg:  0.0, Max: 0, Diff: 0, Sum: 0, Workers: 4
[3557.881s][debug][gc,phases      ] GC(91)     Total                          Min: 0, Avg:  0.0, Max: 0, Diff: 0, Sum: 0, Workers: 4
[3557.881s][debug][gc,phases      ] GC(91)   StringTable Weak               Min:  0.1, Avg:  0.1, Max:  0.1, Diff:  0.0, Sum:  0.5, Workers: 4
[3557.881s][debug][gc,phases      ] GC(91)     Dead                           Min: 0, Avg:  0.2, Max: 1, Diff: 1, Sum: 1, Workers: 4
[3557.881s][debug][gc,phases      ] GC(91)     Total                          Min: 8960, Avg: 12525.0, Max: 15168, Diff: 6208, Sum: 50100, Workers: 4
[3557.881s][debug][gc,phases      ] GC(91)   ResolvedMethodTable Weak       Min:  0.0, Avg:  0.0, Max:  0.0, Diff:  0.0, Sum:  0.2, Workers: 4
[3557.881s][debug][gc,phases      ] GC(91)     Dead                           Min: 0, Avg:  4.0, Max: 10, Diff: 10, Sum: 16, Workers: 4
[3557.881s][debug][gc,phases      ] GC(91)     Total                          Min: 3716, Avg: 4025.2, Max: 4520, Diff: 804, Sum: 16101, Workers: 4
[3557.881s][debug][gc,phases      ] GC(91)   JNI Weak                       Min:  0.0, Avg:  0.0, Max:  0.0, Diff:  0.0, Sum:  0.0, Workers: 4
[3557.881s][debug][gc,phases      ] GC(91)     Dead                           Min: 0, Avg:  0.0, Max: 0, Diff: 0, Sum: 0, Workers: 4
[3557.881s][debug][gc,phases      ] GC(91)     Total                          Min: 0, Avg: 13.0, Max: 52, Diff: 52, Sum: 52, Workers: 4
[3557.881s][debug][gc,phases      ] GC(91)   StringDedup Table Weak         Min:  0.0, Avg:  0.0, Max:  0.0, Diff:  0.0, Sum:  0.0, Workers: 4
[3557.881s][debug][gc,phases      ] GC(91)     Dead                           Min: 0, Avg:  0.0, Max: 0, Diff: 0, Sum: 0, Workers: 4
[3557.881s][debug][gc,phases      ] GC(91)     Total                          Min: 0, Avg:  0.0, Max: 0, Diff: 0, Sum: 0, Workers: 4
[3557.881s][debug][gc,phases      ] GC(91)   StringDedup Requests0 Weak     Min:  0.0, Avg:  0.0, Max:  0.0, Diff:  0.0, Sum:  0.0, Workers: 4
[3557.881s][debug][gc,phases      ] GC(91)     Dead                           Min: 0, Avg:  0.0, Max: 0, Diff: 0, Sum: 0, Workers: 4
[3557.881s][debug][gc,phases      ] GC(91)     Total                          Min: 0, Avg:  0.0, Max: 0, Diff: 0, Sum: 0, Workers: 4
[3557.881s][debug][gc,phases      ] GC(91)   StringDedup Requests1 Weak     Min:  0.0, Avg:  0.0, Max:  0.0, Diff:  0.0, Sum:  0.0, Workers: 4
[3557.881s][debug][gc,phases      ] GC(91)     Dead                           Min: 0, Avg:  0.0, Max: 0, Diff: 0, Sum: 0, Workers: 4
[3557.881s][debug][gc,phases      ] GC(91)     Total                          Min: 0, Avg:  0.0, Max: 0, Diff: 0, Sum: 0, Workers: 4
[3557.881s][debug][gc,phases      ] GC(91)   Weak JFR Old Object Samples    Min:  0.0, Avg:  0.0, Max:  0.0, Diff:  0.0, Sum:  0.0, Workers: 4
[3557.881s][debug][gc,phases      ] GC(91)     Dead                           Min: 0, Avg:  0.0, Max: 0, Diff: 0, Sum: 0, Workers: 4
[3557.881s][debug][gc,phases      ] GC(91)     Total                          Min: 0, Avg:  0.0, Max: 0, Diff: 0, Sum: 0, Workers: 4
[3557.881s][debug][gc,phases      ] GC(91) Weak Processing 0.382ms
[3557.881s][debug][gc,age         ] GC(91) Desired survivor size 25690112 bytes, new threshold 1 (max threshold 15)
[3557.881s][info ][gc,heap        ] GC(91) PSYoungGen: 2046086K(2070016K)->9984K(2072064K) Eden: 2042534K(2042880K)->0K(2045440K) From: 3552K(27136K)->9984K(26624K)
[3557.881s][info ][gc,heap        ] GC(91) ParOldGen: 1300077K(1300480K)->1301113K(1301504K)
[3557.881s][info ][gc,metaspace   ] GC(91) Metaspace: 114769K(116224K)->114769K(116224K) NonClass: 97599K(98368K)->97599K(98368K) Class: 17170K(17856K)->17170K(17856K)
[3557.881s][info ][gc             ] GC(91) Pause Young (Allocation Failure) 3267M->1280M(3294M) 10.265ms
[3557.881s][info ][gc,cpu         ] GC(91) User=0.03s Sys=0.01s Real=0.01s
[3557.881s][info ][safepoint      ] Safepoint "ParallelGCFailedAllocation", Time since last: 3987904636 ns, Reaching safepoint: 11200 ns, Cleanup: 5700 ns, At safepoint: 10361882 ns, Total: 10378782 ns
[3558.882s][info ][safepoint      ] Safepoint "Cleanup", Time since last: 1000105764 ns, Reaching safepoint: 92702 ns, Cleanup: 12300 ns, At safepoint: 8700 ns, Total: 113702 ns
[3559.882s][info ][safepoint      ] Safepoint "Cleanup", Time since last: 1000118654 ns, Reaching safepoint: 87501 ns, Cleanup: 12101 ns, At safepoint: 9500 ns, Total: 109102 ns
[3560.882s][info ][safepoint      ] Safepoint "Cleanup", Time since last: 1000126521 ns, Reaching safepoint: 88802 ns, Cleanup: 10800 ns, At safepoint: 6900 ns, Total: 106502 ns
[3565.883s][info ][safepoint      ] Safepoint "Cleanup", Time since last: 5000522505 ns, Reaching safepoint: 90202 ns, Cleanup: 10700 ns, At safepoint: 7100 ns, Total: 108002 ns
[3567.883s][info ][safepoint      ] Safepoint "Cleanup", Time since last: 2000201006 ns, Reaching safepoint: 86801 ns, Cleanup: 12400 ns, At safepoint: 8401 ns, Total: 107602 ns
[3571.883s][info ][safepoint      ] Safepoint "Cleanup", Time since last: 4000370203 ns, Reaching safepoint: 11700 ns, Cleanup: 11301 ns, At safepoint: 2900 ns, Total: 25901 ns
[3574.884s][info ][safepoint      ] Safepoint "Cleanup", Time since last: 3000286360 ns, Reaching safepoint: 81702 ns, Cleanup: 13600 ns, At safepoint: 7000 ns, Total: 102302 ns
[3577.884s][info ][safepoint      ] Safepoint "Cleanup", Time since last: 3000265413 ns, Reaching safepoint: 11000 ns, Cleanup: 11201 ns, At safepoint: 2400 ns, Total: 24601 ns
[3578.884s][info ][safepoint      ] Safepoint "Cleanup", Time since last: 1000111578 ns, Reaching safepoint: 12201 ns, Cleanup: 11600 ns, At safepoint: 3900 ns, Total: 27701 ns
[3579.884s][info ][safepoint      ] Safepoint "Cleanup", Time since last: 1000152579 ns, Reaching safepoint: 12601 ns, Cleanup: 15800 ns, At safepoint: 3400 ns, Total: 31801 ns
[3581.885s][info ][safepoint      ] Safepoint "Cleanup", Time since last: 2000199397 ns, Reaching safepoint: 12800 ns, Cleanup: 14201 ns, At safepoint: 3100 ns, Total: 30101 ns
[3586.885s][info ][safepoint      ] Safepoint "Cleanup", Time since last: 5000677343 ns, Reaching safepoint: 12600 ns, Cleanup: 23400 ns, At safepoint: 3200 ns, Total: 39200 ns
[3591.886s][info ][safepoint      ] Safepoint "Cleanup", Time since last: 5000760558 ns, Reaching safepoint: 13200 ns, Cleanup: 15701 ns, At safepoint: 3300 ns, Total: 32201 ns
[3598.887s][info ][safepoint      ] Safepoint "Cleanup", Time since last: 7000757879 ns, Reaching safepoint: 13300 ns, Cleanup: 15900 ns, At safepoint: 4400 ns, Total: 33600 ns
[3602.904s][info ][safepoint      ] Safepoint "Cleanup", Time since last: 4016674514 ns, Reaching safepoint: 14000 ns, Cleanup: 37001 ns, At safepoint: 3400 ns, Total: 54401 ns
[3608.904s][info ][safepoint      ] Safepoint "Cleanup", Time since last: 6000758697 ns, Reaching safepoint: 13400 ns, Cleanup: 14700 ns, At safepoint: 4700 ns, Total: 32800 ns
[3611.905s][info ][safepoint      ] Safepoint "Cleanup", Time since last: 3000370593 ns, Reaching safepoint: 12500 ns, Cleanup: 14500 ns, At safepoint: 3500 ns, Total: 30500 ns
[3615.905s][info ][safepoint      ] Safepoint "Cleanup", Time since last: 4000347287 ns, Reaching safepoint: 13100 ns, Cleanup: 12701 ns, At safepoint: 2900 ns, Total: 28701 ns
[3628.978s][info ][gc,start       ] GC(92) Pause Young (Allocation Failure)
[3628.986s][debug][gc,phases      ] GC(92) Scavenge 7.174ms
[3628.986s][debug][gc,ref         ] GC(92) ReferenceProcessor::execute queues: 1, RefProcThreadModel::Single, marks_oops_alive: false
[3628.986s][debug][gc,ref         ] GC(92) Skipped KeepAliveFinalRefsPhase of Reference Processing: no references
[3628.986s][debug][gc,ref         ] GC(92) ReferenceProcessor::execute queues: 1, RefProcThreadModel::Single, marks_oops_alive: false
[3628.986s][debug][gc,phases      ] GC(92) Reference Processing 0.103ms
[3628.986s][debug][gc,phases      ] GC(92)   VM Weak                        Min:  0.0, Avg:  0.0, Max:  0.0, Diff:  0.0, Sum:  0.0, Workers: 4
[3628.986s][debug][gc,phases      ] GC(92)     Dead                           Min: 0, Avg:  0.0, Max: 0, Diff: 0, Sum: 0, Workers: 4
[3628.986s][debug][gc,phases      ] GC(92)     Total                          Min: 0, Avg: 276.5, Max: 1042, Diff: 1042, Sum: 1106, Workers: 4
[3628.986s][debug][gc,phases      ] GC(92)   ObjectSynchronizer Weak        Min:  0.0, Avg:  0.0, Max:  0.0, Diff:  0.0, Sum:  0.0, Workers: 4
[3628.986s][debug][gc,phases      ] GC(92)     Dead                           Min: 0, Avg:  0.0, Max: 0, Diff: 0, Sum: 0, Workers: 4
[3628.986s][debug][gc,phases      ] GC(92)     Total                          Min: 0, Avg:  1.0, Max: 4, Diff: 4, Sum: 4, Workers: 4
[3628.986s][debug][gc,phases      ] GC(92)   JVMTI Tag Weak OopStorage      Min:  0.0, Avg:  0.0, Max:  0.0, Diff:  0.0, Sum:  0.0, Workers: 4
[3628.986s][debug][gc,phases      ] GC(92)     Dead                           Min: 0, Avg:  0.0, Max: 0, Diff: 0, Sum: 0, Workers: 4
[3628.986s][debug][gc,phases      ] GC(92)     Total                          Min: 0, Avg:  0.0, Max: 0, Diff: 0, Sum: 0, Workers: 4
[3628.986s][debug][gc,phases      ] GC(92)   StringTable Weak               Min:  0.1, Avg:  0.1, Max:  0.1, Diff:  0.0, Sum:  0.5, Workers: 4
[3628.986s][debug][gc,phases      ] GC(92)     Dead                           Min: 0, Avg:  0.0, Max: 0, Diff: 0, Sum: 0, Workers: 4
[3628.986s][debug][gc,phases      ] GC(92)     Total                          Min: 11136, Avg: 12528.8, Max: 14144, Diff: 3008, Sum: 50115, Workers: 4
[3628.986s][debug][gc,phases      ] GC(92)   ResolvedMethodTable Weak       Min:  0.0, Avg:  0.0, Max:  0.0, Diff:  0.0, Sum:  0.2, Workers: 4
[3628.986s][debug][gc,phases      ] GC(92)     Dead                           Min: 0, Avg:  8.0, Max: 17, Diff: 17, Sum: 32, Workers: 4
[3628.986s][debug][gc,phases      ] GC(92)     Total                          Min: 3397, Avg: 4025.5, Max: 4681, Diff: 1284, Sum: 16102, Workers: 4
[3628.986s][debug][gc,phases      ] GC(92)   JNI Weak                       Min:  0.0, Avg:  0.0, Max:  0.0, Diff:  0.0, Sum:  0.0, Workers: 4
[3628.986s][debug][gc,phases      ] GC(92)     Dead                           Min: 0, Avg:  0.0, Max: 0, Diff: 0, Sum: 0, Workers: 4
[3628.986s][debug][gc,phases      ] GC(92)     Total                          Min: 0, Avg: 13.0, Max: 52, Diff: 52, Sum: 52, Workers: 4
[3628.986s][debug][gc,phases      ] GC(92)   StringDedup Table Weak         Min:  0.0, Avg:  0.0, Max:  0.0, Diff:  0.0, Sum:  0.0, Workers: 4
[3628.986s][debug][gc,phases      ] GC(92)     Dead                           Min: 0, Avg:  0.0, Max: 0, Diff: 0, Sum: 0, Workers: 4
[3628.986s][debug][gc,phases      ] GC(92)     Total                          Min: 0, Avg:  0.0, Max: 0, Diff: 0, Sum: 0, Workers: 4
[3628.986s][debug][gc,phases      ] GC(92)   StringDedup Requests0 Weak     Min:  0.0, Avg:  0.0, Max:  0.0, Diff:  0.0, Sum:  0.0, Workers: 4
[3628.986s][debug][gc,phases      ] GC(92)     Dead                           Min: 0, Avg:  0.0, Max: 0, Diff: 0, Sum: 0, Workers: 4
[3628.986s][debug][gc,phases      ] GC(92)     Total                          Min: 0, Avg:  0.0, Max: 0, Diff: 0, Sum: 0, Workers: 4
[3628.986s][debug][gc,phases      ] GC(92)   StringDedup Requests1 Weak     Min:  0.0, Avg:  0.0, Max:  0.0, Diff:  0.0, Sum:  0.0, Workers: 4
[3628.986s][debug][gc,phases      ] GC(92)     Dead                           Min: 0, Avg:  0.0, Max: 0, Diff: 0, Sum: 0, Workers: 4
[3628.986s][debug][gc,phases      ] GC(92)     Total                          Min: 0, Avg:  0.0, Max: 0, Diff: 0, Sum: 0, Workers: 4
[3628.986s][debug][gc,phases      ] GC(92)   Weak JFR Old Object Samples    Min:  0.0, Avg:  0.0, Max:  0.0, Diff:  0.0, Sum:  0.0, Workers: 4
[3628.986s][debug][gc,phases      ] GC(92)     Dead                           Min: 0, Avg:  0.0, Max: 0, Diff: 0, Sum: 0, Workers: 4
[3628.986s][debug][gc,phases      ] GC(92)     Total                          Min: 0, Avg:  0.0, Max: 0, Diff: 0, Sum: 0, Workers: 4
[3628.986s][debug][gc,phases      ] GC(92) Weak Processing 0.375ms
[3628.986s][debug][gc,age         ] GC(92) Desired survivor size 25165824 bytes, new threshold 1 (max threshold 15)
[3628.986s][info ][gc,heap        ] GC(92) PSYoungGen: 2055424K(2072064K)->2976K(2070528K) Eden: 2045440K(2045440K)->0K(2045440K) From: 9984K(26624K)->2976K(25088K)
[3628.986s][info ][gc,heap        ] GC(92) ParOldGen: 1301113K(1301504K)->1304470K(1304576K)
[3628.986s][info ][gc,metaspace   ] GC(92) Metaspace: 114840K(116352K)->114840K(116352K) NonClass: 97670K(98496K)->97670K(98496K) Class: 17170K(17856K)->17170K(17856K)
[3628.986s][info ][gc             ] GC(92) Pause Young (Allocation Failure) 3277M->1276M(3296M) 7.794ms
[3628.986s][info ][gc,cpu         ] GC(92) User=0.03s Sys=0.00s Real=0.01s
[3628.986s][info ][safepoint      ] Safepoint "ParallelGCFailedAllocation", Time since last: 13073232010 ns, Reaching safepoint: 19601 ns, Cleanup: 8000 ns, At safepoint: 7916144 ns, Total: 7943745 ns
[3653.989s][info ][safepoint      ] Safepoint "Cleanup", Time since last: 25002463184 ns, Reaching safepoint: 13301 ns, Cleanup: 11700 ns, At safepoint: 3300 ns, Total: 28301 ns
[3658.989s][info ][safepoint      ] Safepoint "Cleanup", Time since last: 5000640592 ns, Reaching safepoint: 11700 ns, Cleanup: 16200 ns, At safepoint: 3000 ns, Total: 30900 ns
[3668.935s][info ][safepoint      ] Safepoint "Cleanup", Time since last: 9945039144 ns, Reaching safepoint: 13000 ns, Cleanup: 15301 ns, At safepoint: 5100 ns, Total: 33401 ns
[3675.935s][info ][safepoint      ] Safepoint "Cleanup", Time since last: 7000693110 ns, Reaching safepoint: 15500 ns, Cleanup: 15100 ns, At safepoint: 3601 ns, Total: 34201 ns
[3684.940s][info ][safepoint      ] Safepoint "Cleanup", Time since last: 9004257350 ns, Reaching safepoint: 12700 ns, Cleanup: 10101 ns, At safepoint: 3400 ns, Total: 26201 ns
[3687.940s][info ][safepoint      ] Safepoint "Cleanup", Time since last: 3000377285 ns, Reaching safepoint: 13100 ns, Cleanup: 13401 ns, At safepoint: 3800 ns, Total: 30301 ns
[3693.941s][info ][safepoint      ] Safepoint "Cleanup", Time since last: 6000541823 ns, Reaching safepoint: 11900 ns, Cleanup: 14800 ns, At safepoint: 3000 ns, Total: 29700 ns
[3695.941s][info ][safepoint      ] Safepoint "Cleanup", Time since last: 2000276117 ns, Reaching safepoint: 13200 ns, Cleanup: 23101 ns, At safepoint: 4000 ns, Total: 40301 ns
[3696.941s][info ][safepoint      ] Safepoint "Cleanup", Time since last: 1000131192 ns, Reaching safepoint: 11801 ns, Cleanup: 17100 ns, At safepoint: 3000 ns, Total: 31901 ns
[3697.941s][info ][safepoint      ] Safepoint "Cleanup", Time since last: 1000189735 ns, Reaching safepoint: 13201 ns, Cleanup: 13600 ns, At safepoint: 30801 ns, Total: 57602 ns
[3698.941s][info ][safepoint      ] Safepoint "Cleanup", Time since last: 1000124934 ns, Reaching safepoint: 12400 ns, Cleanup: 13400 ns, At safepoint: 3400 ns, Total: 29200 ns
[3699.942s][info ][safepoint      ] Safepoint "Cleanup", Time since last: 1000138335 ns, Reaching safepoint: 15200 ns, Cleanup: 22600 ns, At safepoint: 4000 ns, Total: 41800 ns
[3703.942s][info ][safepoint      ] Safepoint "Cleanup", Time since last: 4000450361 ns, Reaching safepoint: 12700 ns, Cleanup: 14000 ns, At safepoint: 3800 ns, Total: 30500 ns
[3706.943s][info ][safepoint      ] Safepoint "Cleanup", Time since last: 3000464727 ns, Reaching safepoint: 12400 ns, Cleanup: 14600 ns, At safepoint: 3400 ns, Total: 30400 ns
[3707.943s][info ][safepoint      ] Safepoint "Cleanup", Time since last: 1000125012 ns, Reaching safepoint: 12400 ns, Cleanup: 18900 ns, At safepoint: 2900 ns, Total: 34200 ns
[3709.331s][info ][gc,start       ] GC(93) Pause Young (Allocation Failure)
[3709.337s][debug][gc,phases      ] GC(93) Scavenge 5.736ms
[3709.337s][debug][gc,ref         ] GC(93) ReferenceProcessor::execute queues: 1, RefProcThreadModel::Single, marks_oops_alive: false
[3709.337s][debug][gc,ref         ] GC(93) Skipped KeepAliveFinalRefsPhase of Reference Processing: no references
[3709.337s][debug][gc,ref         ] GC(93) ReferenceProcessor::execute queues: 1, RefProcThreadModel::Single, marks_oops_alive: false
[3709.337s][debug][gc,phases      ] GC(93) Reference Processing 0.103ms
[3709.337s][debug][gc,phases      ] GC(93)   VM Weak                        Min:  0.0, Avg:  0.0, Max:  0.0, Diff:  0.0, Sum:  0.0, Workers: 4
[3709.337s][debug][gc,phases      ] GC(93)     Dead                           Min: 0, Avg:  0.0, Max: 0, Diff: 0, Sum: 0, Workers: 4
[3709.337s][debug][gc,phases      ] GC(93)     Total                          Min: 128, Avg: 276.5, Max: 512, Diff: 384, Sum: 1106, Workers: 4
[3709.337s][debug][gc,phases      ] GC(93)   ObjectSynchronizer Weak        Min:  0.0, Avg:  0.0, Max:  0.0, Diff:  0.0, Sum:  0.0, Workers: 4
[3709.337s][debug][gc,phases      ] GC(93)     Dead                           Min: 0, Avg:  0.0, Max: 0, Diff: 0, Sum: 0, Workers: 4
[3709.337s][debug][gc,phases      ] GC(93)     Total                          Min: 0, Avg:  1.8, Max: 7, Diff: 7, Sum: 7, Workers: 4
[3709.337s][debug][gc,phases      ] GC(93)   JVMTI Tag Weak OopStorage      Min:  0.0, Avg:  0.0, Max:  0.0, Diff:  0.0, Sum:  0.0, Workers: 4
[3709.337s][debug][gc,phases      ] GC(93)     Dead                           Min: 0, Avg:  0.0, Max: 0, Diff: 0, Sum: 0, Workers: 4
[3709.337s][debug][gc,phases      ] GC(93)     Total                          Min: 0, Avg:  0.0, Max: 0, Diff: 0, Sum: 0, Workers: 4
[3709.337s][debug][gc,phases      ] GC(93)   StringTable Weak               Min:  0.1, Avg:  0.1, Max:  0.1, Diff:  0.0, Sum:  0.5, Workers: 4
[3709.337s][debug][gc,phases      ] GC(93)     Dead                           Min: 0, Avg:  0.0, Max: 0, Diff: 0, Sum: 0, Workers: 4
[3709.337s][debug][gc,phases      ] GC(93)     Total                          Min: 11968, Avg: 12529.5, Max: 13446, Diff: 1478, Sum: 50118, Workers: 4
[3709.337s][debug][gc,phases      ] GC(93)   ResolvedMethodTable Weak       Min:  0.0, Avg:  0.0, Max:  0.0, Diff:  0.0, Sum:  0.2, Workers: 4
[3709.337s][debug][gc,phases      ] GC(93)     Dead                           Min: 2, Avg:  6.8, Max: 15, Diff: 13, Sum: 27, Workers: 4
[3709.337s][debug][gc,phases      ] GC(93)     Total                          Min: 3650, Avg: 4025.5, Max: 4542, Diff: 892, Sum: 16102, Workers: 4
[3709.337s][debug][gc,phases      ] GC(93)   JNI Weak                       Min:  0.0, Avg:  0.0, Max:  0.0, Diff:  0.0, Sum:  0.0, Workers: 4
[3709.337s][debug][gc,phases      ] GC(93)     Dead                           Min: 0, Avg:  0.0, Max: 0, Diff: 0, Sum: 0, Workers: 4
[3709.337s][debug][gc,phases      ] GC(93)     Total                          Min: 0, Avg: 13.0, Max: 52, Diff: 52, Sum: 52, Workers: 4
[3709.337s][debug][gc,phases      ] GC(93)   StringDedup Table Weak         Min:  0.0, Avg:  0.0, Max:  0.0, Diff:  0.0, Sum:  0.0, Workers: 4
[3709.337s][debug][gc,phases      ] GC(93)     Dead                           Min: 0, Avg:  0.0, Max: 0, Diff: 0, Sum: 0, Workers: 4
[3709.337s][debug][gc,phases      ] GC(93)     Total                          Min: 0, Avg:  0.0, Max: 0, Diff: 0, Sum: 0, Workers: 4
[3709.337s][debug][gc,phases      ] GC(93)   StringDedup Requests0 Weak     Min:  0.0, Avg:  0.0, Max:  0.0, Diff:  0.0, Sum:  0.0, Workers: 4
[3709.337s][debug][gc,phases      ] GC(93)     Dead                           Min: 0, Avg:  0.0, Max: 0, Diff: 0, Sum: 0, Workers: 4
[3709.337s][debug][gc,phases      ] GC(93)     Total                          Min: 0, Avg:  0.0, Max: 0, Diff: 0, Sum: 0, Workers: 4
[3709.337s][debug][gc,phases      ] GC(93)   StringDedup Requests1 Weak     Min:  0.0, Avg:  0.0, Max:  0.0, Diff:  0.0, Sum:  0.0, Workers: 4
[3709.337s][debug][gc,phases      ] GC(93)     Dead                           Min: 0, Avg:  0.0, Max: 0, Diff: 0, Sum: 0, Workers: 4
[3709.337s][debug][gc,phases      ] GC(93)     Total                          Min: 0, Avg:  0.0, Max: 0, Diff: 0, Sum: 0, Workers: 4
[3709.337s][debug][gc,phases      ] GC(93)   Weak JFR Old Object Samples    Min:  0.0, Avg:  0.0, Max:  0.0, Diff:  0.0, Sum:  0.0, Workers: 4
[3709.337s][debug][gc,phases      ] GC(93)     Dead                           Min: 0, Avg:  0.0, Max: 0, Diff: 0, Sum: 0, Workers: 4
[3709.337s][debug][gc,phases      ] GC(93)     Total                          Min: 0, Avg:  0.0, Max: 0, Diff: 0, Sum: 0, Workers: 4
[3709.337s][debug][gc,phases      ] GC(93) Weak Processing 0.358ms
[3709.337s][debug][gc,age         ] GC(93) Desired survivor size 24117248 bytes, new threshold 1 (max threshold 15)
[3709.337s][info ][gc,heap        ] GC(93) PSYoungGen: 2048416K(2070528K)->3664K(2073600K) Eden: 2045440K(2045440K)->0K(2049024K) From: 2976K(25088K)->3664K(24576K)
[3709.337s][info ][gc,heap        ] GC(93) ParOldGen: 1304470K(1304576K)->1305178K(1305600K)
[3709.337s][info ][gc,metaspace   ] GC(93) Metaspace: 114856K(116352K)->114856K(116352K) NonClass: 97685K(98496K)->97685K(98496K) Class: 17170K(17856K)->17170K(17856K)
[3709.337s][info ][gc             ] GC(93) Pause Young (Allocation Failure) 3274M->1278M(3300M) 6.331ms
[3709.337s][info ][gc,cpu         ] GC(93) User=0.02s Sys=0.00s Real=0.00s
[3709.337s][info ][safepoint      ] Safepoint "ParallelGCFailedAllocation", Time since last: 1388247995 ns, Reaching safepoint: 12401 ns, Cleanup: 19300 ns, At safepoint: 6422619 ns, Total: 6454320 ns
[3712.338s][info ][safepoint      ] Safepoint "Cleanup", Time since last: 3000455459 ns, Reaching safepoint: 12200 ns, Cleanup: 17700 ns, At safepoint: 3701 ns, Total: 33601 ns
[3713.338s][info ][safepoint      ] Safepoint "Cleanup", Time since last: 1000121000 ns, Reaching safepoint: 12900 ns, Cleanup: 14200 ns, At safepoint: 3700 ns, Total: 30800 ns
[3715.338s][info ][safepoint      ] Safepoint "Cleanup", Time since last: 2000350302 ns, Reaching safepoint: 13000 ns, Cleanup: 13901 ns, At safepoint: 3800 ns, Total: 30701 ns
[3716.339s][info ][safepoint      ] Safepoint "Cleanup", Time since last: 1000162401 ns, Reaching safepoint: 12500 ns, Cleanup: 13300 ns, At safepoint: 3000 ns, Total: 28800 ns
[3718.339s][info ][safepoint      ] Safepoint "Cleanup", Time since last: 2000213600 ns, Reaching safepoint: 12200 ns, Cleanup: 13700 ns, At safepoint: 2700 ns, Total: 28600 ns
[3731.965s][info ][safepoint      ] Safepoint "Cleanup", Time since last: 13626088245 ns, Reaching safepoint: 14000 ns, Cleanup: 18401 ns, At safepoint: 3700 ns, Total: 36101 ns
[3743.966s][info ][safepoint      ] Safepoint "Cleanup", Time since last: 12001405260 ns, Reaching safepoint: 12701 ns, Cleanup: 22600 ns, At safepoint: 4300 ns, Total: 39601 ns
[3748.967s][info ][safepoint      ] Safepoint "Cleanup", Time since last: 5000613640 ns, Reaching safepoint: 13400 ns, Cleanup: 14600 ns, At safepoint: 4100 ns, Total: 32100 ns
[3757.968s][info ][safepoint      ] Safepoint "Cleanup", Time since last: 9001074008 ns, Reaching safepoint: 102302 ns, Cleanup: 23801 ns, At safepoint: 10100 ns, Total: 136203 ns
[3758.969s][info ][safepoint      ] Safepoint "Cleanup", Time since last: 1000163662 ns, Reaching safepoint: 33400 ns, Cleanup: 13801 ns, At safepoint: 3300 ns, Total: 50501 ns
[3761.969s][info ][safepoint      ] Safepoint "Cleanup", Time since last: 3000371186 ns, Reaching safepoint: 12700 ns, Cleanup: 14201 ns, At safepoint: 3200 ns, Total: 30101 ns
[3766.970s][info ][safepoint      ] Safepoint "Cleanup", Time since last: 5000766517 ns, Reaching safepoint: 13500 ns, Cleanup: 14700 ns, At safepoint: 2800 ns, Total: 31000 ns
[3777.082s][info ][gc,start       ] GC(94) Pause Young (Allocation Failure)
[3777.093s][debug][gc,phases      ] GC(94) Scavenge 11.018ms
[3777.093s][debug][gc,ref         ] GC(94) ReferenceProcessor::execute queues: 1, RefProcThreadModel::Single, marks_oops_alive: false
[3777.093s][debug][gc,ref         ] GC(94) Skipped KeepAliveFinalRefsPhase of Reference Processing: no references
[3777.093s][debug][gc,ref         ] GC(94) ReferenceProcessor::execute queues: 1, RefProcThreadModel::Single, marks_oops_alive: false
[3777.093s][debug][gc,phases      ] GC(94) Reference Processing 0.117ms
[3777.093s][debug][gc,phases      ] GC(94)   VM Weak                        Min:  0.0, Avg:  0.0, Max:  0.0, Diff:  0.0, Sum:  0.0, Workers: 4
[3777.093s][debug][gc,phases      ] GC(94)     Dead                           Min: 0, Avg:  0.0, Max: 0, Diff: 0, Sum: 0, Workers: 4
[3777.093s][debug][gc,phases      ] GC(94)     Total                          Min: 0, Avg: 276.5, Max: 704, Diff: 704, Sum: 1106, Workers: 4
[3777.093s][debug][gc,phases      ] GC(94)   ObjectSynchronizer Weak        Min:  0.0, Avg:  0.0, Max:  0.0, Diff:  0.0, Sum:  0.0, Workers: 4
[3777.093s][debug][gc,phases      ] GC(94)     Dead                           Min: 0, Avg:  0.0, Max: 0, Diff: 0, Sum: 0, Workers: 4
[3777.093s][debug][gc,phases      ] GC(94)     Total                          Min: 0, Avg:  1.5, Max: 6, Diff: 6, Sum: 6, Workers: 4
[3777.093s][debug][gc,phases      ] GC(94)   JVMTI Tag Weak OopStorage      Min:  0.0, Avg:  0.0, Max:  0.0, Diff:  0.0, Sum:  0.0, Workers: 4
[3777.093s][debug][gc,phases      ] GC(94)     Dead                           Min: 0, Avg:  0.0, Max: 0, Diff: 0, Sum: 0, Workers: 4
[3777.093s][debug][gc,phases      ] GC(94)     Total                          Min: 0, Avg:  0.0, Max: 0, Diff: 0, Sum: 0, Workers: 4
[3777.093s][debug][gc,phases      ] GC(94)   StringTable Weak               Min:  0.1, Avg:  0.1, Max:  0.1, Diff:  0.0, Sum:  0.5, Workers: 4
[3777.093s][debug][gc,phases      ] GC(94)     Dead                           Min: 0, Avg:  0.0, Max: 0, Diff: 0, Sum: 0, Workers: 4
[3777.093s][debug][gc,phases      ] GC(94)     Total                          Min: 12224, Avg: 12530.5, Max: 12938, Diff: 714, Sum: 50122, Workers: 4
[3777.093s][debug][gc,phases      ] GC(94)   ResolvedMethodTable Weak       Min:  0.0, Avg:  0.0, Max:  0.0, Diff:  0.0, Sum:  0.2, Workers: 4
[3777.093s][debug][gc,phases      ] GC(94)     Dead                           Min: 0, Avg:  4.0, Max: 7, Diff: 7, Sum: 16, Workers: 4
[3777.093s][debug][gc,phases      ] GC(94)     Total                          Min: 3858, Avg: 4025.5, Max: 4190, Diff: 332, Sum: 16102, Workers: 4
[3777.093s][debug][gc,phases      ] GC(94)   JNI Weak                       Min:  0.0, Avg:  0.0, Max:  0.0, Diff:  0.0, Sum:  0.0, Workers: 4
[3777.093s][debug][gc,phases      ] GC(94)     Dead                           Min: 0, Avg:  0.0, Max: 0, Diff: 0, Sum: 0, Workers: 4
[3777.093s][debug][gc,phases      ] GC(94)     Total                          Min: 0, Avg: 13.0, Max: 52, Diff: 52, Sum: 52, Workers: 4
[3777.093s][debug][gc,phases      ] GC(94)   StringDedup Table Weak         Min:  0.0, Avg:  0.0, Max:  0.0, Diff:  0.0, Sum:  0.0, Workers: 4
[3777.093s][debug][gc,phases      ] GC(94)     Dead                           Min: 0, Avg:  0.0, Max: 0, Diff: 0, Sum: 0, Workers: 4
[3777.093s][debug][gc,phases      ] GC(94)     Total                          Min: 0, Avg:  0.0, Max: 0, Diff: 0, Sum: 0, Workers: 4
[3777.093s][debug][gc,phases      ] GC(94)   StringDedup Requests0 Weak     Min:  0.0, Avg:  0.0, Max:  0.0, Diff:  0.0, Sum:  0.0, Workers: 4
[3777.093s][debug][gc,phases      ] GC(94)     Dead                           Min: 0, Avg:  0.0, Max: 0, Diff: 0, Sum: 0, Workers: 4
[3777.093s][debug][gc,phases      ] GC(94)     Total                          Min: 0, Avg:  0.0, Max: 0, Diff: 0, Sum: 0, Workers: 4
[3777.093s][debug][gc,phases      ] GC(94)   StringDedup Requests1 Weak     Min:  0.0, Avg:  0.0, Max:  0.0, Diff:  0.0, Sum:  0.0, Workers: 4
[3777.093s][debug][gc,phases      ] GC(94)     Dead                           Min: 0, Avg:  0.0, Max: 0, Diff: 0, Sum: 0, Workers: 4
[3777.093s][debug][gc,phases      ] GC(94)     Total                          Min: 0, Avg:  0.0, Max: 0, Diff: 0, Sum: 0, Workers: 4
[3777.093s][debug][gc,phases      ] GC(94)   Weak JFR Old Object Samples    Min:  0.0, Avg:  0.0, Max:  0.0, Diff:  0.0, Sum:  0.0, Workers: 4
[3777.093s][debug][gc,phases      ] GC(94)     Dead                           Min: 0, Avg:  0.0, Max: 0, Diff: 0, Sum: 0, Workers: 4
[3777.093s][debug][gc,phases      ] GC(94)     Total                          Min: 0, Avg:  0.0, Max: 0, Diff: 0, Sum: 0, Workers: 4
[3777.093s][debug][gc,phases      ] GC(94) Weak Processing 0.460ms
[3777.093s][debug][gc,age         ] GC(94) Desired survivor size 23068672 bytes, new threshold 1 (max threshold 15)
[3777.093s][info ][gc,heap        ] GC(94) PSYoungGen: 2052688K(2073600K)->3856K(2072576K) Eden: 2049024K(2049024K)->0K(2049024K) From: 3664K(24576K)->3856K(23552K)
[3777.093s][info ][gc,heap        ] GC(94) ParOldGen: 1305178K(1305600K)->1306486K(1306624K)
[3777.093s][info ][gc,metaspace   ] GC(94) Metaspace: 114867K(116352K)->114867K(116352K) NonClass: 97696K(98496K)->97696K(98496K) Class: 17170K(17856K)->17170K(17856K)
[3777.093s][info ][gc             ] GC(94) Pause Young (Allocation Failure) 3279M->1279M(3300M) 11.743ms
[3777.093s][info ][gc,cpu         ] GC(94) User=0.03s Sys=0.01s Real=0.01s
[3777.093s][info ][safepoint      ] Safepoint "ParallelGCFailedAllocation", Time since last: 10111646387 ns, Reaching safepoint: 90502 ns, Cleanup: 6600 ns, At safepoint: 11874120 ns, Total: 11971222 ns
[3786.993s][info ][safepoint      ] Safepoint "Cleanup", Time since last: 9899126608 ns, Reaching safepoint: 26901 ns, Cleanup: 15100 ns, At safepoint: 4000 ns, Total: 46001 ns
[3790.993s][info ][safepoint      ] Safepoint "Cleanup", Time since last: 4000595321 ns, Reaching safepoint: 13100 ns, Cleanup: 14901 ns, At safepoint: 27700 ns, Total: 55701 ns
[3793.994s][info ][safepoint      ] Safepoint "Cleanup", Time since last: 3000424788 ns, Reaching safepoint: 13600 ns, Cleanup: 14600 ns, At safepoint: 3300 ns, Total: 31500 ns
[3803.995s][info ][safepoint      ] Safepoint "Cleanup", Time since last: 10001360512 ns, Reaching safepoint: 12600 ns, Cleanup: 14400 ns, At safepoint: 4700 ns, Total: 31700 ns
[3829.998s][info ][safepoint      ] Safepoint "Cleanup", Time since last: 26003131827 ns, Reaching safepoint: 13101 ns, Cleanup: 15700 ns, At safepoint: 3900 ns, Total: 32701 ns
[3839.505s][info ][gc,start       ] GC(95) Pause Young (Allocation Failure)
[3839.513s][debug][gc,phases      ] GC(95) Scavenge 8.221ms
[3839.513s][debug][gc,ref         ] GC(95) ReferenceProcessor::execute queues: 1, RefProcThreadModel::Single, marks_oops_alive: false
[3839.513s][debug][gc,ref         ] GC(95) Skipped KeepAliveFinalRefsPhase of Reference Processing: no references
[3839.513s][debug][gc,ref         ] GC(95) ReferenceProcessor::execute queues: 1, RefProcThreadModel::Single, marks_oops_alive: false
[3839.513s][debug][gc,phases      ] GC(95) Reference Processing 0.105ms
[3839.514s][debug][gc,phases      ] GC(95)   VM Weak                        Min:  0.0, Avg:  0.0, Max:  0.0, Diff:  0.0, Sum:  0.0, Workers: 4
[3839.514s][debug][gc,phases      ] GC(95)     Dead                           Min: 0, Avg:  0.0, Max: 0, Diff: 0, Sum: 0, Workers: 4
[3839.514s][debug][gc,phases      ] GC(95)     Total                          Min: 0, Avg: 276.5, Max: 530, Diff: 530, Sum: 1106, Workers: 4
[3839.514s][debug][gc,phases      ] GC(95)   ObjectSynchronizer Weak        Min:  0.0, Avg:  0.0, Max:  0.0, Diff:  0.0, Sum:  0.0, Workers: 4
[3839.514s][debug][gc,phases      ] GC(95)     Dead                           Min: 0, Avg:  0.0, Max: 0, Diff: 0, Sum: 0, Workers: 4
[3839.514s][debug][gc,phases      ] GC(95)     Total                          Min: 0, Avg:  1.5, Max: 6, Diff: 6, Sum: 6, Workers: 4
[3839.514s][debug][gc,phases      ] GC(95)   JVMTI Tag Weak OopStorage      Min:  0.0, Avg:  0.0, Max:  0.0, Diff:  0.0, Sum:  0.0, Workers: 4
[3839.514s][debug][gc,phases      ] GC(95)     Dead                           Min: 0, Avg:  0.0, Max: 0, Diff: 0, Sum: 0, Workers: 4
[3839.514s][debug][gc,phases      ] GC(95)     Total                          Min: 0, Avg:  0.0, Max: 0, Diff: 0, Sum: 0, Workers: 4
[3839.514s][debug][gc,phases      ] GC(95)   StringTable Weak               Min:  0.1, Avg:  0.1, Max:  0.1, Diff:  0.0, Sum:  0.5, Workers: 4
[3839.514s][debug][gc,phases      ] GC(95)     Dead                           Min: 0, Avg:  0.0, Max: 0, Diff: 0, Sum: 0, Workers: 4
[3839.514s][debug][gc,phases      ] GC(95)     Total                          Min: 9920, Avg: 12530.5, Max: 15754, Diff: 5834, Sum: 50122, Workers: 4
[3839.514s][debug][gc,phases      ] GC(95)   ResolvedMethodTable Weak       Min:  0.0, Avg:  0.1, Max:  0.1, Diff:  0.0, Sum:  0.2, Workers: 4
[3839.514s][debug][gc,phases      ] GC(95)     Dead                           Min: 0, Avg:  4.0, Max: 12, Diff: 12, Sum: 16, Workers: 4
[3839.514s][debug][gc,phases      ] GC(95)     Total                          Min: 665, Avg: 4025.5, Max: 7207, Diff: 6542, Sum: 16102, Workers: 4
[3839.514s][debug][gc,phases      ] GC(95)   JNI Weak                       Min:  0.0, Avg:  0.0, Max:  0.0, Diff:  0.0, Sum:  0.0, Workers: 4
[3839.514s][debug][gc,phases      ] GC(95)     Dead                           Min: 0, Avg:  0.0, Max: 0, Diff: 0, Sum: 0, Workers: 4
[3839.514s][debug][gc,phases      ] GC(95)     Total                          Min: 0, Avg: 13.0, Max: 52, Diff: 52, Sum: 52, Workers: 4
[3839.514s][debug][gc,phases      ] GC(95)   StringDedup Table Weak         Min:  0.0, Avg:  0.0, Max:  0.0, Diff:  0.0, Sum:  0.0, Workers: 4
[3839.514s][debug][gc,phases      ] GC(95)     Dead                           Min: 0, Avg:  0.0, Max: 0, Diff: 0, Sum: 0, Workers: 4
[3839.514s][debug][gc,phases      ] GC(95)     Total                          Min: 0, Avg:  0.0, Max: 0, Diff: 0, Sum: 0, Workers: 4
[3839.514s][debug][gc,phases      ] GC(95)   StringDedup Requests0 Weak     Min:  0.0, Avg:  0.0, Max:  0.0, Diff:  0.0, Sum:  0.0, Workers: 4
[3839.514s][debug][gc,phases      ] GC(95)     Dead                           Min: 0, Avg:  0.0, Max: 0, Diff: 0, Sum: 0, Workers: 4
[3839.514s][debug][gc,phases      ] GC(95)     Total                          Min: 0, Avg:  0.0, Max: 0, Diff: 0, Sum: 0, Workers: 4
[3839.514s][debug][gc,phases      ] GC(95)   StringDedup Requests1 Weak     Min:  0.0, Avg:  0.0, Max:  0.0, Diff:  0.0, Sum:  0.0, Workers: 4
[3839.514s][debug][gc,phases      ] GC(95)     Dead                           Min: 0, Avg:  0.0, Max: 0, Diff: 0, Sum: 0, Workers: 4
[3839.514s][debug][gc,phases      ] GC(95)     Total                          Min: 0, Avg:  0.0, Max: 0, Diff: 0, Sum: 0, Workers: 4
[3839.514s][debug][gc,phases      ] GC(95)   Weak JFR Old Object Samples    Min:  0.0, Avg:  0.0, Max:  0.0, Diff:  0.0, Sum:  0.0, Workers: 4
[3839.514s][debug][gc,phases      ] GC(95)     Dead                           Min: 0, Avg:  0.0, Max: 0, Diff: 0, Sum: 0, Workers: 4
[3839.514s][debug][gc,phases      ] GC(95)     Total                          Min: 0, Avg:  0.0, Max: 0, Diff: 0, Sum: 0, Workers: 4
[3839.514s][debug][gc,phases      ] GC(95) Weak Processing 0.402ms
[3839.514s][debug][gc,age         ] GC(95) Desired survivor size 22020096 bytes, new threshold 1 (max threshold 15)
[3839.514s][info ][gc,heap        ] GC(95) PSYoungGen: 2052880K(2072576K)->5184K(2075648K) Eden: 2049024K(2049024K)->0K(2053120K) From: 3856K(23552K)->5184K(22528K)
[3839.514s][info ][gc,heap        ] GC(95) ParOldGen: 1306486K(1306624K)->1307106K(1307136K)
[3839.514s][info ][gc,metaspace   ] GC(95) Metaspace: 114883K(116352K)->114883K(116352K) NonClass: 97712K(98496K)->97712K(98496K) Class: 17170K(17856K)->17170K(17856K)
[3839.514s][info ][gc             ] GC(95) Pause Young (Allocation Failure) 3280M->1281M(3303M) 8.860ms
[3839.514s][info ][gc,cpu         ] GC(95) User=0.03s Sys=0.00s Real=0.01s
[3839.514s][info ][safepoint      ] Safepoint "ParallelGCFailedAllocation", Time since last: 9506745680 ns, Reaching safepoint: 85502 ns, Cleanup: 5500 ns, At safepoint: 8946360 ns, Total: 9037362 ns
[3850.022s][info ][safepoint      ] Safepoint "Cleanup", Time since last: 10508237993 ns, Reaching safepoint: 17901 ns, Cleanup: 26700 ns, At safepoint: 7700 ns, Total: 52301 ns
[3853.023s][info ][safepoint      ] Safepoint "Cleanup", Time since last: 3000394781 ns, Reaching safepoint: 19500 ns, Cleanup: 19201 ns, At safepoint: 45500 ns, Total: 84201 ns
[3856.023s][info ][safepoint      ] Safepoint "Cleanup", Time since last: 3000448482 ns, Reaching safepoint: 13300 ns, Cleanup: 13600 ns, At safepoint: 4201 ns, Total: 31101 ns
[3857.023s][info ][safepoint      ] Safepoint "Cleanup", Time since last: 1000127345 ns, Reaching safepoint: 12600 ns, Cleanup: 13500 ns, At safepoint: 4100 ns, Total: 30200 ns
[3890.028s][info ][safepoint      ] Safepoint "Cleanup", Time since last: 33004364428 ns, Reaching safepoint: 86602 ns, Cleanup: 12800 ns, At safepoint: 8600 ns, Total: 108002 ns
[3891.058s][info ][gc,start       ] GC(96) Pause Young (Allocation Failure)
[3891.066s][debug][gc,phases      ] GC(96) Scavenge 8.333ms
[3891.066s][debug][gc,ref         ] GC(96) ReferenceProcessor::execute queues: 1, RefProcThreadModel::Single, marks_oops_alive: false
[3891.066s][debug][gc,ref         ] GC(96) Skipped KeepAliveFinalRefsPhase of Reference Processing: no references
[3891.066s][debug][gc,ref         ] GC(96) ReferenceProcessor::execute queues: 1, RefProcThreadModel::Single, marks_oops_alive: false
[3891.066s][debug][gc,phases      ] GC(96) Reference Processing 0.110ms
[3891.067s][debug][gc,phases      ] GC(96)   VM Weak                        Min:  0.0, Avg:  0.0, Max:  0.0, Diff:  0.0, Sum:  0.0, Workers: 4
[3891.067s][debug][gc,phases      ] GC(96)     Dead                           Min: 0, Avg:  0.0, Max: 0, Diff: 0, Sum: 0, Workers: 4
[3891.067s][debug][gc,phases      ] GC(96)     Total                          Min: 0, Avg: 276.5, Max: 658, Diff: 658, Sum: 1106, Workers: 4
[3891.067s][debug][gc,phases      ] GC(96)   ObjectSynchronizer Weak        Min:  0.0, Avg:  0.0, Max:  0.0, Diff:  0.0, Sum:  0.0, Workers: 4
[3891.067s][debug][gc,phases      ] GC(96)     Dead                           Min: 0, Avg:  0.0, Max: 0, Diff: 0, Sum: 0, Workers: 4
[3891.067s][debug][gc,phases      ] GC(96)     Total                          Min: 0, Avg:  1.5, Max: 6, Diff: 6, Sum: 6, Workers: 4
[3891.067s][debug][gc,phases      ] GC(96)   JVMTI Tag Weak OopStorage      Min:  0.0, Avg:  0.0, Max:  0.0, Diff:  0.0, Sum:  0.0, Workers: 4
[3891.067s][debug][gc,phases      ] GC(96)     Dead                           Min: 0, Avg:  0.0, Max: 0, Diff: 0, Sum: 0, Workers: 4
[3891.067s][debug][gc,phases      ] GC(96)     Total                          Min: 0, Avg:  0.0, Max: 0, Diff: 0, Sum: 0, Workers: 4
[3891.067s][debug][gc,phases      ] GC(96)   StringTable Weak               Min:  0.1, Avg:  0.1, Max:  0.1, Diff:  0.0, Sum:  0.5, Workers: 4
[3891.067s][debug][gc,phases      ] GC(96)     Dead                           Min: 0, Avg:  0.0, Max: 0, Diff: 0, Sum: 0, Workers: 4
[3891.067s][debug][gc,phases      ] GC(96)     Total                          Min: 11402, Avg: 12530.5, Max: 14272, Diff: 2870, Sum: 50122, Workers: 4
[3891.067s][debug][gc,phases      ] GC(96)   ResolvedMethodTable Weak       Min:  0.0, Avg:  0.0, Max:  0.0, Diff:  0.0, Sum:  0.2, Workers: 4
[3891.067s][debug][gc,phases      ] GC(96)     Dead                           Min: 0, Avg:  4.0, Max: 6, Diff: 6, Sum: 16, Workers: 4
[3891.067s][debug][gc,phases      ] GC(96)     Total                          Min: 3609, Avg: 4025.5, Max: 4450, Diff: 841, Sum: 16102, Workers: 4
[3891.067s][debug][gc,phases      ] GC(96)   JNI Weak                       Min:  0.0, Avg:  0.0, Max:  0.0, Diff:  0.0, Sum:  0.0, Workers: 4
[3891.067s][debug][gc,phases      ] GC(96)     Dead                           Min: 0, Avg:  0.0, Max: 0, Diff: 0, Sum: 0, Workers: 4
[3891.067s][debug][gc,phases      ] GC(96)     Total                          Min: 0, Avg: 13.0, Max: 52, Diff: 52, Sum: 52, Workers: 4
[3891.067s][debug][gc,phases      ] GC(96)   StringDedup Table Weak         Min:  0.0, Avg:  0.0, Max:  0.0, Diff:  0.0, Sum:  0.0, Workers: 4
[3891.067s][debug][gc,phases      ] GC(96)     Dead                           Min: 0, Avg:  0.0, Max: 0, Diff: 0, Sum: 0, Workers: 4
[3891.067s][debug][gc,phases      ] GC(96)     Total                          Min: 0, Avg:  0.0, Max: 0, Diff: 0, Sum: 0, Workers: 4
[3891.067s][debug][gc,phases      ] GC(96)   StringDedup Requests0 Weak     Min:  0.0, Avg:  0.0, Max:  0.0, Diff:  0.0, Sum:  0.0, Workers: 4
[3891.067s][debug][gc,phases      ] GC(96)     Dead                           Min: 0, Avg:  0.0, Max: 0, Diff: 0, Sum: 0, Workers: 4
[3891.067s][debug][gc,phases      ] GC(96)     Total                          Min: 0, Avg:  0.0, Max: 0, Diff: 0, Sum: 0, Workers: 4
[3891.067s][debug][gc,phases      ] GC(96)   StringDedup Requests1 Weak     Min:  0.0, Avg:  0.0, Max:  0.0, Diff:  0.0, Sum:  0.0, Workers: 4
[3891.067s][debug][gc,phases      ] GC(96)     Dead                           Min: 0, Avg:  0.0, Max: 0, Diff: 0, Sum: 0, Workers: 4
[3891.067s][debug][gc,phases      ] GC(96)     Total                          Min: 0, Avg:  0.0, Max: 0, Diff: 0, Sum: 0, Workers: 4
[3891.067s][debug][gc,phases      ] GC(96)   Weak JFR Old Object Samples    Min:  0.0, Avg:  0.0, Max:  0.0, Diff:  0.0, Sum:  0.0, Workers: 4
[3891.067s][debug][gc,phases      ] GC(96)     Dead                           Min: 0, Avg:  0.0, Max: 0, Diff: 0, Sum: 0, Workers: 4
[3891.067s][debug][gc,phases      ] GC(96)     Total                          Min: 0, Avg:  0.0, Max: 0, Diff: 0, Sum: 0, Workers: 4
[3891.067s][debug][gc,phases      ] GC(96) Weak Processing 0.366ms
[3891.067s][debug][gc,age         ] GC(96) Desired survivor size 20971520 bytes, new threshold 1 (max threshold 15)
[3891.067s][info ][gc,heap        ] GC(96) PSYoungGen: 2058304K(2075648K)->6048K(2074624K) Eden: 2053120K(2053120K)->0K(2053120K) From: 5184K(22528K)->6048K(21504K)
[3891.067s][info ][gc,heap        ] GC(96) ParOldGen: 1307106K(1307136K)->1307958K(1308160K)
[3891.067s][info ][gc,metaspace   ] GC(96) Metaspace: 114904K(116416K)->114904K(116416K) NonClass: 97733K(98560K)->97733K(98560K) Class: 17170K(17856K)->17170K(17856K)
[3891.067s][info ][gc             ] GC(96) Pause Young (Allocation Failure) 3286M->1283M(3303M) 8.945ms
[3891.067s][info ][gc,cpu         ] GC(96) User=0.03s Sys=0.00s Real=0.01s
[3891.067s][info ][safepoint      ] Safepoint "ParallelGCFailedAllocation", Time since last: 1029969217 ns, Reaching safepoint: 15801 ns, Cleanup: 6000 ns, At safepoint: 9033965 ns, Total: 9055766 ns
[3894.067s][info ][safepoint      ] Safepoint "Cleanup", Time since last: 3000506617 ns, Reaching safepoint: 12501 ns, Cleanup: 14200 ns, At safepoint: 3700 ns, Total: 30401 ns
[3899.068s][info ][safepoint      ] Safepoint "Cleanup", Time since last: 5000712963 ns, Reaching safepoint: 13201 ns, Cleanup: 12800 ns, At safepoint: 4100 ns, Total: 30101 ns
[3901.068s][info ][safepoint      ] Safepoint "Cleanup", Time since last: 2000260908 ns, Reaching safepoint: 11800 ns, Cleanup: 16600 ns, At safepoint: 3400 ns, Total: 31800 ns
[3903.047s][info ][safepoint      ] Safepoint "Cleanup", Time since last: 1978259411 ns, Reaching safepoint: 12300 ns, Cleanup: 15500 ns, At safepoint: 3600 ns, Total: 31400 ns
[3905.047s][info ][safepoint      ] Safepoint "Cleanup", Time since last: 2000221989 ns, Reaching safepoint: 12400 ns, Cleanup: 13200 ns, At safepoint: 3100 ns, Total: 28700 ns
[3908.048s][info ][safepoint      ] Safepoint "Cleanup", Time since last: 3000567610 ns, Reaching safepoint: 19200 ns, Cleanup: 19601 ns, At safepoint: 7200 ns, Total: 46001 ns
[3911.048s][info ][safepoint      ] Safepoint "Cleanup", Time since last: 3000476408 ns, Reaching safepoint: 81301 ns, Cleanup: 11300 ns, At safepoint: 5600 ns, Total: 98201 ns
[3916.049s][info ][safepoint      ] Safepoint "Cleanup", Time since last: 5000651926 ns, Reaching safepoint: 12800 ns, Cleanup: 16500 ns, At safepoint: 3100 ns, Total: 32400 ns
[3945.054s][info ][safepoint      ] Safepoint "Cleanup", Time since last: 29004606485 ns, Reaching safepoint: 12801 ns, Cleanup: 36100 ns, At safepoint: 3900 ns, Total: 52801 ns
[3955.055s][info ][safepoint      ] Safepoint "Cleanup", Time since last: 10001480152 ns, Reaching safepoint: 13301 ns, Cleanup: 15600 ns, At safepoint: 3700 ns, Total: 32601 ns
[3956.055s][info ][safepoint      ] Safepoint "Cleanup", Time since last: 1000247347 ns, Reaching safepoint: 20500 ns, Cleanup: 18801 ns, At safepoint: 7600 ns, Total: 46901 ns
[3963.076s][info ][safepoint      ] Safepoint "Cleanup", Time since last: 7020581838 ns, Reaching safepoint: 91902 ns, Cleanup: 21900 ns, At safepoint: 11301 ns, Total: 125103 ns
[3966.077s][info ][safepoint      ] Safepoint "Cleanup", Time since last: 3000437391 ns, Reaching safepoint: 34901 ns, Cleanup: 14200 ns, At safepoint: 8800 ns, Total: 57901 ns
[3966.083s][info ][gc,start       ] GC(97) Pause Young (Allocation Failure)
[3966.090s][debug][gc,phases      ] GC(97) Scavenge 7.359ms
[3966.090s][debug][gc,ref         ] GC(97) ReferenceProcessor::execute queues: 1, RefProcThreadModel::Single, marks_oops_alive: false
[3966.090s][debug][gc,ref         ] GC(97) Skipped KeepAliveFinalRefsPhase of Reference Processing: no references
[3966.090s][debug][gc,ref         ] GC(97) ReferenceProcessor::execute queues: 1, RefProcThreadModel::Single, marks_oops_alive: false
[3966.090s][debug][gc,phases      ] GC(97) Reference Processing 0.105ms
[3966.090s][debug][gc,phases      ] GC(97)   VM Weak                        Min:  0.0, Avg:  0.0, Max:  0.0, Diff:  0.0, Sum:  0.0, Workers: 4
[3966.090s][debug][gc,phases      ] GC(97)     Dead                           Min: 0, Avg:  0.0, Max: 0, Diff: 0, Sum: 0, Workers: 4
[3966.090s][debug][gc,phases      ] GC(97)     Total                          Min: 0, Avg: 276.5, Max: 914, Diff: 914, Sum: 1106, Workers: 4
[3966.090s][debug][gc,phases      ] GC(97)   ObjectSynchronizer Weak        Min:  0.0, Avg:  0.0, Max:  0.0, Diff:  0.0, Sum:  0.0, Workers: 4
[3966.090s][debug][gc,phases      ] GC(97)     Dead                           Min: 0, Avg:  0.0, Max: 0, Diff: 0, Sum: 0, Workers: 4
[3966.090s][debug][gc,phases      ] GC(97)     Total                          Min: 0, Avg:  0.8, Max: 3, Diff: 3, Sum: 3, Workers: 4
[3966.090s][debug][gc,phases      ] GC(97)   JVMTI Tag Weak OopStorage      Min:  0.0, Avg:  0.0, Max:  0.0, Diff:  0.0, Sum:  0.0, Workers: 4
[3966.090s][debug][gc,phases      ] GC(97)     Dead                           Min: 0, Avg:  0.0, Max: 0, Diff: 0, Sum: 0, Workers: 4
[3966.090s][debug][gc,phases      ] GC(97)     Total                          Min: 0, Avg:  0.0, Max: 0, Diff: 0, Sum: 0, Workers: 4
[3966.090s][debug][gc,phases      ] GC(97)   StringTable Weak               Min:  0.1, Avg:  0.1, Max:  0.1, Diff:  0.0, Sum:  0.5, Workers: 4
[3966.090s][debug][gc,phases      ] GC(97)     Dead                           Min: 0, Avg:  0.0, Max: 0, Diff: 0, Sum: 0, Workers: 4
[3966.090s][debug][gc,phases      ] GC(97)     Total                          Min: 9856, Avg: 12536.5, Max: 14178, Diff: 4322, Sum: 50146, Workers: 4
[3966.090s][debug][gc,phases      ] GC(97)   ResolvedMethodTable Weak       Min:  0.0, Avg:  0.0, Max:  0.0, Diff:  0.0, Sum:  0.2, Workers: 4
[3966.090s][debug][gc,phases      ] GC(97)     Dead                           Min: 3, Avg:  6.8, Max: 10, Diff: 7, Sum: 27, Workers: 4
[3966.090s][debug][gc,phases      ] GC(97)     Total                          Min: 3190, Avg: 4025.5, Max: 4374, Diff: 1184, Sum: 16102, Workers: 4
[3966.090s][debug][gc,phases      ] GC(97)   JNI Weak                       Min:  0.0, Avg:  0.0, Max:  0.0, Diff:  0.0, Sum:  0.0, Workers: 4
[3966.090s][debug][gc,phases      ] GC(97)     Dead                           Min: 0, Avg:  0.0, Max: 0, Diff: 0, Sum: 0, Workers: 4
[3966.090s][debug][gc,phases      ] GC(97)     Total                          Min: 0, Avg: 13.0, Max: 52, Diff: 52, Sum: 52, Workers: 4
[3966.090s][debug][gc,phases      ] GC(97)   StringDedup Table Weak         Min:  0.0, Avg:  0.0, Max:  0.0, Diff:  0.0, Sum:  0.0, Workers: 4
[3966.090s][debug][gc,phases      ] GC(97)     Dead                           Min: 0, Avg:  0.0, Max: 0, Diff: 0, Sum: 0, Workers: 4
[3966.090s][debug][gc,phases      ] GC(97)     Total                          Min: 0, Avg:  0.0, Max: 0, Diff: 0, Sum: 0, Workers: 4
[3966.090s][debug][gc,phases      ] GC(97)   StringDedup Requests0 Weak     Min:  0.0, Avg:  0.0, Max:  0.0, Diff:  0.0, Sum:  0.0, Workers: 4
[3966.090s][debug][gc,phases      ] GC(97)     Dead                           Min: 0, Avg:  0.0, Max: 0, Diff: 0, Sum: 0, Workers: 4
[3966.090s][debug][gc,phases      ] GC(97)     Total                          Min: 0, Avg:  0.0, Max: 0, Diff: 0, Sum: 0, Workers: 4
[3966.090s][debug][gc,phases      ] GC(97)   StringDedup Requests1 Weak     Min:  0.0, Avg:  0.0, Max:  0.0, Diff:  0.0, Sum:  0.0, Workers: 4
[3966.090s][debug][gc,phases      ] GC(97)     Dead                           Min: 0, Avg:  0.0, Max: 0, Diff: 0, Sum: 0, Workers: 4
[3966.090s][debug][gc,phases      ] GC(97)     Total                          Min: 0, Avg:  0.0, Max: 0, Diff: 0, Sum: 0, Workers: 4
[3966.091s][debug][gc,phases      ] GC(97)   Weak JFR Old Object Samples    Min:  0.0, Avg:  0.0, Max:  0.0, Diff:  0.0, Sum:  0.0, Workers: 4
[3966.091s][debug][gc,phases      ] GC(97)     Dead                           Min: 0, Avg:  0.0, Max: 0, Diff: 0, Sum: 0, Workers: 4
[3966.091s][debug][gc,phases      ] GC(97)     Total                          Min: 0, Avg:  0.0, Max: 0, Diff: 0, Sum: 0, Workers: 4
[3966.091s][debug][gc,phases      ] GC(97) Weak Processing 0.374ms
[3966.091s][debug][gc,age         ] GC(97) Desired survivor size 19922944 bytes, new threshold 1 (max threshold 15)
[3966.091s][info ][gc,heap        ] GC(97) PSYoungGen: 2059168K(2074624K)->4048K(2077696K) Eden: 2053120K(2053120K)->0K(2057216K) From: 6048K(21504K)->4048K(20480K)
[3966.091s][info ][gc,heap        ] GC(97) ParOldGen: 1307958K(1308160K)->1311059K(1311232K)
[3966.091s][info ][gc,metaspace   ] GC(97) Metaspace: 114967K(116480K)->114967K(116480K) NonClass: 97796K(98624K)->97796K(98624K) Class: 17170K(17856K)->17170K(17856K)
[3966.091s][info ][gc             ] GC(97) Pause Young (Allocation Failure) 3288M->1284M(3309M) 7.958ms
[3966.091s][info ][gc,cpu         ] GC(97) User=0.03s Sys=0.00s Real=0.01s
[3966.091s][info ][safepoint      ] Safepoint "ParallelGCFailedAllocation", Time since last: 6023311 ns, Reaching safepoint: 9800 ns, Cleanup: 4100 ns, At safepoint: 8049749 ns, Total: 8063649 ns
[3970.091s][info ][safepoint      ] Safepoint "Cleanup", Time since last: 4000512606 ns, Reaching safepoint: 12700 ns, Cleanup: 15101 ns, At safepoint: 27000 ns, Total: 54801 ns
[3973.092s][info ][safepoint      ] Safepoint "Cleanup", Time since last: 3000403165 ns, Reaching safepoint: 12500 ns, Cleanup: 12301 ns, At safepoint: 3600 ns, Total: 28401 ns
[3978.092s][info ][safepoint      ] Safepoint "Cleanup", Time since last: 5000601843 ns, Reaching safepoint: 13301 ns, Cleanup: 12700 ns, At safepoint: 3300 ns, Total: 29301 ns
[3980.093s][info ][safepoint      ] Safepoint "Cleanup", Time since last: 2000264487 ns, Reaching safepoint: 11800 ns, Cleanup: 13301 ns, At safepoint: 3400 ns, Total: 28501 ns
[3990.094s][info ][safepoint      ] Safepoint "Cleanup", Time since last: 10000944923 ns, Reaching safepoint: 32301 ns, Cleanup: 19500 ns, At safepoint: 4100 ns, Total: 55901 ns
[3991.094s][info ][safepoint      ] Safepoint "Cleanup", Time since last: 1000133607 ns, Reaching safepoint: 13900 ns, Cleanup: 14301 ns, At safepoint: 3300 ns, Total: 31501 ns
[3999.095s][info ][safepoint      ] Safepoint "Cleanup", Time since last: 8001058921 ns, Reaching safepoint: 11100 ns, Cleanup: 19201 ns, At safepoint: 3300 ns, Total: 33601 ns
[4000.095s][info ][safepoint      ] Safepoint "Cleanup", Time since last: 1000112650 ns, Reaching safepoint: 12001 ns, Cleanup: 13600 ns, At safepoint: 3000 ns, Total: 28601 ns
[4001.095s][info ][safepoint      ] Safepoint "Cleanup", Time since last: 1000120534 ns, Reaching safepoint: 12101 ns, Cleanup: 14500 ns, At safepoint: 3900 ns, Total: 30501 ns
[4012.096s][info ][safepoint      ] Safepoint "Cleanup", Time since last: 11000993750 ns, Reaching safepoint: 11500 ns, Cleanup: 14201 ns, At safepoint: 3500 ns, Total: 29201 ns
[4023.101s][info ][safepoint      ] Safepoint "Cleanup", Time since last: 11004581297 ns, Reaching safepoint: 11900 ns, Cleanup: 12500 ns, At safepoint: 3301 ns, Total: 27701 ns
[4033.102s][info ][safepoint      ] Safepoint "Cleanup", Time since last: 10000864263 ns, Reaching safepoint: 13501 ns, Cleanup: 14800 ns, At safepoint: 3600 ns, Total: 31901 ns
[4049.103s][info ][safepoint      ] Safepoint "Cleanup", Time since last: 16001640017 ns, Reaching safepoint: 14700 ns, Cleanup: 11601 ns, At safepoint: 3500 ns, Total: 29801 ns
[4053.108s][info ][gc,start       ] GC(98) Pause Young (Allocation Failure)
[4053.114s][debug][gc,phases      ] GC(98) Scavenge 5.278ms
[4053.114s][debug][gc,ref         ] GC(98) ReferenceProcessor::execute queues: 1, RefProcThreadModel::Single, marks_oops_alive: false
[4053.114s][debug][gc,ref         ] GC(98) Skipped KeepAliveFinalRefsPhase of Reference Processing: no references
[4053.114s][debug][gc,ref         ] GC(98) ReferenceProcessor::execute queues: 1, RefProcThreadModel::Single, marks_oops_alive: false
[4053.114s][debug][gc,phases      ] GC(98) Reference Processing 0.097ms
[4053.114s][debug][gc,phases      ] GC(98)   VM Weak                        Min:  0.0, Avg:  0.0, Max:  0.0, Diff:  0.0, Sum:  0.0, Workers: 4
[4053.114s][debug][gc,phases      ] GC(98)     Dead                           Min: 0, Avg:  0.0, Max: 0, Diff: 0, Sum: 0, Workers: 4
[4053.114s][debug][gc,phases      ] GC(98)     Total                          Min: 0, Avg: 276.8, Max: 704, Diff: 704, Sum: 1107, Workers: 4
[4053.114s][debug][gc,phases      ] GC(98)   ObjectSynchronizer Weak        Min:  0.0, Avg:  0.0, Max:  0.0, Diff:  0.0, Sum:  0.0, Workers: 4
[4053.114s][debug][gc,phases      ] GC(98)     Dead                           Min: 0, Avg:  0.0, Max: 0, Diff: 0, Sum: 0, Workers: 4
[4053.114s][debug][gc,phases      ] GC(98)     Total                          Min: 0, Avg:  0.8, Max: 3, Diff: 3, Sum: 3, Workers: 4
[4053.114s][debug][gc,phases      ] GC(98)   JVMTI Tag Weak OopStorage      Min:  0.0, Avg:  0.0, Max:  0.0, Diff:  0.0, Sum:  0.0, Workers: 4
[4053.114s][debug][gc,phases      ] GC(98)     Dead                           Min: 0, Avg:  0.0, Max: 0, Diff: 0, Sum: 0, Workers: 4
[4053.114s][debug][gc,phases      ] GC(98)     Total                          Min: 0, Avg:  0.0, Max: 0, Diff: 0, Sum: 0, Workers: 4
[4053.114s][debug][gc,phases      ] GC(98)   StringTable Weak               Min:  0.1, Avg:  0.1, Max:  0.1, Diff:  0.0, Sum:  0.5, Workers: 4
[4053.114s][debug][gc,phases      ] GC(98)     Dead                           Min: 0, Avg:  0.0, Max: 0, Diff: 0, Sum: 0, Workers: 4
[4053.114s][debug][gc,phases      ] GC(98)     Total                          Min: 11712, Avg: 12540.0, Max: 14272, Diff: 2560, Sum: 50160, Workers: 4
[4053.114s][debug][gc,phases      ] GC(98)   ResolvedMethodTable Weak       Min:  0.0, Avg:  0.0, Max:  0.0, Diff:  0.0, Sum:  0.2, Workers: 4
[4053.114s][debug][gc,phases      ] GC(98)     Dead                           Min: 3, Avg:  6.8, Max: 9, Diff: 6, Sum: 27, Workers: 4
[4053.114s][debug][gc,phases      ] GC(98)     Total                          Min: 3616, Avg: 4025.8, Max: 4698, Diff: 1082, Sum: 16103, Workers: 4
[4053.114s][debug][gc,phases      ] GC(98)   JNI Weak                       Min:  0.0, Avg:  0.0, Max:  0.0, Diff:  0.0, Sum:  0.0, Workers: 4
[4053.114s][debug][gc,phases      ] GC(98)     Dead                           Min: 0, Avg:  0.0, Max: 0, Diff: 0, Sum: 0, Workers: 4
[4053.114s][debug][gc,phases      ] GC(98)     Total                          Min: 0, Avg: 13.0, Max: 52, Diff: 52, Sum: 52, Workers: 4
[4053.114s][debug][gc,phases      ] GC(98)   StringDedup Table Weak         Min:  0.0, Avg:  0.0, Max:  0.0, Diff:  0.0, Sum:  0.0, Workers: 4
[4053.114s][debug][gc,phases      ] GC(98)     Dead                           Min: 0, Avg:  0.0, Max: 0, Diff: 0, Sum: 0, Workers: 4
[4053.114s][debug][gc,phases      ] GC(98)     Total                          Min: 0, Avg:  0.0, Max: 0, Diff: 0, Sum: 0, Workers: 4
[4053.114s][debug][gc,phases      ] GC(98)   StringDedup Requests0 Weak     Min:  0.0, Avg:  0.0, Max:  0.0, Diff:  0.0, Sum:  0.0, Workers: 4
[4053.114s][debug][gc,phases      ] GC(98)     Dead                           Min: 0, Avg:  0.0, Max: 0, Diff: 0, Sum: 0, Workers: 4
[4053.114s][debug][gc,phases      ] GC(98)     Total                          Min: 0, Avg:  0.0, Max: 0, Diff: 0, Sum: 0, Workers: 4
[4053.114s][debug][gc,phases      ] GC(98)   StringDedup Requests1 Weak     Min:  0.0, Avg:  0.0, Max:  0.0, Diff:  0.0, Sum:  0.0, Workers: 4
[4053.114s][debug][gc,phases      ] GC(98)     Dead                           Min: 0, Avg:  0.0, Max: 0, Diff: 0, Sum: 0, Workers: 4
[4053.114s][debug][gc,phases      ] GC(98)     Total                          Min: 0, Avg:  0.0, Max: 0, Diff: 0, Sum: 0, Workers: 4
[4053.114s][debug][gc,phases      ] GC(98)   Weak JFR Old Object Samples    Min:  0.0, Avg:  0.0, Max:  0.0, Diff:  0.0, Sum:  0.0, Workers: 4
[4053.114s][debug][gc,phases      ] GC(98)     Dead                           Min: 0, Avg:  0.0, Max: 0, Diff: 0, Sum: 0, Workers: 4
[4053.114s][debug][gc,phases      ] GC(98)     Total                          Min: 0, Avg:  0.0, Max: 0, Diff: 0, Sum: 0, Workers: 4
[4053.114s][debug][gc,phases      ] GC(98) Weak Processing 0.381ms
[4053.114s][debug][gc,age         ] GC(98) Desired survivor size 19398656 bytes, new threshold 1 (max threshold 15)
[4053.114s][info ][gc,heap        ] GC(98) PSYoungGen: 2061264K(2077696K)->2864K(2076672K) Eden: 2057216K(2057216K)->0K(2057216K) From: 4048K(20480K)->2864K(19456K)
[4053.114s][info ][gc,heap        ] GC(98) ParOldGen: 1311059K(1311232K)->1312527K(1312768K)
[4053.114s][info ][gc,metaspace   ] GC(98) Metaspace: 115006K(116480K)->115006K(116480K) NonClass: 97835K(98624K)->97835K(98624K) Class: 17171K(17856K)->17171K(17856K)
[4053.114s][info ][gc             ] GC(98) Pause Young (Allocation Failure) 3293M->1284M(3310M) 5.925ms
[4053.114s][info ][gc,cpu         ] GC(98) User=0.02s Sys=0.00s Real=0.01s
[4053.114s][info ][safepoint      ] Safepoint "ParallelGCFailedAllocation", Time since last: 4004984609 ns, Reaching safepoint: 13701 ns, Cleanup: 5000 ns, At safepoint: 6007310 ns, Total: 6026011 ns
[4063.115s][info ][safepoint      ] Safepoint "Cleanup", Time since last: 10000930418 ns, Reaching safepoint: 15101 ns, Cleanup: 12300 ns, At safepoint: 3100 ns, Total: 30501 ns
[4068.116s][info ][safepoint      ] Safepoint "Cleanup", Time since last: 5000772559 ns, Reaching safepoint: 12800 ns, Cleanup: 12800 ns, At safepoint: 3600 ns, Total: 29200 ns
[4073.117s][info ][safepoint      ] Safepoint "Cleanup", Time since last: 5000726668 ns, Reaching safepoint: 10900 ns, Cleanup: 10400 ns, At safepoint: 2900 ns, Total: 24200 ns
[4108.120s][info ][safepoint      ] Safepoint "Cleanup", Time since last: 35003568795 ns, Reaching safepoint: 14000 ns, Cleanup: 13100 ns, At safepoint: 3600 ns, Total: 30700 ns
[4129.123s][info ][safepoint      ] Safepoint "Cleanup", Time since last: 21002199356 ns, Reaching safepoint: 80401 ns, Cleanup: 14400 ns, At safepoint: 23001 ns, Total: 117802 ns
[4138.428s][info ][gc,start       ] GC(99) Pause Young (Allocation Failure)
[4138.432s][debug][gc,phases      ] GC(99) Scavenge 4.714ms
[4138.432s][debug][gc,ref         ] GC(99) ReferenceProcessor::execute queues: 1, RefProcThreadModel::Single, marks_oops_alive: false
[4138.432s][debug][gc,ref         ] GC(99) Skipped KeepAliveFinalRefsPhase of Reference Processing: no references
[4138.432s][debug][gc,ref         ] GC(99) Skipped PhantomRefsPhase of Reference Processing: no references
[4138.432s][debug][gc,phases      ] GC(99) Reference Processing 0.108ms
[4138.433s][debug][gc,phases      ] GC(99)   VM Weak                        Min:  0.0, Avg:  0.0, Max:  0.0, Diff:  0.0, Sum:  0.0, Workers: 4
[4138.433s][debug][gc,phases      ] GC(99)     Dead                           Min: 0, Avg:  0.0, Max: 0, Diff: 0, Sum: 0, Workers: 4
[4138.433s][debug][gc,phases      ] GC(99)     Total                          Min: 0, Avg: 276.8, Max: 384, Diff: 384, Sum: 1107, Workers: 4
[4138.433s][debug][gc,phases      ] GC(99)   ObjectSynchronizer Weak        Min:  0.0, Avg:  0.0, Max:  0.0, Diff:  0.0, Sum:  0.0, Workers: 4
[4138.433s][debug][gc,phases      ] GC(99)     Dead                           Min: 0, Avg:  0.0, Max: 0, Diff: 0, Sum: 0, Workers: 4
[4138.433s][debug][gc,phases      ] GC(99)     Total                          Min: 0, Avg:  1.0, Max: 4, Diff: 4, Sum: 4, Workers: 4
[4138.433s][debug][gc,phases      ] GC(99)   JVMTI Tag Weak OopStorage      Min:  0.0, Avg:  0.0, Max:  0.0, Diff:  0.0, Sum:  0.0, Workers: 4
[4138.433s][debug][gc,phases      ] GC(99)     Dead                           Min: 0, Avg:  0.0, Max: 0, Diff: 0, Sum: 0, Workers: 4
[4138.433s][debug][gc,phases      ] GC(99)     Total                          Min: 0, Avg:  0.0, Max: 0, Diff: 0, Sum: 0, Workers: 4
[4138.433s][debug][gc,phases      ] GC(99)   StringTable Weak               Min:  0.1, Avg:  0.1, Max:  0.1, Diff:  0.0, Sum:  0.4, Workers: 4
[4138.433s][debug][gc,phases      ] GC(99)     Dead                           Min: 0, Avg:  0.0, Max: 0, Diff: 0, Sum: 0, Workers: 4
[4138.433s][debug][gc,phases      ] GC(99)     Total                          Min: 11264, Avg: 12547.8, Max: 14848, Diff: 3584, Sum: 50191, Workers: 4
[4138.433s][debug][gc,phases      ] GC(99)   ResolvedMethodTable Weak       Min:  0.0, Avg:  0.0, Max:  0.0, Diff:  0.0, Sum:  0.2, Workers: 4
[4138.433s][debug][gc,phases      ] GC(99)     Dead                           Min: 0, Avg:  6.8, Max: 16, Diff: 16, Sum: 27, Workers: 4
[4138.433s][debug][gc,phases      ] GC(99)     Total                          Min: 3581, Avg: 4025.8, Max: 4529, Diff: 948, Sum: 16103, Workers: 4
[4138.433s][debug][gc,phases      ] GC(99)   JNI Weak                       Min:  0.0, Avg:  0.0, Max:  0.0, Diff:  0.0, Sum:  0.0, Workers: 4
[4138.433s][debug][gc,phases      ] GC(99)     Dead                           Min: 0, Avg:  0.0, Max: 0, Diff: 0, Sum: 0, Workers: 4
[4138.433s][debug][gc,phases      ] GC(99)     Total                          Min: 0, Avg: 13.0, Max: 52, Diff: 52, Sum: 52, Workers: 4
[4138.433s][debug][gc,phases      ] GC(99)   StringDedup Table Weak         Min:  0.0, Avg:  0.0, Max:  0.0, Diff:  0.0, Sum:  0.0, Workers: 4
[4138.433s][debug][gc,phases      ] GC(99)     Dead                           Min: 0, Avg:  0.0, Max: 0, Diff: 0, Sum: 0, Workers: 4
[4138.433s][debug][gc,phases      ] GC(99)     Total                          Min: 0, Avg:  0.0, Max: 0, Diff: 0, Sum: 0, Workers: 4
[4138.433s][debug][gc,phases      ] GC(99)   StringDedup Requests0 Weak     Min:  0.0, Avg:  0.0, Max:  0.0, Diff:  0.0, Sum:  0.0, Workers: 4
[4138.433s][debug][gc,phases      ] GC(99)     Dead                           Min: 0, Avg:  0.0, Max: 0, Diff: 0, Sum: 0, Workers: 4
[4138.433s][debug][gc,phases      ] GC(99)     Total                          Min: 0, Avg:  0.0, Max: 0, Diff: 0, Sum: 0, Workers: 4
[4138.433s][debug][gc,phases      ] GC(99)   StringDedup Requests1 Weak     Min:  0.0, Avg:  0.0, Max:  0.0, Diff:  0.0, Sum:  0.0, Workers: 4
[4138.433s][debug][gc,phases      ] GC(99)     Dead                           Min: 0, Avg:  0.0, Max: 0, Diff: 0, Sum: 0, Workers: 4
[4138.433s][debug][gc,phases      ] GC(99)     Total                          Min: 0, Avg:  0.0, Max: 0, Diff: 0, Sum: 0, Workers: 4
[4138.433s][debug][gc,phases      ] GC(99)   Weak JFR Old Object Samples    Min:  0.0, Avg:  0.0, Max:  0.0, Diff:  0.0, Sum:  0.0, Workers: 4
[4138.433s][debug][gc,phases      ] GC(99)     Dead                           Min: 0, Avg:  0.0, Max: 0, Diff: 0, Sum: 0, Workers: 4
[4138.433s][debug][gc,phases      ] GC(99)     Total                          Min: 0, Avg:  0.0, Max: 0, Diff: 0, Sum: 0, Workers: 4
[4138.433s][debug][gc,phases      ] GC(99) Weak Processing 0.364ms
[4138.433s][debug][gc,age         ] GC(99) Desired survivor size 18874368 bytes, new threshold 1 (max threshold 15)
[4138.433s][info ][gc,heap        ] GC(99) PSYoungGen: 2060080K(2076672K)->3376K(2078720K) Eden: 2057216K(2057216K)->0K(2059776K) From: 2864K(19456K)->3376K(18944K)
[4138.433s][info ][gc,heap        ] GC(99) ParOldGen: 1312527K(1312768K)->1312787K(1313280K)
[4138.433s][info ][gc,metaspace   ] GC(99) Metaspace: 115102K(116608K)->115102K(116608K) NonClass: 97931K(98752K)->97931K(98752K) Class: 17171K(17856K)->17171K(17856K)
[4138.433s][info ][gc             ] GC(99) Pause Young (Allocation Failure) 3293M->1285M(3312M) 5.307ms
[4138.433s][info ][gc,cpu         ] GC(99) User=0.02s Sys=0.00s Real=0.01s
[4138.433s][info ][safepoint      ] Safepoint "ParallelGCFailedAllocation", Time since last: 9304693712 ns, Reaching safepoint: 86301 ns, Cleanup: 6800 ns, At safepoint: 5392300 ns, Total: 5485401 ns
[4175.159s][info ][safepoint      ] Safepoint "Cleanup", Time since last: 36726058282 ns, Reaching safepoint: 12400 ns, Cleanup: 12000 ns, At safepoint: 2700 ns, Total: 27100 ns
[4179.160s][info ][safepoint      ] Safepoint "Cleanup", Time since last: 4000597681 ns, Reaching safepoint: 12201 ns, Cleanup: 14900 ns, At safepoint: 3300 ns, Total: 30401 ns
[4199.162s][info ][safepoint      ] Safepoint "Cleanup", Time since last: 20002671216 ns, Reaching safepoint: 11700 ns, Cleanup: 12700 ns, At safepoint: 3400 ns, Total: 27800 ns
[4210.992s][info ][gc,start       ] GC(100) Pause Young (Allocation Failure)
[4210.998s][debug][gc,phases      ] GC(100) Scavenge 5.446ms
[4210.998s][debug][gc,ref         ] GC(100) ReferenceProcessor::execute queues: 1, RefProcThreadModel::Single, marks_oops_alive: false
[4210.998s][debug][gc,ref         ] GC(100) Skipped KeepAliveFinalRefsPhase of Reference Processing: no references
[4210.998s][debug][gc,ref         ] GC(100) ReferenceProcessor::execute queues: 1, RefProcThreadModel::Single, marks_oops_alive: false
[4210.998s][debug][gc,phases      ] GC(100) Reference Processing 0.028ms
[4210.998s][debug][gc,phases      ] GC(100)   VM Weak                        Min:  0.0, Avg:  0.0, Max:  0.0, Diff:  0.0, Sum:  0.0, Workers: 4
[4210.998s][debug][gc,phases      ] GC(100)     Dead                           Min: 0, Avg:  0.0, Max: 0, Diff: 0, Sum: 0, Workers: 4
[4210.998s][debug][gc,phases      ] GC(100)     Total                          Min: 0, Avg: 276.8, Max: 1088, Diff: 1088, Sum: 1107, Workers: 4
[4210.998s][debug][gc,phases      ] GC(100)   ObjectSynchronizer Weak        Min:  0.0, Avg:  0.0, Max:  0.0, Diff:  0.0, Sum:  0.0, Workers: 4
[4210.998s][debug][gc,phases      ] GC(100)     Dead                           Min: 0, Avg:  0.0, Max: 0, Diff: 0, Sum: 0, Workers: 4
[4210.998s][debug][gc,phases      ] GC(100)     Total                          Min: 0, Avg:  1.0, Max: 4, Diff: 4, Sum: 4, Workers: 4
[4210.998s][debug][gc,phases      ] GC(100)   JVMTI Tag Weak OopStorage      Min:  0.0, Avg:  0.0, Max:  0.0, Diff:  0.0, Sum:  0.0, Workers: 4
[4210.998s][debug][gc,phases      ] GC(100)     Dead                           Min: 0, Avg:  0.0, Max: 0, Diff: 0, Sum: 0, Workers: 4
[4210.998s][debug][gc,phases      ] GC(100)     Total                          Min: 0, Avg:  0.0, Max: 0, Diff: 0, Sum: 0, Workers: 4
[4210.998s][debug][gc,phases      ] GC(100)   StringTable Weak               Min:  0.1, Avg:  0.1, Max:  0.1, Diff:  0.0, Sum:  0.5, Workers: 4
[4210.998s][debug][gc,phases      ] GC(100)     Dead                           Min: 0, Avg:  0.0, Max: 0, Diff: 0, Sum: 0, Workers: 4
[4210.998s][debug][gc,phases      ] GC(100)     Total                          Min: 11648, Avg: 12547.8, Max: 14016, Diff: 2368, Sum: 50191, Workers: 4
[4210.998s][debug][gc,phases      ] GC(100)   ResolvedMethodTable Weak       Min:  0.0, Avg:  0.0, Max:  0.0, Diff:  0.0, Sum:  0.2, Workers: 4
[4210.998s][debug][gc,phases      ] GC(100)     Dead                           Min: 0, Avg:  4.0, Max: 14, Diff: 14, Sum: 16, Workers: 4
[4210.998s][debug][gc,phases      ] GC(100)     Total                          Min: 3757, Avg: 4025.8, Max: 4513, Diff: 756, Sum: 16103, Workers: 4
[4210.998s][debug][gc,phases      ] GC(100)   JNI Weak                       Min:  0.0, Avg:  0.0, Max:  0.0, Diff:  0.0, Sum:  0.0, Workers: 4
[4210.998s][debug][gc,phases      ] GC(100)     Dead                           Min: 0, Avg:  0.0, Max: 0, Diff: 0, Sum: 0, Workers: 4
[4210.998s][debug][gc,phases      ] GC(100)     Total                          Min: 0, Avg: 13.2, Max: 53, Diff: 53, Sum: 53, Workers: 4
[4210.998s][debug][gc,phases      ] GC(100)   StringDedup Table Weak         Min:  0.0, Avg:  0.0, Max:  0.0, Diff:  0.0, Sum:  0.0, Workers: 4
[4210.998s][debug][gc,phases      ] GC(100)     Dead                           Min: 0, Avg:  0.0, Max: 0, Diff: 0, Sum: 0, Workers: 4
[4210.998s][debug][gc,phases      ] GC(100)     Total                          Min: 0, Avg:  0.0, Max: 0, Diff: 0, Sum: 0, Workers: 4
[4210.998s][debug][gc,phases      ] GC(100)   StringDedup Requests0 Weak     Min:  0.0, Avg:  0.0, Max:  0.0, Diff:  0.0, Sum:  0.0, Workers: 4
[4210.998s][debug][gc,phases      ] GC(100)     Dead                           Min: 0, Avg:  0.0, Max: 0, Diff: 0, Sum: 0, Workers: 4
[4210.998s][debug][gc,phases      ] GC(100)     Total                          Min: 0, Avg:  0.0, Max: 0, Diff: 0, Sum: 0, Workers: 4
[4210.998s][debug][gc,phases      ] GC(100)   StringDedup Requests1 Weak     Min:  0.0, Avg:  0.0, Max:  0.0, Diff:  0.0, Sum:  0.0, Workers: 4
[4210.998s][debug][gc,phases      ] GC(100)     Dead                           Min: 0, Avg:  0.0, Max: 0, Diff: 0, Sum: 0, Workers: 4
[4210.998s][debug][gc,phases      ] GC(100)     Total                          Min: 0, Avg:  0.0, Max: 0, Diff: 0, Sum: 0, Workers: 4
[4210.998s][debug][gc,phases      ] GC(100)   Weak JFR Old Object Samples    Min:  0.0, Avg:  0.0, Max:  0.0, Diff:  0.0, Sum:  0.0, Workers: 4
[4210.998s][debug][gc,phases      ] GC(100)     Dead                           Min: 0, Avg:  0.0, Max: 0, Diff: 0, Sum: 0, Workers: 4
[4210.998s][debug][gc,phases      ] GC(100)     Total                          Min: 0, Avg:  0.0, Max: 0, Diff: 0, Sum: 0, Workers: 4
[4210.998s][debug][gc,phases      ] GC(100) Weak Processing 0.370ms
[4210.998s][debug][gc,age         ] GC(100) Desired survivor size 17825792 bytes, new threshold 1 (max threshold 15)
[4210.998s][info ][gc,heap        ] GC(100) PSYoungGen: 2063152K(2078720K)->3360K(2078208K) Eden: 2059776K(2059776K)->0K(2059776K) From: 3376K(18944K)->3360K(18432K)
[4210.998s][info ][gc,heap        ] GC(100) ParOldGen: 1312787K(1313280K)->1313487K(1313792K)
[4210.998s][info ][gc,metaspace   ] GC(100) Metaspace: 115118K(116608K)->115118K(116608K) NonClass: 97947K(98752K)->97947K(98752K) Class: 17171K(17856K)->17171K(17856K)
[4210.998s][info ][gc             ] GC(100) Pause Young (Allocation Failure) 3296M->1285M(3312M) 5.984ms
[4210.998s][info ][gc,cpu         ] GC(100) User=0.02s Sys=0.00s Real=0.00s
[4210.998s][info ][safepoint      ] Safepoint "ParallelGCFailedAllocation", Time since last: 11829624156 ns, Reaching safepoint: 13800 ns, Cleanup: 12501 ns, At safepoint: 6086112 ns, Total: 6112413 ns
[4211.998s][info ][safepoint      ] Safepoint "Cleanup", Time since last: 1000112590 ns, Reaching safepoint: 12500 ns, Cleanup: 15201 ns, At safepoint: 3400 ns, Total: 31101 ns
[4216.999s][info ][safepoint      ] Safepoint "Cleanup", Time since last: 5000616281 ns, Reaching safepoint: 13100 ns, Cleanup: 12301 ns, At safepoint: 25200 ns, Total: 50601 ns
[4217.999s][info ][safepoint      ] Safepoint "Cleanup", Time since last: 1000102305 ns, Reaching safepoint: 81702 ns, Cleanup: 10700 ns, At safepoint: 5700 ns, Total: 98102 ns
[4258.004s][info ][safepoint      ] Safepoint "Cleanup", Time since last: 40005324681 ns, Reaching safepoint: 13600 ns, Cleanup: 13800 ns, At safepoint: 3800 ns, Total: 31200 ns
[4271.534s][info ][gc,start       ] GC(101) Pause Young (Allocation Failure)
[4271.544s][debug][gc,phases      ] GC(101) Scavenge 9.669ms
[4271.544s][debug][gc,ref         ] GC(101) ReferenceProcessor::execute queues: 1, RefProcThreadModel::Single, marks_oops_alive: false
[4271.544s][debug][gc,ref         ] GC(101) Skipped KeepAliveFinalRefsPhase of Reference Processing: no references
[4271.544s][debug][gc,ref         ] GC(101) ReferenceProcessor::execute queues: 1, RefProcThreadModel::Single, marks_oops_alive: false
[4271.544s][debug][gc,phases      ] GC(101) Reference Processing 0.140ms
[4271.545s][debug][gc,phases      ] GC(101)   VM Weak                        Min:  0.0, Avg:  0.0, Max:  0.0, Diff:  0.0, Sum:  0.0, Workers: 4
[4271.545s][debug][gc,phases      ] GC(101)     Dead                           Min: 0, Avg:  0.0, Max: 0, Diff: 0, Sum: 0, Workers: 4
[4271.545s][debug][gc,phases      ] GC(101)     Total                          Min: 0, Avg: 276.8, Max: 979, Diff: 979, Sum: 1107, Workers: 4
[4271.545s][debug][gc,phases      ] GC(101)   ObjectSynchronizer Weak        Min:  0.0, Avg:  0.0, Max:  0.0, Diff:  0.0, Sum:  0.0, Workers: 4
[4271.545s][debug][gc,phases      ] GC(101)     Dead                           Min: 0, Avg:  0.0, Max: 0, Diff: 0, Sum: 0, Workers: 4
[4271.545s][debug][gc,phases      ] GC(101)     Total                          Min: 0, Avg:  0.8, Max: 3, Diff: 3, Sum: 3, Workers: 4
[4271.545s][debug][gc,phases      ] GC(101)   JVMTI Tag Weak OopStorage      Min:  0.0, Avg:  0.0, Max:  0.0, Diff:  0.0, Sum:  0.0, Workers: 4
[4271.545s][debug][gc,phases      ] GC(101)     Dead                           Min: 0, Avg:  0.0, Max: 0, Diff: 0, Sum: 0, Workers: 4
[4271.545s][debug][gc,phases      ] GC(101)     Total                          Min: 0, Avg:  0.0, Max: 0, Diff: 0, Sum: 0, Workers: 4
[4271.545s][debug][gc,phases      ] GC(101)   StringTable Weak               Min:  0.1, Avg:  0.1, Max:  0.1, Diff:  0.0, Sum:  0.5, Workers: 4
[4271.545s][debug][gc,phases      ] GC(101)     Dead                           Min: 0, Avg:  0.0, Max: 0, Diff: 0, Sum: 0, Workers: 4
[4271.545s][debug][gc,phases      ] GC(101)     Total                          Min: 11328, Avg: 12548.2, Max: 14464, Diff: 3136, Sum: 50193, Workers: 4
[4271.545s][debug][gc,phases      ] GC(101)   ResolvedMethodTable Weak       Min:  0.0, Avg:  0.0, Max:  0.0, Diff:  0.0, Sum:  0.2, Workers: 4
[4271.545s][debug][gc,phases      ] GC(101)     Dead                           Min: 0, Avg:  4.0, Max: 16, Diff: 16, Sum: 16, Workers: 4
[4271.545s][debug][gc,phases      ] GC(101)     Total                          Min: 3633, Avg: 4025.8, Max: 4477, Diff: 844, Sum: 16103, Workers: 4
[4271.545s][debug][gc,phases      ] GC(101)   JNI Weak                       Min:  0.0, Avg:  0.0, Max:  0.0, Diff:  0.0, Sum:  0.0, Workers: 4
[4271.545s][debug][gc,phases      ] GC(101)     Dead                           Min: 0, Avg:  0.0, Max: 0, Diff: 0, Sum: 0, Workers: 4
[4271.545s][debug][gc,phases      ] GC(101)     Total                          Min: 0, Avg: 13.0, Max: 52, Diff: 52, Sum: 52, Workers: 4
[4271.545s][debug][gc,phases      ] GC(101)   StringDedup Table Weak         Min:  0.0, Avg:  0.0, Max:  0.0, Diff:  0.0, Sum:  0.0, Workers: 4
[4271.545s][debug][gc,phases      ] GC(101)     Dead                           Min: 0, Avg:  0.0, Max: 0, Diff: 0, Sum: 0, Workers: 4
[4271.545s][debug][gc,phases      ] GC(101)     Total                          Min: 0, Avg:  0.0, Max: 0, Diff: 0, Sum: 0, Workers: 4
[4271.545s][debug][gc,phases      ] GC(101)   StringDedup Requests0 Weak     Min:  0.0, Avg:  0.0, Max:  0.0, Diff:  0.0, Sum:  0.0, Workers: 4
[4271.545s][debug][gc,phases      ] GC(101)     Dead                           Min: 0, Avg:  0.0, Max: 0, Diff: 0, Sum: 0, Workers: 4
[4271.545s][debug][gc,phases      ] GC(101)     Total                          Min: 0, Avg:  0.0, Max: 0, Diff: 0, Sum: 0, Workers: 4
[4271.545s][debug][gc,phases      ] GC(101)   StringDedup Requests1 Weak     Min:  0.0, Avg:  0.0, Max:  0.0, Diff:  0.0, Sum:  0.0, Workers: 4
[4271.545s][debug][gc,phases      ] GC(101)     Dead                           Min: 0, Avg:  0.0, Max: 0, Diff: 0, Sum: 0, Workers: 4
[4271.545s][debug][gc,phases      ] GC(101)     Total                          Min: 0, Avg:  0.0, Max: 0, Diff: 0, Sum: 0, Workers: 4
[4271.545s][debug][gc,phases      ] GC(101)   Weak JFR Old Object Samples    Min:  0.0, Avg:  0.0, Max:  0.0, Diff:  0.0, Sum:  0.0, Workers: 4
[4271.545s][debug][gc,phases      ] GC(101)     Dead                           Min: 0, Avg:  0.0, Max: 0, Diff: 0, Sum: 0, Workers: 4
[4271.545s][debug][gc,phases      ] GC(101)     Total                          Min: 0, Avg:  0.0, Max: 0, Diff: 0, Sum: 0, Workers: 4
[4271.545s][debug][gc,phases      ] GC(101) Weak Processing 0.468ms
[4271.545s][debug][gc,age         ] GC(101) Desired survivor size 19922944 bytes, new threshold 1 (max threshold 15)
[4271.545s][info ][gc,heap        ] GC(101) PSYoungGen: 2063136K(2078208K)->13472K(2075648K) Eden: 2059776K(2059776K)->0K(2058240K) From: 3360K(18432K)->13472K(17408K)
[4271.545s][info ][gc,heap        ] GC(101) ParOldGen: 1313487K(1313792K)->1314055K(1314304K)
[4271.545s][info ][gc,metaspace   ] GC(101) Metaspace: 115129K(116608K)->115129K(116608K) NonClass: 97958K(98752K)->97958K(98752K) Class: 17171K(17856K)->17171K(17856K)
[4271.545s][info ][gc             ] GC(101) Pause Young (Allocation Failure) 3297M->1296M(3310M) 10.473ms
[4271.545s][info ][gc,cpu         ] GC(101) User=0.04s Sys=0.00s Real=0.01s
[4271.545s][info ][safepoint      ] Safepoint "ParallelGCFailedAllocation", Time since last: 13529968740 ns, Reaching safepoint: 12700 ns, Cleanup: 6500 ns, At safepoint: 10581595 ns, Total: 10600795 ns
[4280.549s][info ][safepoint      ] Safepoint "Cleanup", Time since last: 9003587931 ns, Reaching safepoint: 11800 ns, Cleanup: 15100 ns, At safepoint: 3000 ns, Total: 29900 ns
[4281.549s][info ][safepoint      ] Safepoint "Cleanup", Time since last: 1000174614 ns, Reaching safepoint: 18500 ns, Cleanup: 29201 ns, At safepoint: 7000 ns, Total: 54701 ns
[4285.550s][info ][safepoint      ] Safepoint "Cleanup", Time since last: 4000620120 ns, Reaching safepoint: 12000 ns, Cleanup: 29900 ns, At safepoint: 4201 ns, Total: 46101 ns
[4298.551s][info ][safepoint      ] Safepoint "Cleanup", Time since last: 13001186861 ns, Reaching safepoint: 12300 ns, Cleanup: 12900 ns, At safepoint: 2800 ns, Total: 28000 ns
[4307.552s][info ][safepoint      ] Safepoint "Cleanup", Time since last: 9000841149 ns, Reaching safepoint: 12700 ns, Cleanup: 12200 ns, At safepoint: 2901 ns, Total: 27801 ns
[4314.078s][info ][gc,start       ] GC(102) Pause Young (Allocation Failure)
[4314.091s][debug][gc,phases      ] GC(102) Scavenge 12.700ms
[4314.091s][debug][gc,ref         ] GC(102) ReferenceProcessor::execute queues: 1, RefProcThreadModel::Single, marks_oops_alive: false
[4314.091s][debug][gc,ref         ] GC(102) Skipped KeepAliveFinalRefsPhase of Reference Processing: no references
[4314.091s][debug][gc,ref         ] GC(102) ReferenceProcessor::execute queues: 1, RefProcThreadModel::Single, marks_oops_alive: false
[4314.091s][debug][gc,phases      ] GC(102) Reference Processing 0.113ms
[4314.091s][debug][gc,phases      ] GC(102)   VM Weak                        Min:  0.0, Avg:  0.0, Max:  0.0, Diff:  0.0, Sum:  0.0, Workers: 4
[4314.091s][debug][gc,phases      ] GC(102)     Dead                           Min: 0, Avg:  0.0, Max: 0, Diff: 0, Sum: 0, Workers: 4
[4314.091s][debug][gc,phases      ] GC(102)     Total                          Min: 0, Avg: 276.8, Max: 832, Diff: 832, Sum: 1107, Workers: 4
[4314.091s][debug][gc,phases      ] GC(102)   ObjectSynchronizer Weak        Min:  0.0, Avg:  0.0, Max:  0.0, Diff:  0.0, Sum:  0.0, Workers: 4
[4314.091s][debug][gc,phases      ] GC(102)     Dead                           Min: 0, Avg:  0.0, Max: 0, Diff: 0, Sum: 0, Workers: 4
[4314.091s][debug][gc,phases      ] GC(102)     Total                          Min: 0, Avg:  1.5, Max: 6, Diff: 6, Sum: 6, Workers: 4
[4314.091s][debug][gc,phases      ] GC(102)   JVMTI Tag Weak OopStorage      Min:  0.0, Avg:  0.0, Max:  0.0, Diff:  0.0, Sum:  0.0, Workers: 4
[4314.091s][debug][gc,phases      ] GC(102)     Dead                           Min: 0, Avg:  0.0, Max: 0, Diff: 0, Sum: 0, Workers: 4
[4314.091s][debug][gc,phases      ] GC(102)     Total                          Min: 0, Avg:  0.0, Max: 0, Diff: 0, Sum: 0, Workers: 4
[4314.091s][debug][gc,phases      ] GC(102)   StringTable Weak               Min:  0.1, Avg:  0.1, Max:  0.1, Diff:  0.0, Sum:  0.5, Workers: 4
[4314.091s][debug][gc,phases      ] GC(102)     Dead                           Min: 0, Avg:  0.2, Max: 1, Diff: 1, Sum: 1, Workers: 4
[4314.091s][debug][gc,phases      ] GC(102)     Total                          Min: 10688, Avg: 12549.2, Max: 13718, Diff: 3030, Sum: 50197, Workers: 4
[4314.091s][debug][gc,phases      ] GC(102)   ResolvedMethodTable Weak       Min:  0.0, Avg:  0.0, Max:  0.0, Diff:  0.0, Sum:  0.2, Workers: 4
[4314.091s][debug][gc,phases      ] GC(102)     Dead                           Min: 0, Avg:  4.2, Max: 17, Diff: 17, Sum: 17, Workers: 4
[4314.091s][debug][gc,phases      ] GC(102)     Total                          Min: 3422, Avg: 4027.2, Max: 4391, Diff: 969, Sum: 16109, Workers: 4
[4314.091s][debug][gc,phases      ] GC(102)   JNI Weak                       Min:  0.0, Avg:  0.0, Max:  0.0, Diff:  0.0, Sum:  0.0, Workers: 4
[4314.091s][debug][gc,phases      ] GC(102)     Dead                           Min: 0, Avg:  0.0, Max: 0, Diff: 0, Sum: 0, Workers: 4
[4314.091s][debug][gc,phases      ] GC(102)     Total                          Min: 0, Avg: 13.0, Max: 52, Diff: 52, Sum: 52, Workers: 4
[4314.091s][debug][gc,phases      ] GC(102)   StringDedup Table Weak         Min:  0.0, Avg:  0.0, Max:  0.0, Diff:  0.0, Sum:  0.0, Workers: 4
[4314.091s][debug][gc,phases      ] GC(102)     Dead                           Min: 0, Avg:  0.0, Max: 0, Diff: 0, Sum: 0, Workers: 4
[4314.091s][debug][gc,phases      ] GC(102)     Total                          Min: 0, Avg:  0.0, Max: 0, Diff: 0, Sum: 0, Workers: 4
[4314.091s][debug][gc,phases      ] GC(102)   StringDedup Requests0 Weak     Min:  0.0, Avg:  0.0, Max:  0.0, Diff:  0.0, Sum:  0.0, Workers: 4
[4314.091s][debug][gc,phases      ] GC(102)     Dead                           Min: 0, Avg:  0.0, Max: 0, Diff: 0, Sum: 0, Workers: 4
[4314.091s][debug][gc,phases      ] GC(102)     Total                          Min: 0, Avg:  0.0, Max: 0, Diff: 0, Sum: 0, Workers: 4
[4314.091s][debug][gc,phases      ] GC(102)   StringDedup Requests1 Weak     Min:  0.0, Avg:  0.0, Max:  0.0, Diff:  0.0, Sum:  0.0, Workers: 4
[4314.091s][debug][gc,phases      ] GC(102)     Dead                           Min: 0, Avg:  0.0, Max: 0, Diff: 0, Sum: 0, Workers: 4
[4314.091s][debug][gc,phases      ] GC(102)     Total                          Min: 0, Avg:  0.0, Max: 0, Diff: 0, Sum: 0, Workers: 4
[4314.091s][debug][gc,phases      ] GC(102)   Weak JFR Old Object Samples    Min:  0.0, Avg:  0.0, Max:  0.0, Diff:  0.0, Sum:  0.0, Workers: 4
[4314.091s][debug][gc,phases      ] GC(102)     Dead                           Min: 0, Avg:  0.0, Max: 0, Diff: 0, Sum: 0, Workers: 4
[4314.091s][debug][gc,phases      ] GC(102)     Total                          Min: 0, Avg:  0.0, Max: 0, Diff: 0, Sum: 0, Workers: 4
[4314.091s][debug][gc,phases      ] GC(102) Weak Processing 0.347ms
[4314.091s][debug][gc,age         ] GC(102) Desired survivor size 20971520 bytes, new threshold 1 (max threshold 15)
[4314.091s][info ][gc,heap        ] GC(102) PSYoungGen: 2071712K(2075648K)->13552K(2072064K) Eden: 2058240K(2058240K)->0K(2058240K) From: 13472K(17408K)->13552K(13824K)
[4314.091s][info ][gc,heap        ] GC(102) ParOldGen: 1314055K(1314304K)->1321254K(1321472K)
[4314.091s][info ][gc,metaspace   ] GC(102) Metaspace: 115142K(116672K)->115142K(116672K) NonClass: 97969K(98816K)->97969K(98816K) Class: 17173K(17856K)->17173K(17856K)
[4314.092s][info ][gc             ] GC(102) Pause Young (Allocation Failure) 3306M->1303M(3314M) 13.331ms
[4314.092s][info ][gc,cpu         ] GC(102) User=0.05s Sys=0.00s Real=0.02s
[4314.092s][info ][safepoint      ] Safepoint "ParallelGCFailedAllocation", Time since last: 6526445378 ns, Reaching safepoint: 88101 ns, Cleanup: 6000 ns, At safepoint: 13435145 ns, Total: 13529246 ns
[4318.092s][info ][safepoint      ] Safepoint "Cleanup", Time since last: 4000443398 ns, Reaching safepoint: 13901 ns, Cleanup: 13700 ns, At safepoint: 8300 ns, Total: 35901 ns
[4319.092s][info ][safepoint      ] Safepoint "Cleanup", Time since last: 1000117700 ns, Reaching safepoint: 12100 ns, Cleanup: 10500 ns, At safepoint: 3000 ns, Total: 25600 ns
[4331.237s][info ][safepoint      ] Safepoint "Cleanup", Time since last: 12145182255 ns, Reaching safepoint: 13200 ns, Cleanup: 12100 ns, At safepoint: 3200 ns, Total: 28500 ns
[4336.238s][info ][safepoint      ] Safepoint "Cleanup", Time since last: 5000690141 ns, Reaching safepoint: 14600 ns, Cleanup: 20700 ns, At safepoint: 3600 ns, Total: 38900 ns
[4360.241s][info ][safepoint      ] Safepoint "Cleanup", Time since last: 24002484893 ns, Reaching safepoint: 17601 ns, Cleanup: 15100 ns, At safepoint: 3100 ns, Total: 35801 ns
[4370.938s][info ][gc,start       ] GC(103) Pause Young (Allocation Failure)
[4370.952s][debug][gc,phases      ] GC(103) Scavenge 14.491ms
[4370.952s][debug][gc,ref         ] GC(103) ReferenceProcessor::execute queues: 1, RefProcThreadModel::Single, marks_oops_alive: false
[4370.952s][debug][gc,ref         ] GC(103) Skipped KeepAliveFinalRefsPhase of Reference Processing: no references
[4370.952s][debug][gc,ref         ] GC(103) ReferenceProcessor::execute queues: 1, RefProcThreadModel::Single, marks_oops_alive: false
[4370.952s][debug][gc,phases      ] GC(103) Reference Processing 0.118ms
[4370.953s][debug][gc,phases      ] GC(103)   VM Weak                        Min:  0.0, Avg:  0.0, Max:  0.0, Diff:  0.0, Sum:  0.0, Workers: 4
[4370.953s][debug][gc,phases      ] GC(103)     Dead                           Min: 0, Avg:  0.0, Max: 0, Diff: 0, Sum: 0, Workers: 4
[4370.953s][debug][gc,phases      ] GC(103)     Total                          Min: 0, Avg: 276.8, Max: 576, Diff: 576, Sum: 1107, Workers: 4
[4370.953s][debug][gc,phases      ] GC(103)   ObjectSynchronizer Weak        Min:  0.0, Avg:  0.0, Max:  0.0, Diff:  0.0, Sum:  0.0, Workers: 4
[4370.953s][debug][gc,phases      ] GC(103)     Dead                           Min: 0, Avg:  0.0, Max: 0, Diff: 0, Sum: 0, Workers: 4
[4370.953s][debug][gc,phases      ] GC(103)     Total                          Min: 0, Avg:  1.5, Max: 6, Diff: 6, Sum: 6, Workers: 4
[4370.953s][debug][gc,phases      ] GC(103)   JVMTI Tag Weak OopStorage      Min:  0.0, Avg:  0.0, Max:  0.0, Diff:  0.0, Sum:  0.0, Workers: 4
[4370.953s][debug][gc,phases      ] GC(103)     Dead                           Min: 0, Avg:  0.0, Max: 0, Diff: 0, Sum: 0, Workers: 4
[4370.953s][debug][gc,phases      ] GC(103)     Total                          Min: 0, Avg:  0.0, Max: 0, Diff: 0, Sum: 0, Workers: 4
[4370.953s][debug][gc,phases      ] GC(103)   StringTable Weak               Min:  0.1, Avg:  0.1, Max:  0.1, Diff:  0.0, Sum:  0.5, Workers: 4
[4370.953s][debug][gc,phases      ] GC(103)     Dead                           Min: 0, Avg:  0.0, Max: 0, Diff: 0, Sum: 0, Workers: 4
[4370.953s][debug][gc,phases      ] GC(103)     Total                          Min: 11391, Avg: 12549.5, Max: 13632, Diff: 2241, Sum: 50198, Workers: 4
[4370.953s][debug][gc,phases      ] GC(103)   ResolvedMethodTable Weak       Min:  0.1, Avg:  0.1, Max:  0.1, Diff:  0.0, Sum:  0.2, Workers: 4
[4370.953s][debug][gc,phases      ] GC(103)     Dead                           Min: 0, Avg:  4.0, Max: 16, Diff: 16, Sum: 16, Workers: 4
[4370.953s][debug][gc,phases      ] GC(103)     Total                          Min: 3645, Avg: 4027.2, Max: 4615, Diff: 970, Sum: 16109, Workers: 4
[4370.953s][debug][gc,phases      ] GC(103)   JNI Weak                       Min:  0.0, Avg:  0.0, Max:  0.0, Diff:  0.0, Sum:  0.0, Workers: 4
[4370.953s][debug][gc,phases      ] GC(103)     Dead                           Min: 0, Avg:  0.0, Max: 0, Diff: 0, Sum: 0, Workers: 4
[4370.953s][debug][gc,phases      ] GC(103)     Total                          Min: 0, Avg: 13.0, Max: 52, Diff: 52, Sum: 52, Workers: 4
[4370.953s][debug][gc,phases      ] GC(103)   StringDedup Table Weak         Min:  0.0, Avg:  0.0, Max:  0.0, Diff:  0.0, Sum:  0.0, Workers: 4
[4370.953s][debug][gc,phases      ] GC(103)     Dead                           Min: 0, Avg:  0.0, Max: 0, Diff: 0, Sum: 0, Workers: 4
[4370.953s][debug][gc,phases      ] GC(103)     Total                          Min: 0, Avg:  0.0, Max: 0, Diff: 0, Sum: 0, Workers: 4
[4370.953s][debug][gc,phases      ] GC(103)   StringDedup Requests0 Weak     Min:  0.0, Avg:  0.0, Max:  0.0, Diff:  0.0, Sum:  0.0, Workers: 4
[4370.953s][debug][gc,phases      ] GC(103)     Dead                           Min: 0, Avg:  0.0, Max: 0, Diff: 0, Sum: 0, Workers: 4
[4370.953s][debug][gc,phases      ] GC(103)     Total                          Min: 0, Avg:  0.0, Max: 0, Diff: 0, Sum: 0, Workers: 4
[4370.953s][debug][gc,phases      ] GC(103)   StringDedup Requests1 Weak     Min:  0.0, Avg:  0.0, Max:  0.0, Diff:  0.0, Sum:  0.0, Workers: 4
[4370.953s][debug][gc,phases      ] GC(103)     Dead                           Min: 0, Avg:  0.0, Max: 0, Diff: 0, Sum: 0, Workers: 4
[4370.953s][debug][gc,phases      ] GC(103)     Total                          Min: 0, Avg:  0.0, Max: 0, Diff: 0, Sum: 0, Workers: 4
[4370.953s][debug][gc,phases      ] GC(103)   Weak JFR Old Object Samples    Min:  0.0, Avg:  0.0, Max:  0.0, Diff:  0.0, Sum:  0.0, Workers: 4
[4370.953s][debug][gc,phases      ] GC(103)     Dead                           Min: 0, Avg:  0.0, Max: 0, Diff: 0, Sum: 0, Workers: 4
[4370.953s][debug][gc,phases      ] GC(103)     Total                          Min: 0, Avg:  0.0, Max: 0, Diff: 0, Sum: 0, Workers: 4
[4370.953s][debug][gc,phases      ] GC(103) Weak Processing 0.371ms
[4370.953s][debug][gc,age         ] GC(103) Desired survivor size 19922944 bytes, new threshold 1 (max threshold 15)
[4370.953s][info ][gc,heap        ] GC(103) PSYoungGen: 2071792K(2072064K)->4649K(2077696K) Eden: 2058240K(2058240K)->0K(2057216K) From: 13552K(13824K)->4649K(20480K)
[4370.953s][info ][gc,heap        ] GC(103) ParOldGen: 1321254K(1321472K)->1332075K(1332224K)
[4370.953s][info ][gc,metaspace   ] GC(103) Metaspace: 115147K(116672K)->115147K(116672K) NonClass: 97973K(98816K)->97973K(98816K) Class: 17173K(17856K)->17173K(17856K)
[4370.953s][info ][gc             ] GC(103) Pause Young (Allocation Failure) 3313M->1305M(3330M) 15.145ms
[4370.953s][info ][gc,cpu         ] GC(103) User=0.05s Sys=0.00s Real=0.02s
[4370.953s][info ][safepoint      ] Safepoint "ParallelGCFailedAllocation", Time since last: 10696868818 ns, Reaching safepoint: 14000 ns, Cleanup: 5700 ns, At safepoint: 15241080 ns, Total: 15260780 ns
[4380.954s][info ][safepoint      ] Safepoint "Cleanup", Time since last: 10001229780 ns, Reaching safepoint: 18201 ns, Cleanup: 14900 ns, At safepoint: 3400 ns, Total: 36501 ns
[4381.954s][info ][safepoint      ] Safepoint "Cleanup", Time since last: 1000145532 ns, Reaching safepoint: 21500 ns, Cleanup: 16801 ns, At safepoint: 4200 ns, Total: 42501 ns
[4383.264s][info ][safepoint      ] Safepoint "Cleanup", Time since last: 1309252666 ns, Reaching safepoint: 44001 ns, Cleanup: 18100 ns, At safepoint: 4300 ns, Total: 66401 ns
[4385.264s][info ][safepoint      ] Safepoint "Cleanup", Time since last: 2000329718 ns, Reaching safepoint: 16000 ns, Cleanup: 19400 ns, At safepoint: 3700 ns, Total: 39100 ns
[4388.264s][info ][safepoint      ] Safepoint "Cleanup", Time since last: 3000455981 ns, Reaching safepoint: 16401 ns, Cleanup: 15600 ns, At safepoint: 3500 ns, Total: 35501 ns
[4390.265s][info ][safepoint      ] Safepoint "Cleanup", Time since last: 2000349021 ns, Reaching safepoint: 17601 ns, Cleanup: 17000 ns, At safepoint: 4300 ns, Total: 38901 ns
[4399.266s][info ][safepoint      ] Safepoint "Cleanup", Time since last: 9001267757 ns, Reaching safepoint: 16400 ns, Cleanup: 20000 ns, At safepoint: 4200 ns, Total: 40600 ns
[4413.268s][info ][safepoint      ] Safepoint "Cleanup", Time since last: 14002210727 ns, Reaching safepoint: 16501 ns, Cleanup: 21100 ns, At safepoint: 4600 ns, Total: 42201 ns
[4422.270s][info ][safepoint      ] Safepoint "Cleanup", Time since last: 9001174528 ns, Reaching safepoint: 20600 ns, Cleanup: 24500 ns, At safepoint: 4901 ns, Total: 50001 ns
[4431.271s][info ][safepoint      ] Safepoint "Cleanup", Time since last: 9001193855 ns, Reaching safepoint: 14201 ns, Cleanup: 15500 ns, At safepoint: 22600 ns, Total: 52301 ns
[4432.271s][info ][safepoint      ] Safepoint "Cleanup", Time since last: 1000209904 ns, Reaching safepoint: 15100 ns, Cleanup: 20700 ns, At safepoint: 4000 ns, Total: 39800 ns
[4441.272s][info ][safepoint      ] Safepoint "Cleanup", Time since last: 9000901852 ns, Reaching safepoint: 18400 ns, Cleanup: 15800 ns, At safepoint: 4400 ns, Total: 38600 ns
[4453.128s][info ][gc,start       ] GC(104) Pause Young (Allocation Failure)
[4453.134s][debug][gc,phases      ] GC(104) Scavenge 5.492ms
[4453.134s][debug][gc,ref         ] GC(104) ReferenceProcessor::execute queues: 1, RefProcThreadModel::Single, marks_oops_alive: false
[4453.134s][debug][gc,ref         ] GC(104) Skipped KeepAliveFinalRefsPhase of Reference Processing: no references
[4453.134s][debug][gc,ref         ] GC(104) ReferenceProcessor::execute queues: 1, RefProcThreadModel::Single, marks_oops_alive: false
[4453.134s][debug][gc,phases      ] GC(104) Reference Processing 0.098ms
[4453.134s][debug][gc,phases      ] GC(104)   VM Weak                        Min:  0.0, Avg:  0.0, Max:  0.0, Diff:  0.0, Sum:  0.0, Workers: 4
[4453.134s][debug][gc,phases      ] GC(104)     Dead                           Min: 0, Avg:  0.0, Max: 0, Diff: 0, Sum: 0, Workers: 4
[4453.134s][debug][gc,phases      ] GC(104)     Total                          Min: 0, Avg: 276.8, Max: 448, Diff: 448, Sum: 1107, Workers: 4
[4453.134s][debug][gc,phases      ] GC(104)   ObjectSynchronizer Weak        Min:  0.0, Avg:  0.0, Max:  0.0, Diff:  0.0, Sum:  0.0, Workers: 4
[4453.134s][debug][gc,phases      ] GC(104)     Dead                           Min: 0, Avg:  0.0, Max: 0, Diff: 0, Sum: 0, Workers: 4
[4453.134s][debug][gc,phases      ] GC(104)     Total                          Min: 0, Avg:  0.8, Max: 3, Diff: 3, Sum: 3, Workers: 4
[4453.134s][debug][gc,phases      ] GC(104)   JVMTI Tag Weak OopStorage      Min:  0.0, Avg:  0.0, Max:  0.0, Diff:  0.0, Sum:  0.0, Workers: 4
[4453.134s][debug][gc,phases      ] GC(104)     Dead                           Min: 0, Avg:  0.0, Max: 0, Diff: 0, Sum: 0, Workers: 4
[4453.134s][debug][gc,phases      ] GC(104)     Total                          Min: 0, Avg:  0.0, Max: 0, Diff: 0, Sum: 0, Workers: 4
[4453.134s][debug][gc,phases      ] GC(104)   StringTable Weak               Min:  0.1, Avg:  0.1, Max:  0.1, Diff:  0.0, Sum:  0.5, Workers: 4
[4453.134s][debug][gc,phases      ] GC(104)     Dead                           Min: 0, Avg:  0.0, Max: 0, Diff: 0, Sum: 0, Workers: 4
[4453.134s][debug][gc,phases      ] GC(104)     Total                          Min: 11328, Avg: 12552.8, Max: 13056, Diff: 1728, Sum: 50211, Workers: 4
[4453.134s][debug][gc,phases      ] GC(104)   ResolvedMethodTable Weak       Min:  0.0, Avg:  0.0, Max:  0.0, Diff:  0.0, Sum:  0.2, Workers: 4
[4453.134s][debug][gc,phases      ] GC(104)     Dead                           Min: 0, Avg:  4.0, Max: 16, Diff: 16, Sum: 16, Workers: 4
[4453.134s][debug][gc,phases      ] GC(104)     Total                          Min: 3479, Avg: 4028.8, Max: 4390, Diff: 911, Sum: 16115, Workers: 4
[4453.134s][debug][gc,phases      ] GC(104)   JNI Weak                       Min:  0.0, Avg:  0.0, Max:  0.0, Diff:  0.0, Sum:  0.0, Workers: 4
[4453.134s][debug][gc,phases      ] GC(104)     Dead                           Min: 0, Avg:  0.0, Max: 0, Diff: 0, Sum: 0, Workers: 4
[4453.134s][debug][gc,phases      ] GC(104)     Total                          Min: 0, Avg: 13.0, Max: 52, Diff: 52, Sum: 52, Workers: 4
[4453.134s][debug][gc,phases      ] GC(104)   StringDedup Table Weak         Min:  0.0, Avg:  0.0, Max:  0.0, Diff:  0.0, Sum:  0.0, Workers: 4
[4453.134s][debug][gc,phases      ] GC(104)     Dead                           Min: 0, Avg:  0.0, Max: 0, Diff: 0, Sum: 0, Workers: 4
[4453.134s][debug][gc,phases      ] GC(104)     Total                          Min: 0, Avg:  0.0, Max: 0, Diff: 0, Sum: 0, Workers: 4
[4453.134s][debug][gc,phases      ] GC(104)   StringDedup Requests0 Weak     Min:  0.0, Avg:  0.0, Max:  0.0, Diff:  0.0, Sum:  0.0, Workers: 4
[4453.134s][debug][gc,phases      ] GC(104)     Dead                           Min: 0, Avg:  0.0, Max: 0, Diff: 0, Sum: 0, Workers: 4
[4453.134s][debug][gc,phases      ] GC(104)     Total                          Min: 0, Avg:  0.0, Max: 0, Diff: 0, Sum: 0, Workers: 4
[4453.134s][debug][gc,phases      ] GC(104)   StringDedup Requests1 Weak     Min:  0.0, Avg:  0.0, Max:  0.0, Diff:  0.0, Sum:  0.0, Workers: 4
[4453.134s][debug][gc,phases      ] GC(104)     Dead                           Min: 0, Avg:  0.0, Max: 0, Diff: 0, Sum: 0, Workers: 4
[4453.134s][debug][gc,phases      ] GC(104)     Total                          Min: 0, Avg:  0.0, Max: 0, Diff: 0, Sum: 0, Workers: 4
[4453.134s][debug][gc,phases      ] GC(104)   Weak JFR Old Object Samples    Min:  0.0, Avg:  0.0, Max:  0.0, Diff:  0.0, Sum:  0.0, Workers: 4
[4453.134s][debug][gc,phases      ] GC(104)     Dead                           Min: 0, Avg:  0.0, Max: 0, Diff: 0, Sum: 0, Workers: 4
[4453.134s][debug][gc,phases      ] GC(104)     Total                          Min: 0, Avg:  0.0, Max: 0, Diff: 0, Sum: 0, Workers: 4
[4453.134s][debug][gc,phases      ] GC(104) Weak Processing 0.365ms
[4453.134s][debug][gc,age         ] GC(104) Desired survivor size 19398656 bytes, new threshold 1 (max threshold 15)
[4453.134s][info ][gc,heap        ] GC(104) PSYoungGen: 2061865K(2077696K)->3712K(2076672K) Eden: 2057216K(2057216K)->0K(2057216K) From: 4649K(20480K)->3712K(19456K)
[4453.134s][info ][gc,heap        ] GC(104) ParOldGen: 1332075K(1332224K)->1333532K(1333760K)
[4453.134s][info ][gc,metaspace   ] GC(104) Metaspace: 115182K(116672K)->115182K(116672K) NonClass: 98006K(98816K)->98006K(98816K) Class: 17176K(17856K)->17176K(17856K)
[4453.134s][info ][gc             ] GC(104) Pause Young (Allocation Failure) 3314M->1305M(3330M) 6.086ms
[4453.134s][info ][gc,cpu         ] GC(104) User=0.02s Sys=0.00s Real=0.01s
[4453.134s][info ][safepoint      ] Safepoint "ParallelGCFailedAllocation", Time since last: 11856175393 ns, Reaching safepoint: 84401 ns, Cleanup: 5701 ns, At safepoint: 6179613 ns, Total: 6269715 ns
[4454.135s][info ][safepoint      ] Safepoint "Cleanup", Time since last: 1000092501 ns, Reaching safepoint: 13100 ns, Cleanup: 14100 ns, At safepoint: 2800 ns, Total: 30000 ns
[4461.136s][info ][safepoint      ] Safepoint "Cleanup", Time since last: 7000934623 ns, Reaching safepoint: 13701 ns, Cleanup: 15600 ns, At safepoint: 4500 ns, Total: 33801 ns
[4468.136s][info ][safepoint      ] Safepoint "Cleanup", Time since last: 7000800557 ns, Reaching safepoint: 14700 ns, Cleanup: 15200 ns, At safepoint: 30201 ns, Total: 60101 ns
[4484.138s][info ][safepoint      ] Safepoint "Cleanup", Time since last: 16001527904 ns, Reaching safepoint: 15100 ns, Cleanup: 18701 ns, At safepoint: 4500 ns, Total: 38301 ns
[4501.140s][info ][safepoint      ] Safepoint "Cleanup", Time since last: 17001769514 ns, Reaching safepoint: 13500 ns, Cleanup: 18100 ns, At safepoint: 4200 ns, Total: 35800 ns
[4505.319s][info ][safepoint      ] Safepoint "Cleanup", Time since last: 4179459686 ns, Reaching safepoint: 15500 ns, Cleanup: 16501 ns, At safepoint: 4400 ns, Total: 36401 ns
[4508.320s][info ][safepoint      ] Safepoint "Cleanup", Time since last: 3000469267 ns, Reaching safepoint: 15300 ns, Cleanup: 17200 ns, At safepoint: 3800 ns, Total: 36300 ns
[4511.320s][info ][safepoint      ] Safepoint "Cleanup", Time since last: 3000430667 ns, Reaching safepoint: 15600 ns, Cleanup: 25900 ns, At safepoint: 3801 ns, Total: 45301 ns
[4513.321s][info ][safepoint      ] Safepoint "Cleanup", Time since last: 2000303489 ns, Reaching safepoint: 16800 ns, Cleanup: 19201 ns, At safepoint: 3500 ns, Total: 39501 ns
[4525.322s][info ][safepoint      ] Safepoint "Cleanup", Time since last: 12001460166 ns, Reaching safepoint: 16600 ns, Cleanup: 14800 ns, At safepoint: 4401 ns, Total: 35801 ns
[4529.260s][info ][gc,start       ] GC(105) Pause Young (Allocation Failure)
[4529.265s][debug][gc,phases      ] GC(105) Scavenge 5.320ms
[4529.266s][debug][gc,ref         ] GC(105) ReferenceProcessor::execute queues: 1, RefProcThreadModel::Single, marks_oops_alive: false
[4529.266s][debug][gc,ref         ] GC(105) Skipped KeepAliveFinalRefsPhase of Reference Processing: no references
[4529.266s][debug][gc,ref         ] GC(105) ReferenceProcessor::execute queues: 1, RefProcThreadModel::Single, marks_oops_alive: false
[4529.266s][debug][gc,phases      ] GC(105) Reference Processing 0.109ms
[4529.266s][debug][gc,phases      ] GC(105)   VM Weak                        Min:  0.0, Avg:  0.0, Max:  0.0, Diff:  0.0, Sum:  0.0, Workers: 4
[4529.266s][debug][gc,phases      ] GC(105)     Dead                           Min: 0, Avg:  0.0, Max: 0, Diff: 0, Sum: 0, Workers: 4
[4529.266s][debug][gc,phases      ] GC(105)     Total                          Min: 0, Avg: 276.8, Max: 768, Diff: 768, Sum: 1107, Workers: 4
[4529.266s][debug][gc,phases      ] GC(105)   ObjectSynchronizer Weak        Min:  0.0, Avg:  0.0, Max:  0.0, Diff:  0.0, Sum:  0.0, Workers: 4
[4529.266s][debug][gc,phases      ] GC(105)     Dead                           Min: 0, Avg:  0.0, Max: 0, Diff: 0, Sum: 0, Workers: 4
[4529.266s][debug][gc,phases      ] GC(105)     Total                          Min: 0, Avg:  1.5, Max: 6, Diff: 6, Sum: 6, Workers: 4
[4529.266s][debug][gc,phases      ] GC(105)   JVMTI Tag Weak OopStorage      Min:  0.0, Avg:  0.0, Max:  0.0, Diff:  0.0, Sum:  0.0, Workers: 4
[4529.266s][debug][gc,phases      ] GC(105)     Dead                           Min: 0, Avg:  0.0, Max: 0, Diff: 0, Sum: 0, Workers: 4
[4529.266s][debug][gc,phases      ] GC(105)     Total                          Min: 0, Avg:  0.0, Max: 0, Diff: 0, Sum: 0, Workers: 4
[4529.266s][debug][gc,phases      ] GC(105)   StringTable Weak               Min:  0.1, Avg:  0.1, Max:  0.1, Diff:  0.0, Sum:  0.4, Workers: 4
[4529.266s][debug][gc,phases      ] GC(105)     Dead                           Min: 0, Avg:  0.0, Max: 0, Diff: 0, Sum: 0, Workers: 4
[4529.266s][debug][gc,phases      ] GC(105)     Total                          Min: 12159, Avg: 12553.8, Max: 13288, Diff: 1129, Sum: 50215, Workers: 4
[4529.266s][debug][gc,phases      ] GC(105)   ResolvedMethodTable Weak       Min:  0.0, Avg:  0.0, Max:  0.0, Diff:  0.0, Sum:  0.2, Workers: 4
[4529.266s][debug][gc,phases      ] GC(105)     Dead                           Min: 0, Avg:  4.8, Max: 13, Diff: 13, Sum: 19, Workers: 4
[4529.266s][debug][gc,phases      ] GC(105)     Total                          Min: 3849, Avg: 4030.2, Max: 4385, Diff: 536, Sum: 16121, Workers: 4
[4529.266s][debug][gc,phases      ] GC(105)   JNI Weak                       Min:  0.0, Avg:  0.0, Max:  0.0, Diff:  0.0, Sum:  0.0, Workers: 4
[4529.266s][debug][gc,phases      ] GC(105)     Dead                           Min: 0, Avg:  0.0, Max: 0, Diff: 0, Sum: 0, Workers: 4
[4529.266s][debug][gc,phases      ] GC(105)     Total                          Min: 0, Avg: 13.0, Max: 52, Diff: 52, Sum: 52, Workers: 4
[4529.266s][debug][gc,phases      ] GC(105)   StringDedup Table Weak         Min:  0.0, Avg:  0.0, Max:  0.0, Diff:  0.0, Sum:  0.0, Workers: 4
[4529.266s][debug][gc,phases      ] GC(105)     Dead                           Min: 0, Avg:  0.0, Max: 0, Diff: 0, Sum: 0, Workers: 4
[4529.266s][debug][gc,phases      ] GC(105)     Total                          Min: 0, Avg:  0.0, Max: 0, Diff: 0, Sum: 0, Workers: 4
[4529.266s][debug][gc,phases      ] GC(105)   StringDedup Requests0 Weak     Min:  0.0, Avg:  0.0, Max:  0.0, Diff:  0.0, Sum:  0.0, Workers: 4
[4529.266s][debug][gc,phases      ] GC(105)     Dead                           Min: 0, Avg:  0.0, Max: 0, Diff: 0, Sum: 0, Workers: 4
[4529.266s][debug][gc,phases      ] GC(105)     Total                          Min: 0, Avg:  0.0, Max: 0, Diff: 0, Sum: 0, Workers: 4
[4529.266s][debug][gc,phases      ] GC(105)   StringDedup Requests1 Weak     Min:  0.0, Avg:  0.0, Max:  0.0, Diff:  0.0, Sum:  0.0, Workers: 4
[4529.266s][debug][gc,phases      ] GC(105)     Dead                           Min: 0, Avg:  0.0, Max: 0, Diff: 0, Sum: 0, Workers: 4
[4529.266s][debug][gc,phases      ] GC(105)     Total                          Min: 0, Avg:  0.0, Max: 0, Diff: 0, Sum: 0, Workers: 4
[4529.266s][debug][gc,phases      ] GC(105)   Weak JFR Old Object Samples    Min:  0.0, Avg:  0.0, Max:  0.0, Diff:  0.0, Sum:  0.0, Workers: 4
[4529.266s][debug][gc,phases      ] GC(105)     Dead                           Min: 0, Avg:  0.0, Max: 0, Diff: 0, Sum: 0, Workers: 4
[4529.266s][debug][gc,phases      ] GC(105)     Total                          Min: 0, Avg:  0.0, Max: 0, Diff: 0, Sum: 0, Workers: 4
[4529.266s][debug][gc,phases      ] GC(105) Weak Processing 0.359ms
[4529.266s][debug][gc,age         ] GC(105) Desired survivor size 18874368 bytes, new threshold 1 (max threshold 15)
[4529.266s][info ][gc,heap        ] GC(105) PSYoungGen: 2060928K(2076672K)->3856K(2078720K) Eden: 2057216K(2057216K)->0K(2059776K) From: 3712K(19456K)->3856K(18944K)
[4529.266s][info ][gc,heap        ] GC(105) ParOldGen: 1333532K(1333760K)->1334248K(1334272K)
[4529.266s][info ][gc,metaspace   ] GC(105) Metaspace: 115200K(116672K)->115200K(116672K) NonClass: 98022K(98816K)->98022K(98816K) Class: 17177K(17856K)->17177K(17856K)
[4529.266s][info ][gc             ] GC(105) Pause Young (Allocation Failure) 3314M->1306M(3333M) 5.942ms
[4529.266s][info ][gc,cpu         ] GC(105) User=0.03s Sys=0.00s Real=0.00s
[4529.266s][info ][safepoint      ] Safepoint "ParallelGCFailedAllocation", Time since last: 3937930702 ns, Reaching safepoint: 13700 ns, Cleanup: 5600 ns, At safepoint: 6035308 ns, Total: 6054608 ns
[4535.267s][info ][safepoint      ] Safepoint "Cleanup", Time since last: 6000580033 ns, Reaching safepoint: 129603 ns, Cleanup: 17000 ns, At safepoint: 4400 ns, Total: 151003 ns
[4537.267s][info ][safepoint      ] Safepoint "Cleanup", Time since last: 2000336797 ns, Reaching safepoint: 25801 ns, Cleanup: 11300 ns, At safepoint: 4500 ns, Total: 41601 ns
[4545.268s][info ][safepoint      ] Safepoint "Cleanup", Time since last: 8000773373 ns, Reaching safepoint: 12800 ns, Cleanup: 25201 ns, At safepoint: 2700 ns, Total: 40701 ns
[4546.268s][info ][safepoint      ] Safepoint "Cleanup", Time since last: 1000119367 ns, Reaching safepoint: 14900 ns, Cleanup: 15100 ns, At safepoint: 3200 ns, Total: 33200 ns
[4547.268s][info ][safepoint      ] Safepoint "Cleanup", Time since last: 1000120167 ns, Reaching safepoint: 13400 ns, Cleanup: 14400 ns, At safepoint: 3500 ns, Total: 31300 ns
[4549.269s][info ][safepoint      ] Safepoint "Cleanup", Time since last: 2000188833 ns, Reaching safepoint: 87401 ns, Cleanup: 15001 ns, At safepoint: 8100 ns, Total: 110502 ns
[4551.269s][info ][safepoint      ] Safepoint "Cleanup", Time since last: 2000189732 ns, Reaching safepoint: 15301 ns, Cleanup: 15100 ns, At safepoint: 3500 ns, Total: 33901 ns
[4554.269s][info ][safepoint      ] Safepoint "Cleanup", Time since last: 3000275408 ns, Reaching safepoint: 16000 ns, Cleanup: 23301 ns, At safepoint: 4300 ns, Total: 43601 ns
[4555.269s][info ][safepoint      ] Safepoint "Cleanup", Time since last: 1000147476 ns, Reaching safepoint: 14600 ns, Cleanup: 15500 ns, At safepoint: 3500 ns, Total: 33600 ns
[4557.270s][info ][safepoint      ] Safepoint "Cleanup", Time since last: 2000226552 ns, Reaching safepoint: 15200 ns, Cleanup: 16200 ns, At safepoint: 3800 ns, Total: 35200 ns
[4558.270s][info ][safepoint      ] Safepoint "Cleanup", Time since last: 1000142376 ns, Reaching safepoint: 14501 ns, Cleanup: 12500 ns, At safepoint: 3500 ns, Total: 30501 ns
[4560.270s][info ][safepoint      ] Safepoint "Cleanup", Time since last: 2000263352 ns, Reaching safepoint: 16100 ns, Cleanup: 17300 ns, At safepoint: 3300 ns, Total: 36700 ns
[4561.270s][info ][safepoint      ] Safepoint "Cleanup", Time since last: 1000130973 ns, Reaching safepoint: 14101 ns, Cleanup: 16700 ns, At safepoint: 2800 ns, Total: 33601 ns
[4565.345s][info ][safepoint      ] Safepoint "Cleanup", Time since last: 4074920619 ns, Reaching safepoint: 17700 ns, Cleanup: 14901 ns, At safepoint: 3000 ns, Total: 35601 ns
[4587.348s][info ][safepoint      ] Safepoint "Cleanup", Time since last: 22002666911 ns, Reaching safepoint: 14101 ns, Cleanup: 13400 ns, At safepoint: 2700 ns, Total: 30201 ns
[4590.286s][info ][gc,start       ] GC(106) Pause Young (Allocation Failure)
[4590.294s][debug][gc,phases      ] GC(106) Scavenge 7.695ms
[4590.294s][debug][gc,ref         ] GC(106) ReferenceProcessor::execute queues: 1, RefProcThreadModel::Single, marks_oops_alive: false
[4590.294s][debug][gc,ref         ] GC(106) Skipped KeepAliveFinalRefsPhase of Reference Processing: no references
[4590.294s][debug][gc,ref         ] GC(106) ReferenceProcessor::execute queues: 1, RefProcThreadModel::Single, marks_oops_alive: false
[4590.294s][debug][gc,phases      ] GC(106) Reference Processing 0.126ms
[4590.294s][debug][gc,phases      ] GC(106)   VM Weak                        Min:  0.0, Avg:  0.0, Max:  0.0, Diff:  0.0, Sum:  0.0, Workers: 4
[4590.294s][debug][gc,phases      ] GC(106)     Dead                           Min: 0, Avg:  0.0, Max: 0, Diff: 0, Sum: 0, Workers: 4
[4590.294s][debug][gc,phases      ] GC(106)     Total                          Min: 0, Avg: 276.8, Max: 467, Diff: 467, Sum: 1107, Workers: 4
[4590.294s][debug][gc,phases      ] GC(106)   ObjectSynchronizer Weak        Min:  0.0, Avg:  0.0, Max:  0.0, Diff:  0.0, Sum:  0.0, Workers: 4
[4590.294s][debug][gc,phases      ] GC(106)     Dead                           Min: 0, Avg:  0.0, Max: 0, Diff: 0, Sum: 0, Workers: 4
[4590.294s][debug][gc,phases      ] GC(106)     Total                          Min: 0, Avg:  1.5, Max: 6, Diff: 6, Sum: 6, Workers: 4
[4590.294s][debug][gc,phases      ] GC(106)   JVMTI Tag Weak OopStorage      Min:  0.0, Avg:  0.0, Max:  0.0, Diff:  0.0, Sum:  0.0, Workers: 4
[4590.294s][debug][gc,phases      ] GC(106)     Dead                           Min: 0, Avg:  0.0, Max: 0, Diff: 0, Sum: 0, Workers: 4
[4590.294s][debug][gc,phases      ] GC(106)     Total                          Min: 0, Avg:  0.0, Max: 0, Diff: 0, Sum: 0, Workers: 4
[4590.294s][debug][gc,phases      ] GC(106)   StringTable Weak               Min:  0.1, Avg:  0.1, Max:  0.1, Diff:  0.0, Sum:  0.5, Workers: 4
[4590.294s][debug][gc,phases      ] GC(106)     Dead                           Min: 0, Avg:  0.5, Max: 2, Diff: 2, Sum: 2, Workers: 4
[4590.294s][debug][gc,phases      ] GC(106)     Total                          Min: 11904, Avg: 12556.8, Max: 14080, Diff: 2176, Sum: 50227, Workers: 4
[4590.294s][debug][gc,phases      ] GC(106)   ResolvedMethodTable Weak       Min:  0.0, Avg:  0.0, Max:  0.0, Diff:  0.0, Sum:  0.2, Workers: 4
[4590.294s][debug][gc,phases      ] GC(106)     Dead                           Min: 0, Avg:  6.0, Max: 11, Diff: 11, Sum: 24, Workers: 4
[4590.294s][debug][gc,phases      ] GC(106)     Total                          Min: 3673, Avg: 4033.8, Max: 4467, Diff: 794, Sum: 16135, Workers: 4
[4590.294s][debug][gc,phases      ] GC(106)   JNI Weak                       Min:  0.0, Avg:  0.0, Max:  0.0, Diff:  0.0, Sum:  0.0, Workers: 4
[4590.294s][debug][gc,phases      ] GC(106)     Dead                           Min: 0, Avg:  0.0, Max: 0, Diff: 0, Sum: 0, Workers: 4
[4590.294s][debug][gc,phases      ] GC(106)     Total                          Min: 0, Avg: 13.0, Max: 52, Diff: 52, Sum: 52, Workers: 4
[4590.294s][debug][gc,phases      ] GC(106)   StringDedup Table Weak         Min:  0.0, Avg:  0.0, Max:  0.0, Diff:  0.0, Sum:  0.0, Workers: 4
[4590.294s][debug][gc,phases      ] GC(106)     Dead                           Min: 0, Avg:  0.0, Max: 0, Diff: 0, Sum: 0, Workers: 4
[4590.294s][debug][gc,phases      ] GC(106)     Total                          Min: 0, Avg:  0.0, Max: 0, Diff: 0, Sum: 0, Workers: 4
[4590.294s][debug][gc,phases      ] GC(106)   StringDedup Requests0 Weak     Min:  0.0, Avg:  0.0, Max:  0.0, Diff:  0.0, Sum:  0.0, Workers: 4
[4590.294s][debug][gc,phases      ] GC(106)     Dead                           Min: 0, Avg:  0.0, Max: 0, Diff: 0, Sum: 0, Workers: 4
[4590.294s][debug][gc,phases      ] GC(106)     Total                          Min: 0, Avg:  0.0, Max: 0, Diff: 0, Sum: 0, Workers: 4
[4590.294s][debug][gc,phases      ] GC(106)   StringDedup Requests1 Weak     Min:  0.0, Avg:  0.0, Max:  0.0, Diff:  0.0, Sum:  0.0, Workers: 4
[4590.294s][debug][gc,phases      ] GC(106)     Dead                           Min: 0, Avg:  0.0, Max: 0, Diff: 0, Sum: 0, Workers: 4
[4590.294s][debug][gc,phases      ] GC(106)     Total                          Min: 0, Avg:  0.0, Max: 0, Diff: 0, Sum: 0, Workers: 4
[4590.294s][debug][gc,phases      ] GC(106)   Weak JFR Old Object Samples    Min:  0.0, Avg:  0.0, Max:  0.0, Diff:  0.0, Sum:  0.0, Workers: 4
[4590.294s][debug][gc,phases      ] GC(106)     Dead                           Min: 0, Avg:  0.0, Max: 0, Diff: 0, Sum: 0, Workers: 4
[4590.294s][debug][gc,phases      ] GC(106)     Total                          Min: 0, Avg:  0.0, Max: 0, Diff: 0, Sum: 0, Workers: 4
[4590.295s][debug][gc,phases      ] GC(106) Weak Processing 0.404ms
[4590.295s][debug][gc,age         ] GC(106) Desired survivor size 17825792 bytes, new threshold 1 (max threshold 15)
[4590.295s][info ][gc,heap        ] GC(106) PSYoungGen: 2063632K(2078720K)->4896K(2078208K) Eden: 2059776K(2059776K)->0K(2059776K) From: 3856K(18944K)->4896K(18432K)
[4590.295s][info ][gc,heap        ] GC(106) ParOldGen: 1334248K(1334272K)->1334932K(1335296K)
[4590.295s][info ][gc,metaspace   ] GC(106) Metaspace: 115262K(116736K)->115262K(116736K) NonClass: 98081K(98880K)->98081K(98880K) Class: 17181K(17856K)->17181K(17856K)
[4590.295s][info ][gc             ] GC(106) Pause Young (Allocation Failure) 3318M->1308M(3333M) 8.387ms
[4590.295s][info ][gc,cpu         ] GC(106) User=0.03s Sys=0.00s Real=0.01s
[4590.295s][info ][safepoint      ] Safepoint "ParallelGCFailedAllocation", Time since last: 2938191454 ns, Reaching safepoint: 18200 ns, Cleanup: 7201 ns, At safepoint: 8495456 ns, Total: 8520857 ns
[4591.295s][info ][safepoint      ] Safepoint "Cleanup", Time since last: 1000234870 ns, Reaching safepoint: 22100 ns, Cleanup: 17501 ns, At safepoint: 5900 ns, Total: 45501 ns
[4595.295s][info ][safepoint      ] Safepoint "Cleanup", Time since last: 4000533714 ns, Reaching safepoint: 14001 ns, Cleanup: 16800 ns, At safepoint: 3900 ns, Total: 34701 ns
[4597.296s][info ][safepoint      ] Safepoint "Cleanup", Time since last: 2000231276 ns, Reaching safepoint: 88602 ns, Cleanup: 12800 ns, At safepoint: 7201 ns, Total: 108603 ns
[4598.296s][info ][safepoint      ] Safepoint "Cleanup", Time since last: 1000197039 ns, Reaching safepoint: 13301 ns, Cleanup: 13500 ns, At safepoint: 3900 ns, Total: 30701 ns
[4601.296s][info ][safepoint      ] Safepoint "Cleanup", Time since last: 3000359814 ns, Reaching safepoint: 14000 ns, Cleanup: 14201 ns, At safepoint: 4200 ns, Total: 32401 ns
[4602.297s][info ][safepoint      ] Safepoint "Cleanup", Time since last: 1000214526 ns, Reaching safepoint: 13300 ns, Cleanup: 16100 ns, At safepoint: 4100 ns, Total: 33500 ns
[4608.297s][info ][safepoint      ] Safepoint "Cleanup", Time since last: 6000674746 ns, Reaching safepoint: 13500 ns, Cleanup: 21400 ns, At safepoint: 3200 ns, Total: 38100 ns
[4609.298s][info ][safepoint      ] Safepoint "Cleanup", Time since last: 1000212126 ns, Reaching safepoint: 15701 ns, Cleanup: 15900 ns, At safepoint: 3900 ns, Total: 35501 ns
[4612.298s][info ][safepoint      ] Safepoint "Cleanup", Time since last: 3000356992 ns, Reaching safepoint: 13000 ns, Cleanup: 20000 ns, At safepoint: 3800 ns, Total: 36800 ns
[4619.299s][info ][safepoint      ] Safepoint "Cleanup", Time since last: 7000801909 ns, Reaching safepoint: 11600 ns, Cleanup: 32501 ns, At safepoint: 2800 ns, Total: 46901 ns
[4620.299s][info ][safepoint      ] Safepoint "Cleanup", Time since last: 1000116140 ns, Reaching safepoint: 12200 ns, Cleanup: 14301 ns, At safepoint: 3300 ns, Total: 29801 ns
[4621.299s][info ][safepoint      ] Safepoint "Cleanup", Time since last: 1000188242 ns, Reaching safepoint: 15200 ns, Cleanup: 15600 ns, At safepoint: 3901 ns, Total: 34701 ns
[4627.377s][info ][safepoint      ] Safepoint "Cleanup", Time since last: 6077179602 ns, Reaching safepoint: 103002 ns, Cleanup: 19900 ns, At safepoint: 11600 ns, Total: 134502 ns
[4629.377s][info ][safepoint      ] Safepoint "Cleanup", Time since last: 2000217311 ns, Reaching safepoint: 93702 ns, Cleanup: 17200 ns, At safepoint: 8900 ns, Total: 119802 ns
[4638.378s][info ][safepoint      ] Safepoint "Cleanup", Time since last: 9001104440 ns, Reaching safepoint: 93302 ns, Cleanup: 15001 ns, At safepoint: 11700 ns, Total: 120003 ns
[4646.379s][info ][safepoint      ] Safepoint "Cleanup", Time since last: 8000768684 ns, Reaching safepoint: 87501 ns, Cleanup: 12901 ns, At safepoint: 40400 ns, Total: 140802 ns
[4652.704s][info ][gc,start       ] GC(107) Pause Young (Allocation Failure)
[4652.712s][debug][gc,phases      ] GC(107) Scavenge 7.109ms
[4652.712s][debug][gc,ref         ] GC(107) ReferenceProcessor::execute queues: 1, RefProcThreadModel::Single, marks_oops_alive: false
[4652.712s][debug][gc,ref         ] GC(107) Skipped KeepAliveFinalRefsPhase of Reference Processing: no references
[4652.712s][debug][gc,ref         ] GC(107) ReferenceProcessor::execute queues: 1, RefProcThreadModel::Single, marks_oops_alive: false
[4652.712s][debug][gc,phases      ] GC(107) Reference Processing 0.110ms
[4652.712s][debug][gc,phases      ] GC(107)   VM Weak                        Min:  0.0, Avg:  0.0, Max:  0.0, Diff:  0.0, Sum:  0.0, Workers: 4
[4652.712s][debug][gc,phases      ] GC(107)     Dead                           Min: 0, Avg:  0.0, Max: 0, Diff: 0, Sum: 0, Workers: 4
[4652.712s][debug][gc,phases      ] GC(107)     Total                          Min: 0, Avg: 276.8, Max: 576, Diff: 576, Sum: 1107, Workers: 4
[4652.712s][debug][gc,phases      ] GC(107)   ObjectSynchronizer Weak        Min:  0.0, Avg:  0.0, Max:  0.0, Diff:  0.0, Sum:  0.0, Workers: 4
[4652.712s][debug][gc,phases      ] GC(107)     Dead                           Min: 0, Avg:  0.0, Max: 0, Diff: 0, Sum: 0, Workers: 4
[4652.712s][debug][gc,phases      ] GC(107)     Total                          Min: 0, Avg:  1.0, Max: 4, Diff: 4, Sum: 4, Workers: 4
[4652.712s][debug][gc,phases      ] GC(107)   JVMTI Tag Weak OopStorage      Min:  0.0, Avg:  0.0, Max:  0.0, Diff:  0.0, Sum:  0.0, Workers: 4
[4652.712s][debug][gc,phases      ] GC(107)     Dead                           Min: 0, Avg:  0.0, Max: 0, Diff: 0, Sum: 0, Workers: 4
[4652.712s][debug][gc,phases      ] GC(107)     Total                          Min: 0, Avg:  0.0, Max: 0, Diff: 0, Sum: 0, Workers: 4
[4652.712s][debug][gc,phases      ] GC(107)   StringTable Weak               Min:  0.1, Avg:  0.1, Max:  0.1, Diff:  0.0, Sum:  0.4, Workers: 4
[4652.712s][debug][gc,phases      ] GC(107)     Dead                           Min: 0, Avg:  0.2, Max: 1, Diff: 1, Sum: 1, Workers: 4
[4652.712s][debug][gc,phases      ] GC(107)     Total                          Min: 11776, Avg: 12558.0, Max: 12986, Diff: 1210, Sum: 50232, Workers: 4
[4652.712s][debug][gc,phases      ] GC(107)   ResolvedMethodTable Weak       Min:  0.0, Avg:  0.0, Max:  0.0, Diff:  0.0, Sum:  0.1, Workers: 4
[4652.712s][debug][gc,phases      ] GC(107)     Dead                           Min: 0, Avg:  6.0, Max: 24, Diff: 24, Sum: 24, Workers: 4
[4652.712s][debug][gc,phases      ] GC(107)     Total                          Min: 3872, Avg: 4034.8, Max: 4101, Diff: 229, Sum: 16139, Workers: 4
[4652.712s][debug][gc,phases      ] GC(107)   JNI Weak                       Min:  0.0, Avg:  0.0, Max:  0.0, Diff:  0.0, Sum:  0.0, Workers: 4
[4652.712s][debug][gc,phases      ] GC(107)     Dead                           Min: 0, Avg:  0.0, Max: 0, Diff: 0, Sum: 0, Workers: 4
[4652.712s][debug][gc,phases      ] GC(107)     Total                          Min: 0, Avg: 13.0, Max: 52, Diff: 52, Sum: 52, Workers: 4
[4652.712s][debug][gc,phases      ] GC(107)   StringDedup Table Weak         Min:  0.0, Avg:  0.0, Max:  0.0, Diff:  0.0, Sum:  0.0, Workers: 4
[4652.712s][debug][gc,phases      ] GC(107)     Dead                           Min: 0, Avg:  0.0, Max: 0, Diff: 0, Sum: 0, Workers: 4
[4652.712s][debug][gc,phases      ] GC(107)     Total                          Min: 0, Avg:  0.0, Max: 0, Diff: 0, Sum: 0, Workers: 4
[4652.712s][debug][gc,phases      ] GC(107)   StringDedup Requests0 Weak     Min:  0.0, Avg:  0.0, Max:  0.0, Diff:  0.0, Sum:  0.0, Workers: 4
[4652.712s][debug][gc,phases      ] GC(107)     Dead                           Min: 0, Avg:  0.0, Max: 0, Diff: 0, Sum: 0, Workers: 4
[4652.712s][debug][gc,phases      ] GC(107)     Total                          Min: 0, Avg:  0.0, Max: 0, Diff: 0, Sum: 0, Workers: 4
[4652.712s][debug][gc,phases      ] GC(107)   StringDedup Requests1 Weak     Min:  0.0, Avg:  0.0, Max:  0.0, Diff:  0.0, Sum:  0.0, Workers: 4
[4652.712s][debug][gc,phases      ] GC(107)     Dead                           Min: 0, Avg:  0.0, Max: 0, Diff: 0, Sum: 0, Workers: 4
[4652.712s][debug][gc,phases      ] GC(107)     Total                          Min: 0, Avg:  0.0, Max: 0, Diff: 0, Sum: 0, Workers: 4
[4652.712s][debug][gc,phases      ] GC(107)   Weak JFR Old Object Samples    Min:  0.0, Avg:  0.0, Max:  0.0, Diff:  0.0, Sum:  0.0, Workers: 4
[4652.712s][debug][gc,phases      ] GC(107)     Dead                           Min: 0, Avg:  0.0, Max: 0, Diff: 0, Sum: 0, Workers: 4
[4652.712s][debug][gc,phases      ] GC(107)     Total                          Min: 0, Avg:  0.0, Max: 0, Diff: 0, Sum: 0, Workers: 4
[4652.712s][debug][gc,phases      ] GC(107) Weak Processing 0.341ms
[4652.712s][debug][gc,age         ] GC(107) Desired survivor size 16777216 bytes, new threshold 1 (max threshold 15)
[4652.712s][info ][gc,heap        ] GC(107) PSYoungGen: 2064672K(2078208K)->6976K(2080768K) Eden: 2059776K(2059776K)->0K(2063360K) From: 4896K(18432K)->6976K(17408K)
[4652.712s][info ][gc,heap        ] GC(107) ParOldGen: 1334932K(1335296K)->1336636K(1336832K)
[4652.712s][info ][gc,metaspace   ] GC(107) Metaspace: 115298K(116800K)->115298K(116800K) NonClass: 98114K(98944K)->98114K(98944K) Class: 17184K(17856K)->17184K(17856K)
[4652.712s][info ][gc             ] GC(107) Pause Young (Allocation Failure) 3319M->1312M(3337M) 7.712ms
[4652.712s][info ][gc,cpu         ] GC(107) User=0.03s Sys=0.00s Real=0.01s
[4652.712s][info ][safepoint      ] Safepoint "ParallelGCFailedAllocation", Time since last: 6325192651 ns, Reaching safepoint: 84002 ns, Cleanup: 5700 ns, At safepoint: 7809746 ns, Total: 7899448 ns
[4655.713s][info ][safepoint      ] Safepoint "Cleanup", Time since last: 3000483242 ns, Reaching safepoint: 14500 ns, Cleanup: 14700 ns, At safepoint: 3600 ns, Total: 32800 ns
[4656.713s][info ][safepoint      ] Safepoint "Cleanup", Time since last: 1000205615 ns, Reaching safepoint: 13500 ns, Cleanup: 14100 ns, At safepoint: 3400 ns, Total: 31000 ns
[4657.713s][info ][safepoint      ] Safepoint "Cleanup", Time since last: 1000226298 ns, Reaching safepoint: 14101 ns, Cleanup: 14900 ns, At safepoint: 4600 ns, Total: 33601 ns
[4658.713s][info ][safepoint      ] Safepoint "Cleanup", Time since last: 1000135993 ns, Reaching safepoint: 13800 ns, Cleanup: 16001 ns, At safepoint: 3900 ns, Total: 33701 ns
[4661.714s][info ][safepoint      ] Safepoint "Cleanup", Time since last: 3000401679 ns, Reaching safepoint: 80801 ns, Cleanup: 10601 ns, At safepoint: 10600 ns, Total: 102002 ns
[4662.714s][info ][safepoint      ] Safepoint "Cleanup", Time since last: 1000155693 ns, Reaching safepoint: 17301 ns, Cleanup: 23900 ns, At safepoint: 4100 ns, Total: 45301 ns
[4673.716s][info ][safepoint      ] Safepoint "Cleanup", Time since last: 11001854470 ns, Reaching safepoint: 16900 ns, Cleanup: 16001 ns, At safepoint: 4000 ns, Total: 36901 ns
[4677.717s][info ][safepoint      ] Safepoint "Cleanup", Time since last: 4000702177 ns, Reaching safepoint: 13900 ns, Cleanup: 15501 ns, At safepoint: 36200 ns, Total: 65601 ns
[4681.717s][info ][safepoint      ] Safepoint "Cleanup", Time since last: 4000638385 ns, Reaching safepoint: 16001 ns, Cleanup: 16700 ns, At safepoint: 4600 ns, Total: 37301 ns
[4689.405s][info ][safepoint      ] Safepoint "Cleanup", Time since last: 7687967785 ns, Reaching safepoint: 14201 ns, Cleanup: 19200 ns, At safepoint: 4000 ns, Total: 37401 ns
[4692.406s][info ][safepoint      ] Safepoint "Cleanup", Time since last: 3000498428 ns, Reaching safepoint: 14600 ns, Cleanup: 13600 ns, At safepoint: 10100 ns, Total: 38300 ns
[4697.984s][info ][gc,start       ] GC(108) Pause Young (Allocation Failure)
[4698.006s][debug][gc,phases      ] GC(108) Scavenge 21.972ms
[4698.006s][debug][gc,ref         ] GC(108) ReferenceProcessor::execute queues: 1, RefProcThreadModel::Single, marks_oops_alive: false
[4698.006s][debug][gc,ref         ] GC(108) Skipped KeepAliveFinalRefsPhase of Reference Processing: no references
[4698.006s][debug][gc,ref         ] GC(108) ReferenceProcessor::execute queues: 1, RefProcThreadModel::Single, marks_oops_alive: false
[4698.006s][debug][gc,phases      ] GC(108) Reference Processing 0.108ms
[4698.006s][debug][gc,phases      ] GC(108)   VM Weak                        Min:  0.0, Avg:  0.0, Max:  0.0, Diff:  0.0, Sum:  0.0, Workers: 4
[4698.006s][debug][gc,phases      ] GC(108)     Dead                           Min: 0, Avg:  0.0, Max: 0, Diff: 0, Sum: 0, Workers: 4
[4698.006s][debug][gc,phases      ] GC(108)     Total                          Min: 0, Avg: 276.8, Max: 723, Diff: 723, Sum: 1107, Workers: 4
[4698.006s][debug][gc,phases      ] GC(108)   ObjectSynchronizer Weak        Min:  0.0, Avg:  0.0, Max:  0.0, Diff:  0.0, Sum:  0.0, Workers: 4
[4698.006s][debug][gc,phases      ] GC(108)     Dead                           Min: 0, Avg:  0.0, Max: 0, Diff: 0, Sum: 0, Workers: 4
[4698.006s][debug][gc,phases      ] GC(108)     Total                          Min: 0, Avg:  1.0, Max: 4, Diff: 4, Sum: 4, Workers: 4
[4698.006s][debug][gc,phases      ] GC(108)   JVMTI Tag Weak OopStorage      Min:  0.0, Avg:  0.0, Max:  0.0, Diff:  0.0, Sum:  0.0, Workers: 4
[4698.006s][debug][gc,phases      ] GC(108)     Dead                           Min: 0, Avg:  0.0, Max: 0, Diff: 0, Sum: 0, Workers: 4
[4698.006s][debug][gc,phases      ] GC(108)     Total                          Min: 0, Avg:  0.0, Max: 0, Diff: 0, Sum: 0, Workers: 4
[4698.006s][debug][gc,phases      ] GC(108)   StringTable Weak               Min:  0.1, Avg:  0.1, Max:  0.1, Diff:  0.0, Sum:  0.5, Workers: 4
[4698.006s][debug][gc,phases      ] GC(108)     Dead                           Min: 0, Avg:  0.2, Max: 1, Diff: 1, Sum: 1, Workers: 4
[4698.006s][debug][gc,phases      ] GC(108)     Total                          Min: 11200, Avg: 12559.0, Max: 13694, Diff: 2494, Sum: 50236, Workers: 4
[4698.006s][debug][gc,phases      ] GC(108)   ResolvedMethodTable Weak       Min:  0.0, Avg:  0.0, Max:  0.0, Diff:  0.0, Sum:  0.2, Workers: 4
[4698.006s][debug][gc,phases      ] GC(108)     Dead                           Min: 0, Avg:  4.0, Max: 16, Diff: 16, Sum: 16, Workers: 4
[4698.006s][debug][gc,phases      ] GC(108)     Total                          Min: 3610, Avg: 4036.2, Max: 4515, Diff: 905, Sum: 16145, Workers: 4
[4698.006s][debug][gc,phases      ] GC(108)   JNI Weak                       Min:  0.0, Avg:  0.0, Max:  0.0, Diff:  0.0, Sum:  0.0, Workers: 4
[4698.006s][debug][gc,phases      ] GC(108)     Dead                           Min: 0, Avg:  0.0, Max: 0, Diff: 0, Sum: 0, Workers: 4
[4698.006s][debug][gc,phases      ] GC(108)     Total                          Min: 0, Avg: 13.0, Max: 52, Diff: 52, Sum: 52, Workers: 4
[4698.006s][debug][gc,phases      ] GC(108)   StringDedup Table Weak         Min:  0.0, Avg:  0.0, Max:  0.0, Diff:  0.0, Sum:  0.0, Workers: 4
[4698.006s][debug][gc,phases      ] GC(108)     Dead                           Min: 0, Avg:  0.0, Max: 0, Diff: 0, Sum: 0, Workers: 4
[4698.006s][debug][gc,phases      ] GC(108)     Total                          Min: 0, Avg:  0.0, Max: 0, Diff: 0, Sum: 0, Workers: 4
[4698.006s][debug][gc,phases      ] GC(108)   StringDedup Requests0 Weak     Min:  0.0, Avg:  0.0, Max:  0.0, Diff:  0.0, Sum:  0.0, Workers: 4
[4698.006s][debug][gc,phases      ] GC(108)     Dead                           Min: 0, Avg:  0.0, Max: 0, Diff: 0, Sum: 0, Workers: 4
[4698.006s][debug][gc,phases      ] GC(108)     Total                          Min: 0, Avg:  0.0, Max: 0, Diff: 0, Sum: 0, Workers: 4
[4698.006s][debug][gc,phases      ] GC(108)   StringDedup Requests1 Weak     Min:  0.0, Avg:  0.0, Max:  0.0, Diff:  0.0, Sum:  0.0, Workers: 4
[4698.006s][debug][gc,phases      ] GC(108)     Dead                           Min: 0, Avg:  0.0, Max: 0, Diff: 0, Sum: 0, Workers: 4
[4698.006s][debug][gc,phases      ] GC(108)     Total                          Min: 0, Avg:  0.0, Max: 0, Diff: 0, Sum: 0, Workers: 4
[4698.006s][debug][gc,phases      ] GC(108)   Weak JFR Old Object Samples    Min:  0.0, Avg:  0.0, Max:  0.0, Diff:  0.0, Sum:  0.0, Workers: 4
[4698.006s][debug][gc,phases      ] GC(108)     Dead                           Min: 0, Avg:  0.0, Max: 0, Diff: 0, Sum: 0, Workers: 4
[4698.006s][debug][gc,phases      ] GC(108)     Total                          Min: 0, Avg:  0.0, Max: 0, Diff: 0, Sum: 0, Workers: 4
[4698.006s][debug][gc,phases      ] GC(108) Weak Processing 0.377ms
[4698.006s][debug][gc,age         ] GC(108) Desired survivor size 25690112 bytes, new threshold 1 (max threshold 15)
[4698.006s][info ][gc,heap        ] GC(108) PSYoungGen: 2070336K(2080768K)->16368K(2079744K) Eden: 2063360K(2063360K)->0K(2063360K) From: 6976K(17408K)->16368K(16384K)
[4698.006s][info ][gc,heap        ] GC(108) ParOldGen: 1336636K(1336832K)->1351707K(1352192K)
[4698.006s][info ][gc,metaspace   ] GC(108) Metaspace: 115316K(116800K)->115316K(116800K) NonClass: 98130K(98944K)->98130K(98944K) Class: 17185K(17856K)->17185K(17856K)
[4698.006s][info ][gc             ] GC(108) Pause Young (Allocation Failure) 3327M->1336M(3351M) 22.604ms
[4698.006s][info ][gc,cpu         ] GC(108) User=0.08s Sys=0.00s Real=0.02s
[4698.006s][info ][safepoint      ] Safepoint "ParallelGCFailedAllocation", Time since last: 5577792241 ns, Reaching safepoint: 12700 ns, Cleanup: 6300 ns, At safepoint: 22698897 ns, Total: 22717897 ns
[4702.007s][info ][safepoint      ] Safepoint "Cleanup", Time since last: 4000430558 ns, Reaching safepoint: 13501 ns, Cleanup: 19800 ns, At safepoint: 3300 ns, Total: 36601 ns
[4709.008s][info ][safepoint      ] Safepoint "Cleanup", Time since last: 7001082366 ns, Reaching safepoint: 14201 ns, Cleanup: 15000 ns, At safepoint: 3500 ns, Total: 32701 ns
[4713.009s][info ][safepoint      ] Safepoint "Cleanup", Time since last: 4000550915 ns, Reaching safepoint: 16500 ns, Cleanup: 18100 ns, At safepoint: 4601 ns, Total: 39201 ns
[4717.009s][info ][safepoint      ] Safepoint "Cleanup", Time since last: 4000645870 ns, Reaching safepoint: 15900 ns, Cleanup: 17800 ns, At safepoint: 4000 ns, Total: 37700 ns
[4729.011s][info ][safepoint      ] Safepoint "Cleanup", Time since last: 12001641901 ns, Reaching safepoint: 14500 ns, Cleanup: 17000 ns, At safepoint: 4100 ns, Total: 35600 ns
[4761.928s][info ][gc,start       ] GC(109) Pause Young (Allocation Failure)
[4761.943s][debug][gc,phases      ] GC(109) Scavenge 15.587ms
[4761.943s][debug][gc,ref         ] GC(109) ReferenceProcessor::execute queues: 1, RefProcThreadModel::Single, marks_oops_alive: false
[4761.943s][debug][gc,ref         ] GC(109) Skipped KeepAliveFinalRefsPhase of Reference Processing: no references
[4761.943s][debug][gc,ref         ] GC(109) ReferenceProcessor::execute queues: 1, RefProcThreadModel::Single, marks_oops_alive: false
[4761.943s][debug][gc,phases      ] GC(109) Reference Processing 0.120ms
[4761.944s][debug][gc,phases      ] GC(109)   VM Weak                        Min:  0.0, Avg:  0.0, Max:  0.0, Diff:  0.0, Sum:  0.0, Workers: 4
[4761.944s][debug][gc,phases      ] GC(109)     Dead                           Min: 0, Avg:  0.0, Max: 0, Diff: 0, Sum: 0, Workers: 4
[4761.944s][debug][gc,phases      ] GC(109)     Total                          Min: 0, Avg: 276.8, Max: 448, Diff: 448, Sum: 1107, Workers: 4
[4761.944s][debug][gc,phases      ] GC(109)   ObjectSynchronizer Weak        Min:  0.0, Avg:  0.0, Max:  0.0, Diff:  0.0, Sum:  0.0, Workers: 4
[4761.944s][debug][gc,phases      ] GC(109)     Dead                           Min: 0, Avg:  0.0, Max: 0, Diff: 0, Sum: 0, Workers: 4
[4761.944s][debug][gc,phases      ] GC(109)     Total                          Min: 0, Avg:  1.0, Max: 4, Diff: 4, Sum: 4, Workers: 4
[4761.944s][debug][gc,phases      ] GC(109)   JVMTI Tag Weak OopStorage      Min:  0.0, Avg:  0.0, Max:  0.0, Diff:  0.0, Sum:  0.0, Workers: 4
[4761.944s][debug][gc,phases      ] GC(109)     Dead                           Min: 0, Avg:  0.0, Max: 0, Diff: 0, Sum: 0, Workers: 4
[4761.944s][debug][gc,phases      ] GC(109)     Total                          Min: 0, Avg:  0.0, Max: 0, Diff: 0, Sum: 0, Workers: 4
[4761.944s][debug][gc,phases      ] GC(109)   StringTable Weak               Min:  0.1, Avg:  0.1, Max:  0.1, Diff:  0.0, Sum:  0.5, Workers: 4
[4761.944s][debug][gc,phases      ] GC(109)     Dead                           Min: 0, Avg:  0.0, Max: 0, Diff: 0, Sum: 0, Workers: 4
[4761.944s][debug][gc,phases      ] GC(109)     Total                          Min: 10498, Avg: 12560.5, Max: 13248, Diff: 2750, Sum: 50242, Workers: 4
[4761.944s][debug][gc,phases      ] GC(109)   ResolvedMethodTable Weak       Min:  0.0, Avg:  0.0, Max:  0.0, Diff:  0.0, Sum:  0.2, Workers: 4
[4761.944s][debug][gc,phases      ] GC(109)     Dead                           Min: 0, Avg:  4.0, Max: 16, Diff: 16, Sum: 16, Workers: 4
[4761.944s][debug][gc,phases      ] GC(109)     Total                          Min: 3508, Avg: 4036.2, Max: 4415, Diff: 907, Sum: 16145, Workers: 4
[4761.944s][debug][gc,phases      ] GC(109)   JNI Weak                       Min:  0.0, Avg:  0.0, Max:  0.0, Diff:  0.0, Sum:  0.0, Workers: 4
[4761.944s][debug][gc,phases      ] GC(109)     Dead                           Min: 0, Avg:  0.0, Max: 0, Diff: 0, Sum: 0, Workers: 4
[4761.944s][debug][gc,phases      ] GC(109)     Total                          Min: 0, Avg: 13.0, Max: 52, Diff: 52, Sum: 52, Workers: 4
[4761.944s][debug][gc,phases      ] GC(109)   StringDedup Table Weak         Min:  0.0, Avg:  0.0, Max:  0.0, Diff:  0.0, Sum:  0.0, Workers: 4
[4761.944s][debug][gc,phases      ] GC(109)     Dead                           Min: 0, Avg:  0.0, Max: 0, Diff: 0, Sum: 0, Workers: 4
[4761.944s][debug][gc,phases      ] GC(109)     Total                          Min: 0, Avg:  0.0, Max: 0, Diff: 0, Sum: 0, Workers: 4
[4761.944s][debug][gc,phases      ] GC(109)   StringDedup Requests0 Weak     Min:  0.0, Avg:  0.0, Max:  0.0, Diff:  0.0, Sum:  0.0, Workers: 4
[4761.944s][debug][gc,phases      ] GC(109)     Dead                           Min: 0, Avg:  0.0, Max: 0, Diff: 0, Sum: 0, Workers: 4
[4761.944s][debug][gc,phases      ] GC(109)     Total                          Min: 0, Avg:  0.0, Max: 0, Diff: 0, Sum: 0, Workers: 4
[4761.944s][debug][gc,phases      ] GC(109)   StringDedup Requests1 Weak     Min:  0.0, Avg:  0.0, Max:  0.0, Diff:  0.0, Sum:  0.0, Workers: 4
[4761.944s][debug][gc,phases      ] GC(109)     Dead                           Min: 0, Avg:  0.0, Max: 0, Diff: 0, Sum: 0, Workers: 4
[4761.944s][debug][gc,phases      ] GC(109)     Total                          Min: 0, Avg:  0.0, Max: 0, Diff: 0, Sum: 0, Workers: 4
[4761.944s][debug][gc,phases      ] GC(109)   Weak JFR Old Object Samples    Min:  0.0, Avg:  0.0, Max:  0.0, Diff:  0.0, Sum:  0.0, Workers: 4
[4761.944s][debug][gc,phases      ] GC(109)     Dead                           Min: 0, Avg:  0.0, Max: 0, Diff: 0, Sum: 0, Workers: 4
[4761.944s][debug][gc,phases      ] GC(109)     Total                          Min: 0, Avg:  0.0, Max: 0, Diff: 0, Sum: 0, Workers: 4
[4761.944s][debug][gc,phases      ] GC(109) Weak Processing 0.367ms
[4761.944s][debug][gc,age         ] GC(109) Desired survivor size 24117248 bytes, new threshold 1 (max threshold 15)
[4761.944s][info ][gc,heap        ] GC(109) PSYoungGen: 2079728K(2079744K)->5856K(2067456K) Eden: 2063360K(2063360K)->0K(2050048K) From: 16368K(16384K)->5856K(17408K)
[4761.944s][info ][gc,heap        ] GC(109) ParOldGen: 1351707K(1352192K)->1366113K(1366528K)
[4761.944s][info ][gc,metaspace   ] GC(109) Metaspace: 115321K(116800K)->115321K(116800K) NonClass: 98135K(98944K)->98135K(98944K) Class: 17185K(17856K)->17185K(17856K)
[4761.944s][info ][gc             ] GC(109) Pause Young (Allocation Failure) 3351M->1339M(3353M) 16.238ms
[4761.944s][info ][gc,cpu         ] GC(109) User=0.06s Sys=0.01s Real=0.02s
[4761.944s][info ][safepoint      ] Safepoint "ParallelGCFailedAllocation", Time since last: 32916448702 ns, Reaching safepoint: 89501 ns, Cleanup: 6800 ns, At safepoint: 16366006 ns, Total: 16462307 ns
[4765.944s][info ][safepoint      ] Safepoint "Cleanup", Time since last: 4000513626 ns, Reaching safepoint: 16201 ns, Cleanup: 16300 ns, At safepoint: 4200 ns, Total: 36701 ns
[4776.946s][info ][safepoint      ] Safepoint "Cleanup", Time since last: 11001399985 ns, Reaching safepoint: 18500 ns, Cleanup: 17300 ns, At safepoint: 49701 ns, Total: 85501 ns
[4783.947s][info ][safepoint      ] Safepoint "Cleanup", Time since last: 7000768046 ns, Reaching safepoint: 13801 ns, Cleanup: 21500 ns, At safepoint: 3200 ns, Total: 38501 ns
[4784.947s][info ][safepoint      ] Safepoint "Cleanup", Time since last: 1000122487 ns, Reaching safepoint: 14900 ns, Cleanup: 17000 ns, At safepoint: 2800 ns, Total: 34700 ns
[4785.947s][info ][safepoint      ] Safepoint "Cleanup", Time since last: 1000213727 ns, Reaching safepoint: 14500 ns, Cleanup: 17400 ns, At safepoint: 4300 ns, Total: 36200 ns
[4788.947s][info ][safepoint      ] Safepoint "Cleanup", Time since last: 3000308943 ns, Reaching safepoint: 14300 ns, Cleanup: 17700 ns, At safepoint: 3000 ns, Total: 35000 ns
[4791.948s][info ][safepoint      ] Safepoint "Cleanup", Time since last: 3000321143 ns, Reaching safepoint: 13000 ns, Cleanup: 14300 ns, At safepoint: 3700 ns, Total: 31000 ns
[4794.948s][info ][safepoint      ] Safepoint "Cleanup", Time since last: 3000390645 ns, Reaching safepoint: 13600 ns, Cleanup: 17600 ns, At safepoint: 3900 ns, Total: 35100 ns
[4801.949s][info ][safepoint      ] Safepoint "Cleanup", Time since last: 7000596308 ns, Reaching safepoint: 13700 ns, Cleanup: 16500 ns, At safepoint: 3300 ns, Total: 33500 ns
[4808.466s][info ][safepoint      ] Safepoint "Cleanup", Time since last: 6516789907 ns, Reaching safepoint: 17000 ns, Cleanup: 18300 ns, At safepoint: 3600 ns, Total: 38900 ns
[4811.466s][info ][safepoint      ] Safepoint "Cleanup", Time since last: 3000418918 ns, Reaching safepoint: 13500 ns, Cleanup: 26300 ns, At safepoint: 3401 ns, Total: 43201 ns
[4821.468s][info ][safepoint      ] Safepoint "Cleanup", Time since last: 10001397061 ns, Reaching safepoint: 13900 ns, Cleanup: 20801 ns, At safepoint: 3400 ns, Total: 38101 ns
[4831.276s][info ][gc,start       ] GC(110) Pause Young (Allocation Failure)
[4831.283s][debug][gc,phases      ] GC(110) Scavenge 6.422ms
[4831.283s][debug][gc,ref         ] GC(110) ReferenceProcessor::execute queues: 1, RefProcThreadModel::Single, marks_oops_alive: false
[4831.283s][debug][gc,ref         ] GC(110) Skipped KeepAliveFinalRefsPhase of Reference Processing: no references
[4831.283s][debug][gc,ref         ] GC(110) ReferenceProcessor::execute queues: 1, RefProcThreadModel::Single, marks_oops_alive: false
[4831.283s][debug][gc,phases      ] GC(110) Reference Processing 0.122ms
[4831.283s][debug][gc,phases      ] GC(110)   VM Weak                        Min:  0.0, Avg:  0.0, Max:  0.0, Diff:  0.0, Sum:  0.0, Workers: 4
[4831.283s][debug][gc,phases      ] GC(110)     Dead                           Min: 0, Avg:  0.0, Max: 0, Diff: 0, Sum: 0, Workers: 4
[4831.283s][debug][gc,phases      ] GC(110)     Total                          Min: 0, Avg: 276.8, Max: 595, Diff: 595, Sum: 1107, Workers: 4
[4831.283s][debug][gc,phases      ] GC(110)   ObjectSynchronizer Weak        Min:  0.0, Avg:  0.0, Max:  0.0, Diff:  0.0, Sum:  0.0, Workers: 4
[4831.283s][debug][gc,phases      ] GC(110)     Dead                           Min: 0, Avg:  0.0, Max: 0, Diff: 0, Sum: 0, Workers: 4
[4831.283s][debug][gc,phases      ] GC(110)     Total                          Min: 0, Avg:  1.0, Max: 4, Diff: 4, Sum: 4, Workers: 4
[4831.283s][debug][gc,phases      ] GC(110)   JVMTI Tag Weak OopStorage      Min:  0.0, Avg:  0.0, Max:  0.0, Diff:  0.0, Sum:  0.0, Workers: 4
[4831.283s][debug][gc,phases      ] GC(110)     Dead                           Min: 0, Avg:  0.0, Max: 0, Diff: 0, Sum: 0, Workers: 4
[4831.283s][debug][gc,phases      ] GC(110)     Total                          Min: 0, Avg:  0.0, Max: 0, Diff: 0, Sum: 0, Workers: 4
[4831.283s][debug][gc,phases      ] GC(110)   StringTable Weak               Min:  0.1, Avg:  0.1, Max:  0.1, Diff:  0.0, Sum:  0.5, Workers: 4
[4831.283s][debug][gc,phases      ] GC(110)     Dead                           Min: 0, Avg:  0.0, Max: 0, Diff: 0, Sum: 0, Workers: 4
[4831.283s][debug][gc,phases      ] GC(110)     Total                          Min: 10432, Avg: 12561.2, Max: 13632, Diff: 3200, Sum: 50245, Workers: 4
[4831.283s][debug][gc,phases      ] GC(110)   ResolvedMethodTable Weak       Min:  0.0, Avg:  0.0, Max:  0.0, Diff:  0.0, Sum:  0.2, Workers: 4
[4831.283s][debug][gc,phases      ] GC(110)     Dead                           Min: 0, Avg:  4.0, Max: 16, Diff: 16, Sum: 16, Workers: 4
[4831.283s][debug][gc,phases      ] GC(110)     Total                          Min: 3458, Avg: 4036.2, Max: 4433, Diff: 975, Sum: 16145, Workers: 4
[4831.283s][debug][gc,phases      ] GC(110)   JNI Weak                       Min:  0.0, Avg:  0.0, Max:  0.0, Diff:  0.0, Sum:  0.0, Workers: 4
[4831.283s][debug][gc,phases      ] GC(110)     Dead                           Min: 0, Avg:  0.0, Max: 0, Diff: 0, Sum: 0, Workers: 4
[4831.283s][debug][gc,phases      ] GC(110)     Total                          Min: 0, Avg: 13.0, Max: 52, Diff: 52, Sum: 52, Workers: 4
[4831.283s][debug][gc,phases      ] GC(110)   StringDedup Table Weak         Min:  0.0, Avg:  0.0, Max:  0.0, Diff:  0.0, Sum:  0.0, Workers: 4
[4831.283s][debug][gc,phases      ] GC(110)     Dead                           Min: 0, Avg:  0.0, Max: 0, Diff: 0, Sum: 0, Workers: 4
[4831.283s][debug][gc,phases      ] GC(110)     Total                          Min: 0, Avg:  0.0, Max: 0, Diff: 0, Sum: 0, Workers: 4
[4831.283s][debug][gc,phases      ] GC(110)   StringDedup Requests0 Weak     Min:  0.0, Avg:  0.0, Max:  0.0, Diff:  0.0, Sum:  0.0, Workers: 4
[4831.283s][debug][gc,phases      ] GC(110)     Dead                           Min: 0, Avg:  0.0, Max: 0, Diff: 0, Sum: 0, Workers: 4
[4831.283s][debug][gc,phases      ] GC(110)     Total                          Min: 0, Avg:  0.0, Max: 0, Diff: 0, Sum: 0, Workers: 4
[4831.283s][debug][gc,phases      ] GC(110)   StringDedup Requests1 Weak     Min:  0.0, Avg:  0.0, Max:  0.0, Diff:  0.0, Sum:  0.0, Workers: 4
[4831.283s][debug][gc,phases      ] GC(110)     Dead                           Min: 0, Avg:  0.0, Max: 0, Diff: 0, Sum: 0, Workers: 4
[4831.283s][debug][gc,phases      ] GC(110)     Total                          Min: 0, Avg:  0.0, Max: 0, Diff: 0, Sum: 0, Workers: 4
[4831.283s][debug][gc,phases      ] GC(110)   Weak JFR Old Object Samples    Min:  0.0, Avg:  0.0, Max:  0.0, Diff:  0.0, Sum:  0.0, Workers: 4
[4831.283s][debug][gc,phases      ] GC(110)     Dead                           Min: 0, Avg:  0.0, Max: 0, Diff: 0, Sum: 0, Workers: 4
[4831.283s][debug][gc,phases      ] GC(110)     Total                          Min: 0, Avg:  0.0, Max: 0, Diff: 0, Sum: 0, Workers: 4
[4831.283s][debug][gc,phases      ] GC(110) Weak Processing 0.404ms
[4831.283s][debug][gc,age         ] GC(110) Desired survivor size 23592960 bytes, new threshold 1 (max threshold 15)
[4831.283s][info ][gc,heap        ] GC(110) PSYoungGen: 2055904K(2067456K)->4720K(2073600K) Eden: 2050048K(2050048K)->0K(2050048K) From: 5856K(17408K)->4720K(23552K)
[4831.283s][info ][gc,heap        ] GC(110) ParOldGen: 1366113K(1366528K)->1368690K(1369600K)
[4831.283s][info ][gc,metaspace   ] GC(110) Metaspace: 115333K(116800K)->115333K(116800K) NonClass: 98148K(98944K)->98148K(98944K) Class: 17185K(17856K)->17185K(17856K)
[4831.283s][info ][gc             ] GC(110) Pause Young (Allocation Failure) 3341M->1341M(3362M) 7.107ms
[4831.283s][info ][gc,cpu         ] GC(110) User=0.03s Sys=0.00s Real=0.01s
[4831.283s][info ][safepoint      ] Safepoint "ParallelGCFailedAllocation", Time since last: 9808627212 ns, Reaching safepoint: 16000 ns, Cleanup: 6600 ns, At safepoint: 7245735 ns, Total: 7268335 ns
[4837.284s][info ][safepoint      ] Safepoint "Cleanup", Time since last: 6000523108 ns, Reaching safepoint: 14500 ns, Cleanup: 14200 ns, At safepoint: 2801 ns, Total: 31501 ns
[4876.497s][info ][safepoint      ] Safepoint "Cleanup", Time since last: 39212717814 ns, Reaching safepoint: 15901 ns, Cleanup: 17900 ns, At safepoint: 3400 ns, Total: 37201 ns
[4881.497s][info ][safepoint      ] Safepoint "Cleanup", Time since last: 5000663588 ns, Reaching safepoint: 18800 ns, Cleanup: 24001 ns, At safepoint: 7100 ns, Total: 49901 ns
[4899.500s][info ][safepoint      ] Safepoint "Cleanup", Time since last: 18002367603 ns, Reaching safepoint: 16600 ns, Cleanup: 20100 ns, At safepoint: 4200 ns, Total: 40900 ns
[4903.399s][info ][gc,start       ] GC(111) Pause Young (Allocation Failure)
[4903.404s][debug][gc,phases      ] GC(111) Scavenge 5.754ms
[4903.404s][debug][gc,ref         ] GC(111) ReferenceProcessor::execute queues: 1, RefProcThreadModel::Single, marks_oops_alive: false
[4903.404s][debug][gc,ref         ] GC(111) Skipped KeepAliveFinalRefsPhase of Reference Processing: no references
[4903.404s][debug][gc,ref         ] GC(111) Skipped PhantomRefsPhase of Reference Processing: no references
[4903.405s][debug][gc,phases      ] GC(111) Reference Processing 0.149ms
[4903.405s][debug][gc,phases      ] GC(111)   VM Weak                        Min:  0.0, Avg:  0.0, Max:  0.0, Diff:  0.0, Sum:  0.0, Workers: 4
[4903.405s][debug][gc,phases      ] GC(111)     Dead                           Min: 0, Avg:  0.0, Max: 0, Diff: 0, Sum: 0, Workers: 4
[4903.405s][debug][gc,phases      ] GC(111)     Total                          Min: 0, Avg: 276.8, Max: 448, Diff: 448, Sum: 1107, Workers: 4
[4903.405s][debug][gc,phases      ] GC(111)   ObjectSynchronizer Weak        Min:  0.0, Avg:  0.0, Max:  0.0, Diff:  0.0, Sum:  0.0, Workers: 4
[4903.405s][debug][gc,phases      ] GC(111)     Dead                           Min: 0, Avg:  0.0, Max: 0, Diff: 0, Sum: 0, Workers: 4
[4903.405s][debug][gc,phases      ] GC(111)     Total                          Min: 0, Avg:  1.0, Max: 4, Diff: 4, Sum: 4, Workers: 4
[4903.405s][debug][gc,phases      ] GC(111)   JVMTI Tag Weak OopStorage      Min:  0.0, Avg:  0.0, Max:  0.0, Diff:  0.0, Sum:  0.0, Workers: 4
[4903.405s][debug][gc,phases      ] GC(111)     Dead                           Min: 0, Avg:  0.0, Max: 0, Diff: 0, Sum: 0, Workers: 4
[4903.405s][debug][gc,phases      ] GC(111)     Total                          Min: 0, Avg:  0.0, Max: 0, Diff: 0, Sum: 0, Workers: 4
[4903.405s][debug][gc,phases      ] GC(111)   StringTable Weak               Min:  0.1, Avg:  0.1, Max:  0.1, Diff:  0.0, Sum:  0.5, Workers: 4
[4903.405s][debug][gc,phases      ] GC(111)     Dead                           Min: 0, Avg:  0.0, Max: 0, Diff: 0, Sum: 0, Workers: 4
[4903.405s][debug][gc,phases      ] GC(111)     Total                          Min: 11008, Avg: 12561.5, Max: 14528, Diff: 3520, Sum: 50246, Workers: 4
[4903.405s][debug][gc,phases      ] GC(111)   ResolvedMethodTable Weak       Min:  0.0, Avg:  0.0, Max:  0.0, Diff:  0.0, Sum:  0.2, Workers: 4
[4903.405s][debug][gc,phases      ] GC(111)     Dead                           Min: 0, Avg:  4.0, Max: 16, Diff: 16, Sum: 16, Workers: 4
[4903.405s][debug][gc,phases      ] GC(111)     Total                          Min: 3734, Avg: 4036.2, Max: 4351, Diff: 617, Sum: 16145, Workers: 4
[4903.405s][debug][gc,phases      ] GC(111)   JNI Weak                       Min:  0.0, Avg:  0.0, Max:  0.0, Diff:  0.0, Sum:  0.0, Workers: 4
[4903.405s][debug][gc,phases      ] GC(111)     Dead                           Min: 0, Avg:  0.0, Max: 0, Diff: 0, Sum: 0, Workers: 4
[4903.405s][debug][gc,phases      ] GC(111)     Total                          Min: 0, Avg: 13.0, Max: 52, Diff: 52, Sum: 52, Workers: 4
[4903.405s][debug][gc,phases      ] GC(111)   StringDedup Table Weak         Min:  0.0, Avg:  0.0, Max:  0.0, Diff:  0.0, Sum:  0.0, Workers: 4
[4903.405s][debug][gc,phases      ] GC(111)     Dead                           Min: 0, Avg:  0.0, Max: 0, Diff: 0, Sum: 0, Workers: 4
[4903.405s][debug][gc,phases      ] GC(111)     Total                          Min: 0, Avg:  0.0, Max: 0, Diff: 0, Sum: 0, Workers: 4
[4903.405s][debug][gc,phases      ] GC(111)   StringDedup Requests0 Weak     Min:  0.0, Avg:  0.0, Max:  0.0, Diff:  0.0, Sum:  0.0, Workers: 4
[4903.405s][debug][gc,phases      ] GC(111)     Dead                           Min: 0, Avg:  0.0, Max: 0, Diff: 0, Sum: 0, Workers: 4
[4903.405s][debug][gc,phases      ] GC(111)     Total                          Min: 0, Avg:  0.0, Max: 0, Diff: 0, Sum: 0, Workers: 4
[4903.405s][debug][gc,phases      ] GC(111)   StringDedup Requests1 Weak     Min:  0.0, Avg:  0.0, Max:  0.0, Diff:  0.0, Sum:  0.0, Workers: 4
[4903.405s][debug][gc,phases      ] GC(111)     Dead                           Min: 0, Avg:  0.0, Max: 0, Diff: 0, Sum: 0, Workers: 4
[4903.405s][debug][gc,phases      ] GC(111)     Total                          Min: 0, Avg:  0.0, Max: 0, Diff: 0, Sum: 0, Workers: 4
[4903.405s][debug][gc,phases      ] GC(111)   Weak JFR Old Object Samples    Min:  0.0, Avg:  0.0, Max:  0.0, Diff:  0.0, Sum:  0.0, Workers: 4
[4903.405s][debug][gc,phases      ] GC(111)     Dead                           Min: 0, Avg:  0.0, Max: 0, Diff: 0, Sum: 0, Workers: 4
[4903.405s][debug][gc,phases      ] GC(111)     Total                          Min: 0, Avg:  0.0, Max: 0, Diff: 0, Sum: 0, Workers: 4
[4903.405s][debug][gc,phases      ] GC(111) Weak Processing 0.385ms
[4903.405s][debug][gc,age         ] GC(111) Desired survivor size 22544384 bytes, new threshold 1 (max threshold 15)
[4903.405s][info ][gc,heap        ] GC(111) PSYoungGen: 2054768K(2073600K)->4560K(2075136K) Eden: 2050048K(2050048K)->0K(2052096K) From: 4720K(23552K)->4560K(23040K)
[4903.405s][info ][gc,heap        ] GC(111) ParOldGen: 1368690K(1369600K)->1369486K(1369600K)
[4903.405s][info ][gc,metaspace   ] GC(111) Metaspace: 115342K(116800K)->115342K(116800K) NonClass: 98156K(98944K)->98156K(98944K) Class: 17185K(17856K)->17185K(17856K)
[4903.405s][info ][gc             ] GC(111) Pause Young (Allocation Failure) 3343M->1341M(3364M) 6.448ms
[4903.405s][info ][gc,cpu         ] GC(111) User=0.02s Sys=0.00s Real=0.00s
[4903.405s][info ][safepoint      ] Safepoint "ParallelGCFailedAllocation", Time since last: 3898531089 ns, Reaching safepoint: 13600 ns, Cleanup: 6300 ns, At safepoint: 6571521 ns, Total: 6591421 ns
[4908.406s][info ][safepoint      ] Safepoint "Cleanup", Time since last: 5000644133 ns, Reaching safepoint: 12700 ns, Cleanup: 13300 ns, At safepoint: 4101 ns, Total: 30101 ns
[4909.406s][info ][safepoint      ] Safepoint "Cleanup", Time since last: 1000158539 ns, Reaching safepoint: 12400 ns, Cleanup: 14300 ns, At safepoint: 2900 ns, Total: 29600 ns
[4912.406s][info ][safepoint      ] Safepoint "Cleanup", Time since last: 3000271415 ns, Reaching safepoint: 13700 ns, Cleanup: 13400 ns, At safepoint: 2900 ns, Total: 30000 ns
[4928.527s][info ][safepoint      ] Safepoint "Cleanup", Time since last: 16120378340 ns, Reaching safepoint: 96402 ns, Cleanup: 18000 ns, At safepoint: 12800 ns, Total: 127202 ns
[4930.527s][info ][safepoint      ] Safepoint "Cleanup", Time since last: 2000241972 ns, Reaching safepoint: 94202 ns, Cleanup: 15800 ns, At safepoint: 10500 ns, Total: 120502 ns
[4938.528s][info ][safepoint      ] Safepoint "Cleanup", Time since last: 8000735433 ns, Reaching safepoint: 85401 ns, Cleanup: 63401 ns, At safepoint: 7101 ns, Total: 155903 ns
[4939.528s][info ][safepoint      ] Safepoint "Cleanup", Time since last: 1000239099 ns, Reaching safepoint: 90402 ns, Cleanup: 39601 ns, At safepoint: 10600 ns, Total: 140603 ns
[4940.529s][info ][safepoint      ] Safepoint "Cleanup", Time since last: 1000222999 ns, Reaching safepoint: 93902 ns, Cleanup: 39801 ns, At safepoint: 9900 ns, Total: 143603 ns
[4941.529s][info ][safepoint      ] Safepoint "Cleanup", Time since last: 1000139098 ns, Reaching safepoint: 87802 ns, Cleanup: 16400 ns, At safepoint: 9200 ns, Total: 113402 ns
[4945.529s][info ][safepoint      ] Safepoint "Cleanup", Time since last: 4000379088 ns, Reaching safepoint: 89502 ns, Cleanup: 18600 ns, At safepoint: 9500 ns, Total: 117602 ns
[4952.530s][info ][safepoint      ] Safepoint "Cleanup", Time since last: 7000634103 ns, Reaching safepoint: 98002 ns, Cleanup: 21200 ns, At safepoint: 12100 ns, Total: 131302 ns
[4958.531s][info ][safepoint      ] Safepoint "Cleanup", Time since last: 6001174541 ns, Reaching safepoint: 89202 ns, Cleanup: 12800 ns, At safepoint: 6900 ns, Total: 108902 ns
[4959.532s][info ][safepoint      ] Safepoint "Cleanup", Time since last: 1000140389 ns, Reaching safepoint: 85901 ns, Cleanup: 10101 ns, At safepoint: 8000 ns, Total: 104002 ns
[4962.532s][info ][safepoint      ] Safepoint "Cleanup", Time since last: 3000295974 ns, Reaching safepoint: 93502 ns, Cleanup: 11200 ns, At safepoint: 8700 ns, Total: 113402 ns
[4964.532s][info ][safepoint      ] Safepoint "Cleanup", Time since last: 2000216806 ns, Reaching safepoint: 13600 ns, Cleanup: 14300 ns, At safepoint: 2900 ns, Total: 30800 ns
[4967.536s][info ][safepoint      ] Safepoint "Cleanup", Time since last: 3003138360 ns, Reaching safepoint: 133702 ns, Cleanup: 14200 ns, At safepoint: 8101 ns, Total: 156003 ns
[4971.536s][info ][safepoint      ] Safepoint "Cleanup", Time since last: 4000377117 ns, Reaching safepoint: 14400 ns, Cleanup: 17201 ns, At safepoint: 3600 ns, Total: 35201 ns
[4979.426s][info ][gc,start       ] GC(112) Pause Young (Allocation Failure)
[4979.432s][debug][gc,phases      ] GC(112) Scavenge 6.237ms
[4979.432s][debug][gc,ref         ] GC(112) ReferenceProcessor::execute queues: 1, RefProcThreadModel::Single, marks_oops_alive: false
[4979.432s][debug][gc,ref         ] GC(112) Skipped KeepAliveFinalRefsPhase of Reference Processing: no references
[4979.432s][debug][gc,ref         ] GC(112) ReferenceProcessor::execute queues: 1, RefProcThreadModel::Single, marks_oops_alive: false
[4979.432s][debug][gc,phases      ] GC(112) Reference Processing 0.146ms
[4979.433s][debug][gc,phases      ] GC(112)   VM Weak                        Min:  0.0, Avg:  0.0, Max:  0.0, Diff:  0.0, Sum:  0.0, Workers: 4
[4979.433s][debug][gc,phases      ] GC(112)     Dead                           Min: 0, Avg:  0.0, Max: 0, Diff: 0, Sum: 0, Workers: 4
[4979.433s][debug][gc,phases      ] GC(112)     Total                          Min: 0, Avg: 277.0, Max: 1044, Diff: 1044, Sum: 1108, Workers: 4
[4979.433s][debug][gc,phases      ] GC(112)   ObjectSynchronizer Weak        Min:  0.0, Avg:  0.0, Max:  0.0, Diff:  0.0, Sum:  0.0, Workers: 4
[4979.433s][debug][gc,phases      ] GC(112)     Dead                           Min: 0, Avg:  0.0, Max: 0, Diff: 0, Sum: 0, Workers: 4
[4979.433s][debug][gc,phases      ] GC(112)     Total                          Min: 0, Avg:  1.0, Max: 4, Diff: 4, Sum: 4, Workers: 4
[4979.433s][debug][gc,phases      ] GC(112)   JVMTI Tag Weak OopStorage      Min:  0.0, Avg:  0.0, Max:  0.0, Diff:  0.0, Sum:  0.0, Workers: 4
[4979.433s][debug][gc,phases      ] GC(112)     Dead                           Min: 0, Avg:  0.0, Max: 0, Diff: 0, Sum: 0, Workers: 4
[4979.433s][debug][gc,phases      ] GC(112)     Total                          Min: 0, Avg:  0.0, Max: 0, Diff: 0, Sum: 0, Workers: 4
[4979.433s][debug][gc,phases      ] GC(112)   StringTable Weak               Min:  0.0, Avg:  0.1, Max:  0.2, Diff:  0.2, Sum:  0.5, Workers: 4
[4979.433s][debug][gc,phases      ] GC(112)     Dead                           Min: 0, Avg:  0.5, Max: 2, Diff: 2, Sum: 2, Workers: 4
[4979.433s][debug][gc,phases      ] GC(112)     Total                          Min: 0, Avg: 12562.5, Max: 17024, Diff: 17024, Sum: 50250, Workers: 4
[4979.433s][debug][gc,phases      ] GC(112)   ResolvedMethodTable Weak       Min:  0.0, Avg:  0.0, Max:  0.1, Diff:  0.1, Sum:  0.2, Workers: 4
[4979.433s][debug][gc,phases      ] GC(112)     Dead                           Min: 0, Avg:  4.5, Max: 17, Diff: 17, Sum: 18, Workers: 4
[4979.433s][debug][gc,phases      ] GC(112)     Total                          Min: 0, Avg: 4038.2, Max: 5430, Diff: 5430, Sum: 16153, Workers: 4
[4979.433s][debug][gc,phases      ] GC(112)   JNI Weak                       Min:  0.0, Avg:  0.0, Max:  0.0, Diff:  0.0, Sum:  0.0, Workers: 4
[4979.433s][debug][gc,phases      ] GC(112)     Dead                           Min: 0, Avg:  0.0, Max: 0, Diff: 0, Sum: 0, Workers: 4
[4979.433s][debug][gc,phases      ] GC(112)     Total                          Min: 0, Avg: 13.0, Max: 52, Diff: 52, Sum: 52, Workers: 4
[4979.433s][debug][gc,phases      ] GC(112)   StringDedup Table Weak         Min:  0.0, Avg:  0.0, Max:  0.0, Diff:  0.0, Sum:  0.0, Workers: 4
[4979.433s][debug][gc,phases      ] GC(112)     Dead                           Min: 0, Avg:  0.0, Max: 0, Diff: 0, Sum: 0, Workers: 4
[4979.433s][debug][gc,phases      ] GC(112)     Total                          Min: 0, Avg:  0.0, Max: 0, Diff: 0, Sum: 0, Workers: 4
[4979.433s][debug][gc,phases      ] GC(112)   StringDedup Requests0 Weak     Min:  0.0, Avg:  0.0, Max:  0.0, Diff:  0.0, Sum:  0.0, Workers: 4
[4979.433s][debug][gc,phases      ] GC(112)     Dead                           Min: 0, Avg:  0.0, Max: 0, Diff: 0, Sum: 0, Workers: 4
[4979.433s][debug][gc,phases      ] GC(112)     Total                          Min: 0, Avg:  0.0, Max: 0, Diff: 0, Sum: 0, Workers: 4
[4979.433s][debug][gc,phases      ] GC(112)   StringDedup Requests1 Weak     Min:  0.0, Avg:  0.0, Max:  0.0, Diff:  0.0, Sum:  0.0, Workers: 4
[4979.433s][debug][gc,phases      ] GC(112)     Dead                           Min: 0, Avg:  0.0, Max: 0, Diff: 0, Sum: 0, Workers: 4
[4979.433s][debug][gc,phases      ] GC(112)     Total                          Min: 0, Avg:  0.0, Max: 0, Diff: 0, Sum: 0, Workers: 4
[4979.433s][debug][gc,phases      ] GC(112)   Weak JFR Old Object Samples    Min:  0.0, Avg:  0.0, Max:  0.0, Diff:  0.0, Sum:  0.0, Workers: 4
[4979.433s][debug][gc,phases      ] GC(112)     Dead                           Min: 0, Avg:  0.0, Max: 0, Diff: 0, Sum: 0, Workers: 4
[4979.433s][debug][gc,phases      ] GC(112)     Total                          Min: 0, Avg:  0.0, Max: 0, Diff: 0, Sum: 0, Workers: 4
[4979.433s][debug][gc,phases      ] GC(112) Weak Processing 0.542ms
[4979.433s][debug][gc,age         ] GC(112) Desired survivor size 22020096 bytes, new threshold 1 (max threshold 15)
[4979.433s][info ][gc,heap        ] GC(112) PSYoungGen: 2056656K(2075136K)->4368K(2074112K) Eden: 2052096K(2052096K)->0K(2052096K) From: 4560K(23040K)->4368K(22016K)
[4979.433s][info ][gc,heap        ] GC(112) ParOldGen: 1369486K(1369600K)->1370562K(1370624K)
[4979.433s][info ][gc,metaspace   ] GC(112) Metaspace: 115359K(116864K)->115359K(116864K) NonClass: 98171K(99008K)->98171K(99008K) Class: 17188K(17856K)->17188K(17856K)
[4979.433s][info ][gc             ] GC(112) Pause Young (Allocation Failure) 3345M->1342M(3364M) 7.076ms
[4979.433s][info ][gc,cpu         ] GC(112) User=0.02s Sys=0.00s Real=0.01s
[4979.433s][info ][safepoint      ] Safepoint "ParallelGCFailedAllocation", Time since last: 7889471913 ns, Reaching safepoint: 105102 ns, Cleanup: 6201 ns, At safepoint: 7186433 ns, Total: 7297736 ns
[4994.557s][info ][safepoint      ] Safepoint "Cleanup", Time since last: 15124567118 ns, Reaching safepoint: 12100 ns, Cleanup: 12501 ns, At safepoint: 3900 ns, Total: 28501 ns
[5014.560s][info ][safepoint      ] Safepoint "Cleanup", Time since last: 20002235285 ns, Reaching safepoint: 86402 ns, Cleanup: 15700 ns, At safepoint: 9700 ns, Total: 111802 ns
[5015.560s][info ][safepoint      ] Safepoint "Cleanup", Time since last: 1000190924 ns, Reaching safepoint: 15200 ns, Cleanup: 32001 ns, At safepoint: 4300 ns, Total: 51501 ns
[5016.560s][info ][safepoint      ] Safepoint "Cleanup", Time since last: 1000133322 ns, Reaching safepoint: 13600 ns, Cleanup: 14401 ns, At safepoint: 4000 ns, Total: 32001 ns
[5019.561s][info ][safepoint      ] Safepoint "Cleanup", Time since last: 3000443657 ns, Reaching safepoint: 84502 ns, Cleanup: 23900 ns, At safepoint: 9300 ns, Total: 117702 ns
[5019.887s][info ][gc,start       ] GC(113) Pause Young (Allocation Failure)
[5019.901s][debug][gc,phases      ] GC(113) Scavenge 14.386ms
[5019.901s][debug][gc,ref         ] GC(113) ReferenceProcessor::execute queues: 1, RefProcThreadModel::Single, marks_oops_alive: false
[5019.901s][debug][gc,ref         ] GC(113) Skipped KeepAliveFinalRefsPhase of Reference Processing: no references
[5019.901s][debug][gc,ref         ] GC(113) ReferenceProcessor::execute queues: 1, RefProcThreadModel::Single, marks_oops_alive: false
[5019.901s][debug][gc,phases      ] GC(113) Reference Processing 0.107ms
[5019.902s][debug][gc,phases      ] GC(113)   VM Weak                        Min:  0.0, Avg:  0.0, Max:  0.0, Diff:  0.0, Sum:  0.0, Workers: 4
[5019.902s][debug][gc,phases      ] GC(113)     Dead                           Min: 0, Avg:  0.0, Max: 0, Diff: 0, Sum: 0, Workers: 4
[5019.902s][debug][gc,phases      ] GC(113)     Total                          Min: 64, Avg: 277.0, Max: 704, Diff: 640, Sum: 1108, Workers: 4
[5019.902s][debug][gc,phases      ] GC(113)   ObjectSynchronizer Weak        Min:  0.0, Avg:  0.0, Max:  0.0, Diff:  0.0, Sum:  0.0, Workers: 4
[5019.902s][debug][gc,phases      ] GC(113)     Dead                           Min: 0, Avg:  0.0, Max: 0, Diff: 0, Sum: 0, Workers: 4
[5019.902s][debug][gc,phases      ] GC(113)     Total                          Min: 0, Avg:  1.5, Max: 6, Diff: 6, Sum: 6, Workers: 4
[5019.902s][debug][gc,phases      ] GC(113)   JVMTI Tag Weak OopStorage      Min:  0.0, Avg:  0.0, Max:  0.0, Diff:  0.0, Sum:  0.0, Workers: 4
[5019.902s][debug][gc,phases      ] GC(113)     Dead                           Min: 0, Avg:  0.0, Max: 0, Diff: 0, Sum: 0, Workers: 4
[5019.902s][debug][gc,phases      ] GC(113)     Total                          Min: 0, Avg:  0.0, Max: 0, Diff: 0, Sum: 0, Workers: 4
[5019.902s][debug][gc,phases      ] GC(113)   StringTable Weak               Min:  0.1, Avg:  0.1, Max:  0.1, Diff:  0.0, Sum:  0.6, Workers: 4
[5019.902s][debug][gc,phases      ] GC(113)     Dead                           Min: 0, Avg:  0.0, Max: 0, Diff: 0, Sum: 0, Workers: 4
[5019.902s][debug][gc,phases      ] GC(113)     Total                          Min: 11456, Avg: 12562.5, Max: 14335, Diff: 2879, Sum: 50250, Workers: 4
[5019.902s][debug][gc,phases      ] GC(113)   ResolvedMethodTable Weak       Min:  0.0, Avg:  0.0, Max:  0.0, Diff:  0.0, Sum:  0.2, Workers: 4
[5019.902s][debug][gc,phases      ] GC(113)     Dead                           Min: 0, Avg:  4.0, Max: 14, Diff: 14, Sum: 16, Workers: 4
[5019.902s][debug][gc,phases      ] GC(113)     Total                          Min: 3687, Avg: 4038.2, Max: 4523, Diff: 836, Sum: 16153, Workers: 4
[5019.902s][debug][gc,phases      ] GC(113)   JNI Weak                       Min:  0.0, Avg:  0.0, Max:  0.0, Diff:  0.0, Sum:  0.0, Workers: 4
[5019.902s][debug][gc,phases      ] GC(113)     Dead                           Min: 0, Avg:  0.0, Max: 0, Diff: 0, Sum: 0, Workers: 4
[5019.902s][debug][gc,phases      ] GC(113)     Total                          Min: 0, Avg: 13.0, Max: 52, Diff: 52, Sum: 52, Workers: 4
[5019.902s][debug][gc,phases      ] GC(113)   StringDedup Table Weak         Min:  0.0, Avg:  0.0, Max:  0.0, Diff:  0.0, Sum:  0.0, Workers: 4
[5019.902s][debug][gc,phases      ] GC(113)     Dead                           Min: 0, Avg:  0.0, Max: 0, Diff: 0, Sum: 0, Workers: 4
[5019.902s][debug][gc,phases      ] GC(113)     Total                          Min: 0, Avg:  0.0, Max: 0, Diff: 0, Sum: 0, Workers: 4
[5019.902s][debug][gc,phases      ] GC(113)   StringDedup Requests0 Weak     Min:  0.0, Avg:  0.0, Max:  0.0, Diff:  0.0, Sum:  0.0, Workers: 4
[5019.902s][debug][gc,phases      ] GC(113)     Dead                           Min: 0, Avg:  0.0, Max: 0, Diff: 0, Sum: 0, Workers: 4
[5019.902s][debug][gc,phases      ] GC(113)     Total                          Min: 0, Avg:  0.0, Max: 0, Diff: 0, Sum: 0, Workers: 4
[5019.902s][debug][gc,phases      ] GC(113)   StringDedup Requests1 Weak     Min:  0.0, Avg:  0.0, Max:  0.0, Diff:  0.0, Sum:  0.0, Workers: 4
[5019.902s][debug][gc,phases      ] GC(113)     Dead                           Min: 0, Avg:  0.0, Max: 0, Diff: 0, Sum: 0, Workers: 4
[5019.902s][debug][gc,phases      ] GC(113)     Total                          Min: 0, Avg:  0.0, Max: 0, Diff: 0, Sum: 0, Workers: 4
[5019.902s][debug][gc,phases      ] GC(113)   Weak JFR Old Object Samples    Min:  0.0, Avg:  0.0, Max:  0.0, Diff:  0.0, Sum:  0.0, Workers: 4
[5019.902s][debug][gc,phases      ] GC(113)     Dead                           Min: 0, Avg:  0.0, Max: 0, Diff: 0, Sum: 0, Workers: 4
[5019.902s][debug][gc,phases      ] GC(113)     Total                          Min: 0, Avg:  0.0, Max: 0, Diff: 0, Sum: 0, Workers: 4
[5019.902s][debug][gc,phases      ] GC(113) Weak Processing 0.382ms
[5019.902s][debug][gc,age         ] GC(113) Desired survivor size 26214400 bytes, new threshold 1 (max threshold 15)
[5019.902s][info ][gc,heap        ] GC(113) PSYoungGen: 2056263K(2074112K)->21472K(2067456K) Eden: 2051894K(2052096K)->0K(2045952K) From: 4368K(22016K)->21472K(21504K)
[5019.902s][info ][gc,heap        ] GC(113) ParOldGen: 1370562K(1370624K)->1372443K(1372672K)
[5019.902s][info ][gc,metaspace   ] GC(113) Metaspace: 115363K(116864K)->115363K(116864K) NonClass: 98175K(99008K)->98175K(99008K) Class: 17188K(17856K)->17188K(17856K)
[5019.902s][info ][gc             ] GC(113) Pause Young (Allocation Failure) 3346M->1361M(3359M) 15.022ms
[5019.902s][info ][gc,cpu         ] GC(113) User=0.05s Sys=0.00s Real=0.02s
[5019.902s][info ][safepoint      ] Safepoint "ParallelGCFailedAllocation", Time since last: 325935988 ns, Reaching safepoint: 90102 ns, Cleanup: 5800 ns, At safepoint: 15111787 ns, Total: 15207689 ns
[5020.902s][info ][safepoint      ] Safepoint "Cleanup", Time since last: 1000103088 ns, Reaching safepoint: 14600 ns, Cleanup: 16000 ns, At safepoint: 3900 ns, Total: 34500 ns
[5023.902s][info ][safepoint      ] Safepoint "Cleanup", Time since last: 3000363964 ns, Reaching safepoint: 15801 ns, Cleanup: 15300 ns, At safepoint: 4500 ns, Total: 35601 ns
[5024.904s][info ][safepoint      ] Safepoint "Cleanup", Time since last: 1001830221 ns, Reaching safepoint: 85901 ns, Cleanup: 16001 ns, At safepoint: 6800 ns, Total: 108702 ns
[5025.905s][info ][safepoint      ] Safepoint "Cleanup", Time since last: 1000197278 ns, Reaching safepoint: 15700 ns, Cleanup: 16001 ns, At safepoint: 3900 ns, Total: 35601 ns
[5029.905s][info ][safepoint      ] Safepoint "Cleanup", Time since last: 4000497886 ns, Reaching safepoint: 14600 ns, Cleanup: 15900 ns, At safepoint: 4500 ns, Total: 35000 ns
[5032.906s][info ][safepoint      ] Safepoint "Cleanup", Time since last: 3000375390 ns, Reaching safepoint: 13000 ns, Cleanup: 14901 ns, At safepoint: 3400 ns, Total: 31301 ns
[5036.906s][info ][safepoint      ] Safepoint "Cleanup", Time since last: 4000490176 ns, Reaching safepoint: 84102 ns, Cleanup: 13800 ns, At safepoint: 6500 ns, Total: 104402 ns
[5040.907s][info ][safepoint      ] Safepoint "Cleanup", Time since last: 4000462241 ns, Reaching safepoint: 90501 ns, Cleanup: 11601 ns, At safepoint: 7400 ns, Total: 109502 ns
[5041.907s][info ][safepoint      ] Safepoint "Cleanup", Time since last: 1000155160 ns, Reaching safepoint: 14800 ns, Cleanup: 15400 ns, At safepoint: 3600 ns, Total: 33800 ns
[5043.447s][info ][gc,start       ] GC(114) Pause Young (Allocation Failure)
[5043.472s][debug][gc,phases      ] GC(114) Scavenge 25.331ms
[5043.472s][debug][gc,ref         ] GC(114) ReferenceProcessor::execute queues: 1, RefProcThreadModel::Single, marks_oops_alive: false
[5043.472s][debug][gc,ref         ] GC(114) Skipped KeepAliveFinalRefsPhase of Reference Processing: no references
[5043.472s][debug][gc,ref         ] GC(114) ReferenceProcessor::execute queues: 1, RefProcThreadModel::Single, marks_oops_alive: false
[5043.472s][debug][gc,phases      ] GC(114) Reference Processing 0.105ms
[5043.473s][debug][gc,phases      ] GC(114)   VM Weak                        Min:  0.0, Avg:  0.0, Max:  0.0, Diff:  0.0, Sum:  0.0, Workers: 4
[5043.473s][debug][gc,phases      ] GC(114)     Dead                           Min: 0, Avg:  0.0, Max: 0, Diff: 0, Sum: 0, Workers: 4
[5043.473s][debug][gc,phases      ] GC(114)     Total                          Min: 0, Avg: 277.0, Max: 768, Diff: 768, Sum: 1108, Workers: 4
[5043.473s][debug][gc,phases      ] GC(114)   ObjectSynchronizer Weak        Min:  0.0, Avg:  0.0, Max:  0.0, Diff:  0.0, Sum:  0.0, Workers: 4
[5043.473s][debug][gc,phases      ] GC(114)     Dead                           Min: 0, Avg:  0.0, Max: 0, Diff: 0, Sum: 0, Workers: 4
[5043.473s][debug][gc,phases      ] GC(114)     Total                          Min: 0, Avg:  0.8, Max: 3, Diff: 3, Sum: 3, Workers: 4
[5043.473s][debug][gc,phases      ] GC(114)   JVMTI Tag Weak OopStorage      Min:  0.0, Avg:  0.0, Max:  0.0, Diff:  0.0, Sum:  0.0, Workers: 4
[5043.473s][debug][gc,phases      ] GC(114)     Dead                           Min: 0, Avg:  0.0, Max: 0, Diff: 0, Sum: 0, Workers: 4
[5043.473s][debug][gc,phases      ] GC(114)     Total                          Min: 0, Avg:  0.0, Max: 0, Diff: 0, Sum: 0, Workers: 4
[5043.473s][debug][gc,phases      ] GC(114)   StringTable Weak               Min:  0.1, Avg:  0.1, Max:  0.1, Diff:  0.0, Sum:  0.6, Workers: 4
[5043.473s][debug][gc,phases      ] GC(114)     Dead                           Min: 0, Avg:  0.0, Max: 0, Diff: 0, Sum: 0, Workers: 4
[5043.473s][debug][gc,phases      ] GC(114)     Total                          Min: 11391, Avg: 12562.5, Max: 14027, Diff: 2636, Sum: 50250, Workers: 4
[5043.473s][debug][gc,phases      ] GC(114)   ResolvedMethodTable Weak       Min:  0.0, Avg:  0.0, Max:  0.0, Diff:  0.0, Sum:  0.2, Workers: 4
[5043.473s][debug][gc,phases      ] GC(114)     Dead                           Min: 0, Avg:  4.0, Max: 12, Diff: 12, Sum: 16, Workers: 4
[5043.473s][debug][gc,phases      ] GC(114)     Total                          Min: 3658, Avg: 4038.2, Max: 4728, Diff: 1070, Sum: 16153, Workers: 4
[5043.473s][debug][gc,phases      ] GC(114)   JNI Weak                       Min:  0.0, Avg:  0.0, Max:  0.0, Diff:  0.0, Sum:  0.0, Workers: 4
[5043.473s][debug][gc,phases      ] GC(114)     Dead                           Min: 0, Avg:  0.0, Max: 0, Diff: 0, Sum: 0, Workers: 4
[5043.473s][debug][gc,phases      ] GC(114)     Total                          Min: 0, Avg: 13.0, Max: 52, Diff: 52, Sum: 52, Workers: 4
[5043.473s][debug][gc,phases      ] GC(114)   StringDedup Table Weak         Min:  0.0, Avg:  0.0, Max:  0.0, Diff:  0.0, Sum:  0.0, Workers: 4
[5043.473s][debug][gc,phases      ] GC(114)     Dead                           Min: 0, Avg:  0.0, Max: 0, Diff: 0, Sum: 0, Workers: 4
[5043.473s][debug][gc,phases      ] GC(114)     Total                          Min: 0, Avg:  0.0, Max: 0, Diff: 0, Sum: 0, Workers: 4
[5043.473s][debug][gc,phases      ] GC(114)   StringDedup Requests0 Weak     Min:  0.0, Avg:  0.0, Max:  0.0, Diff:  0.0, Sum:  0.0, Workers: 4
[5043.473s][debug][gc,phases      ] GC(114)     Dead                           Min: 0, Avg:  0.0, Max: 0, Diff: 0, Sum: 0, Workers: 4
[5043.473s][debug][gc,phases      ] GC(114)     Total                          Min: 0, Avg:  0.0, Max: 0, Diff: 0, Sum: 0, Workers: 4
[5043.473s][debug][gc,phases      ] GC(114)   StringDedup Requests1 Weak     Min:  0.0, Avg:  0.0, Max:  0.0, Diff:  0.0, Sum:  0.0, Workers: 4
[5043.473s][debug][gc,phases      ] GC(114)     Dead                           Min: 0, Avg:  0.0, Max: 0, Diff: 0, Sum: 0, Workers: 4
[5043.473s][debug][gc,phases      ] GC(114)     Total                          Min: 0, Avg:  0.0, Max: 0, Diff: 0, Sum: 0, Workers: 4
[5043.473s][debug][gc,phases      ] GC(114)   Weak JFR Old Object Samples    Min:  0.0, Avg:  0.0, Max:  0.0, Diff:  0.0, Sum:  0.0, Workers: 4
[5043.473s][debug][gc,phases      ] GC(114)     Dead                           Min: 0, Avg:  0.0, Max: 0, Diff: 0, Sum: 0, Workers: 4
[5043.473s][debug][gc,phases      ] GC(114)     Total                          Min: 0, Avg:  0.0, Max: 0, Diff: 0, Sum: 0, Workers: 4
[5043.473s][debug][gc,phases      ] GC(114) Weak Processing 0.381ms
[5043.473s][debug][gc,age         ] GC(114) Desired survivor size 30408704 bytes, new threshold 1 (max threshold 15)
[5043.473s][info ][gc,heap        ] GC(114) PSYoungGen: 2067424K(2067456K)->24720K(2071040K) Eden: 2045952K(2045952K)->0K(2045952K) From: 21472K(21504K)->24720K(25088K)
[5043.473s][info ][gc,heap        ] GC(114) ParOldGen: 1372443K(1372672K)->1391257K(1391616K)
[5043.473s][info ][gc,metaspace   ] GC(114) Metaspace: 115367K(116864K)->115367K(116864K) NonClass: 98179K(99008K)->98179K(99008K) Class: 17188K(17856K)->17188K(17856K)
[5043.473s][info ][gc             ] GC(114) Pause Young (Allocation Failure) 3359M->1382M(3381M) 25.980ms
[5043.473s][info ][gc,cpu         ] GC(114) User=0.08s Sys=0.01s Real=0.03s
[5043.473s][info ][safepoint      ] Safepoint "ParallelGCFailedAllocation", Time since last: 1539810999 ns, Reaching safepoint: 86802 ns, Cleanup: 5700 ns, At safepoint: 26077381 ns, Total: 26169883 ns
[5047.473s][info ][safepoint      ] Safepoint "Cleanup", Time since last: 4000387979 ns, Reaching safepoint: 86901 ns, Cleanup: 15601 ns, At safepoint: 10200 ns, Total: 112702 ns
[5048.474s][info ][safepoint      ] Safepoint "Cleanup", Time since last: 1000213547 ns, Reaching safepoint: 15400 ns, Cleanup: 19000 ns, At safepoint: 4201 ns, Total: 38601 ns
[5051.474s][info ][safepoint      ] Safepoint "Cleanup", Time since last: 3000344871 ns, Reaching safepoint: 13500 ns, Cleanup: 21200 ns, At safepoint: 3600 ns, Total: 38300 ns
[5053.474s][info ][safepoint      ] Safepoint "Cleanup", Time since last: 2000269309 ns, Reaching safepoint: 103602 ns, Cleanup: 13000 ns, At safepoint: 8800 ns, Total: 125402 ns
[5054.475s][info ][safepoint      ] Safepoint "Cleanup", Time since last: 1000195306 ns, Reaching safepoint: 13600 ns, Cleanup: 12700 ns, At safepoint: 4100 ns, Total: 30400 ns
[5055.475s][info ][safepoint      ] Safepoint "Cleanup", Time since last: 1000134605 ns, Reaching safepoint: 13700 ns, Cleanup: 16600 ns, At safepoint: 3700 ns, Total: 34000 ns
[5058.475s][info ][safepoint      ] Safepoint "Cleanup", Time since last: 3000293499 ns, Reaching safepoint: 89301 ns, Cleanup: 12101 ns, At safepoint: 9900 ns, Total: 111302 ns
[5061.476s][info ][safepoint      ] Safepoint "Cleanup", Time since last: 3000305242 ns, Reaching safepoint: 89002 ns, Cleanup: 15900 ns, At safepoint: 9100 ns, Total: 114002 ns
[5066.476s][info ][safepoint      ] Safepoint "Cleanup", Time since last: 5000438519 ns, Reaching safepoint: 85001 ns, Cleanup: 13501 ns, At safepoint: 8600 ns, Total: 107102 ns
[5067.476s][info ][safepoint      ] Safepoint "Cleanup", Time since last: 1000126211 ns, Reaching safepoint: 88902 ns, Cleanup: 14500 ns, At safepoint: 8400 ns, Total: 111802 ns
[5069.531s][info ][gc,start       ] GC(115) Pause Young (Allocation Failure)
[5069.561s][debug][gc,phases      ] GC(115) Scavenge 30.793ms
[5069.562s][debug][gc,ref         ] GC(115) ReferenceProcessor::execute queues: 1, RefProcThreadModel::Single, marks_oops_alive: false
[5069.562s][debug][gc,ref         ] GC(115) Skipped KeepAliveFinalRefsPhase of Reference Processing: no references
[5069.562s][debug][gc,ref         ] GC(115) ReferenceProcessor::execute queues: 1, RefProcThreadModel::Single, marks_oops_alive: false
[5069.562s][debug][gc,phases      ] GC(115) Reference Processing 0.125ms
[5069.562s][debug][gc,phases      ] GC(115)   VM Weak                        Min:  0.0, Avg:  0.0, Max:  0.0, Diff:  0.0, Sum:  0.0, Workers: 4
[5069.562s][debug][gc,phases      ] GC(115)     Dead                           Min: 0, Avg:  0.0, Max: 0, Diff: 0, Sum: 0, Workers: 4
[5069.562s][debug][gc,phases      ] GC(115)     Total                          Min: 0, Avg: 277.0, Max: 468, Diff: 468, Sum: 1108, Workers: 4
[5069.562s][debug][gc,phases      ] GC(115)   ObjectSynchronizer Weak        Min:  0.0, Avg:  0.0, Max:  0.0, Diff:  0.0, Sum:  0.0, Workers: 4
[5069.562s][debug][gc,phases      ] GC(115)     Dead                           Min: 0, Avg:  0.0, Max: 0, Diff: 0, Sum: 0, Workers: 4
[5069.562s][debug][gc,phases      ] GC(115)     Total                          Min: 0, Avg:  1.5, Max: 6, Diff: 6, Sum: 6, Workers: 4
[5069.562s][debug][gc,phases      ] GC(115)   JVMTI Tag Weak OopStorage      Min:  0.0, Avg:  0.0, Max:  0.0, Diff:  0.0, Sum:  0.0, Workers: 4
[5069.562s][debug][gc,phases      ] GC(115)     Dead                           Min: 0, Avg:  0.0, Max: 0, Diff: 0, Sum: 0, Workers: 4
[5069.562s][debug][gc,phases      ] GC(115)     Total                          Min: 0, Avg:  0.0, Max: 0, Diff: 0, Sum: 0, Workers: 4
[5069.562s][debug][gc,phases      ] GC(115)   StringTable Weak               Min:  0.1, Avg:  0.1, Max:  0.1, Diff:  0.0, Sum:  0.5, Workers: 4
[5069.562s][debug][gc,phases      ] GC(115)     Dead                           Min: 0, Avg:  0.2, Max: 1, Diff: 1, Sum: 1, Workers: 4
[5069.562s][debug][gc,phases      ] GC(115)     Total                          Min: 11712, Avg: 12563.2, Max: 13375, Diff: 1663, Sum: 50253, Workers: 4
[5069.562s][debug][gc,phases      ] GC(115)   ResolvedMethodTable Weak       Min:  0.0, Avg:  0.0, Max:  0.0, Diff:  0.0, Sum:  0.2, Workers: 4
[5069.562s][debug][gc,phases      ] GC(115)     Dead                           Min: 0, Avg:  4.5, Max: 18, Diff: 18, Sum: 18, Workers: 4
[5069.562s][debug][gc,phases      ] GC(115)     Total                          Min: 3455, Avg: 4039.5, Max: 4601, Diff: 1146, Sum: 16158, Workers: 4
[5069.562s][debug][gc,phases      ] GC(115)   JNI Weak                       Min:  0.0, Avg:  0.0, Max:  0.0, Diff:  0.0, Sum:  0.0, Workers: 4
[5069.562s][debug][gc,phases      ] GC(115)     Dead                           Min: 0, Avg:  0.0, Max: 0, Diff: 0, Sum: 0, Workers: 4
[5069.562s][debug][gc,phases      ] GC(115)     Total                          Min: 0, Avg: 13.0, Max: 52, Diff: 52, Sum: 52, Workers: 4
[5069.562s][debug][gc,phases      ] GC(115)   StringDedup Table Weak         Min:  0.0, Avg:  0.0, Max:  0.0, Diff:  0.0, Sum:  0.0, Workers: 4
[5069.562s][debug][gc,phases      ] GC(115)     Dead                           Min: 0, Avg:  0.0, Max: 0, Diff: 0, Sum: 0, Workers: 4
[5069.562s][debug][gc,phases      ] GC(115)     Total                          Min: 0, Avg:  0.0, Max: 0, Diff: 0, Sum: 0, Workers: 4
[5069.562s][debug][gc,phases      ] GC(115)   StringDedup Requests0 Weak     Min:  0.0, Avg:  0.0, Max:  0.0, Diff:  0.0, Sum:  0.0, Workers: 4
[5069.562s][debug][gc,phases      ] GC(115)     Dead                           Min: 0, Avg:  0.0, Max: 0, Diff: 0, Sum: 0, Workers: 4
[5069.562s][debug][gc,phases      ] GC(115)     Total                          Min: 0, Avg:  0.0, Max: 0, Diff: 0, Sum: 0, Workers: 4
[5069.562s][debug][gc,phases      ] GC(115)   StringDedup Requests1 Weak     Min:  0.0, Avg:  0.0, Max:  0.0, Diff:  0.0, Sum:  0.0, Workers: 4
[5069.562s][debug][gc,phases      ] GC(115)     Dead                           Min: 0, Avg:  0.0, Max: 0, Diff: 0, Sum: 0, Workers: 4
[5069.562s][debug][gc,phases      ] GC(115)     Total                          Min: 0, Avg:  0.0, Max: 0, Diff: 0, Sum: 0, Workers: 4
[5069.562s][debug][gc,phases      ] GC(115)   Weak JFR Old Object Samples    Min:  0.0, Avg:  0.0, Max:  0.0, Diff:  0.0, Sum:  0.0, Workers: 4
[5069.562s][debug][gc,phases      ] GC(115)     Dead                           Min: 0, Avg:  0.0, Max: 0, Diff: 0, Sum: 0, Workers: 4
[5069.562s][debug][gc,phases      ] GC(115)     Total                          Min: 0, Avg:  0.0, Max: 0, Diff: 0, Sum: 0, Workers: 4
[5069.562s][debug][gc,phases      ] GC(115) Weak Processing 0.343ms
[5069.562s][debug][gc,age         ] GC(115) Desired survivor size 42991616 bytes, new threshold 1 (max threshold 15)
[5069.562s][info ][gc,heap        ] GC(115) PSYoungGen: 2070672K(2071040K)->26080K(2039296K) Eden: 2045952K(2045952K)->0K(2013184K) From: 24720K(25088K)->26080K(26112K)
[5069.562s][info ][gc,heap        ] GC(115) ParOldGen: 1391257K(1391616K)->1413303K(1413632K)
[5069.562s][info ][gc,metaspace   ] GC(115) Metaspace: 115389K(116864K)->115389K(116864K) NonClass: 98198K(99008K)->98198K(99008K) Class: 17190K(17856K)->17190K(17856K)
[5069.562s][info ][gc             ] GC(115) Pause Young (Allocation Failure) 3380M->1405M(3372M) 31.417ms
[5069.562s][info ][gc,cpu         ] GC(115) User=0.10s Sys=0.01s Real=0.03s
[5069.562s][info ][safepoint      ] Safepoint "ParallelGCFailedAllocation", Time since last: 2053998712 ns, Reaching safepoint: 87102 ns, Cleanup: 5900 ns, At safepoint: 31512080 ns, Total: 31605082 ns
[5071.562s][info ][safepoint      ] Safepoint "Cleanup", Time since last: 2000199921 ns, Reaching safepoint: 13701 ns, Cleanup: 13300 ns, At safepoint: 4300 ns, Total: 31301 ns
[5074.563s][info ][safepoint      ] Safepoint "Cleanup", Time since last: 3000517684 ns, Reaching safepoint: 14800 ns, Cleanup: 12900 ns, At safepoint: 4200 ns, Total: 31900 ns
[5077.563s][info ][safepoint      ] Safepoint "Cleanup", Time since last: 3000284880 ns, Reaching safepoint: 15600 ns, Cleanup: 15001 ns, At safepoint: 3300 ns, Total: 33901 ns
[5078.563s][info ][safepoint      ] Safepoint "Cleanup", Time since last: 1000122727 ns, Reaching safepoint: 13300 ns, Cleanup: 13700 ns, At safepoint: 3200 ns, Total: 30200 ns
[5079.563s][info ][safepoint      ] Safepoint "Cleanup", Time since last: 1000138628 ns, Reaching safepoint: 16800 ns, Cleanup: 17201 ns, At safepoint: 3800 ns, Total: 37801 ns
[5081.564s][info ][safepoint      ] Safepoint "Cleanup", Time since last: 2000241254 ns, Reaching safepoint: 15100 ns, Cleanup: 15300 ns, At safepoint: 3600 ns, Total: 34000 ns
[5082.564s][info ][safepoint      ] Safepoint "Cleanup", Time since last: 1000252187 ns, Reaching safepoint: 13000 ns, Cleanup: 15800 ns, At safepoint: 4100 ns, Total: 32900 ns
[5085.565s][info ][safepoint      ] Safepoint "Cleanup", Time since last: 3000552881 ns, Reaching safepoint: 13900 ns, Cleanup: 15101 ns, At safepoint: 4100 ns, Total: 33101 ns
[5085.979s][info ][gc,start       ] GC(116) Pause Young (Allocation Failure)
[5086.005s][debug][gc,phases      ] GC(116) Scavenge 26.279ms
[5086.005s][debug][gc,ref         ] GC(116) ReferenceProcessor::execute queues: 1, RefProcThreadModel::Single, marks_oops_alive: false
[5086.005s][debug][gc,ref         ] GC(116) Skipped KeepAliveFinalRefsPhase of Reference Processing: no references
[5086.005s][debug][gc,ref         ] GC(116) ReferenceProcessor::execute queues: 1, RefProcThreadModel::Single, marks_oops_alive: false
[5086.005s][debug][gc,phases      ] GC(116) Reference Processing 0.108ms
[5086.005s][debug][gc,phases      ] GC(116)   VM Weak                        Min:  0.0, Avg:  0.0, Max:  0.0, Diff:  0.0, Sum:  0.0, Workers: 4
[5086.005s][debug][gc,phases      ] GC(116)     Dead                           Min: 0, Avg:  0.0, Max: 0, Diff: 0, Sum: 0, Workers: 4
[5086.005s][debug][gc,phases      ] GC(116)     Total                          Min: 20, Avg: 277.0, Max: 512, Diff: 492, Sum: 1108, Workers: 4
[5086.005s][debug][gc,phases      ] GC(116)   ObjectSynchronizer Weak        Min:  0.0, Avg:  0.0, Max:  0.0, Diff:  0.0, Sum:  0.0, Workers: 4
[5086.005s][debug][gc,phases      ] GC(116)     Dead                           Min: 0, Avg:  0.0, Max: 0, Diff: 0, Sum: 0, Workers: 4
[5086.005s][debug][gc,phases      ] GC(116)     Total                          Min: 0, Avg:  1.5, Max: 6, Diff: 6, Sum: 6, Workers: 4
[5086.005s][debug][gc,phases      ] GC(116)   JVMTI Tag Weak OopStorage      Min:  0.0, Avg:  0.0, Max:  0.0, Diff:  0.0, Sum:  0.0, Workers: 4
[5086.005s][debug][gc,phases      ] GC(116)     Dead                           Min: 0, Avg:  0.0, Max: 0, Diff: 0, Sum: 0, Workers: 4
[5086.005s][debug][gc,phases      ] GC(116)     Total                          Min: 0, Avg:  0.0, Max: 0, Diff: 0, Sum: 0, Workers: 4
[5086.005s][debug][gc,phases      ] GC(116)   StringTable Weak               Min:  0.1, Avg:  0.1, Max:  0.1, Diff:  0.0, Sum:  0.5, Workers: 4
[5086.005s][debug][gc,phases      ] GC(116)     Dead                           Min: 0, Avg:  0.0, Max: 0, Diff: 0, Sum: 0, Workers: 4
[5086.005s][debug][gc,phases      ] GC(116)     Total                          Min: 11663, Avg: 12563.5, Max: 13440, Diff: 1777, Sum: 50254, Workers: 4
[5086.005s][debug][gc,phases      ] GC(116)   ResolvedMethodTable Weak       Min:  0.0, Avg:  0.0, Max:  0.0, Diff:  0.0, Sum:  0.2, Workers: 4
[5086.005s][debug][gc,phases      ] GC(116)     Dead                           Min: 0, Avg:  4.0, Max: 16, Diff: 16, Sum: 16, Workers: 4
[5086.005s][debug][gc,phases      ] GC(116)     Total                          Min: 3631, Avg: 4039.5, Max: 4508, Diff: 877, Sum: 16158, Workers: 4
[5086.005s][debug][gc,phases      ] GC(116)   JNI Weak                       Min:  0.0, Avg:  0.0, Max:  0.0, Diff:  0.0, Sum:  0.0, Workers: 4
[5086.005s][debug][gc,phases      ] GC(116)     Dead                           Min: 0, Avg:  0.0, Max: 0, Diff: 0, Sum: 0, Workers: 4
[5086.005s][debug][gc,phases      ] GC(116)     Total                          Min: 0, Avg: 13.0, Max: 52, Diff: 52, Sum: 52, Workers: 4
[5086.005s][debug][gc,phases      ] GC(116)   StringDedup Table Weak         Min:  0.0, Avg:  0.0, Max:  0.0, Diff:  0.0, Sum:  0.0, Workers: 4
[5086.005s][debug][gc,phases      ] GC(116)     Dead                           Min: 0, Avg:  0.0, Max: 0, Diff: 0, Sum: 0, Workers: 4
[5086.005s][debug][gc,phases      ] GC(116)     Total                          Min: 0, Avg:  0.0, Max: 0, Diff: 0, Sum: 0, Workers: 4
[5086.005s][debug][gc,phases      ] GC(116)   StringDedup Requests0 Weak     Min:  0.0, Avg:  0.0, Max:  0.0, Diff:  0.0, Sum:  0.0, Workers: 4
[5086.005s][debug][gc,phases      ] GC(116)     Dead                           Min: 0, Avg:  0.0, Max: 0, Diff: 0, Sum: 0, Workers: 4
[5086.005s][debug][gc,phases      ] GC(116)     Total                          Min: 0, Avg:  0.0, Max: 0, Diff: 0, Sum: 0, Workers: 4
[5086.005s][debug][gc,phases      ] GC(116)   StringDedup Requests1 Weak     Min:  0.0, Avg:  0.0, Max:  0.0, Diff:  0.0, Sum:  0.0, Workers: 4
[5086.005s][debug][gc,phases      ] GC(116)     Dead                           Min: 0, Avg:  0.0, Max: 0, Diff: 0, Sum: 0, Workers: 4
[5086.005s][debug][gc,phases      ] GC(116)     Total                          Min: 0, Avg:  0.0, Max: 0, Diff: 0, Sum: 0, Workers: 4
[5086.005s][debug][gc,phases      ] GC(116)   Weak JFR Old Object Samples    Min:  0.0, Avg:  0.0, Max:  0.0, Diff:  0.0, Sum:  0.0, Workers: 4
[5086.005s][debug][gc,phases      ] GC(116)     Dead                           Min: 0, Avg:  0.0, Max: 0, Diff: 0, Sum: 0, Workers: 4
[5086.005s][debug][gc,phases      ] GC(116)     Total                          Min: 0, Avg:  0.0, Max: 0, Diff: 0, Sum: 0, Workers: 4
[5086.005s][debug][gc,phases      ] GC(116) Weak Processing 0.347ms
[5086.005s][debug][gc,age         ] GC(116) Desired survivor size 42991616 bytes, new threshold 1 (max threshold 15)
[5086.006s][info ][gc,heap        ] GC(116) PSYoungGen: 2039264K(2039296K)->21856K(2055168K) Eden: 2013184K(2013184K)->0K(2013184K) From: 26080K(26112K)->21856K(41984K)
[5086.006s][info ][gc,heap        ] GC(116) ParOldGen: 1413303K(1413632K)->1436733K(1437184K)
[5086.006s][info ][gc,metaspace   ] GC(116) Metaspace: 115395K(116864K)->115395K(116864K) NonClass: 98205K(99008K)->98205K(99008K) Class: 17190K(17856K)->17190K(17856K)
[5086.006s][info ][gc             ] GC(116) Pause Young (Allocation Failure) 3371M->1424M(3410M) 26.894ms
[5086.006s][info ][gc,cpu         ] GC(116) User=0.09s Sys=0.01s Real=0.02s
[5086.006s][info ][safepoint      ] Safepoint "ParallelGCFailedAllocation", Time since last: 413872987 ns, Reaching safepoint: 109902 ns, Cleanup: 6300 ns, At safepoint: 26989188 ns, Total: 27105390 ns
[5089.006s][info ][safepoint      ] Safepoint "Cleanup", Time since last: 3000443979 ns, Reaching safepoint: 13700 ns, Cleanup: 15101 ns, At safepoint: 4200 ns, Total: 33001 ns
[5090.006s][info ][safepoint      ] Safepoint "Cleanup", Time since last: 1000159998 ns, Reaching safepoint: 15301 ns, Cleanup: 16300 ns, At safepoint: 3800 ns, Total: 35401 ns
[5093.007s][info ][safepoint      ] Safepoint "Cleanup", Time since last: 3000562772 ns, Reaching safepoint: 13701 ns, Cleanup: 14100 ns, At safepoint: 3800 ns, Total: 31601 ns
[5095.007s][info ][safepoint      ] Safepoint "Cleanup", Time since last: 2000284847 ns, Reaching safepoint: 16900 ns, Cleanup: 16800 ns, At safepoint: 3400 ns, Total: 37100 ns
[5101.008s][info ][safepoint      ] Safepoint "Cleanup", Time since last: 6000744069 ns, Reaching safepoint: 14400 ns, Cleanup: 14900 ns, At safepoint: 3400 ns, Total: 32700 ns
[5102.623s][info ][safepoint      ] Safepoint "Cleanup", Time since last: 1614818539 ns, Reaching safepoint: 14801 ns, Cleanup: 11000 ns, At safepoint: 3400 ns, Total: 29201 ns
[5104.623s][info ][safepoint      ] Safepoint "Cleanup", Time since last: 2000316267 ns, Reaching safepoint: 12500 ns, Cleanup: 15601 ns, At safepoint: 3700 ns, Total: 31801 ns
[5105.623s][info ][safepoint      ] Safepoint "Cleanup", Time since last: 1000107832 ns, Reaching safepoint: 86702 ns, Cleanup: 9800 ns, At safepoint: 7400 ns, Total: 103902 ns
[5108.624s][info ][safepoint      ] Safepoint "Cleanup", Time since last: 3000370058 ns, Reaching safepoint: 14600 ns, Cleanup: 16301 ns, At safepoint: 4200 ns, Total: 35101 ns
[5109.624s][info ][safepoint      ] Safepoint "Cleanup", Time since last: 1000190529 ns, Reaching safepoint: 13000 ns, Cleanup: 12100 ns, At safepoint: 4000 ns, Total: 29100 ns
[5111.624s][info ][safepoint      ] Safepoint "Cleanup", Time since last: 2000269056 ns, Reaching safepoint: 13500 ns, Cleanup: 16401 ns, At safepoint: 4300 ns, Total: 34201 ns
[5112.624s][info ][safepoint      ] Safepoint "Cleanup", Time since last: 1000133728 ns, Reaching safepoint: 10800 ns, Cleanup: 10900 ns, At safepoint: 3300 ns, Total: 25000 ns
[5116.625s][info ][safepoint      ] Safepoint "Cleanup", Time since last: 4000532499 ns, Reaching safepoint: 14100 ns, Cleanup: 14000 ns, At safepoint: 4000 ns, Total: 32100 ns
[5118.980s][info ][gc,start       ] GC(117) Pause Young (Allocation Failure)
[5119.002s][debug][gc,phases      ] GC(117) Scavenge 21.504ms
[5119.002s][debug][gc,ref         ] GC(117) ReferenceProcessor::execute queues: 1, RefProcThreadModel::Single, marks_oops_alive: false
[5119.002s][debug][gc,ref         ] GC(117) Skipped KeepAliveFinalRefsPhase of Reference Processing: no references
[5119.002s][debug][gc,ref         ] GC(117) ReferenceProcessor::execute queues: 1, RefProcThreadModel::Single, marks_oops_alive: false
[5119.002s][debug][gc,phases      ] GC(117) Reference Processing 0.115ms
[5119.002s][debug][gc,phases      ] GC(117)   VM Weak                        Min:  0.0, Avg:  0.0, Max:  0.0, Diff:  0.0, Sum:  0.0, Workers: 4
[5119.002s][debug][gc,phases      ] GC(117)     Dead                           Min: 0, Avg:  0.0, Max: 0, Diff: 0, Sum: 0, Workers: 4
[5119.002s][debug][gc,phases      ] GC(117)     Total                          Min: 0, Avg: 277.0, Max: 788, Diff: 788, Sum: 1108, Workers: 4
[5119.002s][debug][gc,phases      ] GC(117)   ObjectSynchronizer Weak        Min:  0.0, Avg:  0.0, Max:  0.0, Diff:  0.0, Sum:  0.0, Workers: 4
[5119.002s][debug][gc,phases      ] GC(117)     Dead                           Min: 0, Avg:  0.0, Max: 0, Diff: 0, Sum: 0, Workers: 4
[5119.002s][debug][gc,phases      ] GC(117)     Total                          Min: 0, Avg:  1.5, Max: 6, Diff: 6, Sum: 6, Workers: 4
[5119.002s][debug][gc,phases      ] GC(117)   JVMTI Tag Weak OopStorage      Min:  0.0, Avg:  0.0, Max:  0.0, Diff:  0.0, Sum:  0.0, Workers: 4
[5119.002s][debug][gc,phases      ] GC(117)     Dead                           Min: 0, Avg:  0.0, Max: 0, Diff: 0, Sum: 0, Workers: 4
[5119.002s][debug][gc,phases      ] GC(117)     Total                          Min: 0, Avg:  0.0, Max: 0, Diff: 0, Sum: 0, Workers: 4
[5119.002s][debug][gc,phases      ] GC(117)   StringTable Weak               Min:  0.1, Avg:  0.1, Max:  0.1, Diff:  0.0, Sum:  0.5, Workers: 4
[5119.002s][debug][gc,phases      ] GC(117)     Dead                           Min: 0, Avg:  0.0, Max: 0, Diff: 0, Sum: 0, Workers: 4
[5119.002s][debug][gc,phases      ] GC(117)     Total                          Min: 11072, Avg: 12564.2, Max: 14675, Diff: 3603, Sum: 50257, Workers: 4
[5119.002s][debug][gc,phases      ] GC(117)   ResolvedMethodTable Weak       Min:  0.0, Avg:  0.0, Max:  0.0, Diff:  0.0, Sum:  0.2, Workers: 4
[5119.002s][debug][gc,phases      ] GC(117)     Dead                           Min: 0, Avg:  4.2, Max: 17, Diff: 17, Sum: 17, Workers: 4
[5119.002s][debug][gc,phases      ] GC(117)     Total                          Min: 3654, Avg: 4040.0, Max: 4460, Diff: 806, Sum: 16160, Workers: 4
[5119.002s][debug][gc,phases      ] GC(117)   JNI Weak                       Min:  0.0, Avg:  0.0, Max:  0.0, Diff:  0.0, Sum:  0.0, Workers: 4
[5119.002s][debug][gc,phases      ] GC(117)     Dead                           Min: 0, Avg:  0.0, Max: 0, Diff: 0, Sum: 0, Workers: 4
[5119.002s][debug][gc,phases      ] GC(117)     Total                          Min: 0, Avg: 13.0, Max: 52, Diff: 52, Sum: 52, Workers: 4
[5119.002s][debug][gc,phases      ] GC(117)   StringDedup Table Weak         Min:  0.0, Avg:  0.0, Max:  0.0, Diff:  0.0, Sum:  0.0, Workers: 4
[5119.002s][debug][gc,phases      ] GC(117)     Dead                           Min: 0, Avg:  0.0, Max: 0, Diff: 0, Sum: 0, Workers: 4
[5119.002s][debug][gc,phases      ] GC(117)     Total                          Min: 0, Avg:  0.0, Max: 0, Diff: 0, Sum: 0, Workers: 4
[5119.002s][debug][gc,phases      ] GC(117)   StringDedup Requests0 Weak     Min:  0.0, Avg:  0.0, Max:  0.0, Diff:  0.0, Sum:  0.0, Workers: 4
[5119.002s][debug][gc,phases      ] GC(117)     Dead                           Min: 0, Avg:  0.0, Max: 0, Diff: 0, Sum: 0, Workers: 4
[5119.002s][debug][gc,phases      ] GC(117)     Total                          Min: 0, Avg:  0.0, Max: 0, Diff: 0, Sum: 0, Workers: 4
[5119.002s][debug][gc,phases      ] GC(117)   StringDedup Requests1 Weak     Min:  0.0, Avg:  0.0, Max:  0.0, Diff:  0.0, Sum:  0.0, Workers: 4
[5119.002s][debug][gc,phases      ] GC(117)     Dead                           Min: 0, Avg:  0.0, Max: 0, Diff: 0, Sum: 0, Workers: 4
[5119.002s][debug][gc,phases      ] GC(117)     Total                          Min: 0, Avg:  0.0, Max: 0, Diff: 0, Sum: 0, Workers: 4
[5119.002s][debug][gc,phases      ] GC(117)   Weak JFR Old Object Samples    Min:  0.0, Avg:  0.0, Max:  0.0, Diff:  0.0, Sum:  0.0, Workers: 4
[5119.002s][debug][gc,phases      ] GC(117)     Dead                           Min: 0, Avg:  0.0, Max: 0, Diff: 0, Sum: 0, Workers: 4
[5119.002s][debug][gc,phases      ] GC(117)     Total                          Min: 0, Avg:  0.0, Max: 0, Diff: 0, Sum: 0, Workers: 4
[5119.002s][debug][gc,phases      ] GC(117) Weak Processing 0.353ms
[5119.002s][debug][gc,age         ] GC(117) Desired survivor size 40370176 bytes, new threshold 1 (max threshold 15)
[5119.002s][info ][gc,heap        ] GC(117) PSYoungGen: 2035040K(2055168K)->14032K(2057728K) Eden: 2013184K(2013184K)->0K(2015744K) From: 21856K(41984K)->14032K(41984K)
[5119.002s][info ][gc,heap        ] GC(117) ParOldGen: 1436733K(1437184K)->1455500K(1455616K)
[5119.003s][info ][gc,metaspace   ] GC(117) Metaspace: 115411K(116864K)->115411K(116864K) NonClass: 98220K(99008K)->98220K(99008K) Class: 17191K(17856K)->17191K(17856K)
[5119.003s][info ][gc             ] GC(117) Pause Young (Allocation Failure) 3390M->1435M(3431M) 22.127ms
[5119.003s][info ][gc,cpu         ] GC(117) User=0.07s Sys=0.01s Real=0.02s
[5119.003s][info ][safepoint      ] Safepoint "ParallelGCFailedAllocation", Time since last: 2355249770 ns, Reaching safepoint: 87802 ns, Cleanup: 5100 ns, At safepoint: 22235506 ns, Total: 22328408 ns
[5122.003s][info ][safepoint      ] Safepoint "Cleanup", Time since last: 3000445069 ns, Reaching safepoint: 14100 ns, Cleanup: 15600 ns, At safepoint: 3900 ns, Total: 33600 ns
[5124.004s][info ][safepoint      ] Safepoint "Cleanup", Time since last: 2000319734 ns, Reaching safepoint: 91702 ns, Cleanup: 29601 ns, At safepoint: 10600 ns, Total: 131903 ns
[5127.004s][info ][safepoint      ] Safepoint "Cleanup", Time since last: 3000419001 ns, Reaching safepoint: 84301 ns, Cleanup: 14000 ns, At safepoint: 8201 ns, Total: 106502 ns
[5129.004s][info ][safepoint      ] Safepoint "Cleanup", Time since last: 2000271033 ns, Reaching safepoint: 18000 ns, Cleanup: 16301 ns, At safepoint: 3700 ns, Total: 38001 ns
[5130.926s][info ][safepoint      ] Safepoint "Cleanup", Time since last: 1921101705 ns, Reaching safepoint: 90502 ns, Cleanup: 28500 ns, At safepoint: 8100 ns, Total: 127102 ns
[5132.926s][info ][safepoint      ] Safepoint "Cleanup", Time since last: 2000273090 ns, Reaching safepoint: 125703 ns, Cleanup: 22600 ns, At safepoint: 38801 ns, Total: 187104 ns
[5134.926s][info ][safepoint      ] Safepoint "Cleanup", Time since last: 2000233289 ns, Reaching safepoint: 85901 ns, Cleanup: 12201 ns, At safepoint: 9500 ns, Total: 107602 ns
[5136.057s][info ][safepoint      ] Safepoint "ParallelGCFailedAllocation", Time since last: 1130384290 ns, Reaching safepoint: 87202 ns, Cleanup: 5600 ns, At safepoint: 25601 ns, Total: 118403 ns
[5136.058s][info ][gc,start       ] GC(118) Pause Young (GCLocker Initiated GC)
[5136.080s][debug][gc,phases      ] GC(118) Scavenge 22.858ms
[5136.081s][debug][gc,ref         ] GC(118) ReferenceProcessor::execute queues: 1, RefProcThreadModel::Single, marks_oops_alive: false
[5136.081s][debug][gc,ref         ] GC(118) Skipped KeepAliveFinalRefsPhase of Reference Processing: no references
[5136.081s][debug][gc,ref         ] GC(118) ReferenceProcessor::execute queues: 1, RefProcThreadModel::Single, marks_oops_alive: false
[5136.081s][debug][gc,phases      ] GC(118) Reference Processing 0.116ms
[5136.081s][debug][gc,phases      ] GC(118)   VM Weak                        Min:  0.0, Avg:  0.0, Max:  0.0, Diff:  0.0, Sum:  0.0, Workers: 4
[5136.081s][debug][gc,phases      ] GC(118)     Dead                           Min: 0, Avg:  0.0, Max: 0, Diff: 0, Sum: 0, Workers: 4
[5136.081s][debug][gc,phases      ] GC(118)     Total                          Min: 0, Avg: 277.0, Max: 512, Diff: 512, Sum: 1108, Workers: 4
[5136.081s][debug][gc,phases      ] GC(118)   ObjectSynchronizer Weak        Min:  0.0, Avg:  0.0, Max:  0.0, Diff:  0.0, Sum:  0.0, Workers: 4
[5136.081s][debug][gc,phases      ] GC(118)     Dead                           Min: 0, Avg:  0.0, Max: 0, Diff: 0, Sum: 0, Workers: 4
[5136.081s][debug][gc,phases      ] GC(118)     Total                          Min: 0, Avg:  1.5, Max: 6, Diff: 6, Sum: 6, Workers: 4
[5136.081s][debug][gc,phases      ] GC(118)   JVMTI Tag Weak OopStorage      Min:  0.0, Avg:  0.0, Max:  0.0, Diff:  0.0, Sum:  0.0, Workers: 4
[5136.081s][debug][gc,phases      ] GC(118)     Dead                           Min: 0, Avg:  0.0, Max: 0, Diff: 0, Sum: 0, Workers: 4
[5136.081s][debug][gc,phases      ] GC(118)     Total                          Min: 0, Avg:  0.0, Max: 0, Diff: 0, Sum: 0, Workers: 4
[5136.081s][debug][gc,phases      ] GC(118)   StringTable Weak               Min:  0.1, Avg:  0.1, Max:  0.1, Diff:  0.0, Sum:  0.5, Workers: 4
[5136.081s][debug][gc,phases      ] GC(118)     Dead                           Min: 0, Avg:  0.5, Max: 2, Diff: 2, Sum: 2, Workers: 4
[5136.081s][debug][gc,phases      ] GC(118)     Total                          Min: 11519, Avg: 12568.8, Max: 13503, Diff: 1984, Sum: 50275, Workers: 4
[5136.081s][debug][gc,phases      ] GC(118)   ResolvedMethodTable Weak       Min:  0.0, Avg:  0.0, Max:  0.0, Diff:  0.0, Sum:  0.2, Workers: 4
[5136.081s][debug][gc,phases      ] GC(118)     Dead                           Min: 0, Avg:  5.2, Max: 14, Diff: 14, Sum: 21, Workers: 4
[5136.081s][debug][gc,phases      ] GC(118)     Total                          Min: 3527, Avg: 4045.8, Max: 4667, Diff: 1140, Sum: 16183, Workers: 4
[5136.081s][debug][gc,phases      ] GC(118)   JNI Weak                       Min:  0.0, Avg:  0.0, Max:  0.0, Diff:  0.0, Sum:  0.0, Workers: 4
[5136.081s][debug][gc,phases      ] GC(118)     Dead                           Min: 0, Avg:  0.0, Max: 0, Diff: 0, Sum: 0, Workers: 4
[5136.081s][debug][gc,phases      ] GC(118)     Total                          Min: 0, Avg: 13.0, Max: 52, Diff: 52, Sum: 52, Workers: 4
[5136.081s][debug][gc,phases      ] GC(118)   StringDedup Table Weak         Min:  0.0, Avg:  0.0, Max:  0.0, Diff:  0.0, Sum:  0.0, Workers: 4
[5136.081s][debug][gc,phases      ] GC(118)     Dead                           Min: 0, Avg:  0.0, Max: 0, Diff: 0, Sum: 0, Workers: 4
[5136.081s][debug][gc,phases      ] GC(118)     Total                          Min: 0, Avg:  0.0, Max: 0, Diff: 0, Sum: 0, Workers: 4
[5136.081s][debug][gc,phases      ] GC(118)   StringDedup Requests0 Weak     Min:  0.0, Avg:  0.0, Max:  0.0, Diff:  0.0, Sum:  0.0, Workers: 4
[5136.081s][debug][gc,phases      ] GC(118)     Dead                           Min: 0, Avg:  0.0, Max: 0, Diff: 0, Sum: 0, Workers: 4
[5136.081s][debug][gc,phases      ] GC(118)     Total                          Min: 0, Avg:  0.0, Max: 0, Diff: 0, Sum: 0, Workers: 4
[5136.081s][debug][gc,phases      ] GC(118)   StringDedup Requests1 Weak     Min:  0.0, Avg:  0.0, Max:  0.0, Diff:  0.0, Sum:  0.0, Workers: 4
[5136.081s][debug][gc,phases      ] GC(118)     Dead                           Min: 0, Avg:  0.0, Max: 0, Diff: 0, Sum: 0, Workers: 4
[5136.081s][debug][gc,phases      ] GC(118)     Total                          Min: 0, Avg:  0.0, Max: 0, Diff: 0, Sum: 0, Workers: 4
[5136.081s][debug][gc,phases      ] GC(118)   Weak JFR Old Object Samples    Min:  0.0, Avg:  0.0, Max:  0.0, Diff:  0.0, Sum:  0.0, Workers: 4
[5136.081s][debug][gc,phases      ] GC(118)     Dead                           Min: 0, Avg:  0.0, Max: 0, Diff: 0, Sum: 0, Workers: 4
[5136.081s][debug][gc,phases      ] GC(118)     Total                          Min: 0, Avg:  0.0, Max: 0, Diff: 0, Sum: 0, Workers: 4
[5136.081s][debug][gc,phases      ] GC(118) Weak Processing 0.353ms
[5136.081s][debug][gc,age         ] GC(118) Desired survivor size 44564480 bytes, new threshold 1 (max threshold 15)
[5136.081s][info ][gc,heap        ] GC(118) PSYoungGen: 2029776K(2057728K)->32911K(2049024K) Eden: 2015744K(2015744K)->0K(2015744K) From: 14032K(41984K)->32911K(33280K)
[5136.081s][info ][gc,heap        ] GC(118) ParOldGen: 1455536K(1455616K)->1465709K(1465856K)
[5136.081s][info ][gc,metaspace   ] GC(118) Metaspace: 115454K(116928K)->115454K(116928K) NonClass: 98252K(99072K)->98252K(99072K) Class: 17201K(17856K)->17201K(17856K)
[5136.081s][info ][gc             ] GC(118) Pause Young (GCLocker Initiated GC) 3403M->1463M(3432M) 23.439ms
[5136.081s][info ][gc,cpu         ] GC(118) User=0.09s Sys=0.01s Real=0.03s
[5136.081s][info ][safepoint      ] Safepoint "ParallelGCSystemGC", Time since last: 550510 ns, Reaching safepoint: 82401 ns, Cleanup: 2700 ns, At safepoint: 23538333 ns, Total: 23623434 ns
[5144.082s][info ][safepoint      ] Safepoint "Cleanup", Time since last: 8000681693 ns, Reaching safepoint: 90601 ns, Cleanup: 14201 ns, At safepoint: 12200 ns, Total: 117002 ns
[5146.082s][info ][safepoint      ] Safepoint "Cleanup", Time since last: 2000204774 ns, Reaching safepoint: 84401 ns, Cleanup: 12101 ns, At safepoint: 7800 ns, Total: 104302 ns
[5148.083s][info ][safepoint      ] Safepoint "Cleanup", Time since last: 2000352900 ns, Reaching safepoint: 87801 ns, Cleanup: 15201 ns, At safepoint: 10100 ns, Total: 113102 ns
[5151.083s][info ][safepoint      ] Safepoint "Cleanup", Time since last: 3000335596 ns, Reaching safepoint: 84302 ns, Cleanup: 10800 ns, At safepoint: 8700 ns, Total: 103802 ns
[5154.083s][info ][safepoint      ] Safepoint "Cleanup", Time since last: 3000283498 ns, Reaching safepoint: 89102 ns, Cleanup: 14500 ns, At safepoint: 10100 ns, Total: 113702 ns
[5155.084s][info ][safepoint      ] Safepoint "Cleanup", Time since last: 1000226473 ns, Reaching safepoint: 84702 ns, Cleanup: 13300 ns, At safepoint: 9600 ns, Total: 107602 ns
[5160.085s][info ][safepoint      ] Safepoint "Cleanup", Time since last: 5000578154 ns, Reaching safepoint: 81002 ns, Cleanup: 12700 ns, At safepoint: 39801 ns, Total: 133503 ns
[5162.085s][info ][safepoint      ] Safepoint "Cleanup", Time since last: 2000278344 ns, Reaching safepoint: 11600 ns, Cleanup: 12201 ns, At safepoint: 3300 ns, Total: 27101 ns
[5164.279s][info ][gc,start       ] GC(119) Pause Young (Allocation Failure)
[5164.310s][debug][gc,phases      ] GC(119) Scavenge 30.796ms
[5164.310s][debug][gc,ref         ] GC(119) ReferenceProcessor::execute queues: 1, RefProcThreadModel::Single, marks_oops_alive: false
[5164.310s][debug][gc,ref         ] GC(119) Skipped KeepAliveFinalRefsPhase of Reference Processing: no references
[5164.310s][debug][gc,ref         ] GC(119) ReferenceProcessor::execute queues: 1, RefProcThreadModel::Single, marks_oops_alive: false
[5164.310s][debug][gc,phases      ] GC(119) Reference Processing 0.086ms
[5164.310s][debug][gc,phases      ] GC(119)   VM Weak                        Min:  0.0, Avg:  0.0, Max:  0.0, Diff:  0.0, Sum:  0.0, Workers: 4
[5164.311s][debug][gc,phases      ] GC(119)     Dead                           Min: 0, Avg:  0.0, Max: 0, Diff: 0, Sum: 0, Workers: 4
[5164.311s][debug][gc,phases      ] GC(119)     Total                          Min: 128, Avg: 277.0, Max: 340, Diff: 212, Sum: 1108, Workers: 4
[5164.311s][debug][gc,phases      ] GC(119)   ObjectSynchronizer Weak        Min:  0.0, Avg:  0.0, Max:  0.0, Diff:  0.0, Sum:  0.0, Workers: 4
[5164.311s][debug][gc,phases      ] GC(119)     Dead                           Min: 0, Avg:  0.0, Max: 0, Diff: 0, Sum: 0, Workers: 4
[5164.311s][debug][gc,phases      ] GC(119)     Total                          Min: 0, Avg:  0.8, Max: 3, Diff: 3, Sum: 3, Workers: 4
[5164.311s][debug][gc,phases      ] GC(119)   JVMTI Tag Weak OopStorage      Min:  0.0, Avg:  0.0, Max:  0.0, Diff:  0.0, Sum:  0.0, Workers: 4
[5164.311s][debug][gc,phases      ] GC(119)     Dead                           Min: 0, Avg:  0.0, Max: 0, Diff: 0, Sum: 0, Workers: 4
[5164.311s][debug][gc,phases      ] GC(119)     Total                          Min: 0, Avg:  0.0, Max: 0, Diff: 0, Sum: 0, Workers: 4
[5164.311s][debug][gc,phases      ] GC(119)   StringTable Weak               Min:  0.1, Avg:  0.1, Max:  0.1, Diff:  0.0, Sum:  0.5, Workers: 4
[5164.311s][debug][gc,phases      ] GC(119)     Dead                           Min: 0, Avg:  0.0, Max: 0, Diff: 0, Sum: 0, Workers: 4
[5164.311s][debug][gc,phases      ] GC(119)     Total                          Min: 11326, Avg: 12573.8, Max: 13952, Diff: 2626, Sum: 50295, Workers: 4
[5164.311s][debug][gc,phases      ] GC(119)   ResolvedMethodTable Weak       Min:  0.0, Avg:  0.0, Max:  0.0, Diff:  0.0, Sum:  0.2, Workers: 4
[5164.311s][debug][gc,phases      ] GC(119)     Dead                           Min: 0, Avg:  4.0, Max: 10, Diff: 10, Sum: 16, Workers: 4
[5164.311s][debug][gc,phases      ] GC(119)     Total                          Min: 3609, Avg: 4045.8, Max: 4475, Diff: 866, Sum: 16183, Workers: 4
[5164.311s][debug][gc,phases      ] GC(119)   JNI Weak                       Min:  0.0, Avg:  0.0, Max:  0.0, Diff:  0.0, Sum:  0.0, Workers: 4
[5164.311s][debug][gc,phases      ] GC(119)     Dead                           Min: 0, Avg:  0.0, Max: 0, Diff: 0, Sum: 0, Workers: 4
[5164.311s][debug][gc,phases      ] GC(119)     Total                          Min: 0, Avg: 13.0, Max: 52, Diff: 52, Sum: 52, Workers: 4
[5164.311s][debug][gc,phases      ] GC(119)   StringDedup Table Weak         Min:  0.0, Avg:  0.0, Max:  0.0, Diff:  0.0, Sum:  0.0, Workers: 4
[5164.311s][debug][gc,phases      ] GC(119)     Dead                           Min: 0, Avg:  0.0, Max: 0, Diff: 0, Sum: 0, Workers: 4
[5164.311s][debug][gc,phases      ] GC(119)     Total                          Min: 0, Avg:  0.0, Max: 0, Diff: 0, Sum: 0, Workers: 4
[5164.311s][debug][gc,phases      ] GC(119)   StringDedup Requests0 Weak     Min:  0.0, Avg:  0.0, Max:  0.0, Diff:  0.0, Sum:  0.0, Workers: 4
[5164.311s][debug][gc,phases      ] GC(119)     Dead                           Min: 0, Avg:  0.0, Max: 0, Diff: 0, Sum: 0, Workers: 4
[5164.311s][debug][gc,phases      ] GC(119)     Total                          Min: 0, Avg:  0.0, Max: 0, Diff: 0, Sum: 0, Workers: 4
[5164.311s][debug][gc,phases      ] GC(119)   StringDedup Requests1 Weak     Min:  0.0, Avg:  0.0, Max:  0.0, Diff:  0.0, Sum:  0.0, Workers: 4
[5164.311s][debug][gc,phases      ] GC(119)     Dead                           Min: 0, Avg:  0.0, Max: 0, Diff: 0, Sum: 0, Workers: 4
[5164.311s][debug][gc,phases      ] GC(119)     Total                          Min: 0, Avg:  0.0, Max: 0, Diff: 0, Sum: 0, Workers: 4
[5164.311s][debug][gc,phases      ] GC(119)   Weak JFR Old Object Samples    Min:  0.0, Avg:  0.0, Max:  0.0, Diff:  0.0, Sum:  0.0, Workers: 4
[5164.311s][debug][gc,phases      ] GC(119)     Dead                           Min: 0, Avg:  0.0, Max: 0, Diff: 0, Sum: 0, Workers: 4
[5164.311s][debug][gc,phases      ] GC(119)     Total                          Min: 0, Avg:  0.0, Max: 0, Diff: 0, Sum: 0, Workers: 4
[5164.311s][debug][gc,phases      ] GC(119) Weak Processing 0.334ms
[5164.311s][debug][gc,age         ] GC(119) Desired survivor size 41943040 bytes, new threshold 1 (max threshold 15)
[5164.311s][info ][gc,heap        ] GC(119) PSYoungGen: 2048655K(2049024K)->15888K(2056192K) Eden: 2015744K(2015744K)->0K(2012672K) From: 32911K(33280K)->15888K(43520K)
[5164.311s][info ][gc,heap        ] GC(119) ParOldGen: 1465726K(1465856K)->1494788K(1495040K)
[5164.311s][info ][gc,metaspace   ] GC(119) Metaspace: 115475K(116928K)->115475K(116928K) NonClass: 98273K(99072K)->98273K(99072K) Class: 17201K(17856K)->17201K(17856K)
[5164.311s][info ][gc             ] GC(119) Pause Young (Allocation Failure) 3432M->1475M(3468M) 31.347ms
[5164.311s][info ][gc,cpu         ] GC(119) User=0.11s Sys=0.02s Real=0.03s
[5164.311s][info ][safepoint      ] Safepoint "ParallelGCFailedAllocation", Time since last: 2194357414 ns, Reaching safepoint: 93002 ns, Cleanup: 6000 ns, At safepoint: 31438680 ns, Total: 31537682 ns
[5165.311s][info ][safepoint      ] Safepoint "Cleanup", Time since last: 1000234067 ns, Reaching safepoint: 11300 ns, Cleanup: 10401 ns, At safepoint: 3400 ns, Total: 25101 ns
[5167.311s][info ][safepoint      ] Safepoint "Cleanup", Time since last: 2000252430 ns, Reaching safepoint: 13100 ns, Cleanup: 13401 ns, At safepoint: 3100 ns, Total: 29601 ns
[5172.312s][info ][safepoint      ] Safepoint "Cleanup", Time since last: 5000849040 ns, Reaching safepoint: 14300 ns, Cleanup: 19500 ns, At safepoint: 4200 ns, Total: 38000 ns
[5173.312s][info ][safepoint      ] Safepoint "Cleanup", Time since last: 1000218916 ns, Reaching safepoint: 12001 ns, Cleanup: 10100 ns, At safepoint: 3200 ns, Total: 25301 ns
[5177.313s][info ][safepoint      ] Safepoint "Cleanup", Time since last: 4000453956 ns, Reaching safepoint: 19701 ns, Cleanup: 21500 ns, At safepoint: 7000 ns, Total: 48201 ns
[5180.313s][info ][safepoint      ] Safepoint "Cleanup", Time since last: 3000455332 ns, Reaching safepoint: 11300 ns, Cleanup: 17101 ns, At safepoint: 3600 ns, Total: 32001 ns
[5181.314s][info ][safepoint      ] Safepoint "Cleanup", Time since last: 1000179275 ns, Reaching safepoint: 13800 ns, Cleanup: 16000 ns, At safepoint: 3700 ns, Total: 33500 ns
[5185.321s][info ][safepoint      ] Safepoint "Cleanup", Time since last: 4006843813 ns, Reaching safepoint: 90802 ns, Cleanup: 14000 ns, At safepoint: 24400 ns, Total: 129202 ns
[5200.278s][info ][gc,start       ] GC(120) Pause Young (Allocation Failure)
[5200.303s][debug][gc,phases      ] GC(120) Scavenge 24.440ms
[5200.303s][debug][gc,ref         ] GC(120) ReferenceProcessor::execute queues: 1, RefProcThreadModel::Single, marks_oops_alive: false
[5200.303s][debug][gc,ref         ] GC(120) Skipped KeepAliveFinalRefsPhase of Reference Processing: no references
[5200.303s][debug][gc,ref         ] GC(120) ReferenceProcessor::execute queues: 1, RefProcThreadModel::Single, marks_oops_alive: false
[5200.303s][debug][gc,phases      ] GC(120) Reference Processing 0.114ms
[5200.303s][debug][gc,phases      ] GC(120)   VM Weak                        Min:  0.0, Avg:  0.0, Max:  0.0, Diff:  0.0, Sum:  0.0, Workers: 4
[5200.303s][debug][gc,phases      ] GC(120)     Dead                           Min: 0, Avg:  0.0, Max: 0, Diff: 0, Sum: 0, Workers: 4
[5200.303s][debug][gc,phases      ] GC(120)     Total                          Min: 128, Avg: 277.0, Max: 660, Diff: 532, Sum: 1108, Workers: 4
[5200.303s][debug][gc,phases      ] GC(120)   ObjectSynchronizer Weak        Min:  0.0, Avg:  0.0, Max:  0.0, Diff:  0.0, Sum:  0.0, Workers: 4
[5200.303s][debug][gc,phases      ] GC(120)     Dead                           Min: 0, Avg:  0.0, Max: 0, Diff: 0, Sum: 0, Workers: 4
[5200.303s][debug][gc,phases      ] GC(120)     Total                          Min: 0, Avg:  1.5, Max: 6, Diff: 6, Sum: 6, Workers: 4
[5200.303s][debug][gc,phases      ] GC(120)   JVMTI Tag Weak OopStorage      Min:  0.0, Avg:  0.0, Max:  0.0, Diff:  0.0, Sum:  0.0, Workers: 4
[5200.303s][debug][gc,phases      ] GC(120)     Dead                           Min: 0, Avg:  0.0, Max: 0, Diff: 0, Sum: 0, Workers: 4
[5200.303s][debug][gc,phases      ] GC(120)     Total                          Min: 0, Avg:  0.0, Max: 0, Diff: 0, Sum: 0, Workers: 4
[5200.303s][debug][gc,phases      ] GC(120)   StringTable Weak               Min:  0.1, Avg:  0.1, Max:  0.1, Diff:  0.0, Sum:  0.5, Workers: 4
[5200.303s][debug][gc,phases      ] GC(120)     Dead                           Min: 0, Avg:  0.0, Max: 0, Diff: 0, Sum: 0, Workers: 4
[5200.303s][debug][gc,phases      ] GC(120)     Total                          Min: 12159, Avg: 12574.0, Max: 13055, Diff: 896, Sum: 50296, Workers: 4
[5200.303s][debug][gc,phases      ] GC(120)   ResolvedMethodTable Weak       Min:  0.0, Avg:  0.0, Max:  0.0, Diff:  0.0, Sum:  0.2, Workers: 4
[5200.303s][debug][gc,phases      ] GC(120)     Dead                           Min: 0, Avg:  4.0, Max: 16, Diff: 16, Sum: 16, Workers: 4
[5200.303s][debug][gc,phases      ] GC(120)     Total                          Min: 3886, Avg: 4046.2, Max: 4262, Diff: 376, Sum: 16185, Workers: 4
[5200.303s][debug][gc,phases      ] GC(120)   JNI Weak                       Min:  0.0, Avg:  0.0, Max:  0.0, Diff:  0.0, Sum:  0.0, Workers: 4
[5200.303s][debug][gc,phases      ] GC(120)     Dead                           Min: 0, Avg:  0.0, Max: 0, Diff: 0, Sum: 0, Workers: 4
[5200.303s][debug][gc,phases      ] GC(120)     Total                          Min: 0, Avg: 13.0, Max: 52, Diff: 52, Sum: 52, Workers: 4
[5200.303s][debug][gc,phases      ] GC(120)   StringDedup Table Weak         Min:  0.0, Avg:  0.0, Max:  0.0, Diff:  0.0, Sum:  0.0, Workers: 4
[5200.303s][debug][gc,phases      ] GC(120)     Dead                           Min: 0, Avg:  0.0, Max: 0, Diff: 0, Sum: 0, Workers: 4
[5200.303s][debug][gc,phases      ] GC(120)     Total                          Min: 0, Avg:  0.0, Max: 0, Diff: 0, Sum: 0, Workers: 4
[5200.303s][debug][gc,phases      ] GC(120)   StringDedup Requests0 Weak     Min:  0.0, Avg:  0.0, Max:  0.0, Diff:  0.0, Sum:  0.0, Workers: 4
[5200.303s][debug][gc,phases      ] GC(120)     Dead                           Min: 0, Avg:  0.0, Max: 0, Diff: 0, Sum: 0, Workers: 4
[5200.303s][debug][gc,phases      ] GC(120)     Total                          Min: 0, Avg:  0.0, Max: 0, Diff: 0, Sum: 0, Workers: 4
[5200.303s][debug][gc,phases      ] GC(120)   StringDedup Requests1 Weak     Min:  0.0, Avg:  0.0, Max:  0.0, Diff:  0.0, Sum:  0.0, Workers: 4
[5200.303s][debug][gc,phases      ] GC(120)     Dead                           Min: 0, Avg:  0.0, Max: 0, Diff: 0, Sum: 0, Workers: 4
[5200.303s][debug][gc,phases      ] GC(120)     Total                          Min: 0, Avg:  0.0, Max: 0, Diff: 0, Sum: 0, Workers: 4
[5200.303s][debug][gc,phases      ] GC(120)   Weak JFR Old Object Samples    Min:  0.0, Avg:  0.0, Max:  0.0, Diff:  0.0, Sum:  0.0, Workers: 4
[5200.303s][debug][gc,phases      ] GC(120)     Dead                           Min: 0, Avg:  0.0, Max: 0, Diff: 0, Sum: 0, Workers: 4
[5200.303s][debug][gc,phases      ] GC(120)     Total                          Min: 0, Avg:  0.0, Max: 0, Diff: 0, Sum: 0, Workers: 4
[5200.303s][debug][gc,phases      ] GC(120) Weak Processing 0.418ms
[5200.303s][debug][gc,age         ] GC(120) Desired survivor size 39845888 bytes, new threshold 1 (max threshold 15)
[5200.303s][info ][gc,heap        ] GC(120) PSYoungGen: 2028560K(2056192K)->16960K(2053632K) Eden: 2012672K(2012672K)->0K(2012672K) From: 15888K(43520K)->16960K(40960K)
[5200.303s][info ][gc,heap        ] GC(120) ParOldGen: 1494788K(1495040K)->1507448K(1507840K)
[5200.303s][info ][gc,metaspace   ] GC(120) Metaspace: 115483K(116928K)->115483K(116928K) NonClass: 98281K(99072K)->98281K(99072K) Class: 17202K(17856K)->17202K(17856K)
[5200.303s][info ][gc             ] GC(120) Pause Young (Allocation Failure) 3440M->1488M(3478M) 25.147ms
[5200.303s][info ][gc,cpu         ] GC(120) User=0.06s Sys=0.01s Real=0.03s
[5200.304s][info ][safepoint      ] Safepoint "ParallelGCFailedAllocation", Time since last: 14957598167 ns, Reaching safepoint: 87401 ns, Cleanup: 7500 ns, At safepoint: 25291365 ns, Total: 25386266 ns
[5206.304s][info ][safepoint      ] Safepoint "Cleanup", Time since last: 6000659898 ns, Reaching safepoint: 13600 ns, Cleanup: 15800 ns, At safepoint: 3600 ns, Total: 33000 ns
[5208.305s][info ][safepoint      ] Safepoint "Cleanup", Time since last: 2000365229 ns, Reaching safepoint: 15100 ns, Cleanup: 19100 ns, At safepoint: 3900 ns, Total: 38100 ns
[5209.305s][info ][safepoint      ] Safepoint "Cleanup", Time since last: 1000204815 ns, Reaching safepoint: 13700 ns, Cleanup: 11501 ns, At safepoint: 3000 ns, Total: 28201 ns
[5214.305s][info ][safepoint      ] Safepoint "Cleanup", Time since last: 5000492011 ns, Reaching safepoint: 13700 ns, Cleanup: 14600 ns, At safepoint: 3000 ns, Total: 31300 ns
[5228.687s][info ][safepoint      ] Safepoint "Cleanup", Time since last: 14381909426 ns, Reaching safepoint: 15900 ns, Cleanup: 19801 ns, At safepoint: 3100 ns, Total: 38801 ns
[5229.688s][info ][safepoint      ] Safepoint "Cleanup", Time since last: 1000134347 ns, Reaching safepoint: 31001 ns, Cleanup: 16000 ns, At safepoint: 3700 ns, Total: 50701 ns
[5231.688s][info ][safepoint      ] Safepoint "Cleanup", Time since last: 2000264595 ns, Reaching safepoint: 86701 ns, Cleanup: 12801 ns, At safepoint: 9300 ns, Total: 108802 ns
[5233.688s][info ][safepoint      ] Safepoint "Cleanup", Time since last: 2000267395 ns, Reaching safepoint: 13200 ns, Cleanup: 11900 ns, At safepoint: 3100 ns, Total: 28200 ns
[5235.688s][info ][safepoint      ] Safepoint "Cleanup", Time since last: 2000217096 ns, Reaching safepoint: 16300 ns, Cleanup: 13001 ns, At safepoint: 3600 ns, Total: 32901 ns
[5236.689s][info ][safepoint      ] Safepoint "Cleanup", Time since last: 1000149549 ns, Reaching safepoint: 12000 ns, Cleanup: 10000 ns, At safepoint: 7700 ns, Total: 29700 ns
[5237.689s][info ][safepoint      ] Safepoint "Cleanup", Time since last: 1000229951 ns, Reaching safepoint: 12700 ns, Cleanup: 22401 ns, At safepoint: 3900 ns, Total: 39001 ns
[5240.689s][info ][safepoint      ] Safepoint "Cleanup", Time since last: 3000516948 ns, Reaching safepoint: 13001 ns, Cleanup: 13800 ns, At safepoint: 3700 ns, Total: 30501 ns
[5241.690s][info ][safepoint      ] Safepoint "Cleanup", Time since last: 1000139849 ns, Reaching safepoint: 12800 ns, Cleanup: 11700 ns, At safepoint: 3001 ns, Total: 27501 ns
[5245.690s][info ][safepoint      ] Safepoint "Cleanup", Time since last: 4000414042 ns, Reaching safepoint: 12100 ns, Cleanup: 11001 ns, At safepoint: 2900 ns, Total: 26001 ns
[5246.690s][info ][safepoint      ] Safepoint "Cleanup", Time since last: 1000190692 ns, Reaching safepoint: 12900 ns, Cleanup: 13001 ns, At safepoint: 3100 ns, Total: 29001 ns
[5252.691s][info ][safepoint      ] Safepoint "Cleanup", Time since last: 6000691018 ns, Reaching safepoint: 15001 ns, Cleanup: 12000 ns, At safepoint: 3000 ns, Total: 30001 ns
[5253.426s][info ][gc,start       ] GC(121) Pause Young (Allocation Failure)
[5253.442s][debug][gc,phases      ] GC(121) Scavenge 15.145ms
[5253.442s][debug][gc,ref         ] GC(121) ReferenceProcessor::execute queues: 1, RefProcThreadModel::Single, marks_oops_alive: false
[5253.442s][debug][gc,ref         ] GC(121) Skipped KeepAliveFinalRefsPhase of Reference Processing: no references
[5253.442s][debug][gc,ref         ] GC(121) ReferenceProcessor::execute queues: 1, RefProcThreadModel::Single, marks_oops_alive: false
[5253.442s][debug][gc,phases      ] GC(121) Reference Processing 0.152ms
[5253.442s][debug][gc,phases      ] GC(121)   VM Weak                        Min:  0.0, Avg:  0.0, Max:  0.0, Diff:  0.0, Sum:  0.0, Workers: 4
[5253.442s][debug][gc,phases      ] GC(121)     Dead                           Min: 0, Avg:  0.0, Max: 0, Diff: 0, Sum: 0, Workers: 4
[5253.442s][debug][gc,phases      ] GC(121)     Total                          Min: 0, Avg: 277.0, Max: 640, Diff: 640, Sum: 1108, Workers: 4
[5253.442s][debug][gc,phases      ] GC(121)   ObjectSynchronizer Weak        Min:  0.0, Avg:  0.0, Max:  0.0, Diff:  0.0, Sum:  0.0, Workers: 4
[5253.442s][debug][gc,phases      ] GC(121)     Dead                           Min: 0, Avg:  0.0, Max: 0, Diff: 0, Sum: 0, Workers: 4
[5253.442s][debug][gc,phases      ] GC(121)     Total                          Min: 0, Avg:  1.5, Max: 6, Diff: 6, Sum: 6, Workers: 4
[5253.442s][debug][gc,phases      ] GC(121)   JVMTI Tag Weak OopStorage      Min:  0.0, Avg:  0.0, Max:  0.0, Diff:  0.0, Sum:  0.0, Workers: 4
[5253.442s][debug][gc,phases      ] GC(121)     Dead                           Min: 0, Avg:  0.0, Max: 0, Diff: 0, Sum: 0, Workers: 4
[5253.442s][debug][gc,phases      ] GC(121)     Total                          Min: 0, Avg:  0.0, Max: 0, Diff: 0, Sum: 0, Workers: 4
[5253.442s][debug][gc,phases      ] GC(121)   StringTable Weak               Min:  0.0, Avg:  0.1, Max:  0.2, Diff:  0.1, Sum:  0.5, Workers: 4
[5253.442s][debug][gc,phases      ] GC(121)     Dead                           Min: 0, Avg:  0.5, Max: 2, Diff: 2, Sum: 2, Workers: 4
[5253.442s][debug][gc,phases      ] GC(121)     Total                          Min: 2816, Avg: 12576.0, Max: 16512, Diff: 13696, Sum: 50304, Workers: 4
[5253.442s][debug][gc,phases      ] GC(121)   ResolvedMethodTable Weak       Min:  0.0, Avg:  0.0, Max:  0.0, Diff:  0.0, Sum:  0.2, Workers: 4
[5253.442s][debug][gc,phases      ] GC(121)     Dead                           Min: 0, Avg:  4.8, Max: 17, Diff: 17, Sum: 19, Workers: 4
[5253.442s][debug][gc,phases      ] GC(121)     Total                          Min: 3740, Avg: 4049.2, Max: 4405, Diff: 665, Sum: 16197, Workers: 4
[5253.442s][debug][gc,phases      ] GC(121)   JNI Weak                       Min:  0.0, Avg:  0.0, Max:  0.0, Diff:  0.0, Sum:  0.0, Workers: 4
[5253.442s][debug][gc,phases      ] GC(121)     Dead                           Min: 0, Avg:  0.0, Max: 0, Diff: 0, Sum: 0, Workers: 4
[5253.442s][debug][gc,phases      ] GC(121)     Total                          Min: 0, Avg: 13.0, Max: 52, Diff: 52, Sum: 52, Workers: 4
[5253.442s][debug][gc,phases      ] GC(121)   StringDedup Table Weak         Min:  0.0, Avg:  0.0, Max:  0.0, Diff:  0.0, Sum:  0.0, Workers: 4
[5253.442s][debug][gc,phases      ] GC(121)     Dead                           Min: 0, Avg:  0.0, Max: 0, Diff: 0, Sum: 0, Workers: 4
[5253.442s][debug][gc,phases      ] GC(121)     Total                          Min: 0, Avg:  0.0, Max: 0, Diff: 0, Sum: 0, Workers: 4
[5253.442s][debug][gc,phases      ] GC(121)   StringDedup Requests0 Weak     Min:  0.0, Avg:  0.0, Max:  0.0, Diff:  0.0, Sum:  0.0, Workers: 4
[5253.442s][debug][gc,phases      ] GC(121)     Dead                           Min: 0, Avg:  0.0, Max: 0, Diff: 0, Sum: 0, Workers: 4
[5253.442s][debug][gc,phases      ] GC(121)     Total                          Min: 0, Avg:  0.0, Max: 0, Diff: 0, Sum: 0, Workers: 4
[5253.442s][debug][gc,phases      ] GC(121)   StringDedup Requests1 Weak     Min:  0.0, Avg:  0.0, Max:  0.0, Diff:  0.0, Sum:  0.0, Workers: 4
[5253.442s][debug][gc,phases      ] GC(121)     Dead                           Min: 0, Avg:  0.0, Max: 0, Diff: 0, Sum: 0, Workers: 4
[5253.442s][debug][gc,phases      ] GC(121)     Total                          Min: 0, Avg:  0.0, Max: 0, Diff: 0, Sum: 0, Workers: 4
[5253.442s][debug][gc,phases      ] GC(121)   Weak JFR Old Object Samples    Min:  0.0, Avg:  0.0, Max:  0.0, Diff:  0.0, Sum:  0.0, Workers: 4
[5253.442s][debug][gc,phases      ] GC(121)     Dead                           Min: 0, Avg:  0.0, Max: 0, Diff: 0, Sum: 0, Workers: 4
[5253.442s][debug][gc,phases      ] GC(121)     Total                          Min: 0, Avg:  0.0, Max: 0, Diff: 0, Sum: 0, Workers: 4
[5253.442s][debug][gc,phases      ] GC(121) Weak Processing 0.454ms
[5253.442s][debug][gc,age         ] GC(121) Desired survivor size 39321600 bytes, new threshold 1 (max threshold 15)
[5253.442s][info ][gc,heap        ] GC(121) PSYoungGen: 2029632K(2053632K)->6400K(2058752K) Eden: 2012672K(2012672K)->0K(2019840K) From: 16960K(40960K)->6400K(38912K)
[5253.442s][info ][gc,heap        ] GC(121) ParOldGen: 1507448K(1507840K)->1520982K(1521152K)
[5253.442s][info ][gc,metaspace   ] GC(121) Metaspace: 115513K(116928K)->115513K(116928K) NonClass: 98307K(99072K)->98307K(99072K) Class: 17206K(17856K)->17206K(17856K)
[5253.442s][info ][gc             ] GC(121) Pause Young (Allocation Failure) 3454M->1491M(3496M) 15.917ms
[5253.442s][info ][gc,cpu         ] GC(121) User=0.05s Sys=0.01s Real=0.02s
[5253.442s][info ][safepoint      ] Safepoint "ParallelGCFailedAllocation", Time since last: 735271342 ns, Reaching safepoint: 90102 ns, Cleanup: 5800 ns, At safepoint: 16019895 ns, Total: 16115797 ns
[5256.443s][info ][safepoint      ] Safepoint "Cleanup", Time since last: 3000373460 ns, Reaching safepoint: 11900 ns, Cleanup: 11600 ns, At safepoint: 2500 ns, Total: 26000 ns
[5257.443s][info ][safepoint      ] Safepoint "Cleanup", Time since last: 1000188422 ns, Reaching safepoint: 16200 ns, Cleanup: 14300 ns, At safepoint: 3700 ns, Total: 34200 ns
[5262.444s][info ][safepoint      ] Safepoint "Cleanup", Time since last: 5000406704 ns, Reaching safepoint: 718413 ns, Cleanup: 11500 ns, At safepoint: 16201 ns, Total: 746114 ns
[5266.445s][info ][safepoint      ] Safepoint "Cleanup", Time since last: 4000468176 ns, Reaching safepoint: 17500 ns, Cleanup: 17400 ns, At safepoint: 4700 ns, Total: 39600 ns
[5268.445s][info ][safepoint      ] Safepoint "Cleanup", Time since last: 2000210150 ns, Reaching safepoint: 14800 ns, Cleanup: 14301 ns, At safepoint: 3000 ns, Total: 32101 ns
[5270.445s][info ][safepoint      ] Safepoint "Cleanup", Time since last: 2000361052 ns, Reaching safepoint: 11900 ns, Cleanup: 13901 ns, At safepoint: 3200 ns, Total: 29001 ns
[5272.446s][info ][safepoint      ] Safepoint "Cleanup", Time since last: 2000215250 ns, Reaching safepoint: 14500 ns, Cleanup: 11600 ns, At safepoint: 2800 ns, Total: 28900 ns
[5273.446s][info ][safepoint      ] Safepoint "Cleanup", Time since last: 1000114425 ns, Reaching safepoint: 12800 ns, Cleanup: 12301 ns, At safepoint: 3100 ns, Total: 28201 ns
[5277.446s][info ][safepoint      ] Safepoint "Cleanup", Time since last: 4000610501 ns, Reaching safepoint: 12800 ns, Cleanup: 15700 ns, At safepoint: 3300 ns, Total: 31800 ns
[5282.447s][info ][safepoint      ] Safepoint "Cleanup", Time since last: 5000414322 ns, Reaching safepoint: 12900 ns, Cleanup: 12700 ns, At safepoint: 2801 ns, Total: 28401 ns
[5285.724s][info ][safepoint      ] Safepoint "Cleanup", Time since last: 3277683297 ns, Reaching safepoint: 12700 ns, Cleanup: 12100 ns, At safepoint: 4000 ns, Total: 28800 ns
[5291.734s][info ][gc,start       ] GC(122) Pause Young (Allocation Failure)
[5291.744s][debug][gc,phases      ] GC(122) Scavenge 10.657ms
[5291.744s][debug][gc,ref         ] GC(122) ReferenceProcessor::execute queues: 1, RefProcThreadModel::Single, marks_oops_alive: false
[5291.745s][debug][gc,ref         ] GC(122) Skipped KeepAliveFinalRefsPhase of Reference Processing: no references
[5291.745s][debug][gc,ref         ] GC(122) ReferenceProcessor::execute queues: 1, RefProcThreadModel::Single, marks_oops_alive: false
[5291.745s][debug][gc,phases      ] GC(122) Reference Processing 0.120ms
[5291.745s][debug][gc,phases      ] GC(122)   VM Weak                        Min:  0.0, Avg:  0.0, Max:  0.0, Diff:  0.0, Sum:  0.0, Workers: 4
[5291.745s][debug][gc,phases      ] GC(122)     Dead                           Min: 0, Avg:  0.0, Max: 0, Diff: 0, Sum: 0, Workers: 4
[5291.745s][debug][gc,phases      ] GC(122)     Total                          Min: 0, Avg: 277.0, Max: 596, Diff: 596, Sum: 1108, Workers: 4
[5291.745s][debug][gc,phases      ] GC(122)   ObjectSynchronizer Weak        Min:  0.0, Avg:  0.0, Max:  0.0, Diff:  0.0, Sum:  0.0, Workers: 4
[5291.745s][debug][gc,phases      ] GC(122)     Dead                           Min: 0, Avg:  0.0, Max: 0, Diff: 0, Sum: 0, Workers: 4
[5291.745s][debug][gc,phases      ] GC(122)     Total                          Min: 0, Avg:  1.0, Max: 4, Diff: 4, Sum: 4, Workers: 4
[5291.745s][debug][gc,phases      ] GC(122)   JVMTI Tag Weak OopStorage      Min:  0.0, Avg:  0.0, Max:  0.0, Diff:  0.0, Sum:  0.0, Workers: 4
[5291.745s][debug][gc,phases      ] GC(122)     Dead                           Min: 0, Avg:  0.0, Max: 0, Diff: 0, Sum: 0, Workers: 4
[5291.745s][debug][gc,phases      ] GC(122)     Total                          Min: 0, Avg:  0.0, Max: 0, Diff: 0, Sum: 0, Workers: 4
[5291.745s][debug][gc,phases      ] GC(122)   StringTable Weak               Min:  0.1, Avg:  0.1, Max:  0.1, Diff:  0.0, Sum:  0.5, Workers: 4
[5291.745s][debug][gc,phases      ] GC(122)     Dead                           Min: 0, Avg:  0.0, Max: 0, Diff: 0, Sum: 0, Workers: 4
[5291.745s][debug][gc,phases      ] GC(122)     Total                          Min: 11392, Avg: 12576.5, Max: 13696, Diff: 2304, Sum: 50306, Workers: 4
[5291.745s][debug][gc,phases      ] GC(122)   ResolvedMethodTable Weak       Min:  0.0, Avg:  0.0, Max:  0.0, Diff:  0.0, Sum:  0.2, Workers: 4
[5291.745s][debug][gc,phases      ] GC(122)     Dead                           Min: 0, Avg:  4.0, Max: 16, Diff: 16, Sum: 16, Workers: 4
[5291.745s][debug][gc,phases      ] GC(122)     Total                          Min: 3601, Avg: 4050.2, Max: 4451, Diff: 850, Sum: 16201, Workers: 4
[5291.745s][debug][gc,phases      ] GC(122)   JNI Weak                       Min:  0.0, Avg:  0.0, Max:  0.0, Diff:  0.0, Sum:  0.0, Workers: 4
[5291.745s][debug][gc,phases      ] GC(122)     Dead                           Min: 0, Avg:  0.0, Max: 0, Diff: 0, Sum: 0, Workers: 4
[5291.745s][debug][gc,phases      ] GC(122)     Total                          Min: 0, Avg: 13.0, Max: 52, Diff: 52, Sum: 52, Workers: 4
[5291.745s][debug][gc,phases      ] GC(122)   StringDedup Table Weak         Min:  0.0, Avg:  0.0, Max:  0.0, Diff:  0.0, Sum:  0.0, Workers: 4
[5291.745s][debug][gc,phases      ] GC(122)     Dead                           Min: 0, Avg:  0.0, Max: 0, Diff: 0, Sum: 0, Workers: 4
[5291.745s][debug][gc,phases      ] GC(122)     Total                          Min: 0, Avg:  0.0, Max: 0, Diff: 0, Sum: 0, Workers: 4
[5291.745s][debug][gc,phases      ] GC(122)   StringDedup Requests0 Weak     Min:  0.0, Avg:  0.0, Max:  0.0, Diff:  0.0, Sum:  0.0, Workers: 4
[5291.745s][debug][gc,phases      ] GC(122)     Dead                           Min: 0, Avg:  0.0, Max: 0, Diff: 0, Sum: 0, Workers: 4
[5291.745s][debug][gc,phases      ] GC(122)     Total                          Min: 0, Avg:  0.0, Max: 0, Diff: 0, Sum: 0, Workers: 4
[5291.745s][debug][gc,phases      ] GC(122)   StringDedup Requests1 Weak     Min:  0.0, Avg:  0.0, Max:  0.0, Diff:  0.0, Sum:  0.0, Workers: 4
[5291.745s][debug][gc,phases      ] GC(122)     Dead                           Min: 0, Avg:  0.0, Max: 0, Diff: 0, Sum: 0, Workers: 4
[5291.745s][debug][gc,phases      ] GC(122)     Total                          Min: 0, Avg:  0.0, Max: 0, Diff: 0, Sum: 0, Workers: 4
[5291.745s][debug][gc,phases      ] GC(122)   Weak JFR Old Object Samples    Min:  0.0, Avg:  0.0, Max:  0.0, Diff:  0.0, Sum:  0.0, Workers: 4
[5291.745s][debug][gc,phases      ] GC(122)     Dead                           Min: 0, Avg:  0.0, Max: 0, Diff: 0, Sum: 0, Workers: 4
[5291.745s][debug][gc,phases      ] GC(122)     Total                          Min: 0, Avg:  0.0, Max: 0, Diff: 0, Sum: 0, Workers: 4
[5291.745s][debug][gc,phases      ] GC(122) Weak Processing 0.341ms
[5291.745s][debug][gc,age         ] GC(122) Desired survivor size 37748736 bytes, new threshold 1 (max threshold 15)
[5291.745s][info ][gc,heap        ] GC(122) PSYoungGen: 2026240K(2058752K)->10784K(2058240K) Eden: 2019840K(2019840K)->0K(2019840K) From: 6400K(38912K)->10784K(38400K)
[5291.745s][info ][gc,heap        ] GC(122) ParOldGen: 1520982K(1521152K)->1524778K(1525248K)
[5291.745s][info ][gc,metaspace   ] GC(122) Metaspace: 115528K(116992K)->115528K(116992K) NonClass: 98320K(99136K)->98320K(99136K) Class: 17207K(17856K)->17207K(17856K)
[5291.745s][info ][gc             ] GC(122) Pause Young (Allocation Failure) 3464M->1499M(3499M) 11.249ms
[5291.745s][info ][gc,cpu         ] GC(122) User=0.04s Sys=0.01s Real=0.01s
[5291.745s][info ][safepoint      ] Safepoint "ParallelGCFailedAllocation", Time since last: 6009134323 ns, Reaching safepoint: 10900 ns, Cleanup: 6100 ns, At safepoint: 11337010 ns, Total: 11354010 ns
[5292.745s][info ][safepoint      ] Safepoint "Cleanup", Time since last: 1000157789 ns, Reaching safepoint: 13700 ns, Cleanup: 14500 ns, At safepoint: 3600 ns, Total: 31800 ns
[5293.745s][info ][safepoint      ] Safepoint "Cleanup", Time since last: 1000121988 ns, Reaching safepoint: 15101 ns, Cleanup: 18400 ns, At safepoint: 2600 ns, Total: 36101 ns
[5294.746s][info ][safepoint      ] Safepoint "Cleanup", Time since last: 1000208290 ns, Reaching safepoint: 11800 ns, Cleanup: 12300 ns, At safepoint: 3700 ns, Total: 27800 ns
[5295.746s][info ][safepoint      ] Safepoint "Cleanup", Time since last: 1000131589 ns, Reaching safepoint: 14600 ns, Cleanup: 14100 ns, At safepoint: 3800 ns, Total: 32500 ns
[5296.746s][info ][safepoint      ] Safepoint "Cleanup", Time since last: 1000210490 ns, Reaching safepoint: 12100 ns, Cleanup: 14300 ns, At safepoint: 3300 ns, Total: 29700 ns
[5297.746s][info ][safepoint      ] Safepoint "Cleanup", Time since last: 1000126589 ns, Reaching safepoint: 12200 ns, Cleanup: 15100 ns, At safepoint: 2900 ns, Total: 30200 ns
[5299.746s][info ][safepoint      ] Safepoint "Cleanup", Time since last: 2000326782 ns, Reaching safepoint: 11500 ns, Cleanup: 14500 ns, At safepoint: 2900 ns, Total: 28900 ns
[5307.748s][info ][safepoint      ] Safepoint "Cleanup", Time since last: 8001263767 ns, Reaching safepoint: 19200 ns, Cleanup: 20001 ns, At safepoint: 7800 ns, Total: 47001 ns
[5309.748s][info ][safepoint      ] Safepoint "Cleanup", Time since last: 2000361070 ns, Reaching safepoint: 13401 ns, Cleanup: 13400 ns, At safepoint: 3400 ns, Total: 30201 ns
[5313.749s][info ][safepoint      ] Safepoint "Cleanup", Time since last: 4000606339 ns, Reaching safepoint: 12500 ns, Cleanup: 14301 ns, At safepoint: 11800 ns, Total: 38601 ns
[5317.749s][info ][safepoint      ] Safepoint "Cleanup", Time since last: 4000591508 ns, Reaching safepoint: 12400 ns, Cleanup: 13400 ns, At safepoint: 3300 ns, Total: 29100 ns
[5320.750s][info ][safepoint      ] Safepoint "Cleanup", Time since last: 3000589121 ns, Reaching safepoint: 11400 ns, Cleanup: 13000 ns, At safepoint: 3300 ns, Total: 27700 ns
[5322.750s][info ][safepoint      ] Safepoint "Cleanup", Time since last: 2000223063 ns, Reaching safepoint: 19200 ns, Cleanup: 20401 ns, At safepoint: 7300 ns, Total: 46901 ns
[5323.751s][info ][safepoint      ] Safepoint "Cleanup", Time since last: 1000160207 ns, Reaching safepoint: 28601 ns, Cleanup: 15400 ns, At safepoint: 3100 ns, Total: 47101 ns
[5324.751s][info ][safepoint      ] Safepoint "Cleanup", Time since last: 1000117507 ns, Reaching safepoint: 12000 ns, Cleanup: 14501 ns, At safepoint: 4100 ns, Total: 30601 ns
[5327.751s][info ][safepoint      ] Safepoint "Cleanup", Time since last: 3000335520 ns, Reaching safepoint: 11300 ns, Cleanup: 12300 ns, At safepoint: 2700 ns, Total: 26300 ns
[5328.751s][info ][safepoint      ] Safepoint "Cleanup", Time since last: 1000135207 ns, Reaching safepoint: 15401 ns, Cleanup: 19500 ns, At safepoint: 3700 ns, Total: 38601 ns
[5330.752s][info ][safepoint      ] Safepoint "Cleanup", Time since last: 2000301285 ns, Reaching safepoint: 12000 ns, Cleanup: 12500 ns, At safepoint: 3000 ns, Total: 27500 ns
[5334.752s][info ][safepoint      ] Safepoint "Cleanup", Time since last: 4000459662 ns, Reaching safepoint: 13500 ns, Cleanup: 14500 ns, At safepoint: 4401 ns, Total: 32401 ns
[5336.752s][info ][safepoint      ] Safepoint "Cleanup", Time since last: 2000231980 ns, Reaching safepoint: 13401 ns, Cleanup: 13000 ns, At safepoint: 3900 ns, Total: 30301 ns
[5338.734s][info ][gc,start       ] GC(123) Pause Young (Allocation Failure)
[5338.746s][debug][gc,phases      ] GC(123) Scavenge 11.798ms
[5338.746s][debug][gc,ref         ] GC(123) ReferenceProcessor::execute queues: 1, RefProcThreadModel::Single, marks_oops_alive: false
[5338.746s][debug][gc,ref         ] GC(123) Skipped KeepAliveFinalRefsPhase of Reference Processing: no references
[5338.746s][debug][gc,ref         ] GC(123) ReferenceProcessor::execute queues: 1, RefProcThreadModel::Single, marks_oops_alive: false
[5338.746s][debug][gc,phases      ] GC(123) Reference Processing 0.109ms
[5338.747s][debug][gc,phases      ] GC(123)   VM Weak                        Min:  0.0, Avg:  0.0, Max:  0.0, Diff:  0.0, Sum:  0.0, Workers: 4
[5338.747s][debug][gc,phases      ] GC(123)     Dead                           Min: 0, Avg:  0.0, Max: 0, Diff: 0, Sum: 0, Workers: 4
[5338.747s][debug][gc,phases      ] GC(123)     Total                          Min: 0, Avg: 277.0, Max: 788, Diff: 788, Sum: 1108, Workers: 4
[5338.747s][debug][gc,phases      ] GC(123)   ObjectSynchronizer Weak        Min:  0.0, Avg:  0.0, Max:  0.0, Diff:  0.0, Sum:  0.0, Workers: 4
[5338.747s][debug][gc,phases      ] GC(123)     Dead                           Min: 0, Avg:  0.0, Max: 0, Diff: 0, Sum: 0, Workers: 4
[5338.747s][debug][gc,phases      ] GC(123)     Total                          Min: 0, Avg:  1.5, Max: 6, Diff: 6, Sum: 6, Workers: 4
[5338.747s][debug][gc,phases      ] GC(123)   JVMTI Tag Weak OopStorage      Min:  0.0, Avg:  0.0, Max:  0.0, Diff:  0.0, Sum:  0.0, Workers: 4
[5338.747s][debug][gc,phases      ] GC(123)     Dead                           Min: 0, Avg:  0.0, Max: 0, Diff: 0, Sum: 0, Workers: 4
[5338.747s][debug][gc,phases      ] GC(123)     Total                          Min: 0, Avg:  0.0, Max: 0, Diff: 0, Sum: 0, Workers: 4
[5338.747s][debug][gc,phases      ] GC(123)   StringTable Weak               Min:  0.1, Avg:  0.1, Max:  0.1, Diff:  0.0, Sum:  0.5, Workers: 4
[5338.747s][debug][gc,phases      ] GC(123)     Dead                           Min: 0, Avg:  0.0, Max: 0, Diff: 0, Sum: 0, Workers: 4
[5338.747s][debug][gc,phases      ] GC(123)     Total                          Min: 11648, Avg: 12576.8, Max: 13827, Diff: 2179, Sum: 50307, Workers: 4
[5338.747s][debug][gc,phases      ] GC(123)   ResolvedMethodTable Weak       Min:  0.0, Avg:  0.0, Max:  0.0, Diff:  0.0, Sum:  0.2, Workers: 4
[5338.747s][debug][gc,phases      ] GC(123)     Dead                           Min: 0, Avg:  4.2, Max: 17, Diff: 17, Sum: 17, Workers: 4
[5338.747s][debug][gc,phases      ] GC(123)     Total                          Min: 3635, Avg: 4050.8, Max: 4438, Diff: 803, Sum: 16203, Workers: 4
[5338.747s][debug][gc,phases      ] GC(123)   JNI Weak                       Min:  0.0, Avg:  0.0, Max:  0.0, Diff:  0.0, Sum:  0.0, Workers: 4
[5338.747s][debug][gc,phases      ] GC(123)     Dead                           Min: 0, Avg:  0.0, Max: 0, Diff: 0, Sum: 0, Workers: 4
[5338.747s][debug][gc,phases      ] GC(123)     Total                          Min: 0, Avg: 13.0, Max: 52, Diff: 52, Sum: 52, Workers: 4
[5338.747s][debug][gc,phases      ] GC(123)   StringDedup Table Weak         Min:  0.0, Avg:  0.0, Max:  0.0, Diff:  0.0, Sum:  0.0, Workers: 4
[5338.747s][debug][gc,phases      ] GC(123)     Dead                           Min: 0, Avg:  0.0, Max: 0, Diff: 0, Sum: 0, Workers: 4
[5338.747s][debug][gc,phases      ] GC(123)     Total                          Min: 0, Avg:  0.0, Max: 0, Diff: 0, Sum: 0, Workers: 4
[5338.747s][debug][gc,phases      ] GC(123)   StringDedup Requests0 Weak     Min:  0.0, Avg:  0.0, Max:  0.0, Diff:  0.0, Sum:  0.0, Workers: 4
[5338.747s][debug][gc,phases      ] GC(123)     Dead                           Min: 0, Avg:  0.0, Max: 0, Diff: 0, Sum: 0, Workers: 4
[5338.747s][debug][gc,phases      ] GC(123)     Total                          Min: 0, Avg:  0.0, Max: 0, Diff: 0, Sum: 0, Workers: 4
[5338.747s][debug][gc,phases      ] GC(123)   StringDedup Requests1 Weak     Min:  0.0, Avg:  0.0, Max:  0.0, Diff:  0.0, Sum:  0.0, Workers: 4
[5338.747s][debug][gc,phases      ] GC(123)     Dead                           Min: 0, Avg:  0.0, Max: 0, Diff: 0, Sum: 0, Workers: 4
[5338.747s][debug][gc,phases      ] GC(123)     Total                          Min: 0, Avg:  0.0, Max: 0, Diff: 0, Sum: 0, Workers: 4
[5338.747s][debug][gc,phases      ] GC(123)   Weak JFR Old Object Samples    Min:  0.0, Avg:  0.0, Max:  0.0, Diff:  0.0, Sum:  0.0, Workers: 4
[5338.747s][debug][gc,phases      ] GC(123)     Dead                           Min: 0, Avg:  0.0, Max: 0, Diff: 0, Sum: 0, Workers: 4
[5338.747s][debug][gc,phases      ] GC(123)     Total                          Min: 0, Avg:  0.0, Max: 0, Diff: 0, Sum: 0, Workers: 4
[5338.747s][debug][gc,phases      ] GC(123) Weak Processing 0.353ms
[5338.747s][debug][gc,age         ] GC(123) Desired survivor size 37224448 bytes, new threshold 1 (max threshold 15)
[5338.747s][info ][gc,heap        ] GC(123) PSYoungGen: 2030190K(2058240K)->5696K(2060800K) Eden: 2019406K(2019840K)->0K(2023936K) From: 10784K(38400K)->5696K(36864K)
[5338.747s][info ][gc,heap        ] GC(123) ParOldGen: 1524778K(1525248K)->1532731K(1532928K)
[5338.747s][info ][gc,metaspace   ] GC(123) Metaspace: 115546K(116992K)->115546K(116992K) NonClass: 98337K(99136K)->98337K(99136K) Class: 17208K(17856K)->17208K(17856K)
[5338.747s][info ][gc             ] GC(123) Pause Young (Allocation Failure) 3471M->1502M(3509M) 12.398ms
[5338.747s][info ][gc,cpu         ] GC(123) User=0.04s Sys=0.01s Real=0.01s
[5338.747s][info ][safepoint      ] Safepoint "ParallelGCFailedAllocation", Time since last: 1982049085 ns, Reaching safepoint: 11100 ns, Cleanup: 13001 ns, At safepoint: 12490032 ns, Total: 12514133 ns
[5343.748s][info ][safepoint      ] Safepoint "Cleanup", Time since last: 5001323802 ns, Reaching safepoint: 11201 ns, Cleanup: 13700 ns, At safepoint: 2600 ns, Total: 27501 ns
[5344.749s][info ][safepoint      ] Safepoint "Cleanup", Time since last: 1000230740 ns, Reaching safepoint: 18000 ns, Cleanup: 60301 ns, At safepoint: 30201 ns, Total: 108502 ns
[5346.749s][info ][safepoint      ] Safepoint "Cleanup", Time since last: 2000318741 ns, Reaching safepoint: 12201 ns, Cleanup: 10700 ns, At safepoint: 3400 ns, Total: 26301 ns
[5352.750s][info ][safepoint      ] Safepoint "Cleanup", Time since last: 6000614251 ns, Reaching safepoint: 13800 ns, Cleanup: 11700 ns, At safepoint: 3400 ns, Total: 28900 ns
[5354.750s][info ][safepoint      ] Safepoint "Cleanup", Time since last: 2000193355 ns, Reaching safepoint: 15300 ns, Cleanup: 13301 ns, At safepoint: 2700 ns, Total: 31301 ns
[5355.750s][info ][safepoint      ] Safepoint "Cleanup", Time since last: 1000167715 ns, Reaching safepoint: 19800 ns, Cleanup: 24201 ns, At safepoint: 7200 ns, Total: 51201 ns
[5356.750s][info ][safepoint      ] Safepoint "Cleanup", Time since last: 1000215716 ns, Reaching safepoint: 12400 ns, Cleanup: 14500 ns, At safepoint: 3200 ns, Total: 30100 ns
[5363.751s][info ][safepoint      ] Safepoint "Cleanup", Time since last: 7000910959 ns, Reaching safepoint: 12100 ns, Cleanup: 18500 ns, At safepoint: 3200 ns, Total: 33800 ns
[5364.751s][info ][safepoint      ] Safepoint "Cleanup", Time since last: 1000235982 ns, Reaching safepoint: 16900 ns, Cleanup: 20901 ns, At safepoint: 6700 ns, Total: 44501 ns
[5369.752s][info ][safepoint      ] Safepoint "Cleanup", Time since last: 5000589097 ns, Reaching safepoint: 14600 ns, Cleanup: 14000 ns, At safepoint: 4600 ns, Total: 33200 ns
[5373.184s][info ][gc,start       ] GC(124) Pause Young (Allocation Failure)
[5373.191s][debug][gc,phases      ] GC(124) Scavenge 7.718ms
[5373.192s][debug][gc,ref         ] GC(124) ReferenceProcessor::execute queues: 1, RefProcThreadModel::Single, marks_oops_alive: false
[5373.192s][debug][gc,ref         ] GC(124) Skipped KeepAliveFinalRefsPhase of Reference Processing: no references
[5373.192s][debug][gc,ref         ] GC(124) ReferenceProcessor::execute queues: 1, RefProcThreadModel::Single, marks_oops_alive: false
[5373.192s][debug][gc,phases      ] GC(124) Reference Processing 0.171ms
[5373.192s][debug][gc,phases      ] GC(124)   VM Weak                        Min:  0.0, Avg:  0.0, Max:  0.0, Diff:  0.0, Sum:  0.0, Workers: 4
[5373.192s][debug][gc,phases      ] GC(124)     Dead                           Min: 0, Avg:  0.0, Max: 0, Diff: 0, Sum: 0, Workers: 4
[5373.192s][debug][gc,phases      ] GC(124)     Total                          Min: 0, Avg: 277.2, Max: 576, Diff: 576, Sum: 1109, Workers: 4
[5373.192s][debug][gc,phases      ] GC(124)   ObjectSynchronizer Weak        Min:  0.0, Avg:  0.0, Max:  0.0, Diff:  0.0, Sum:  0.0, Workers: 4
[5373.192s][debug][gc,phases      ] GC(124)     Dead                           Min: 0, Avg:  0.0, Max: 0, Diff: 0, Sum: 0, Workers: 4
[5373.192s][debug][gc,phases      ] GC(124)     Total                          Min: 0, Avg:  1.0, Max: 4, Diff: 4, Sum: 4, Workers: 4
[5373.192s][debug][gc,phases      ] GC(124)   JVMTI Tag Weak OopStorage      Min:  0.0, Avg:  0.0, Max:  0.0, Diff:  0.0, Sum:  0.0, Workers: 4
[5373.192s][debug][gc,phases      ] GC(124)     Dead                           Min: 0, Avg:  0.0, Max: 0, Diff: 0, Sum: 0, Workers: 4
[5373.192s][debug][gc,phases      ] GC(124)     Total                          Min: 0, Avg:  0.0, Max: 0, Diff: 0, Sum: 0, Workers: 4
[5373.192s][debug][gc,phases      ] GC(124)   StringTable Weak               Min:  0.1, Avg:  0.1, Max:  0.1, Diff:  0.0, Sum:  0.5, Workers: 4
[5373.192s][debug][gc,phases      ] GC(124)     Dead                           Min: 0, Avg:  0.2, Max: 1, Diff: 1, Sum: 1, Workers: 4
[5373.192s][debug][gc,phases      ] GC(124)     Total                          Min: 10816, Avg: 12577.5, Max: 14023, Diff: 3207, Sum: 50310, Workers: 4
[5373.192s][debug][gc,phases      ] GC(124)   ResolvedMethodTable Weak       Min:  0.0, Avg:  0.0, Max:  0.0, Diff:  0.0, Sum:  0.2, Workers: 4
[5373.192s][debug][gc,phases      ] GC(124)     Dead                           Min: 0, Avg:  7.2, Max: 29, Diff: 29, Sum: 29, Workers: 4
[5373.192s][debug][gc,phases      ] GC(124)     Total                          Min: 3372, Avg: 4054.2, Max: 4857, Diff: 1485, Sum: 16217, Workers: 4
[5373.192s][debug][gc,phases      ] GC(124)   JNI Weak                       Min:  0.0, Avg:  0.0, Max:  0.0, Diff:  0.0, Sum:  0.0, Workers: 4
[5373.192s][debug][gc,phases      ] GC(124)     Dead                           Min: 0, Avg:  0.0, Max: 0, Diff: 0, Sum: 0, Workers: 4
[5373.192s][debug][gc,phases      ] GC(124)     Total                          Min: 0, Avg: 13.0, Max: 52, Diff: 52, Sum: 52, Workers: 4
[5373.192s][debug][gc,phases      ] GC(124)   StringDedup Table Weak         Min:  0.0, Avg:  0.0, Max:  0.0, Diff:  0.0, Sum:  0.0, Workers: 4
[5373.192s][debug][gc,phases      ] GC(124)     Dead                           Min: 0, Avg:  0.0, Max: 0, Diff: 0, Sum: 0, Workers: 4
[5373.192s][debug][gc,phases      ] GC(124)     Total                          Min: 0, Avg:  0.0, Max: 0, Diff: 0, Sum: 0, Workers: 4
[5373.192s][debug][gc,phases      ] GC(124)   StringDedup Requests0 Weak     Min:  0.0, Avg:  0.0, Max:  0.0, Diff:  0.0, Sum:  0.0, Workers: 4
[5373.192s][debug][gc,phases      ] GC(124)     Dead                           Min: 0, Avg:  0.0, Max: 0, Diff: 0, Sum: 0, Workers: 4
[5373.192s][debug][gc,phases      ] GC(124)     Total                          Min: 0, Avg:  0.0, Max: 0, Diff: 0, Sum: 0, Workers: 4
[5373.192s][debug][gc,phases      ] GC(124)   StringDedup Requests1 Weak     Min:  0.0, Avg:  0.0, Max:  0.0, Diff:  0.0, Sum:  0.0, Workers: 4
[5373.192s][debug][gc,phases      ] GC(124)     Dead                           Min: 0, Avg:  0.0, Max: 0, Diff: 0, Sum: 0, Workers: 4
[5373.192s][debug][gc,phases      ] GC(124)     Total                          Min: 0, Avg:  0.0, Max: 0, Diff: 0, Sum: 0, Workers: 4
[5373.192s][debug][gc,phases      ] GC(124)   Weak JFR Old Object Samples    Min:  0.0, Avg:  0.0, Max:  0.0, Diff:  0.0, Sum:  0.0, Workers: 4
[5373.192s][debug][gc,phases      ] GC(124)     Dead                           Min: 0, Avg:  0.0, Max: 0, Diff: 0, Sum: 0, Workers: 4
[5373.192s][debug][gc,phases      ] GC(124)     Total                          Min: 0, Avg:  0.0, Max: 0, Diff: 0, Sum: 0, Workers: 4
[5373.192s][debug][gc,phases      ] GC(124) Weak Processing 0.425ms
[5373.192s][debug][gc,age         ] GC(124) Desired survivor size 36700160 bytes, new threshold 1 (max threshold 15)
[5373.192s][info ][gc,heap        ] GC(124) PSYoungGen: 2029632K(2060800K)->6112K(2060288K) Eden: 2023936K(2023936K)->0K(2023936K) From: 5696K(36864K)->6112K(36352K)
[5373.192s][info ][gc,heap        ] GC(124) ParOldGen: 1532731K(1532928K)->1535899K(1536000K)
[5373.192s][info ][gc,metaspace   ] GC(124) Metaspace: 115569K(116992K)->115569K(116992K) NonClass: 98359K(99136K)->98359K(99136K) Class: 17209K(17856K)->17209K(17856K)
[5373.192s][info ][gc             ] GC(124) Pause Young (Allocation Failure) 3478M->1505M(3512M) 8.473ms
[5373.192s][info ][gc,cpu         ] GC(124) User=0.03s Sys=0.00s Real=0.01s
[5373.192s][info ][safepoint      ] Safepoint "ParallelGCFailedAllocation", Time since last: 3431491951 ns, Reaching safepoint: 11100 ns, Cleanup: 5800 ns, At safepoint: 8565700 ns, Total: 8582600 ns
[5376.193s][info ][safepoint      ] Safepoint "Cleanup", Time since last: 3000305987 ns, Reaching safepoint: 15500 ns, Cleanup: 21301 ns, At safepoint: 38300 ns, Total: 75101 ns
[5381.193s][info ][safepoint      ] Safepoint "Cleanup", Time since last: 5000496765 ns, Reaching safepoint: 12800 ns, Cleanup: 12701 ns, At safepoint: 3200 ns, Total: 28701 ns
[5386.194s][info ][safepoint      ] Safepoint "Cleanup", Time since last: 5000546685 ns, Reaching safepoint: 13401 ns, Cleanup: 13700 ns, At safepoint: 3700 ns, Total: 30801 ns
[5387.194s][info ][safepoint      ] Safepoint "Cleanup", Time since last: 1000124604 ns, Reaching safepoint: 14700 ns, Cleanup: 12001 ns, At safepoint: 3300 ns, Total: 30001 ns
[5388.194s][info ][safepoint      ] Safepoint "Cleanup", Time since last: 1000229886 ns, Reaching safepoint: 12300 ns, Cleanup: 19600 ns, At safepoint: 3300 ns, Total: 35200 ns
[5389.194s][info ][safepoint      ] Safepoint "Cleanup", Time since last: 1000117484 ns, Reaching safepoint: 14700 ns, Cleanup: 14000 ns, At safepoint: 3100 ns, Total: 31800 ns
[5390.194s][info ][safepoint      ] Safepoint "Cleanup", Time since last: 1000122584 ns, Reaching safepoint: 14100 ns, Cleanup: 13501 ns, At safepoint: 2900 ns, Total: 30501 ns
[5393.195s][info ][safepoint      ] Safepoint "Cleanup", Time since last: 3000266449 ns, Reaching safepoint: 13200 ns, Cleanup: 15301 ns, At safepoint: 3200 ns, Total: 31701 ns
[5396.195s][info ][safepoint      ] Safepoint "Cleanup", Time since last: 3000256917 ns, Reaching safepoint: 13800 ns, Cleanup: 11701 ns, At safepoint: 2900 ns, Total: 28401 ns
[5401.195s][info ][safepoint      ] Safepoint "Cleanup", Time since last: 5000496772 ns, Reaching safepoint: 11700 ns, Cleanup: 12300 ns, At safepoint: 3200 ns, Total: 27200 ns
[5403.772s][info ][safepoint      ] Safepoint "Cleanup", Time since last: 2576876870 ns, Reaching safepoint: 9501 ns, Cleanup: 11000 ns, At safepoint: 2100 ns, Total: 22601 ns
[5404.773s][info ][safepoint      ] Safepoint "Cleanup", Time since last: 1000147591 ns, Reaching safepoint: 14200 ns, Cleanup: 12600 ns, At safepoint: 3000 ns, Total: 29800 ns
[5405.773s][info ][safepoint      ] Safepoint "Cleanup", Time since last: 1000116291 ns, Reaching safepoint: 12800 ns, Cleanup: 15100 ns, At safepoint: 28001 ns, Total: 55901 ns
[5406.773s][info ][safepoint      ] Safepoint "Cleanup", Time since last: 1000105090 ns, Reaching safepoint: 13500 ns, Cleanup: 13100 ns, At safepoint: 2700 ns, Total: 29300 ns
[5411.773s][info ][safepoint      ] Safepoint "Cleanup", Time since last: 5000529461 ns, Reaching safepoint: 10500 ns, Cleanup: 12600 ns, At safepoint: 2600 ns, Total: 25700 ns
[5412.384s][info ][gc,start       ] GC(125) Pause Young (Allocation Failure)
[5412.392s][debug][gc,phases      ] GC(125) Scavenge 7.886ms
[5412.392s][debug][gc,ref         ] GC(125) ReferenceProcessor::execute queues: 1, RefProcThreadModel::Single, marks_oops_alive: false
[5412.392s][debug][gc,ref         ] GC(125) Skipped KeepAliveFinalRefsPhase of Reference Processing: no references
[5412.392s][debug][gc,ref         ] GC(125) ReferenceProcessor::execute queues: 1, RefProcThreadModel::Single, marks_oops_alive: false
[5412.392s][debug][gc,phases      ] GC(125) Reference Processing 0.116ms
[5412.392s][debug][gc,phases      ] GC(125)   VM Weak                        Min:  0.0, Avg:  0.0, Max:  0.0, Diff:  0.0, Sum:  0.0, Workers: 4
[5412.393s][debug][gc,phases      ] GC(125)     Dead                           Min: 0, Avg:  0.0, Max: 0, Diff: 0, Sum: 0, Workers: 4
[5412.393s][debug][gc,phases      ] GC(125)     Total                          Min: 0, Avg: 277.2, Max: 597, Diff: 597, Sum: 1109, Workers: 4
[5412.393s][debug][gc,phases      ] GC(125)   ObjectSynchronizer Weak        Min:  0.0, Avg:  0.0, Max:  0.0, Diff:  0.0, Sum:  0.0, Workers: 4
[5412.393s][debug][gc,phases      ] GC(125)     Dead                           Min: 0, Avg:  0.0, Max: 0, Diff: 0, Sum: 0, Workers: 4
[5412.393s][debug][gc,phases      ] GC(125)     Total                          Min: 0, Avg:  1.0, Max: 4, Diff: 4, Sum: 4, Workers: 4
[5412.393s][debug][gc,phases      ] GC(125)   JVMTI Tag Weak OopStorage      Min:  0.0, Avg:  0.0, Max:  0.0, Diff:  0.0, Sum:  0.0, Workers: 4
[5412.393s][debug][gc,phases      ] GC(125)     Dead                           Min: 0, Avg:  0.0, Max: 0, Diff: 0, Sum: 0, Workers: 4
[5412.393s][debug][gc,phases      ] GC(125)     Total                          Min: 0, Avg:  0.0, Max: 0, Diff: 0, Sum: 0, Workers: 4
[5412.393s][debug][gc,phases      ] GC(125)   StringTable Weak               Min:  0.1, Avg:  0.1, Max:  0.1, Diff:  0.0, Sum:  0.5, Workers: 4
[5412.393s][debug][gc,phases      ] GC(125)     Dead                           Min: 0, Avg:  0.0, Max: 0, Diff: 0, Sum: 0, Workers: 4
[5412.393s][debug][gc,phases      ] GC(125)     Total                          Min: 11264, Avg: 12583.0, Max: 14336, Diff: 3072, Sum: 50332, Workers: 4
[5412.393s][debug][gc,phases      ] GC(125)   ResolvedMethodTable Weak       Min:  0.0, Avg:  0.0, Max:  0.0, Diff:  0.0, Sum:  0.2, Workers: 4
[5412.393s][debug][gc,phases      ] GC(125)     Dead                           Min: 0, Avg:  6.0, Max: 16, Diff: 16, Sum: 24, Workers: 4
[5412.393s][debug][gc,phases      ] GC(125)     Total                          Min: 3510, Avg: 4054.2, Max: 4533, Diff: 1023, Sum: 16217, Workers: 4
[5412.393s][debug][gc,phases      ] GC(125)   JNI Weak                       Min:  0.0, Avg:  0.0, Max:  0.0, Diff:  0.0, Sum:  0.0, Workers: 4
[5412.393s][debug][gc,phases      ] GC(125)     Dead                           Min: 0, Avg:  0.0, Max: 0, Diff: 0, Sum: 0, Workers: 4
[5412.393s][debug][gc,phases      ] GC(125)     Total                          Min: 0, Avg: 13.0, Max: 52, Diff: 52, Sum: 52, Workers: 4
[5412.393s][debug][gc,phases      ] GC(125)   StringDedup Table Weak         Min:  0.0, Avg:  0.0, Max:  0.0, Diff:  0.0, Sum:  0.0, Workers: 4
[5412.393s][debug][gc,phases      ] GC(125)     Dead                           Min: 0, Avg:  0.0, Max: 0, Diff: 0, Sum: 0, Workers: 4
[5412.393s][debug][gc,phases      ] GC(125)     Total                          Min: 0, Avg:  0.0, Max: 0, Diff: 0, Sum: 0, Workers: 4
[5412.393s][debug][gc,phases      ] GC(125)   StringDedup Requests0 Weak     Min:  0.0, Avg:  0.0, Max:  0.0, Diff:  0.0, Sum:  0.0, Workers: 4
[5412.393s][debug][gc,phases      ] GC(125)     Dead                           Min: 0, Avg:  0.0, Max: 0, Diff: 0, Sum: 0, Workers: 4
[5412.393s][debug][gc,phases      ] GC(125)     Total                          Min: 0, Avg:  0.0, Max: 0, Diff: 0, Sum: 0, Workers: 4
[5412.393s][debug][gc,phases      ] GC(125)   StringDedup Requests1 Weak     Min:  0.0, Avg:  0.0, Max:  0.0, Diff:  0.0, Sum:  0.0, Workers: 4
[5412.393s][debug][gc,phases      ] GC(125)     Dead                           Min: 0, Avg:  0.0, Max: 0, Diff: 0, Sum: 0, Workers: 4
[5412.393s][debug][gc,phases      ] GC(125)     Total                          Min: 0, Avg:  0.0, Max: 0, Diff: 0, Sum: 0, Workers: 4
[5412.393s][debug][gc,phases      ] GC(125)   Weak JFR Old Object Samples    Min:  0.0, Avg:  0.0, Max:  0.0, Diff:  0.0, Sum:  0.0, Workers: 4
[5412.393s][debug][gc,phases      ] GC(125)     Dead                           Min: 0, Avg:  0.0, Max: 0, Diff: 0, Sum: 0, Workers: 4
[5412.393s][debug][gc,phases      ] GC(125)     Total                          Min: 0, Avg:  0.0, Max: 0, Diff: 0, Sum: 0, Workers: 4
[5412.393s][debug][gc,phases      ] GC(125) Weak Processing 0.359ms
[5412.393s][debug][gc,age         ] GC(125) Desired survivor size 36175872 bytes, new threshold 1 (max threshold 15)
[5412.393s][info ][gc,heap        ] GC(125) PSYoungGen: 2030048K(2060288K)->3744K(2061824K) Eden: 2023936K(2023936K)->0K(2025984K) From: 6112K(36352K)->3744K(35840K)
[5412.393s][info ][gc,heap        ] GC(125) ParOldGen: 1535899K(1536000K)->1539560K(1539584K)
[5412.393s][info ][gc,metaspace   ] GC(125) Metaspace: 115594K(117056K)->115594K(117056K) NonClass: 98385K(99200K)->98385K(99200K) Class: 17209K(17856K)->17209K(17856K)
[5412.393s][info ][gc             ] GC(125) Pause Young (Allocation Failure) 3482M->1507M(3517M) 8.495ms
[5412.393s][info ][gc,cpu         ] GC(125) User=0.03s Sys=0.00s Real=0.01s
[5412.393s][info ][safepoint      ] Safepoint "ParallelGCFailedAllocation", Time since last: 610718252 ns, Reaching safepoint: 11200 ns, Cleanup: 5700 ns, At safepoint: 8578962 ns, Total: 8595862 ns
[5420.394s][info ][safepoint      ] Safepoint "Cleanup", Time since last: 8000990204 ns, Reaching safepoint: 13700 ns, Cleanup: 13500 ns, At safepoint: 2800 ns, Total: 30000 ns
[5432.395s][info ][safepoint      ] Safepoint "Cleanup", Time since last: 12001431351 ns, Reaching safepoint: 19700 ns, Cleanup: 15801 ns, At safepoint: 5600 ns, Total: 41101 ns
[5440.396s][info ][safepoint      ] Safepoint "Cleanup", Time since last: 8000653346 ns, Reaching safepoint: 11800 ns, Cleanup: 13901 ns, At safepoint: 25500 ns, Total: 51201 ns
[5443.396s][info ][safepoint      ] Safepoint "Cleanup", Time since last: 3000271816 ns, Reaching safepoint: 11900 ns, Cleanup: 15800 ns, At safepoint: 3100 ns, Total: 30800 ns
[5449.398s][info ][safepoint      ] Safepoint "Cleanup", Time since last: 6001930988 ns, Reaching safepoint: 84002 ns, Cleanup: 13100 ns, At safepoint: 6400 ns, Total: 103502 ns
[5450.285s][info ][gc,start       ] GC(126) Pause Young (Allocation Failure)
[5450.296s][debug][gc,phases      ] GC(126) Scavenge 11.119ms
[5450.296s][debug][gc,ref         ] GC(126) ReferenceProcessor::execute queues: 1, RefProcThreadModel::Single, marks_oops_alive: false
[5450.296s][debug][gc,ref         ] GC(126) Skipped KeepAliveFinalRefsPhase of Reference Processing: no references
[5450.296s][debug][gc,ref         ] GC(126) ReferenceProcessor::execute queues: 1, RefProcThreadModel::Single, marks_oops_alive: false
[5450.296s][debug][gc,phases      ] GC(126) Reference Processing 0.105ms
[5450.296s][debug][gc,phases      ] GC(126)   VM Weak                        Min:  0.0, Avg:  0.0, Max:  0.0, Diff:  0.0, Sum:  0.0, Workers: 4
[5450.296s][debug][gc,phases      ] GC(126)     Dead                           Min: 0, Avg:  0.0, Max: 0, Diff: 0, Sum: 0, Workers: 4
[5450.296s][debug][gc,phases      ] GC(126)     Total                          Min: 0, Avg: 277.2, Max: 597, Diff: 597, Sum: 1109, Workers: 4
[5450.296s][debug][gc,phases      ] GC(126)   ObjectSynchronizer Weak        Min:  0.0, Avg:  0.0, Max:  0.0, Diff:  0.0, Sum:  0.0, Workers: 4
[5450.296s][debug][gc,phases      ] GC(126)     Dead                           Min: 0, Avg:  0.0, Max: 0, Diff: 0, Sum: 0, Workers: 4
[5450.296s][debug][gc,phases      ] GC(126)     Total                          Min: 0, Avg:  1.5, Max: 6, Diff: 6, Sum: 6, Workers: 4
[5450.296s][debug][gc,phases      ] GC(126)   JVMTI Tag Weak OopStorage      Min:  0.0, Avg:  0.0, Max:  0.0, Diff:  0.0, Sum:  0.0, Workers: 4
[5450.296s][debug][gc,phases      ] GC(126)     Dead                           Min: 0, Avg:  0.0, Max: 0, Diff: 0, Sum: 0, Workers: 4
[5450.296s][debug][gc,phases      ] GC(126)     Total                          Min: 0, Avg:  0.0, Max: 0, Diff: 0, Sum: 0, Workers: 4
[5450.297s][debug][gc,phases      ] GC(126)   StringTable Weak               Min:  0.1, Avg:  0.1, Max:  0.1, Diff:  0.0, Sum:  0.4, Workers: 4
[5450.297s][debug][gc,phases      ] GC(126)     Dead                           Min: 0, Avg:  0.2, Max: 1, Diff: 1, Sum: 1, Workers: 4
[5450.297s][debug][gc,phases      ] GC(126)     Total                          Min: 10687, Avg: 12583.5, Max: 14272, Diff: 3585, Sum: 50334, Workers: 4
[5450.297s][debug][gc,phases      ] GC(126)   ResolvedMethodTable Weak       Min:  0.0, Avg:  0.0, Max:  0.0, Diff:  0.0, Sum:  0.1, Workers: 4
[5450.297s][debug][gc,phases      ] GC(126)     Dead                           Min: 0, Avg:  4.0, Max: 16, Diff: 16, Sum: 16, Workers: 4
[5450.297s][debug][gc,phases      ] GC(126)     Total                          Min: 3504, Avg: 4054.2, Max: 4636, Diff: 1132, Sum: 16217, Workers: 4
[5450.297s][debug][gc,phases      ] GC(126)   JNI Weak                       Min:  0.0, Avg:  0.0, Max:  0.0, Diff:  0.0, Sum:  0.0, Workers: 4
[5450.297s][debug][gc,phases      ] GC(126)     Dead                           Min: 0, Avg:  0.0, Max: 0, Diff: 0, Sum: 0, Workers: 4
[5450.297s][debug][gc,phases      ] GC(126)     Total                          Min: 0, Avg: 13.0, Max: 52, Diff: 52, Sum: 52, Workers: 4
[5450.297s][debug][gc,phases      ] GC(126)   StringDedup Table Weak         Min:  0.0, Avg:  0.0, Max:  0.0, Diff:  0.0, Sum:  0.0, Workers: 4
[5450.297s][debug][gc,phases      ] GC(126)     Dead                           Min: 0, Avg:  0.0, Max: 0, Diff: 0, Sum: 0, Workers: 4
[5450.297s][debug][gc,phases      ] GC(126)     Total                          Min: 0, Avg:  0.0, Max: 0, Diff: 0, Sum: 0, Workers: 4
[5450.297s][debug][gc,phases      ] GC(126)   StringDedup Requests0 Weak     Min:  0.0, Avg:  0.0, Max:  0.0, Diff:  0.0, Sum:  0.0, Workers: 4
[5450.297s][debug][gc,phases      ] GC(126)     Dead                           Min: 0, Avg:  0.0, Max: 0, Diff: 0, Sum: 0, Workers: 4
[5450.297s][debug][gc,phases      ] GC(126)     Total                          Min: 0, Avg:  0.0, Max: 0, Diff: 0, Sum: 0, Workers: 4
[5450.297s][debug][gc,phases      ] GC(126)   StringDedup Requests1 Weak     Min:  0.0, Avg:  0.0, Max:  0.0, Diff:  0.0, Sum:  0.0, Workers: 4
[5450.297s][debug][gc,phases      ] GC(126)     Dead                           Min: 0, Avg:  0.0, Max: 0, Diff: 0, Sum: 0, Workers: 4
[5450.297s][debug][gc,phases      ] GC(126)     Total                          Min: 0, Avg:  0.0, Max: 0, Diff: 0, Sum: 0, Workers: 4
[5450.297s][debug][gc,phases      ] GC(126)   Weak JFR Old Object Samples    Min:  0.0, Avg:  0.0, Max:  0.0, Diff:  0.0, Sum:  0.0, Workers: 4
[5450.297s][debug][gc,phases      ] GC(126)     Dead                           Min: 0, Avg:  0.0, Max: 0, Diff: 0, Sum: 0, Workers: 4
[5450.297s][debug][gc,phases      ] GC(126)     Total                          Min: 0, Avg:  0.0, Max: 0, Diff: 0, Sum: 0, Workers: 4
[5450.297s][debug][gc,phases      ] GC(126) Weak Processing 0.343ms
[5450.297s][debug][gc,age         ] GC(126) Desired survivor size 33554432 bytes, new threshold 1 (max threshold 15)
[5450.297s][info ][gc,heap        ] GC(126) PSYoungGen: 2029728K(2061824K)->12736K(2061312K) Eden: 2025984K(2025984K)->0K(2025984K) From: 3744K(35840K)->12736K(35328K)
[5450.297s][info ][gc,heap        ] GC(126) ParOldGen: 1539560K(1539584K)->1540520K(1540608K)
[5450.297s][info ][gc,metaspace   ] GC(126) Metaspace: 115616K(117056K)->115616K(117056K) NonClass: 98406K(99200K)->98406K(99200K) Class: 17210K(17856K)->17210K(17856K)
[5450.297s][info ][gc             ] GC(126) Pause Young (Allocation Failure) 3485M->1516M(3517M) 11.701ms
[5450.297s][info ][gc,cpu         ] GC(126) User=0.04s Sys=0.01s Real=0.01s
[5450.297s][info ][safepoint      ] Safepoint "ParallelGCFailedAllocation", Time since last: 886623002 ns, Reaching safepoint: 12400 ns, Cleanup: 13901 ns, At safepoint: 11792221 ns, Total: 11818522 ns
[5453.297s][info ][safepoint      ] Safepoint "Cleanup", Time since last: 3000262527 ns, Reaching safepoint: 13800 ns, Cleanup: 17600 ns, At safepoint: 2700 ns, Total: 34100 ns
[5472.802s][info ][safepoint      ] Safepoint "Cleanup", Time since last: 19505351920 ns, Reaching safepoint: 12001 ns, Cleanup: 14400 ns, At safepoint: 3600 ns, Total: 30001 ns
[5474.803s][info ][safepoint      ] Safepoint "Cleanup", Time since last: 2000423817 ns, Reaching safepoint: 18500 ns, Cleanup: 19100 ns, At safepoint: 7300 ns, Total: 44900 ns
[5477.803s][info ][safepoint      ] Safepoint "Cleanup", Time since last: 3000416984 ns, Reaching safepoint: 85902 ns, Cleanup: 11100 ns, At safepoint: 7100 ns, Total: 104102 ns
[5483.804s][info ][safepoint      ] Safepoint "Cleanup", Time since last: 6000834862 ns, Reaching safepoint: 11700 ns, Cleanup: 21301 ns, At safepoint: 3100 ns, Total: 36101 ns
[5484.804s][info ][safepoint      ] Safepoint "Cleanup", Time since last: 1000137090 ns, Reaching safepoint: 14700 ns, Cleanup: 16601 ns, At safepoint: 3400 ns, Total: 34701 ns
[5485.805s][info ][safepoint      ] Safepoint "Cleanup", Time since last: 1000222792 ns, Reaching safepoint: 11700 ns, Cleanup: 13400 ns, At safepoint: 3800 ns, Total: 28900 ns
[5486.733s][info ][gc,start       ] GC(127) Pause Young (Allocation Failure)
[5486.747s][debug][gc,phases      ] GC(127) Scavenge 14.528ms
[5486.748s][debug][gc,ref         ] GC(127) ReferenceProcessor::execute queues: 1, RefProcThreadModel::Single, marks_oops_alive: false
[5486.748s][debug][gc,ref         ] GC(127) Skipped KeepAliveFinalRefsPhase of Reference Processing: no references
[5486.748s][debug][gc,ref         ] GC(127) ReferenceProcessor::execute queues: 1, RefProcThreadModel::Single, marks_oops_alive: false
[5486.748s][debug][gc,phases      ] GC(127) Reference Processing 0.104ms
[5486.748s][debug][gc,phases      ] GC(127)   VM Weak                        Min:  0.0, Avg:  0.0, Max:  0.0, Diff:  0.0, Sum:  0.0, Workers: 4
[5486.748s][debug][gc,phases      ] GC(127)     Dead                           Min: 0, Avg:  0.0, Max: 0, Diff: 0, Sum: 0, Workers: 4
[5486.748s][debug][gc,phases      ] GC(127)     Total                          Min: 64, Avg: 277.2, Max: 384, Diff: 320, Sum: 1109, Workers: 4
[5486.748s][debug][gc,phases      ] GC(127)   ObjectSynchronizer Weak        Min:  0.0, Avg:  0.0, Max:  0.0, Diff:  0.0, Sum:  0.0, Workers: 4
[5486.748s][debug][gc,phases      ] GC(127)     Dead                           Min: 0, Avg:  0.0, Max: 0, Diff: 0, Sum: 0, Workers: 4
[5486.748s][debug][gc,phases      ] GC(127)     Total                          Min: 0, Avg:  1.5, Max: 6, Diff: 6, Sum: 6, Workers: 4
[5486.748s][debug][gc,phases      ] GC(127)   JVMTI Tag Weak OopStorage      Min:  0.0, Avg:  0.0, Max:  0.0, Diff:  0.0, Sum:  0.0, Workers: 4
[5486.748s][debug][gc,phases      ] GC(127)     Dead                           Min: 0, Avg:  0.0, Max: 0, Diff: 0, Sum: 0, Workers: 4
[5486.748s][debug][gc,phases      ] GC(127)     Total                          Min: 0, Avg:  0.0, Max: 0, Diff: 0, Sum: 0, Workers: 4
[5486.748s][debug][gc,phases      ] GC(127)   StringTable Weak               Min:  0.1, Avg:  0.1, Max:  0.1, Diff:  0.0, Sum:  0.4, Workers: 4
[5486.748s][debug][gc,phases      ] GC(127)     Dead                           Min: 0, Avg:  0.0, Max: 0, Diff: 0, Sum: 0, Workers: 4
[5486.748s][debug][gc,phases      ] GC(127)     Total                          Min: 11008, Avg: 12583.5, Max: 14304, Diff: 3296, Sum: 50334, Workers: 4
[5486.748s][debug][gc,phases      ] GC(127)   ResolvedMethodTable Weak       Min:  0.0, Avg:  0.0, Max:  0.0, Diff:  0.0, Sum:  0.1, Workers: 4
[5486.748s][debug][gc,phases      ] GC(127)     Dead                           Min: 0, Avg:  4.0, Max: 16, Diff: 16, Sum: 16, Workers: 4
[5486.748s][debug][gc,phases      ] GC(127)     Total                          Min: 3480, Avg: 4054.2, Max: 4675, Diff: 1195, Sum: 16217, Workers: 4
[5486.748s][debug][gc,phases      ] GC(127)   JNI Weak                       Min:  0.0, Avg:  0.0, Max:  0.0, Diff:  0.0, Sum:  0.0, Workers: 4
[5486.748s][debug][gc,phases      ] GC(127)     Dead                           Min: 0, Avg:  0.0, Max: 0, Diff: 0, Sum: 0, Workers: 4
[5486.748s][debug][gc,phases      ] GC(127)     Total                          Min: 0, Avg: 13.0, Max: 52, Diff: 52, Sum: 52, Workers: 4
[5486.748s][debug][gc,phases      ] GC(127)   StringDedup Table Weak         Min:  0.0, Avg:  0.0, Max:  0.0, Diff:  0.0, Sum:  0.0, Workers: 4
[5486.748s][debug][gc,phases      ] GC(127)     Dead                           Min: 0, Avg:  0.0, Max: 0, Diff: 0, Sum: 0, Workers: 4
[5486.748s][debug][gc,phases      ] GC(127)     Total                          Min: 0, Avg:  0.0, Max: 0, Diff: 0, Sum: 0, Workers: 4
[5486.748s][debug][gc,phases      ] GC(127)   StringDedup Requests0 Weak     Min:  0.0, Avg:  0.0, Max:  0.0, Diff:  0.0, Sum:  0.0, Workers: 4
[5486.748s][debug][gc,phases      ] GC(127)     Dead                           Min: 0, Avg:  0.0, Max: 0, Diff: 0, Sum: 0, Workers: 4
[5486.748s][debug][gc,phases      ] GC(127)     Total                          Min: 0, Avg:  0.0, Max: 0, Diff: 0, Sum: 0, Workers: 4
[5486.748s][debug][gc,phases      ] GC(127)   StringDedup Requests1 Weak     Min:  0.0, Avg:  0.0, Max:  0.0, Diff:  0.0, Sum:  0.0, Workers: 4
[5486.748s][debug][gc,phases      ] GC(127)     Dead                           Min: 0, Avg:  0.0, Max: 0, Diff: 0, Sum: 0, Workers: 4
[5486.748s][debug][gc,phases      ] GC(127)     Total                          Min: 0, Avg:  0.0, Max: 0, Diff: 0, Sum: 0, Workers: 4
[5486.748s][debug][gc,phases      ] GC(127)   Weak JFR Old Object Samples    Min:  0.0, Avg:  0.0, Max:  0.0, Diff:  0.0, Sum:  0.0, Workers: 4
[5486.748s][debug][gc,phases      ] GC(127)     Dead                           Min: 0, Avg:  0.0, Max: 0, Diff: 0, Sum: 0, Workers: 4
[5486.748s][debug][gc,phases      ] GC(127)     Total                          Min: 0, Avg:  0.0, Max: 0, Diff: 0, Sum: 0, Workers: 4
[5486.748s][debug][gc,phases      ] GC(127) Weak Processing 0.326ms
[5486.748s][debug][gc,age         ] GC(127) Desired survivor size 32505856 bytes, new threshold 1 (max threshold 15)
[5486.748s][info ][gc,heap        ] GC(127) PSYoungGen: 2038720K(2061312K)->8144K(2065408K) Eden: 2025984K(2025984K)->0K(2032640K) From: 12736K(35328K)->8144K(32768K)
[5486.748s][info ][gc,heap        ] GC(127) ParOldGen: 1540520K(1540608K)->1550018K(1550336K)
[5486.748s][info ][gc,metaspace   ] GC(127) Metaspace: 115625K(117056K)->115625K(117056K) NonClass: 98414K(99200K)->98414K(99200K) Class: 17210K(17856K)->17210K(17856K)
[5486.748s][info ][gc             ] GC(127) Pause Young (Allocation Failure) 3495M->1521M(3531M) 15.130ms
[5486.748s][info ][gc,cpu         ] GC(127) User=0.05s Sys=0.01s Real=0.01s
[5486.748s][info ][safepoint      ] Safepoint "ParallelGCFailedAllocation", Time since last: 928149153 ns, Reaching safepoint: 14400 ns, Cleanup: 7200 ns, At safepoint: 15227983 ns, Total: 15249583 ns
[5487.748s][info ][safepoint      ] Safepoint "Cleanup", Time since last: 1000097490 ns, Reaching safepoint: 12300 ns, Cleanup: 11800 ns, At safepoint: 2600 ns, Total: 26700 ns
[5488.748s][info ][safepoint      ] Safepoint "Cleanup", Time since last: 1000140391 ns, Reaching safepoint: 13800 ns, Cleanup: 13300 ns, At safepoint: 3800 ns, Total: 30900 ns
[5489.749s][info ][safepoint      ] Safepoint "Cleanup", Time since last: 1000124991 ns, Reaching safepoint: 31600 ns, Cleanup: 22001 ns, At safepoint: 4000 ns, Total: 57601 ns
[5493.749s][info ][safepoint      ] Safepoint "Cleanup", Time since last: 4000379857 ns, Reaching safepoint: 13500 ns, Cleanup: 13200 ns, At safepoint: 3100 ns, Total: 29800 ns
[5503.750s][info ][safepoint      ] Safepoint "Cleanup", Time since last: 10001171268 ns, Reaching safepoint: 21100 ns, Cleanup: 21001 ns, At safepoint: 7900 ns, Total: 50001 ns
[5508.751s][info ][safepoint      ] Safepoint "Cleanup", Time since last: 5000608415 ns, Reaching safepoint: 12400 ns, Cleanup: 12500 ns, At safepoint: 3100 ns, Total: 28000 ns
[5512.751s][info ][safepoint      ] Safepoint "Cleanup", Time since last: 4000545872 ns, Reaching safepoint: 12700 ns, Cleanup: 14300 ns, At safepoint: 3500 ns, Total: 30500 ns
[5515.752s][info ][safepoint      ] Safepoint "Cleanup", Time since last: 3000494723 ns, Reaching safepoint: 12600 ns, Cleanup: 14000 ns, At safepoint: 3901 ns, Total: 30501 ns
[5529.583s][info ][gc,start       ] GC(128) Pause Young (Allocation Failure)
[5529.592s][debug][gc,phases      ] GC(128) Scavenge 8.566ms
[5529.592s][debug][gc,ref         ] GC(128) ReferenceProcessor::execute queues: 1, RefProcThreadModel::Single, marks_oops_alive: false
[5529.592s][debug][gc,ref         ] GC(128) Skipped KeepAliveFinalRefsPhase of Reference Processing: no references
[5529.592s][debug][gc,ref         ] GC(128) Skipped PhantomRefsPhase of Reference Processing: no references
[5529.592s][debug][gc,phases      ] GC(128) Reference Processing 0.100ms
[5529.592s][debug][gc,phases      ] GC(128)   VM Weak                        Min:  0.0, Avg:  0.0, Max:  0.0, Diff:  0.0, Sum:  0.0, Workers: 4
[5529.592s][debug][gc,phases      ] GC(128)     Dead                           Min: 0, Avg:  0.0, Max: 0, Diff: 0, Sum: 0, Workers: 4
[5529.592s][debug][gc,phases      ] GC(128)     Total                          Min: 0, Avg: 277.2, Max: 896, Diff: 896, Sum: 1109, Workers: 4
[5529.592s][debug][gc,phases      ] GC(128)   ObjectSynchronizer Weak        Min:  0.0, Avg:  0.0, Max:  0.0, Diff:  0.0, Sum:  0.0, Workers: 4
[5529.592s][debug][gc,phases      ] GC(128)     Dead                           Min: 0, Avg:  0.0, Max: 0, Diff: 0, Sum: 0, Workers: 4
[5529.592s][debug][gc,phases      ] GC(128)     Total                          Min: 0, Avg:  1.2, Max: 5, Diff: 5, Sum: 5, Workers: 4
[5529.592s][debug][gc,phases      ] GC(128)   JVMTI Tag Weak OopStorage      Min:  0.0, Avg:  0.0, Max:  0.0, Diff:  0.0, Sum:  0.0, Workers: 4
[5529.592s][debug][gc,phases      ] GC(128)     Dead                           Min: 0, Avg:  0.0, Max: 0, Diff: 0, Sum: 0, Workers: 4
[5529.592s][debug][gc,phases      ] GC(128)     Total                          Min: 0, Avg:  0.0, Max: 0, Diff: 0, Sum: 0, Workers: 4
[5529.592s][debug][gc,phases      ] GC(128)   StringTable Weak               Min:  0.1, Avg:  0.1, Max:  0.1, Diff:  0.0, Sum:  0.4, Workers: 4
[5529.592s][debug][gc,phases      ] GC(128)     Dead                           Min: 0, Avg:  0.0, Max: 0, Diff: 0, Sum: 0, Workers: 4
[5529.592s][debug][gc,phases      ] GC(128)     Total                          Min: 10815, Avg: 12583.5, Max: 14336, Diff: 3521, Sum: 50334, Workers: 4
[5529.592s][debug][gc,phases      ] GC(128)   ResolvedMethodTable Weak       Min:  0.0, Avg:  0.0, Max:  0.0, Diff:  0.0, Sum:  0.1, Workers: 4
[5529.592s][debug][gc,phases      ] GC(128)     Dead                           Min: 0, Avg:  4.0, Max: 16, Diff: 16, Sum: 16, Workers: 4
[5529.592s][debug][gc,phases      ] GC(128)     Total                          Min: 3289, Avg: 4054.2, Max: 4667, Diff: 1378, Sum: 16217, Workers: 4
[5529.592s][debug][gc,phases      ] GC(128)   JNI Weak                       Min:  0.0, Avg:  0.0, Max:  0.0, Diff:  0.0, Sum:  0.0, Workers: 4
[5529.592s][debug][gc,phases      ] GC(128)     Dead                           Min: 0, Avg:  0.0, Max: 0, Diff: 0, Sum: 0, Workers: 4
[5529.592s][debug][gc,phases      ] GC(128)     Total                          Min: 0, Avg: 13.0, Max: 52, Diff: 52, Sum: 52, Workers: 4
[5529.592s][debug][gc,phases      ] GC(128)   StringDedup Table Weak         Min:  0.0, Avg:  0.0, Max:  0.0, Diff:  0.0, Sum:  0.0, Workers: 4
[5529.592s][debug][gc,phases      ] GC(128)     Dead                           Min: 0, Avg:  0.0, Max: 0, Diff: 0, Sum: 0, Workers: 4
[5529.592s][debug][gc,phases      ] GC(128)     Total                          Min: 0, Avg:  0.0, Max: 0, Diff: 0, Sum: 0, Workers: 4
[5529.592s][debug][gc,phases      ] GC(128)   StringDedup Requests0 Weak     Min:  0.0, Avg:  0.0, Max:  0.0, Diff:  0.0, Sum:  0.0, Workers: 4
[5529.592s][debug][gc,phases      ] GC(128)     Dead                           Min: 0, Avg:  0.0, Max: 0, Diff: 0, Sum: 0, Workers: 4
[5529.592s][debug][gc,phases      ] GC(128)     Total                          Min: 0, Avg:  0.0, Max: 0, Diff: 0, Sum: 0, Workers: 4
[5529.592s][debug][gc,phases      ] GC(128)   StringDedup Requests1 Weak     Min:  0.0, Avg:  0.0, Max:  0.0, Diff:  0.0, Sum:  0.0, Workers: 4
[5529.592s][debug][gc,phases      ] GC(128)     Dead                           Min: 0, Avg:  0.0, Max: 0, Diff: 0, Sum: 0, Workers: 4
[5529.592s][debug][gc,phases      ] GC(128)     Total                          Min: 0, Avg:  0.0, Max: 0, Diff: 0, Sum: 0, Workers: 4
[5529.592s][debug][gc,phases      ] GC(128)   Weak JFR Old Object Samples    Min:  0.0, Avg:  0.0, Max:  0.0, Diff:  0.0, Sum:  0.0, Workers: 4
[5529.592s][debug][gc,phases      ] GC(128)     Dead                           Min: 0, Avg:  0.0, Max: 0, Diff: 0, Sum: 0, Workers: 4
[5529.592s][debug][gc,phases      ] GC(128)     Total                          Min: 0, Avg:  0.0, Max: 0, Diff: 0, Sum: 0, Workers: 4
[5529.592s][debug][gc,phases      ] GC(128) Weak Processing 0.341ms
[5529.592s][debug][gc,age         ] GC(128) Desired survivor size 31457280 bytes, new threshold 1 (max threshold 15)
[5529.592s][info ][gc,heap        ] GC(128) PSYoungGen: 2040758K(2065408K)->6080K(2064384K) Eden: 2032614K(2032640K)->0K(2032640K) From: 8144K(32768K)->6080K(31744K)
[5529.592s][info ][gc,heap        ] GC(128) ParOldGen: 1550018K(1550336K)->1554362K(1554432K)
[5529.592s][info ][gc,metaspace   ] GC(128) Metaspace: 115627K(117056K)->115627K(117056K) NonClass: 98417K(99200K)->98417K(99200K) Class: 17210K(17856K)->17210K(17856K)
[5529.592s][info ][gc             ] GC(128) Pause Young (Allocation Failure) 3506M->1523M(3534M) 9.147ms
[5529.592s][info ][gc,cpu         ] GC(128) User=0.03s Sys=0.00s Real=0.01s
[5529.592s][info ][safepoint      ] Safepoint "ParallelGCFailedAllocation", Time since last: 13830960982 ns, Reaching safepoint: 11601 ns, Cleanup: 6700 ns, At safepoint: 9238769 ns, Total: 9257070 ns
[5530.592s][info ][safepoint      ] Safepoint "Cleanup", Time since last: 1000096174 ns, Reaching safepoint: 10500 ns, Cleanup: 12700 ns, At safepoint: 3800 ns, Total: 27000 ns
[5536.593s][info ][safepoint      ] Safepoint "Cleanup", Time since last: 6000504014 ns, Reaching safepoint: 12200 ns, Cleanup: 15100 ns, At safepoint: 3100 ns, Total: 30400 ns
[5540.593s][info ][safepoint      ] Safepoint "Cleanup", Time since last: 4000445521 ns, Reaching safepoint: 12900 ns, Cleanup: 11401 ns, At safepoint: 3000 ns, Total: 27301 ns
[5549.594s][info ][safepoint      ] Safepoint "Cleanup", Time since last: 9000759419 ns, Reaching safepoint: 11600 ns, Cleanup: 11800 ns, At safepoint: 3400 ns, Total: 26800 ns
[5565.596s][info ][safepoint      ] Safepoint "Cleanup", Time since last: 16001693923 ns, Reaching safepoint: 10700 ns, Cleanup: 11801 ns, At safepoint: 29800 ns, Total: 52301 ns
[5578.597s][info ][safepoint      ] Safepoint "Cleanup", Time since last: 13001615460 ns, Reaching safepoint: 11000 ns, Cleanup: 12700 ns, At safepoint: 3601 ns, Total: 27301 ns
[5583.857s][info ][safepoint      ] Safepoint "Cleanup", Time since last: 5259645579 ns, Reaching safepoint: 12601 ns, Cleanup: 12900 ns, At safepoint: 4800 ns, Total: 30301 ns
[5586.028s][info ][gc,start       ] GC(129) Pause Young (Allocation Failure)
[5586.035s][debug][gc,phases      ] GC(129) Scavenge 7.158ms
[5586.035s][debug][gc,ref         ] GC(129) ReferenceProcessor::execute queues: 1, RefProcThreadModel::Single, marks_oops_alive: false
[5586.035s][debug][gc,ref         ] GC(129) Skipped KeepAliveFinalRefsPhase of Reference Processing: no references
[5586.035s][debug][gc,ref         ] GC(129) ReferenceProcessor::execute queues: 1, RefProcThreadModel::Single, marks_oops_alive: false
[5586.035s][debug][gc,phases      ] GC(129) Reference Processing 0.104ms
[5586.035s][debug][gc,phases      ] GC(129)   VM Weak                        Min:  0.0, Avg:  0.0, Max:  0.0, Diff:  0.0, Sum:  0.0, Workers: 4
[5586.036s][debug][gc,phases      ] GC(129)     Dead                           Min: 0, Avg:  0.0, Max: 0, Diff: 0, Sum: 0, Workers: 4
[5586.036s][debug][gc,phases      ] GC(129)     Total                          Min: 0, Avg: 277.2, Max: 1088, Diff: 1088, Sum: 1109, Workers: 4
[5586.036s][debug][gc,phases      ] GC(129)   ObjectSynchronizer Weak        Min:  0.0, Avg:  0.0, Max:  0.0, Diff:  0.0, Sum:  0.0, Workers: 4
[5586.036s][debug][gc,phases      ] GC(129)     Dead                           Min: 0, Avg:  0.0, Max: 0, Diff: 0, Sum: 0, Workers: 4
[5586.036s][debug][gc,phases      ] GC(129)     Total                          Min: 0, Avg:  0.8, Max: 3, Diff: 3, Sum: 3, Workers: 4
[5586.036s][debug][gc,phases      ] GC(129)   JVMTI Tag Weak OopStorage      Min:  0.0, Avg:  0.0, Max:  0.0, Diff:  0.0, Sum:  0.0, Workers: 4
[5586.036s][debug][gc,phases      ] GC(129)     Dead                           Min: 0, Avg:  0.0, Max: 0, Diff: 0, Sum: 0, Workers: 4
[5586.036s][debug][gc,phases      ] GC(129)     Total                          Min: 0, Avg:  0.0, Max: 0, Diff: 0, Sum: 0, Workers: 4
[5586.036s][debug][gc,phases      ] GC(129)   StringTable Weak               Min:  0.1, Avg:  0.1, Max:  0.1, Diff:  0.0, Sum:  0.4, Workers: 4
[5586.036s][debug][gc,phases      ] GC(129)     Dead                           Min: 0, Avg:  0.2, Max: 1, Diff: 1, Sum: 1, Workers: 4
[5586.036s][debug][gc,phases      ] GC(129)     Total                          Min: 11303, Avg: 12585.0, Max: 15231, Diff: 3928, Sum: 50340, Workers: 4
[5586.036s][debug][gc,phases      ] GC(129)   ResolvedMethodTable Weak       Min:  0.0, Avg:  0.0, Max:  0.0, Diff:  0.0, Sum:  0.1, Workers: 4
[5586.036s][debug][gc,phases      ] GC(129)     Dead                           Min: 0, Avg:  7.2, Max: 29, Diff: 29, Sum: 29, Workers: 4
[5586.036s][debug][gc,phases      ] GC(129)     Total                          Min: 3657, Avg: 4057.8, Max: 4934, Diff: 1277, Sum: 16231, Workers: 4
[5586.036s][debug][gc,phases      ] GC(129)   JNI Weak                       Min:  0.0, Avg:  0.0, Max:  0.0, Diff:  0.0, Sum:  0.0, Workers: 4
[5586.036s][debug][gc,phases      ] GC(129)     Dead                           Min: 0, Avg:  0.0, Max: 0, Diff: 0, Sum: 0, Workers: 4
[5586.036s][debug][gc,phases      ] GC(129)     Total                          Min: 0, Avg: 13.0, Max: 52, Diff: 52, Sum: 52, Workers: 4
[5586.036s][debug][gc,phases      ] GC(129)   StringDedup Table Weak         Min:  0.0, Avg:  0.0, Max:  0.0, Diff:  0.0, Sum:  0.0, Workers: 4
[5586.036s][debug][gc,phases      ] GC(129)     Dead                           Min: 0, Avg:  0.0, Max: 0, Diff: 0, Sum: 0, Workers: 4
[5586.036s][debug][gc,phases      ] GC(129)     Total                          Min: 0, Avg:  0.0, Max: 0, Diff: 0, Sum: 0, Workers: 4
[5586.036s][debug][gc,phases      ] GC(129)   StringDedup Requests0 Weak     Min:  0.0, Avg:  0.0, Max:  0.0, Diff:  0.0, Sum:  0.0, Workers: 4
[5586.036s][debug][gc,phases      ] GC(129)     Dead                           Min: 0, Avg:  0.0, Max: 0, Diff: 0, Sum: 0, Workers: 4
[5586.036s][debug][gc,phases      ] GC(129)     Total                          Min: 0, Avg:  0.0, Max: 0, Diff: 0, Sum: 0, Workers: 4
[5586.036s][debug][gc,phases      ] GC(129)   StringDedup Requests1 Weak     Min:  0.0, Avg:  0.0, Max:  0.0, Diff:  0.0, Sum:  0.0, Workers: 4
[5586.036s][debug][gc,phases      ] GC(129)     Dead                           Min: 0, Avg:  0.0, Max: 0, Diff: 0, Sum: 0, Workers: 4
[5586.036s][debug][gc,phases      ] GC(129)     Total                          Min: 0, Avg:  0.0, Max: 0, Diff: 0, Sum: 0, Workers: 4
[5586.036s][debug][gc,phases      ] GC(129)   Weak JFR Old Object Samples    Min:  0.0, Avg:  0.0, Max:  0.0, Diff:  0.0, Sum:  0.0, Workers: 4
[5586.036s][debug][gc,phases      ] GC(129)     Dead                           Min: 0, Avg:  0.0, Max: 0, Diff: 0, Sum: 0, Workers: 4
[5586.036s][debug][gc,phases      ] GC(129)     Total                          Min: 0, Avg:  0.0, Max: 0, Diff: 0, Sum: 0, Workers: 4
[5586.036s][debug][gc,phases      ] GC(129) Weak Processing 0.402ms
[5586.036s][debug][gc,age         ] GC(129) Desired survivor size 30932992 bytes, new threshold 1 (max threshold 15)
[5586.036s][info ][gc,heap        ] GC(129) PSYoungGen: 2038720K(2064384K)->4144K(2066944K) Eden: 2032640K(2032640K)->0K(2036224K) From: 6080K(31744K)->4144K(30720K)
[5586.036s][info ][gc,heap        ] GC(129) ParOldGen: 1554362K(1554432K)->1556827K(1556992K)
[5586.036s][info ][gc,metaspace   ] GC(129) Metaspace: 115643K(117056K)->115643K(117056K) NonClass: 98429K(99200K)->98429K(99200K) Class: 17213K(17856K)->17213K(17856K)
[5586.036s][info ][gc             ] GC(129) Pause Young (Allocation Failure) 3508M->1524M(3539M) 7.797ms
[5586.036s][info ][gc,cpu         ] GC(129) User=0.03s Sys=0.00s Real=0.01s
[5586.036s][info ][safepoint      ] Safepoint "ParallelGCFailedAllocation", Time since last: 2170658398 ns, Reaching safepoint: 83902 ns, Cleanup: 5000 ns, At safepoint: 7885047 ns, Total: 7973949 ns
[5598.037s][info ][safepoint      ] Safepoint "Cleanup", Time since last: 12001076229 ns, Reaching safepoint: 10101 ns, Cleanup: 13300 ns, At safepoint: 23200 ns, Total: 46601 ns
[5610.038s][info ][safepoint      ] Safepoint "Cleanup", Time since last: 12001119611 ns, Reaching safepoint: 10400 ns, Cleanup: 14501 ns, At safepoint: 2800 ns, Total: 27701 ns
[5615.039s][info ][safepoint      ] Safepoint "Cleanup", Time since last: 5000596259 ns, Reaching safepoint: 11100 ns, Cleanup: 12401 ns, At safepoint: 2900 ns, Total: 26401 ns
[5619.039s][info ][safepoint      ] Safepoint "Cleanup", Time since last: 4000384545 ns, Reaching safepoint: 10800 ns, Cleanup: 11500 ns, At safepoint: 2800 ns, Total: 25100 ns
[5625.040s][info ][safepoint      ] Safepoint "Cleanup", Time since last: 6000689275 ns, Reaching safepoint: 10000 ns, Cleanup: 15901 ns, At safepoint: 2500 ns, Total: 28401 ns
[5628.040s][info ][safepoint      ] Safepoint "Cleanup", Time since last: 3000337274 ns, Reaching safepoint: 11400 ns, Cleanup: 12100 ns, At safepoint: 3100 ns, Total: 26600 ns
[5631.280s][info ][gc,start       ] GC(130) Pause Young (Allocation Failure)
[5631.291s][debug][gc,phases      ] GC(130) Scavenge 10.878ms
[5631.291s][debug][gc,ref         ] GC(130) ReferenceProcessor::execute queues: 1, RefProcThreadModel::Single, marks_oops_alive: false
[5631.291s][debug][gc,ref         ] GC(130) Skipped KeepAliveFinalRefsPhase of Reference Processing: no references
[5631.291s][debug][gc,ref         ] GC(130) ReferenceProcessor::execute queues: 1, RefProcThreadModel::Single, marks_oops_alive: false
[5631.291s][debug][gc,phases      ] GC(130) Reference Processing 0.104ms
[5631.292s][debug][gc,phases      ] GC(130)   VM Weak                        Min:  0.0, Avg:  0.0, Max:  0.0, Diff:  0.0, Sum:  0.0, Workers: 4
[5631.292s][debug][gc,phases      ] GC(130)     Dead                           Min: 0, Avg:  0.0, Max: 0, Diff: 0, Sum: 0, Workers: 4
[5631.292s][debug][gc,phases      ] GC(130)     Total                          Min: 0, Avg: 277.2, Max: 448, Diff: 448, Sum: 1109, Workers: 4
[5631.292s][debug][gc,phases      ] GC(130)   ObjectSynchronizer Weak        Min:  0.0, Avg:  0.0, Max:  0.0, Diff:  0.0, Sum:  0.0, Workers: 4
[5631.292s][debug][gc,phases      ] GC(130)     Dead                           Min: 0, Avg:  0.0, Max: 0, Diff: 0, Sum: 0, Workers: 4
[5631.292s][debug][gc,phases      ] GC(130)     Total                          Min: 0, Avg:  1.5, Max: 6, Diff: 6, Sum: 6, Workers: 4
[5631.292s][debug][gc,phases      ] GC(130)   JVMTI Tag Weak OopStorage      Min:  0.0, Avg:  0.0, Max:  0.0, Diff:  0.0, Sum:  0.0, Workers: 4
[5631.292s][debug][gc,phases      ] GC(130)     Dead                           Min: 0, Avg:  0.0, Max: 0, Diff: 0, Sum: 0, Workers: 4
[5631.292s][debug][gc,phases      ] GC(130)     Total                          Min: 0, Avg:  0.0, Max: 0, Diff: 0, Sum: 0, Workers: 4
[5631.292s][debug][gc,phases      ] GC(130)   StringTable Weak               Min:  0.1, Avg:  0.1, Max:  0.1, Diff:  0.0, Sum:  0.5, Workers: 4
[5631.292s][debug][gc,phases      ] GC(130)     Dead                           Min: 0, Avg:  0.0, Max: 0, Diff: 0, Sum: 0, Workers: 4
[5631.292s][debug][gc,phases      ] GC(130)     Total                          Min: 10240, Avg: 12585.2, Max: 13887, Diff: 3647, Sum: 50341, Workers: 4
[5631.292s][debug][gc,phases      ] GC(130)   ResolvedMethodTable Weak       Min:  0.0, Avg:  0.0, Max:  0.0, Diff:  0.0, Sum:  0.1, Workers: 4
[5631.292s][debug][gc,phases      ] GC(130)     Dead                           Min: 0, Avg:  4.0, Max: 12, Diff: 12, Sum: 16, Workers: 4
[5631.292s][debug][gc,phases      ] GC(130)     Total                          Min: 4014, Avg: 4057.8, Max: 4099, Diff: 85, Sum: 16231, Workers: 4
[5631.292s][debug][gc,phases      ] GC(130)   JNI Weak                       Min:  0.0, Avg:  0.0, Max:  0.0, Diff:  0.0, Sum:  0.0, Workers: 4
[5631.292s][debug][gc,phases      ] GC(130)     Dead                           Min: 0, Avg:  0.0, Max: 0, Diff: 0, Sum: 0, Workers: 4
[5631.292s][debug][gc,phases      ] GC(130)     Total                          Min: 0, Avg: 13.0, Max: 52, Diff: 52, Sum: 52, Workers: 4
[5631.292s][debug][gc,phases      ] GC(130)   StringDedup Table Weak         Min:  0.0, Avg:  0.0, Max:  0.0, Diff:  0.0, Sum:  0.0, Workers: 4
[5631.292s][debug][gc,phases      ] GC(130)     Dead                           Min: 0, Avg:  0.0, Max: 0, Diff: 0, Sum: 0, Workers: 4
[5631.292s][debug][gc,phases      ] GC(130)     Total                          Min: 0, Avg:  0.0, Max: 0, Diff: 0, Sum: 0, Workers: 4
[5631.292s][debug][gc,phases      ] GC(130)   StringDedup Requests0 Weak     Min:  0.0, Avg:  0.0, Max:  0.0, Diff:  0.0, Sum:  0.0, Workers: 4
[5631.292s][debug][gc,phases      ] GC(130)     Dead                           Min: 0, Avg:  0.0, Max: 0, Diff: 0, Sum: 0, Workers: 4
[5631.292s][debug][gc,phases      ] GC(130)     Total                          Min: 0, Avg:  0.0, Max: 0, Diff: 0, Sum: 0, Workers: 4
[5631.292s][debug][gc,phases      ] GC(130)   StringDedup Requests1 Weak     Min:  0.0, Avg:  0.0, Max:  0.0, Diff:  0.0, Sum:  0.0, Workers: 4
[5631.292s][debug][gc,phases      ] GC(130)     Dead                           Min: 0, Avg:  0.0, Max: 0, Diff: 0, Sum: 0, Workers: 4
[5631.292s][debug][gc,phases      ] GC(130)     Total                          Min: 0, Avg:  0.0, Max: 0, Diff: 0, Sum: 0, Workers: 4
[5631.292s][debug][gc,phases      ] GC(130)   Weak JFR Old Object Samples    Min:  0.0, Avg:  0.0, Max:  0.0, Diff:  0.0, Sum:  0.0, Workers: 4
[5631.292s][debug][gc,phases      ] GC(130)     Dead                           Min: 0, Avg:  0.0, Max: 0, Diff: 0, Sum: 0, Workers: 4
[5631.292s][debug][gc,phases      ] GC(130)     Total                          Min: 0, Avg:  0.0, Max: 0, Diff: 0, Sum: 0, Workers: 4
[5631.292s][debug][gc,phases      ] GC(130) Weak Processing 0.373ms
[5631.292s][debug][gc,age         ] GC(130) Desired survivor size 29360128 bytes, new threshold 1 (max threshold 15)
[5631.292s][info ][gc,heap        ] GC(130) PSYoungGen: 2040368K(2066944K)->11968K(2066432K) Eden: 2036224K(2036224K)->0K(2036224K) From: 4144K(30720K)->11968K(30208K)
[5631.292s][info ][gc,heap        ] GC(130) ParOldGen: 1556827K(1556992K)->1557583K(1558016K)
[5631.292s][info ][gc,metaspace   ] GC(130) Metaspace: 115643K(117056K)->115643K(117056K) NonClass: 98430K(99200K)->98430K(99200K) Class: 17213K(17856K)->17213K(17856K)
[5631.292s][info ][gc             ] GC(130) Pause Young (Allocation Failure) 3512M->1532M(3539M) 11.490ms
[5631.292s][info ][gc,cpu         ] GC(130) User=0.04s Sys=0.00s Real=0.01s
[5631.292s][info ][safepoint      ] Safepoint "ParallelGCFailedAllocation", Time since last: 3240195876 ns, Reaching safepoint: 25701 ns, Cleanup: 6100 ns, At safepoint: 11619617 ns, Total: 11651418 ns
[5634.292s][info ][safepoint      ] Safepoint "Cleanup", Time since last: 3000317499 ns, Reaching safepoint: 12800 ns, Cleanup: 16800 ns, At safepoint: 3401 ns, Total: 33001 ns
[5635.292s][info ][safepoint      ] Safepoint "Cleanup", Time since last: 1000131859 ns, Reaching safepoint: 12900 ns, Cleanup: 14201 ns, At safepoint: 3500 ns, Total: 30601 ns
[5637.293s][info ][safepoint      ] Safepoint "Cleanup", Time since last: 2000255753 ns, Reaching safepoint: 18600 ns, Cleanup: 22601 ns, At safepoint: 6100 ns, Total: 47301 ns
[5640.293s][info ][safepoint      ] Safepoint "Cleanup", Time since last: 3000309479 ns, Reaching safepoint: 12500 ns, Cleanup: 12100 ns, At safepoint: 2600 ns, Total: 27200 ns
[5666.886s][info ][safepoint      ] Safepoint "Cleanup", Time since last: 26592864949 ns, Reaching safepoint: 13400 ns, Cleanup: 13300 ns, At safepoint: 3100 ns, Total: 29800 ns
[5670.330s][info ][gc,start       ] GC(131) Pause Young (Allocation Failure)
[5670.343s][debug][gc,phases      ] GC(131) Scavenge 12.583ms
[5670.343s][debug][gc,ref         ] GC(131) ReferenceProcessor::execute queues: 1, RefProcThreadModel::Single, marks_oops_alive: false
[5670.343s][debug][gc,ref         ] GC(131) Skipped KeepAliveFinalRefsPhase of Reference Processing: no references
[5670.343s][debug][gc,ref         ] GC(131) ReferenceProcessor::execute queues: 1, RefProcThreadModel::Single, marks_oops_alive: false
[5670.343s][debug][gc,phases      ] GC(131) Reference Processing 0.110ms
[5670.343s][debug][gc,phases      ] GC(131)   VM Weak                        Min:  0.0, Avg:  0.0, Max:  0.0, Diff:  0.0, Sum:  0.0, Workers: 4
[5670.343s][debug][gc,phases      ] GC(131)     Dead                           Min: 0, Avg:  0.0, Max: 0, Diff: 0, Sum: 0, Workers: 4
[5670.343s][debug][gc,phases      ] GC(131)     Total                          Min: 0, Avg: 277.2, Max: 1109, Diff: 1109, Sum: 1109, Workers: 4
[5670.343s][debug][gc,phases      ] GC(131)   ObjectSynchronizer Weak        Min:  0.0, Avg:  0.0, Max:  0.0, Diff:  0.0, Sum:  0.0, Workers: 4
[5670.343s][debug][gc,phases      ] GC(131)     Dead                           Min: 0, Avg:  0.0, Max: 0, Diff: 0, Sum: 0, Workers: 4
[5670.343s][debug][gc,phases      ] GC(131)     Total                          Min: 0, Avg:  1.5, Max: 6, Diff: 6, Sum: 6, Workers: 4
[5670.343s][debug][gc,phases      ] GC(131)   JVMTI Tag Weak OopStorage      Min:  0.0, Avg:  0.0, Max:  0.0, Diff:  0.0, Sum:  0.0, Workers: 4
[5670.343s][debug][gc,phases      ] GC(131)     Dead                           Min: 0, Avg:  0.0, Max: 0, Diff: 0, Sum: 0, Workers: 4
[5670.343s][debug][gc,phases      ] GC(131)     Total                          Min: 0, Avg:  0.0, Max: 0, Diff: 0, Sum: 0, Workers: 4
[5670.343s][debug][gc,phases      ] GC(131)   StringTable Weak               Min:  0.1, Avg:  0.1, Max:  0.1, Diff:  0.0, Sum:  0.4, Workers: 4
[5670.343s][debug][gc,phases      ] GC(131)     Dead                           Min: 0, Avg:  0.0, Max: 0, Diff: 0, Sum: 0, Workers: 4
[5670.343s][debug][gc,phases      ] GC(131)     Total                          Min: 11327, Avg: 12585.2, Max: 14952, Diff: 3625, Sum: 50341, Workers: 4
[5670.343s][debug][gc,phases      ] GC(131)   ResolvedMethodTable Weak       Min:  0.0, Avg:  0.0, Max:  0.0, Diff:  0.0, Sum:  0.1, Workers: 4
[5670.343s][debug][gc,phases      ] GC(131)     Dead                           Min: 0, Avg:  0.0, Max: 0, Diff: 0, Sum: 0, Workers: 4
[5670.343s][debug][gc,phases      ] GC(131)     Total                          Min: 3679, Avg: 4057.8, Max: 4771, Diff: 1092, Sum: 16231, Workers: 4
[5670.343s][debug][gc,phases      ] GC(131)   JNI Weak                       Min:  0.0, Avg:  0.0, Max:  0.0, Diff:  0.0, Sum:  0.0, Workers: 4
[5670.343s][debug][gc,phases      ] GC(131)     Dead                           Min: 0, Avg:  0.0, Max: 0, Diff: 0, Sum: 0, Workers: 4
[5670.343s][debug][gc,phases      ] GC(131)     Total                          Min: 0, Avg: 13.0, Max: 52, Diff: 52, Sum: 52, Workers: 4
[5670.343s][debug][gc,phases      ] GC(131)   StringDedup Table Weak         Min:  0.0, Avg:  0.0, Max:  0.0, Diff:  0.0, Sum:  0.0, Workers: 4
[5670.343s][debug][gc,phases      ] GC(131)     Dead                           Min: 0, Avg:  0.0, Max: 0, Diff: 0, Sum: 0, Workers: 4
[5670.343s][debug][gc,phases      ] GC(131)     Total                          Min: 0, Avg:  0.0, Max: 0, Diff: 0, Sum: 0, Workers: 4
[5670.343s][debug][gc,phases      ] GC(131)   StringDedup Requests0 Weak     Min:  0.0, Avg:  0.0, Max:  0.0, Diff:  0.0, Sum:  0.0, Workers: 4
[5670.343s][debug][gc,phases      ] GC(131)     Dead                           Min: 0, Avg:  0.0, Max: 0, Diff: 0, Sum: 0, Workers: 4
[5670.343s][debug][gc,phases      ] GC(131)     Total                          Min: 0, Avg:  0.0, Max: 0, Diff: 0, Sum: 0, Workers: 4
[5670.343s][debug][gc,phases      ] GC(131)   StringDedup Requests1 Weak     Min:  0.0, Avg:  0.0, Max:  0.0, Diff:  0.0, Sum:  0.0, Workers: 4
[5670.343s][debug][gc,phases      ] GC(131)     Dead                           Min: 0, Avg:  0.0, Max: 0, Diff: 0, Sum: 0, Workers: 4
[5670.343s][debug][gc,phases      ] GC(131)     Total                          Min: 0, Avg:  0.0, Max: 0, Diff: 0, Sum: 0, Workers: 4
[5670.343s][debug][gc,phases      ] GC(131)   Weak JFR Old Object Samples    Min:  0.0, Avg:  0.0, Max:  0.0, Diff:  0.0, Sum:  0.0, Workers: 4
[5670.343s][debug][gc,phases      ] GC(131)     Dead                           Min: 0, Avg:  0.0, Max: 0, Diff: 0, Sum: 0, Workers: 4
[5670.343s][debug][gc,phases      ] GC(131)     Total                          Min: 0, Avg:  0.0, Max: 0, Diff: 0, Sum: 0, Workers: 4
[5670.343s][debug][gc,phases      ] GC(131) Weak Processing 0.326ms
[5670.343s][debug][gc,age         ] GC(131) Desired survivor size 27787264 bytes, new threshold 1 (max threshold 15)
[5670.343s][info ][gc,heap        ] GC(131) PSYoungGen: 2048192K(2066432K)->10064K(2070016K) Eden: 2036224K(2036224K)->0K(2041344K) From: 11968K(30208K)->10064K(28672K)
[5670.343s][info ][gc,heap        ] GC(131) ParOldGen: 1557583K(1558016K)->1562377K(1562624K)
[5670.343s][info ][gc,metaspace   ] GC(131) Metaspace: 115653K(117056K)->115653K(117056K) NonClass: 98439K(99200K)->98439K(99200K) Class: 17213K(17856K)->17213K(17856K)
[5670.343s][info ][gc             ] GC(131) Pause Young (Allocation Failure) 3521M->1535M(3547M) 13.198ms
[5670.343s][info ][gc,cpu         ] GC(131) User=0.04s Sys=0.01s Real=0.01s
[5670.343s][info ][safepoint      ] Safepoint "ParallelGCFailedAllocation", Time since last: 3443846958 ns, Reaching safepoint: 92702 ns, Cleanup: 5700 ns, At safepoint: 13302447 ns, Total: 13400849 ns
[5671.343s][info ][safepoint      ] Safepoint "Cleanup", Time since last: 1000107003 ns, Reaching safepoint: 13700 ns, Cleanup: 14801 ns, At safepoint: 2800 ns, Total: 31301 ns
[5674.344s][info ][safepoint      ] Safepoint "Cleanup", Time since last: 3000332108 ns, Reaching safepoint: 13000 ns, Cleanup: 12200 ns, At safepoint: 2800 ns, Total: 28000 ns
[5681.344s][info ][safepoint      ] Safepoint "Cleanup", Time since last: 7000641907 ns, Reaching safepoint: 11500 ns, Cleanup: 15200 ns, At safepoint: 2700 ns, Total: 29400 ns
[5684.347s][info ][safepoint      ] Safepoint "Cleanup", Time since last: 3002033716 ns, Reaching safepoint: 11000 ns, Cleanup: 34001 ns, At safepoint: 5700 ns, Total: 50701 ns
[5685.347s][info ][safepoint      ] Safepoint "Cleanup", Time since last: 1000295919 ns, Reaching safepoint: 88202 ns, Cleanup: 9900 ns, At safepoint: 20601 ns, Total: 118703 ns
[5686.347s][info ][safepoint      ] Safepoint "Cleanup", Time since last: 1000198518 ns, Reaching safepoint: 11300 ns, Cleanup: 14800 ns, At safepoint: 4200 ns, Total: 30300 ns
[5690.401s][info ][gc,start       ] GC(132) Pause Young (Allocation Failure)
[5690.423s][debug][gc,phases      ] GC(132) Scavenge 21.353ms
[5690.423s][debug][gc,ref         ] GC(132) ReferenceProcessor::execute queues: 1, RefProcThreadModel::Single, marks_oops_alive: false
[5690.423s][debug][gc,ref         ] GC(132) Skipped KeepAliveFinalRefsPhase of Reference Processing: no references
[5690.423s][debug][gc,ref         ] GC(132) ReferenceProcessor::execute queues: 1, RefProcThreadModel::Single, marks_oops_alive: false
[5690.423s][debug][gc,phases      ] GC(132) Reference Processing 0.101ms
[5690.423s][debug][gc,phases      ] GC(132)   VM Weak                        Min:  0.0, Avg:  0.0, Max:  0.0, Diff:  0.0, Sum:  0.0, Workers: 4
[5690.423s][debug][gc,phases      ] GC(132)     Dead                           Min: 0, Avg:  0.0, Max: 0, Diff: 0, Sum: 0, Workers: 4
[5690.423s][debug][gc,phases      ] GC(132)     Total                          Min: 21, Avg: 277.2, Max: 384, Diff: 363, Sum: 1109, Workers: 4
[5690.423s][debug][gc,phases      ] GC(132)   ObjectSynchronizer Weak        Min:  0.0, Avg:  0.0, Max:  0.0, Diff:  0.0, Sum:  0.0, Workers: 4
[5690.423s][debug][gc,phases      ] GC(132)     Dead                           Min: 0, Avg:  0.0, Max: 0, Diff: 0, Sum: 0, Workers: 4
[5690.423s][debug][gc,phases      ] GC(132)     Total                          Min: 0, Avg:  1.5, Max: 6, Diff: 6, Sum: 6, Workers: 4
[5690.423s][debug][gc,phases      ] GC(132)   JVMTI Tag Weak OopStorage      Min:  0.0, Avg:  0.0, Max:  0.0, Diff:  0.0, Sum:  0.0, Workers: 4
[5690.423s][debug][gc,phases      ] GC(132)     Dead                           Min: 0, Avg:  0.0, Max: 0, Diff: 0, Sum: 0, Workers: 4
[5690.423s][debug][gc,phases      ] GC(132)     Total                          Min: 0, Avg:  0.0, Max: 0, Diff: 0, Sum: 0, Workers: 4
[5690.423s][debug][gc,phases      ] GC(132)   StringTable Weak               Min:  0.1, Avg:  0.1, Max:  0.1, Diff:  0.0, Sum:  0.4, Workers: 4
[5690.423s][debug][gc,phases      ] GC(132)     Dead                           Min: 0, Avg:  0.0, Max: 0, Diff: 0, Sum: 0, Workers: 4
[5690.423s][debug][gc,phases      ] GC(132)     Total                          Min: 11199, Avg: 12586.0, Max: 14251, Diff: 3052, Sum: 50344, Workers: 4
[5690.423s][debug][gc,phases      ] GC(132)   ResolvedMethodTable Weak       Min:  0.0, Avg:  0.0, Max:  0.0, Diff:  0.0, Sum:  0.1, Workers: 4
[5690.423s][debug][gc,phases      ] GC(132)     Dead                           Min: 0, Avg:  4.2, Max: 17, Diff: 17, Sum: 17, Workers: 4
[5690.423s][debug][gc,phases      ] GC(132)     Total                          Min: 3394, Avg: 4059.2, Max: 4692, Diff: 1298, Sum: 16237, Workers: 4
[5690.423s][debug][gc,phases      ] GC(132)   JNI Weak                       Min:  0.0, Avg:  0.0, Max:  0.0, Diff:  0.0, Sum:  0.0, Workers: 4
[5690.423s][debug][gc,phases      ] GC(132)     Dead                           Min: 0, Avg:  0.0, Max: 0, Diff: 0, Sum: 0, Workers: 4
[5690.423s][debug][gc,phases      ] GC(132)     Total                          Min: 0, Avg: 13.0, Max: 52, Diff: 52, Sum: 52, Workers: 4
[5690.423s][debug][gc,phases      ] GC(132)   StringDedup Table Weak         Min:  0.0, Avg:  0.0, Max:  0.0, Diff:  0.0, Sum:  0.0, Workers: 4
[5690.423s][debug][gc,phases      ] GC(132)     Dead                           Min: 0, Avg:  0.0, Max: 0, Diff: 0, Sum: 0, Workers: 4
[5690.423s][debug][gc,phases      ] GC(132)     Total                          Min: 0, Avg:  0.0, Max: 0, Diff: 0, Sum: 0, Workers: 4
[5690.423s][debug][gc,phases      ] GC(132)   StringDedup Requests0 Weak     Min:  0.0, Avg:  0.0, Max:  0.0, Diff:  0.0, Sum:  0.0, Workers: 4
[5690.423s][debug][gc,phases      ] GC(132)     Dead                           Min: 0, Avg:  0.0, Max: 0, Diff: 0, Sum: 0, Workers: 4
[5690.423s][debug][gc,phases      ] GC(132)     Total                          Min: 0, Avg:  0.0, Max: 0, Diff: 0, Sum: 0, Workers: 4
[5690.423s][debug][gc,phases      ] GC(132)   StringDedup Requests1 Weak     Min:  0.0, Avg:  0.0, Max:  0.0, Diff:  0.0, Sum:  0.0, Workers: 4
[5690.423s][debug][gc,phases      ] GC(132)     Dead                           Min: 0, Avg:  0.0, Max: 0, Diff: 0, Sum: 0, Workers: 4
[5690.423s][debug][gc,phases      ] GC(132)     Total                          Min: 0, Avg:  0.0, Max: 0, Diff: 0, Sum: 0, Workers: 4
[5690.423s][debug][gc,phases      ] GC(132)   Weak JFR Old Object Samples    Min:  0.0, Avg:  0.0, Max:  0.0, Diff:  0.0, Sum:  0.0, Workers: 4
[5690.423s][debug][gc,phases      ] GC(132)     Dead                           Min: 0, Avg:  0.0, Max: 0, Diff: 0, Sum: 0, Workers: 4
[5690.423s][debug][gc,phases      ] GC(132)     Total                          Min: 0, Avg:  0.0, Max: 0, Diff: 0, Sum: 0, Workers: 4
[5690.423s][debug][gc,phases      ] GC(132) Weak Processing 0.309ms
[5690.423s][debug][gc,age         ] GC(132) Desired survivor size 35651584 bytes, new threshold 1 (max threshold 15)
[5690.423s][info ][gc,heap        ] GC(132) PSYoungGen: 2051408K(2070016K)->27104K(2068480K) Eden: 2041344K(2041344K)->0K(2041344K) From: 10064K(28672K)->27104K(27136K)
[5690.423s][info ][gc,heap        ] GC(132) ParOldGen: 1562377K(1562624K)->1571469K(1571840K)
[5690.423s][info ][gc,metaspace   ] GC(132) Metaspace: 115666K(117120K)->115666K(117120K) NonClass: 98450K(99264K)->98450K(99264K) Class: 17215K(17856K)->17215K(17856K)
[5690.423s][info ][gc             ] GC(132) Pause Young (Allocation Failure) 3529M->1561M(3555M) 21.899ms
[5690.423s][info ][gc,cpu         ] GC(132) User=0.08s Sys=0.01s Real=0.02s
[5690.423s][info ][safepoint      ] Safepoint "ParallelGCFailedAllocation", Time since last: 4053932161 ns, Reaching safepoint: 91802 ns, Cleanup: 6500 ns, At safepoint: 21997109 ns, Total: 22095411 ns
[5691.423s][info ][safepoint      ] Safepoint "Cleanup", Time since last: 1000099620 ns, Reaching safepoint: 85002 ns, Cleanup: 12800 ns, At safepoint: 8200 ns, Total: 106002 ns
[5694.424s][info ][safepoint      ] Safepoint "Cleanup", Time since last: 3000327867 ns, Reaching safepoint: 12800 ns, Cleanup: 15301 ns, At safepoint: 3300 ns, Total: 31401 ns
[5697.424s][info ][safepoint      ] Safepoint "Cleanup", Time since last: 3000366167 ns, Reaching safepoint: 13201 ns, Cleanup: 16900 ns, At safepoint: 3500 ns, Total: 33601 ns
[5699.425s][info ][safepoint      ] Safepoint "Cleanup", Time since last: 2000237344 ns, Reaching safepoint: 85301 ns, Cleanup: 29601 ns, At safepoint: 8700 ns, Total: 123602 ns
[5700.425s][info ][safepoint      ] Safepoint "Cleanup", Time since last: 1000200982 ns, Reaching safepoint: 14101 ns, Cleanup: 13600 ns, At safepoint: 3300 ns, Total: 31001 ns
[5701.644s][info ][gc,start       ] GC(133) Pause Young (Allocation Failure)
[5701.676s][debug][gc,phases      ] GC(133) Scavenge 32.224ms
[5701.676s][debug][gc,ref         ] GC(133) Skipped SoftWeakFinalRefsPhase of Reference Processing: no references
[5701.676s][debug][gc,ref         ] GC(133) Skipped KeepAliveFinalRefsPhase of Reference Processing: no references
[5701.676s][debug][gc,ref         ] GC(133) Skipped PhantomRefsPhase of Reference Processing: no references
[5701.676s][debug][gc,phases      ] GC(133) Reference Processing 0.024ms
[5701.676s][debug][gc,phases      ] GC(133)   VM Weak                        Min:  0.0, Avg:  0.0, Max:  0.0, Diff:  0.0, Sum:  0.0, Workers: 4
[5701.676s][debug][gc,phases      ] GC(133)     Dead                           Min: 0, Avg:  0.0, Max: 0, Diff: 0, Sum: 0, Workers: 4
[5701.676s][debug][gc,phases      ] GC(133)     Total                          Min: 0, Avg: 277.2, Max: 853, Diff: 853, Sum: 1109, Workers: 4
[5701.676s][debug][gc,phases      ] GC(133)   ObjectSynchronizer Weak        Min:  0.0, Avg:  0.0, Max:  0.0, Diff:  0.0, Sum:  0.0, Workers: 4
[5701.676s][debug][gc,phases      ] GC(133)     Dead                           Min: 0, Avg:  0.0, Max: 0, Diff: 0, Sum: 0, Workers: 4
[5701.676s][debug][gc,phases      ] GC(133)     Total                          Min: 0, Avg:  1.5, Max: 6, Diff: 6, Sum: 6, Workers: 4
[5701.676s][debug][gc,phases      ] GC(133)   JVMTI Tag Weak OopStorage      Min:  0.0, Avg:  0.0, Max:  0.0, Diff:  0.0, Sum:  0.0, Workers: 4
[5701.676s][debug][gc,phases      ] GC(133)     Dead                           Min: 0, Avg:  0.0, Max: 0, Diff: 0, Sum: 0, Workers: 4
[5701.676s][debug][gc,phases      ] GC(133)     Total                          Min: 0, Avg:  0.0, Max: 0, Diff: 0, Sum: 0, Workers: 4
[5701.676s][debug][gc,phases      ] GC(133)   StringTable Weak               Min:  0.1, Avg:  0.1, Max:  0.1, Diff:  0.0, Sum:  0.4, Workers: 4
[5701.676s][debug][gc,phases      ] GC(133)     Dead                           Min: 0, Avg:  0.0, Max: 0, Diff: 0, Sum: 0, Workers: 4
[5701.676s][debug][gc,phases      ] GC(133)     Total                          Min: 10815, Avg: 12591.0, Max: 14719, Diff: 3904, Sum: 50364, Workers: 4
[5701.676s][debug][gc,phases      ] GC(133)   ResolvedMethodTable Weak       Min:  0.0, Avg:  0.0, Max:  0.0, Diff:  0.0, Sum:  0.1, Workers: 4
[5701.676s][debug][gc,phases      ] GC(133)     Dead                           Min: 0, Avg:  0.0, Max: 0, Diff: 0, Sum: 0, Workers: 4
[5701.676s][debug][gc,phases      ] GC(133)     Total                          Min: 3537, Avg: 4059.2, Max: 4741, Diff: 1204, Sum: 16237, Workers: 4
[5701.676s][debug][gc,phases      ] GC(133)   JNI Weak                       Min:  0.0, Avg:  0.0, Max:  0.0, Diff:  0.0, Sum:  0.0, Workers: 4
[5701.676s][debug][gc,phases      ] GC(133)     Dead                           Min: 0, Avg:  0.0, Max: 0, Diff: 0, Sum: 0, Workers: 4
[5701.676s][debug][gc,phases      ] GC(133)     Total                          Min: 0, Avg: 13.0, Max: 52, Diff: 52, Sum: 52, Workers: 4
[5701.676s][debug][gc,phases      ] GC(133)   StringDedup Table Weak         Min:  0.0, Avg:  0.0, Max:  0.0, Diff:  0.0, Sum:  0.0, Workers: 4
[5701.676s][debug][gc,phases      ] GC(133)     Dead                           Min: 0, Avg:  0.0, Max: 0, Diff: 0, Sum: 0, Workers: 4
[5701.676s][debug][gc,phases      ] GC(133)     Total                          Min: 0, Avg:  0.0, Max: 0, Diff: 0, Sum: 0, Workers: 4
[5701.676s][debug][gc,phases      ] GC(133)   StringDedup Requests0 Weak     Min:  0.0, Avg:  0.0, Max:  0.0, Diff:  0.0, Sum:  0.0, Workers: 4
[5701.676s][debug][gc,phases      ] GC(133)     Dead                           Min: 0, Avg:  0.0, Max: 0, Diff: 0, Sum: 0, Workers: 4
[5701.676s][debug][gc,phases      ] GC(133)     Total                          Min: 0, Avg:  0.0, Max: 0, Diff: 0, Sum: 0, Workers: 4
[5701.676s][debug][gc,phases      ] GC(133)   StringDedup Requests1 Weak     Min:  0.0, Avg:  0.0, Max:  0.0, Diff:  0.0, Sum:  0.0, Workers: 4
[5701.676s][debug][gc,phases      ] GC(133)     Dead                           Min: 0, Avg:  0.0, Max: 0, Diff: 0, Sum: 0, Workers: 4
[5701.676s][debug][gc,phases      ] GC(133)     Total                          Min: 0, Avg:  0.0, Max: 0, Diff: 0, Sum: 0, Workers: 4
[5701.676s][debug][gc,phases      ] GC(133)   Weak JFR Old Object Samples    Min:  0.0, Avg:  0.0, Max:  0.0, Diff:  0.0, Sum:  0.0, Workers: 4
[5701.676s][debug][gc,phases      ] GC(133)     Dead                           Min: 0, Avg:  0.0, Max: 0, Diff: 0, Sum: 0, Workers: 4
[5701.676s][debug][gc,phases      ] GC(133)     Total                          Min: 0, Avg:  0.0, Max: 0, Diff: 0, Sum: 0, Workers: 4
[5701.676s][debug][gc,phases      ] GC(133) Weak Processing 0.325ms
[5701.676s][debug][gc,age         ] GC(133) Desired survivor size 49283072 bytes, new threshold 1 (max threshold 15)
[5701.676s][info ][gc,heap        ] GC(133) PSYoungGen: 2068448K(2068480K)->28656K(2029568K) Eden: 2041344K(2041344K)->0K(2000896K) From: 27104K(27136K)->28656K(28672K)
[5701.676s][info ][gc,heap        ] GC(133) ParOldGen: 1571469K(1571840K)->1598235K(1598464K)
[5701.676s][info ][gc,metaspace   ] GC(133) Metaspace: 115678K(117120K)->115678K(117120K) NonClass: 98463K(99264K)->98463K(99264K) Class: 17215K(17856K)->17215K(17856K)
[5701.676s][info ][gc             ] GC(133) Pause Young (Allocation Failure) 3554M->1588M(3543M) 32.714ms
[5701.676s][info ][gc,cpu         ] GC(133) User=0.12s Sys=0.01s Real=0.03s
[5701.677s][info ][safepoint      ] Safepoint "ParallelGCFailedAllocation", Time since last: 1218921890 ns, Reaching safepoint: 12000 ns, Cleanup: 7600 ns, At safepoint: 32844317 ns, Total: 32863917 ns
[5702.677s][info ][safepoint      ] Safepoint "Cleanup", Time since last: 1000098380 ns, Reaching safepoint: 82902 ns, Cleanup: 13300 ns, At safepoint: 7800 ns, Total: 104002 ns
[5704.918s][info ][safepoint      ] Safepoint "Cleanup", Time since last: 2240793080 ns, Reaching safepoint: 83201 ns, Cleanup: 12200 ns, At safepoint: 6800 ns, Total: 102201 ns
[5705.924s][info ][safepoint      ] Safepoint "Cleanup", Time since last: 1002881333 ns, Reaching safepoint: 89002 ns, Cleanup: 8500 ns, At safepoint: 3889173 ns, Total: 3986675 ns
[5706.925s][info ][safepoint      ] Safepoint "Cleanup", Time since last: 1000123771 ns, Reaching safepoint: 11900 ns, Cleanup: 15501 ns, At safepoint: 3500 ns, Total: 30901 ns
[5708.925s][info ][safepoint      ] Safepoint "Cleanup", Time since last: 2000206179 ns, Reaching safepoint: 86802 ns, Cleanup: 13500 ns, At safepoint: 10200 ns, Total: 110502 ns
[5709.925s][info ][safepoint      ] Safepoint "Cleanup", Time since last: 1000146590 ns, Reaching safepoint: 89502 ns, Cleanup: 14500 ns, At safepoint: 10101 ns, Total: 114103 ns
[5711.926s][info ][safepoint      ] Safepoint "Cleanup", Time since last: 2000311981 ns, Reaching safepoint: 84901 ns, Cleanup: 12701 ns, At safepoint: 11300 ns, Total: 108902 ns
[5712.926s][info ][safepoint      ] Safepoint "Cleanup", Time since last: 1000133390 ns, Reaching safepoint: 82802 ns, Cleanup: 12800 ns, At safepoint: 26000 ns, Total: 121602 ns
[5717.926s][info ][safepoint      ] Safepoint "Cleanup", Time since last: 5000399547 ns, Reaching safepoint: 85902 ns, Cleanup: 12500 ns, At safepoint: 7300 ns, Total: 105702 ns
[5718.927s][info ][safepoint      ] Safepoint "Cleanup", Time since last: 1000110791 ns, Reaching safepoint: 81901 ns, Cleanup: 13000 ns, At safepoint: 10401 ns, Total: 105302 ns
[5723.230s][info ][gc,start       ] GC(134) Pause Young (Allocation Failure)
[5723.260s][debug][gc,phases      ] GC(134) Scavenge 29.697ms
[5723.260s][debug][gc,ref         ] GC(134) Skipped SoftWeakFinalRefsPhase of Reference Processing: no references
[5723.260s][debug][gc,ref         ] GC(134) Skipped KeepAliveFinalRefsPhase of Reference Processing: no references
[5723.260s][debug][gc,ref         ] GC(134) ReferenceProcessor::execute queues: 1, RefProcThreadModel::Single, marks_oops_alive: false
[5723.260s][debug][gc,phases      ] GC(134) Reference Processing 0.097ms
[5723.260s][debug][gc,phases      ] GC(134)   VM Weak                        Min:  0.0, Avg:  0.0, Max:  0.0, Diff:  0.0, Sum:  0.0, Workers: 4
[5723.260s][debug][gc,phases      ] GC(134)     Dead                           Min: 0, Avg:  0.0, Max: 0, Diff: 0, Sum: 0, Workers: 4
[5723.260s][debug][gc,phases      ] GC(134)     Total                          Min: 0, Avg: 277.2, Max: 512, Diff: 512, Sum: 1109, Workers: 4
[5723.260s][debug][gc,phases      ] GC(134)   ObjectSynchronizer Weak        Min:  0.0, Avg:  0.0, Max:  0.0, Diff:  0.0, Sum:  0.0, Workers: 4
[5723.260s][debug][gc,phases      ] GC(134)     Dead                           Min: 0, Avg:  0.0, Max: 0, Diff: 0, Sum: 0, Workers: 4
[5723.260s][debug][gc,phases      ] GC(134)     Total                          Min: 0, Avg:  1.5, Max: 6, Diff: 6, Sum: 6, Workers: 4
[5723.260s][debug][gc,phases      ] GC(134)   JVMTI Tag Weak OopStorage      Min:  0.0, Avg:  0.0, Max:  0.0, Diff:  0.0, Sum:  0.0, Workers: 4
[5723.260s][debug][gc,phases      ] GC(134)     Dead                           Min: 0, Avg:  0.0, Max: 0, Diff: 0, Sum: 0, Workers: 4
[5723.260s][debug][gc,phases      ] GC(134)     Total                          Min: 0, Avg:  0.0, Max: 0, Diff: 0, Sum: 0, Workers: 4
[5723.260s][debug][gc,phases      ] GC(134)   StringTable Weak               Min:  0.1, Avg:  0.1, Max:  0.1, Diff:  0.0, Sum:  0.4, Workers: 4
[5723.260s][debug][gc,phases      ] GC(134)     Dead                           Min: 0, Avg:  0.0, Max: 0, Diff: 0, Sum: 0, Workers: 4
[5723.260s][debug][gc,phases      ] GC(134)     Total                          Min: 11326, Avg: 12591.0, Max: 13952, Diff: 2626, Sum: 50364, Workers: 4
[5723.260s][debug][gc,phases      ] GC(134)   ResolvedMethodTable Weak       Min:  0.0, Avg:  0.0, Max:  0.0, Diff:  0.0, Sum:  0.1, Workers: 4
[5723.260s][debug][gc,phases      ] GC(134)     Dead                           Min: 0, Avg:  4.0, Max: 16, Diff: 16, Sum: 16, Workers: 4
[5723.260s][debug][gc,phases      ] GC(134)     Total                          Min: 3451, Avg: 4059.2, Max: 4520, Diff: 1069, Sum: 16237, Workers: 4
[5723.260s][debug][gc,phases      ] GC(134)   JNI Weak                       Min:  0.0, Avg:  0.0, Max:  0.0, Diff:  0.0, Sum:  0.0, Workers: 4
[5723.260s][debug][gc,phases      ] GC(134)     Dead                           Min: 0, Avg:  0.0, Max: 0, Diff: 0, Sum: 0, Workers: 4
[5723.260s][debug][gc,phases      ] GC(134)     Total                          Min: 0, Avg: 13.0, Max: 52, Diff: 52, Sum: 52, Workers: 4
[5723.260s][debug][gc,phases      ] GC(134)   StringDedup Table Weak         Min:  0.0, Avg:  0.0, Max:  0.0, Diff:  0.0, Sum:  0.0, Workers: 4
[5723.260s][debug][gc,phases      ] GC(134)     Dead                           Min: 0, Avg:  0.0, Max: 0, Diff: 0, Sum: 0, Workers: 4
[5723.260s][debug][gc,phases      ] GC(134)     Total                          Min: 0, Avg:  0.0, Max: 0, Diff: 0, Sum: 0, Workers: 4
[5723.260s][debug][gc,phases      ] GC(134)   StringDedup Requests0 Weak     Min:  0.0, Avg:  0.0, Max:  0.0, Diff:  0.0, Sum:  0.0, Workers: 4
[5723.260s][debug][gc,phases      ] GC(134)     Dead                           Min: 0, Avg:  0.0, Max: 0, Diff: 0, Sum: 0, Workers: 4
[5723.260s][debug][gc,phases      ] GC(134)     Total                          Min: 0, Avg:  0.0, Max: 0, Diff: 0, Sum: 0, Workers: 4
[5723.260s][debug][gc,phases      ] GC(134)   StringDedup Requests1 Weak     Min:  0.0, Avg:  0.0, Max:  0.0, Diff:  0.0, Sum:  0.0, Workers: 4
[5723.260s][debug][gc,phases      ] GC(134)     Dead                           Min: 0, Avg:  0.0, Max: 0, Diff: 0, Sum: 0, Workers: 4
[5723.260s][debug][gc,phases      ] GC(134)     Total                          Min: 0, Avg:  0.0, Max: 0, Diff: 0, Sum: 0, Workers: 4
[5723.260s][debug][gc,phases      ] GC(134)   Weak JFR Old Object Samples    Min:  0.0, Avg:  0.0, Max:  0.0, Diff:  0.0, Sum:  0.0, Workers: 4
[5723.260s][debug][gc,phases      ] GC(134)     Dead                           Min: 0, Avg:  0.0, Max: 0, Diff: 0, Sum: 0, Workers: 4
[5723.260s][debug][gc,phases      ] GC(134)     Total                          Min: 0, Avg:  0.0, Max: 0, Diff: 0, Sum: 0, Workers: 4
[5723.260s][debug][gc,phases      ] GC(134) Weak Processing 0.316ms
[5723.260s][debug][gc,age         ] GC(134) Desired survivor size 48758784 bytes, new threshold 1 (max threshold 15)
[5723.261s][info ][gc,heap        ] GC(134) PSYoungGen: 2029552K(2029568K)->23600K(2049024K) Eden: 2000896K(2000896K)->0K(2000896K) From: 28656K(28672K)->23600K(48128K)
[5723.261s][info ][gc,heap        ] GC(134) ParOldGen: 1598235K(1598464K)->1624462K(1624576K)
[5723.261s][info ][gc,metaspace   ] GC(134) Metaspace: 115695K(117120K)->115695K(117120K) NonClass: 98479K(99264K)->98479K(99264K) Class: 17215K(17856K)->17215K(17856K)
[5723.261s][info ][gc             ] GC(134) Pause Young (Allocation Failure) 3542M->1609M(3587M) 30.270ms
[5723.261s][info ][gc,cpu         ] GC(134) User=0.10s Sys=0.02s Real=0.03s
[5723.261s][info ][safepoint      ] Safepoint "ParallelGCFailedAllocation", Time since last: 4303581987 ns, Reaching safepoint: 12201 ns, Cleanup: 5400 ns, At safepoint: 30375265 ns, Total: 30392866 ns
[5729.261s][info ][safepoint      ] Safepoint "Cleanup", Time since last: 6000462261 ns, Reaching safepoint: 14701 ns, Cleanup: 15100 ns, At safepoint: 3200 ns, Total: 33001 ns
[5731.261s][info ][safepoint      ] Safepoint "Cleanup", Time since last: 2000204684 ns, Reaching safepoint: 13300 ns, Cleanup: 16900 ns, At safepoint: 3300 ns, Total: 33500 ns
[5733.262s][info ][safepoint      ] Safepoint "Cleanup", Time since last: 2000185866 ns, Reaching safepoint: 84702 ns, Cleanup: 11400 ns, At safepoint: 8600 ns, Total: 104702 ns
[5740.263s][info ][safepoint      ] Safepoint "Cleanup", Time since last: 7000806147 ns, Reaching safepoint: 16000 ns, Cleanup: 38001 ns, At safepoint: 21800 ns, Total: 75801 ns
[5744.263s][info ][safepoint      ] Safepoint "Cleanup", Time since last: 4000600564 ns, Reaching safepoint: 86701 ns, Cleanup: 12400 ns, At safepoint: 8401 ns, Total: 107502 ns
[5744.283s][info ][gc,start       ] GC(135) Pause Young (Allocation Failure)
[5744.313s][debug][gc,phases      ] GC(135) Scavenge 29.286ms
[5744.313s][debug][gc,ref         ] GC(135) Skipped SoftWeakFinalRefsPhase of Reference Processing: no references
[5744.313s][debug][gc,ref         ] GC(135) Skipped KeepAliveFinalRefsPhase of Reference Processing: no references
[5744.313s][debug][gc,ref         ] GC(135) ReferenceProcessor::execute queues: 1, RefProcThreadModel::Single, marks_oops_alive: false
[5744.313s][debug][gc,phases      ] GC(135) Reference Processing 0.114ms
[5744.313s][debug][gc,phases      ] GC(135)   VM Weak                        Min:  0.0, Avg:  0.0, Max:  0.0, Diff:  0.0, Sum:  0.0, Workers: 4
[5744.313s][debug][gc,phases      ] GC(135)     Dead                           Min: 0, Avg:  0.0, Max: 0, Diff: 0, Sum: 0, Workers: 4
[5744.313s][debug][gc,phases      ] GC(135)     Total                          Min: 0, Avg: 277.2, Max: 576, Diff: 576, Sum: 1109, Workers: 4
[5744.313s][debug][gc,phases      ] GC(135)   ObjectSynchronizer Weak        Min:  0.0, Avg:  0.0, Max:  0.0, Diff:  0.0, Sum:  0.0, Workers: 4
[5744.313s][debug][gc,phases      ] GC(135)     Dead                           Min: 0, Avg:  0.0, Max: 0, Diff: 0, Sum: 0, Workers: 4
[5744.313s][debug][gc,phases      ] GC(135)     Total                          Min: 0, Avg:  1.5, Max: 6, Diff: 6, Sum: 6, Workers: 4
[5744.313s][debug][gc,phases      ] GC(135)   JVMTI Tag Weak OopStorage      Min:  0.0, Avg:  0.0, Max:  0.0, Diff:  0.0, Sum:  0.0, Workers: 4
[5744.313s][debug][gc,phases      ] GC(135)     Dead                           Min: 0, Avg:  0.0, Max: 0, Diff: 0, Sum: 0, Workers: 4
[5744.313s][debug][gc,phases      ] GC(135)     Total                          Min: 0, Avg:  0.0, Max: 0, Diff: 0, Sum: 0, Workers: 4
[5744.313s][debug][gc,phases      ] GC(135)   StringTable Weak               Min:  0.1, Avg:  0.1, Max:  0.1, Diff:  0.0, Sum:  0.4, Workers: 4
[5744.313s][debug][gc,phases      ] GC(135)     Dead                           Min: 0, Avg:  0.0, Max: 0, Diff: 0, Sum: 0, Workers: 4
[5744.313s][debug][gc,phases      ] GC(135)     Total                          Min: 10752, Avg: 12592.0, Max: 14208, Diff: 3456, Sum: 50368, Workers: 4
[5744.313s][debug][gc,phases      ] GC(135)   ResolvedMethodTable Weak       Min:  0.0, Avg:  0.0, Max:  0.0, Diff:  0.0, Sum:  0.1, Workers: 4
[5744.313s][debug][gc,phases      ] GC(135)     Dead                           Min: 0, Avg:  4.0, Max: 16, Diff: 16, Sum: 16, Workers: 4
[5744.313s][debug][gc,phases      ] GC(135)     Total                          Min: 3604, Avg: 4059.2, Max: 4684, Diff: 1080, Sum: 16237, Workers: 4
[5744.313s][debug][gc,phases      ] GC(135)   JNI Weak                       Min:  0.0, Avg:  0.0, Max:  0.0, Diff:  0.0, Sum:  0.0, Workers: 4
[5744.313s][debug][gc,phases      ] GC(135)     Dead                           Min: 0, Avg:  0.0, Max: 0, Diff: 0, Sum: 0, Workers: 4
[5744.313s][debug][gc,phases      ] GC(135)     Total                          Min: 0, Avg: 13.0, Max: 52, Diff: 52, Sum: 52, Workers: 4
[5744.313s][debug][gc,phases      ] GC(135)   StringDedup Table Weak         Min:  0.0, Avg:  0.0, Max:  0.0, Diff:  0.0, Sum:  0.0, Workers: 4
[5744.313s][debug][gc,phases      ] GC(135)     Dead                           Min: 0, Avg:  0.0, Max: 0, Diff: 0, Sum: 0, Workers: 4
[5744.313s][debug][gc,phases      ] GC(135)     Total                          Min: 0, Avg:  0.0, Max: 0, Diff: 0, Sum: 0, Workers: 4
[5744.313s][debug][gc,phases      ] GC(135)   StringDedup Requests0 Weak     Min:  0.0, Avg:  0.0, Max:  0.0, Diff:  0.0, Sum:  0.0, Workers: 4
[5744.313s][debug][gc,phases      ] GC(135)     Dead                           Min: 0, Avg:  0.0, Max: 0, Diff: 0, Sum: 0, Workers: 4
[5744.313s][debug][gc,phases      ] GC(135)     Total                          Min: 0, Avg:  0.0, Max: 0, Diff: 0, Sum: 0, Workers: 4
[5744.313s][debug][gc,phases      ] GC(135)   StringDedup Requests1 Weak     Min:  0.0, Avg:  0.0, Max:  0.0, Diff:  0.0, Sum:  0.0, Workers: 4
[5744.313s][debug][gc,phases      ] GC(135)     Dead                           Min: 0, Avg:  0.0, Max: 0, Diff: 0, Sum: 0, Workers: 4
[5744.313s][debug][gc,phases      ] GC(135)     Total                          Min: 0, Avg:  0.0, Max: 0, Diff: 0, Sum: 0, Workers: 4
[5744.313s][debug][gc,phases      ] GC(135)   Weak JFR Old Object Samples    Min:  0.0, Avg:  0.0, Max:  0.0, Diff:  0.0, Sum:  0.0, Workers: 4
[5744.313s][debug][gc,phases      ] GC(135)     Dead                           Min: 0, Avg:  0.0, Max: 0, Diff: 0, Sum: 0, Workers: 4
[5744.313s][debug][gc,phases      ] GC(135)     Total                          Min: 0, Avg:  0.0, Max: 0, Diff: 0, Sum: 0, Workers: 4
[5744.313s][debug][gc,phases      ] GC(135) Weak Processing 0.356ms
[5744.313s][debug][gc,age         ] GC(135) Desired survivor size 50331648 bytes, new threshold 1 (max threshold 15)
[5744.313s][info ][gc,heap        ] GC(135) PSYoungGen: 2024496K(2049024K)->30992K(2046464K) Eden: 2000896K(2000896K)->0K(1998848K) From: 23600K(48128K)->30992K(47616K)
[5744.313s][info ][gc,heap        ] GC(135) ParOldGen: 1624462K(1624576K)->1645477K(1645568K)
[5744.313s][info ][gc,metaspace   ] GC(135) Metaspace: 115707K(117120K)->115707K(117120K) NonClass: 98491K(99264K)->98491K(99264K) Class: 17215K(17856K)->17215K(17856K)
[5744.313s][info ][gc             ] GC(135) Pause Young (Allocation Failure) 3563M->1637M(3605M) 29.913ms
[5744.313s][info ][gc,cpu         ] GC(135) User=0.10s Sys=0.01s Real=0.03s
[5744.313s][info ][safepoint      ] Safepoint "ParallelGCFailedAllocation", Time since last: 19822565 ns, Reaching safepoint: 90701 ns, Cleanup: 7300 ns, At safepoint: 30040554 ns, Total: 30138555 ns
[5748.315s][info ][safepoint      ] Safepoint "Cleanup", Time since last: 4001396995 ns, Reaching safepoint: 12700 ns, Cleanup: 17600 ns, At safepoint: 4001 ns, Total: 34301 ns
[5752.315s][info ][safepoint      ] Safepoint "Cleanup", Time since last: 4000464085 ns, Reaching safepoint: 83202 ns, Cleanup: 16900 ns, At safepoint: 10400 ns, Total: 110502 ns
[5759.087s][info ][gc,start       ] GC(136) Pause Young (Allocation Failure)
[5759.120s][debug][gc,phases      ] GC(136) Scavenge 32.506ms
[5759.120s][debug][gc,ref         ] GC(136) Skipped SoftWeakFinalRefsPhase of Reference Processing: no references
[5759.120s][debug][gc,ref         ] GC(136) Skipped KeepAliveFinalRefsPhase of Reference Processing: no references
[5759.120s][debug][gc,ref         ] GC(136) ReferenceProcessor::execute queues: 1, RefProcThreadModel::Single, marks_oops_alive: false
[5759.120s][debug][gc,phases      ] GC(136) Reference Processing 0.103ms
[5759.120s][debug][gc,phases      ] GC(136)   VM Weak                        Min:  0.0, Avg:  0.0, Max:  0.0, Diff:  0.0, Sum:  0.0, Workers: 4
[5759.120s][debug][gc,phases      ] GC(136)     Dead                           Min: 0, Avg:  0.0, Max: 0, Diff: 0, Sum: 0, Workers: 4
[5759.120s][debug][gc,phases      ] GC(136)     Total                          Min: 0, Avg: 277.2, Max: 832, Diff: 832, Sum: 1109, Workers: 4
[5759.120s][debug][gc,phases      ] GC(136)   ObjectSynchronizer Weak        Min:  0.0, Avg:  0.0, Max:  0.0, Diff:  0.0, Sum:  0.0, Workers: 4
[5759.120s][debug][gc,phases      ] GC(136)     Dead                           Min: 0, Avg:  0.0, Max: 0, Diff: 0, Sum: 0, Workers: 4
[5759.120s][debug][gc,phases      ] GC(136)     Total                          Min: 0, Avg:  1.5, Max: 6, Diff: 6, Sum: 6, Workers: 4
[5759.120s][debug][gc,phases      ] GC(136)   JVMTI Tag Weak OopStorage      Min:  0.0, Avg:  0.0, Max:  0.0, Diff:  0.0, Sum:  0.0, Workers: 4
[5759.120s][debug][gc,phases      ] GC(136)     Dead                           Min: 0, Avg:  0.0, Max: 0, Diff: 0, Sum: 0, Workers: 4
[5759.120s][debug][gc,phases      ] GC(136)     Total                          Min: 0, Avg:  0.0, Max: 0, Diff: 0, Sum: 0, Workers: 4
[5759.120s][debug][gc,phases      ] GC(136)   StringTable Weak               Min:  0.1, Avg:  0.1, Max:  0.1, Diff:  0.0, Sum:  0.4, Workers: 4
[5759.120s][debug][gc,phases      ] GC(136)     Dead                           Min: 0, Avg:  0.0, Max: 0, Diff: 0, Sum: 0, Workers: 4
[5759.120s][debug][gc,phases      ] GC(136)     Total                          Min: 11136, Avg: 12592.2, Max: 13376, Diff: 2240, Sum: 50369, Workers: 4
[5759.120s][debug][gc,phases      ] GC(136)   ResolvedMethodTable Weak       Min:  0.0, Avg:  0.0, Max:  0.0, Diff:  0.0, Sum:  0.1, Workers: 4
[5759.120s][debug][gc,phases      ] GC(136)     Dead                           Min: 0, Avg:  6.8, Max: 16, Diff: 16, Sum: 27, Workers: 4
[5759.120s][debug][gc,phases      ] GC(136)     Total                          Min: 3297, Avg: 4059.2, Max: 4578, Diff: 1281, Sum: 16237, Workers: 4
[5759.120s][debug][gc,phases      ] GC(136)   JNI Weak                       Min:  0.0, Avg:  0.0, Max:  0.0, Diff:  0.0, Sum:  0.0, Workers: 4
[5759.120s][debug][gc,phases      ] GC(136)     Dead                           Min: 0, Avg:  0.0, Max: 0, Diff: 0, Sum: 0, Workers: 4
[5759.120s][debug][gc,phases      ] GC(136)     Total                          Min: 0, Avg: 13.0, Max: 52, Diff: 52, Sum: 52, Workers: 4
[5759.120s][debug][gc,phases      ] GC(136)   StringDedup Table Weak         Min:  0.0, Avg:  0.0, Max:  0.0, Diff:  0.0, Sum:  0.0, Workers: 4
[5759.120s][debug][gc,phases      ] GC(136)     Dead                           Min: 0, Avg:  0.0, Max: 0, Diff: 0, Sum: 0, Workers: 4
[5759.120s][debug][gc,phases      ] GC(136)     Total                          Min: 0, Avg:  0.0, Max: 0, Diff: 0, Sum: 0, Workers: 4
[5759.120s][debug][gc,phases      ] GC(136)   StringDedup Requests0 Weak     Min:  0.0, Avg:  0.0, Max:  0.0, Diff:  0.0, Sum:  0.0, Workers: 4
[5759.120s][debug][gc,phases      ] GC(136)     Dead                           Min: 0, Avg:  0.0, Max: 0, Diff: 0, Sum: 0, Workers: 4
[5759.120s][debug][gc,phases      ] GC(136)     Total                          Min: 0, Avg:  0.0, Max: 0, Diff: 0, Sum: 0, Workers: 4
[5759.120s][debug][gc,phases      ] GC(136)   StringDedup Requests1 Weak     Min:  0.0, Avg:  0.0, Max:  0.0, Diff:  0.0, Sum:  0.0, Workers: 4
[5759.120s][debug][gc,phases      ] GC(136)     Dead                           Min: 0, Avg:  0.0, Max: 0, Diff: 0, Sum: 0, Workers: 4
[5759.120s][debug][gc,phases      ] GC(136)     Total                          Min: 0, Avg:  0.0, Max: 0, Diff: 0, Sum: 0, Workers: 4
[5759.120s][debug][gc,phases      ] GC(136)   Weak JFR Old Object Samples    Min:  0.0, Avg:  0.0, Max:  0.0, Diff:  0.0, Sum:  0.0, Workers: 4
[5759.120s][debug][gc,phases      ] GC(136)     Dead                           Min: 0, Avg:  0.0, Max: 0, Diff: 0, Sum: 0, Workers: 4
[5759.120s][debug][gc,phases      ] GC(136)     Total                          Min: 0, Avg:  0.0, Max: 0, Diff: 0, Sum: 0, Workers: 4
[5759.120s][debug][gc,phases      ] GC(136) Weak Processing 0.306ms
[5759.120s][debug][gc,age         ] GC(136) Desired survivor size 52428800 bytes, new threshold 1 (max threshold 15)
[5759.120s][info ][gc,heap        ] GC(136) PSYoungGen: 2029840K(2046464K)->32297K(2031616K) Eden: 1998848K(1998848K)->0K(1998848K) From: 30992K(47616K)->32297K(32768K)
[5759.120s][info ][gc,heap        ] GC(136) ParOldGen: 1645477K(1645568K)->1673020K(1673216K)
[5759.120s][info ][gc,metaspace   ] GC(136) Metaspace: 115715K(117120K)->115715K(117120K) NonClass: 98500K(99264K)->98500K(99264K) Class: 17215K(17856K)->17215K(17856K)
[5759.120s][info ][gc             ] GC(136) Pause Young (Allocation Failure) 3589M->1665M(3618M) 33.061ms
[5759.120s][info ][gc,cpu         ] GC(136) User=0.10s Sys=0.03s Real=0.04s
[5759.121s][info ][safepoint      ] Safepoint "ParallelGCFailedAllocation", Time since last: 6772156243 ns, Reaching safepoint: 11400 ns, Cleanup: 13301 ns, At safepoint: 33177312 ns, Total: 33202013 ns
[5767.953s][info ][safepoint      ] Safepoint "Cleanup", Time since last: 8832053606 ns, Reaching safepoint: 80301 ns, Cleanup: 13601 ns, At safepoint: 6800 ns, Total: 100702 ns
[5771.953s][info ][safepoint      ] Safepoint "Cleanup", Time since last: 4000504187 ns, Reaching safepoint: 85501 ns, Cleanup: 15000 ns, At safepoint: 11601 ns, Total: 112102 ns
[5776.432s][info ][gc,start       ] GC(137) Pause Young (Allocation Failure)
[5776.466s][debug][gc,phases      ] GC(137) Scavenge 33.364ms
[5776.466s][debug][gc,ref         ] GC(137) Skipped SoftWeakFinalRefsPhase of Reference Processing: no references
[5776.466s][debug][gc,ref         ] GC(137) Skipped KeepAliveFinalRefsPhase of Reference Processing: no references
[5776.466s][debug][gc,ref         ] GC(137) ReferenceProcessor::execute queues: 1, RefProcThreadModel::Single, marks_oops_alive: false
[5776.466s][debug][gc,phases      ] GC(137) Reference Processing 0.099ms
[5776.466s][debug][gc,phases      ] GC(137)   VM Weak                        Min:  0.0, Avg:  0.0, Max:  0.0, Diff:  0.0, Sum:  0.0, Workers: 4
[5776.466s][debug][gc,phases      ] GC(137)     Dead                           Min: 0, Avg:  0.0, Max: 0, Diff: 0, Sum: 0, Workers: 4
[5776.466s][debug][gc,phases      ] GC(137)     Total                          Min: 0, Avg: 277.2, Max: 640, Diff: 640, Sum: 1109, Workers: 4
[5776.466s][debug][gc,phases      ] GC(137)   ObjectSynchronizer Weak        Min:  0.0, Avg:  0.0, Max:  0.0, Diff:  0.0, Sum:  0.0, Workers: 4
[5776.466s][debug][gc,phases      ] GC(137)     Dead                           Min: 0, Avg:  0.0, Max: 0, Diff: 0, Sum: 0, Workers: 4
[5776.466s][debug][gc,phases      ] GC(137)     Total                          Min: 0, Avg:  1.0, Max: 4, Diff: 4, Sum: 4, Workers: 4
[5776.466s][debug][gc,phases      ] GC(137)   JVMTI Tag Weak OopStorage      Min:  0.0, Avg:  0.0, Max:  0.0, Diff:  0.0, Sum:  0.0, Workers: 4
[5776.466s][debug][gc,phases      ] GC(137)     Dead                           Min: 0, Avg:  0.0, Max: 0, Diff: 0, Sum: 0, Workers: 4
[5776.466s][debug][gc,phases      ] GC(137)     Total                          Min: 0, Avg:  0.0, Max: 0, Diff: 0, Sum: 0, Workers: 4
[5776.466s][debug][gc,phases      ] GC(137)   StringTable Weak               Min:  0.1, Avg:  0.1, Max:  0.1, Diff:  0.0, Sum:  0.4, Workers: 4
[5776.466s][debug][gc,phases      ] GC(137)     Dead                           Min: 0, Avg:  0.0, Max: 0, Diff: 0, Sum: 0, Workers: 4
[5776.466s][debug][gc,phases      ] GC(137)     Total                          Min: 11520, Avg: 12592.2, Max: 13377, Diff: 1857, Sum: 50369, Workers: 4
[5776.466s][debug][gc,phases      ] GC(137)   ResolvedMethodTable Weak       Min:  0.0, Avg:  0.0, Max:  0.0, Diff:  0.0, Sum:  0.1, Workers: 4
[5776.466s][debug][gc,phases      ] GC(137)     Dead                           Min: 0, Avg:  0.0, Max: 0, Diff: 0, Sum: 0, Workers: 4
[5776.466s][debug][gc,phases      ] GC(137)     Total                          Min: 3232, Avg: 4059.2, Max: 4565, Diff: 1333, Sum: 16237, Workers: 4
[5776.466s][debug][gc,phases      ] GC(137)   JNI Weak                       Min:  0.0, Avg:  0.0, Max:  0.0, Diff:  0.0, Sum:  0.0, Workers: 4
[5776.466s][debug][gc,phases      ] GC(137)     Dead                           Min: 0, Avg:  0.0, Max: 0, Diff: 0, Sum: 0, Workers: 4
[5776.466s][debug][gc,phases      ] GC(137)     Total                          Min: 0, Avg: 13.0, Max: 52, Diff: 52, Sum: 52, Workers: 4
[5776.466s][debug][gc,phases      ] GC(137)   StringDedup Table Weak         Min:  0.0, Avg:  0.0, Max:  0.0, Diff:  0.0, Sum:  0.0, Workers: 4
[5776.466s][debug][gc,phases      ] GC(137)     Dead                           Min: 0, Avg:  0.0, Max: 0, Diff: 0, Sum: 0, Workers: 4
[5776.466s][debug][gc,phases      ] GC(137)     Total                          Min: 0, Avg:  0.0, Max: 0, Diff: 0, Sum: 0, Workers: 4
[5776.466s][debug][gc,phases      ] GC(137)   StringDedup Requests0 Weak     Min:  0.0, Avg:  0.0, Max:  0.0, Diff:  0.0, Sum:  0.0, Workers: 4
[5776.466s][debug][gc,phases      ] GC(137)     Dead                           Min: 0, Avg:  0.0, Max: 0, Diff: 0, Sum: 0, Workers: 4
[5776.466s][debug][gc,phases      ] GC(137)     Total                          Min: 0, Avg:  0.0, Max: 0, Diff: 0, Sum: 0, Workers: 4
[5776.466s][debug][gc,phases      ] GC(137)   StringDedup Requests1 Weak     Min:  0.0, Avg:  0.0, Max:  0.0, Diff:  0.0, Sum:  0.0, Workers: 4
[5776.466s][debug][gc,phases      ] GC(137)     Dead                           Min: 0, Avg:  0.0, Max: 0, Diff: 0, Sum: 0, Workers: 4
[5776.466s][debug][gc,phases      ] GC(137)     Total                          Min: 0, Avg:  0.0, Max: 0, Diff: 0, Sum: 0, Workers: 4
[5776.466s][debug][gc,phases      ] GC(137)   Weak JFR Old Object Samples    Min:  0.0, Avg:  0.0, Max:  0.0, Diff:  0.0, Sum:  0.0, Workers: 4
[5776.466s][debug][gc,phases      ] GC(137)     Dead                           Min: 0, Avg:  0.0, Max: 0, Diff: 0, Sum: 0, Workers: 4
[5776.466s][debug][gc,phases      ] GC(137)     Total                          Min: 0, Avg:  0.0, Max: 0, Diff: 0, Sum: 0, Workers: 4
[5776.466s][debug][gc,phases      ] GC(137) Weak Processing 0.309ms
[5776.466s][debug][gc,age         ] GC(137) Desired survivor size 52428800 bytes, new threshold 1 (max threshold 15)
[5776.466s][info ][gc,heap        ] GC(137) PSYoungGen: 2031145K(2031616K)->29296K(2045952K) Eden: 1998848K(1998848K)->0K(1994752K) From: 32297K(32768K)->29296K(51200K)
[5776.466s][info ][gc,heap        ] GC(137) ParOldGen: 1673020K(1673216K)->1701980K(1702400K)
[5776.466s][info ][gc,metaspace   ] GC(137) Metaspace: 115717K(117120K)->115717K(117120K) NonClass: 98502K(99264K)->98502K(99264K) Class: 17215K(17856K)->17215K(17856K)
[5776.466s][info ][gc             ] GC(137) Pause Young (Allocation Failure) 3617M->1690M(3660M) 33.943ms
[5776.466s][info ][gc,cpu         ] GC(137) User=0.10s Sys=0.03s Real=0.03s
[5776.466s][info ][safepoint      ] Safepoint "ParallelGCFailedAllocation", Time since last: 4479100482 ns, Reaching safepoint: 13300 ns, Cleanup: 6300 ns, At safepoint: 34036432 ns, Total: 34056032 ns
[5780.467s][info ][safepoint      ] Safepoint "Cleanup", Time since last: 4000456960 ns, Reaching safepoint: 13200 ns, Cleanup: 20401 ns, At safepoint: 3800 ns, Total: 37401 ns
[5782.467s][info ][safepoint      ] Safepoint "Cleanup", Time since last: 2000308847 ns, Reaching safepoint: 12700 ns, Cleanup: 17001 ns, At safepoint: 4200 ns, Total: 33901 ns
[5789.511s][info ][gc,start       ] GC(138) Pause Young (Allocation Failure)
[5789.542s][debug][gc,phases      ] GC(138) Scavenge 30.557ms
[5789.542s][debug][gc,ref         ] GC(138) Skipped SoftWeakFinalRefsPhase of Reference Processing: no references
[5789.542s][debug][gc,ref         ] GC(138) Skipped KeepAliveFinalRefsPhase of Reference Processing: no references
[5789.542s][debug][gc,ref         ] GC(138) ReferenceProcessor::execute queues: 1, RefProcThreadModel::Single, marks_oops_alive: false
[5789.542s][debug][gc,phases      ] GC(138) Reference Processing 0.096ms
[5789.542s][debug][gc,phases      ] GC(138)   VM Weak                        Min:  0.0, Avg:  0.0, Max:  0.0, Diff:  0.0, Sum:  0.0, Workers: 4
[5789.542s][debug][gc,phases      ] GC(138)     Dead                           Min: 0, Avg:  0.0, Max: 0, Diff: 0, Sum: 0, Workers: 4
[5789.542s][debug][gc,phases      ] GC(138)     Total                          Min: 0, Avg: 277.2, Max: 981, Diff: 981, Sum: 1109, Workers: 4
[5789.542s][debug][gc,phases      ] GC(138)   ObjectSynchronizer Weak        Min:  0.0, Avg:  0.0, Max:  0.0, Diff:  0.0, Sum:  0.0, Workers: 4
[5789.542s][debug][gc,phases      ] GC(138)     Dead                           Min: 0, Avg:  0.0, Max: 0, Diff: 0, Sum: 0, Workers: 4
[5789.542s][debug][gc,phases      ] GC(138)     Total                          Min: 0, Avg:  1.2, Max: 5, Diff: 5, Sum: 5, Workers: 4
[5789.542s][debug][gc,phases      ] GC(138)   JVMTI Tag Weak OopStorage      Min:  0.0, Avg:  0.0, Max:  0.0, Diff:  0.0, Sum:  0.0, Workers: 4
[5789.542s][debug][gc,phases      ] GC(138)     Dead                           Min: 0, Avg:  0.0, Max: 0, Diff: 0, Sum: 0, Workers: 4
[5789.542s][debug][gc,phases      ] GC(138)     Total                          Min: 0, Avg:  0.0, Max: 0, Diff: 0, Sum: 0, Workers: 4
[5789.542s][debug][gc,phases      ] GC(138)   StringTable Weak               Min:  0.1, Avg:  0.1, Max:  0.1, Diff:  0.0, Sum:  0.4, Workers: 4
[5789.542s][debug][gc,phases      ] GC(138)     Dead                           Min: 0, Avg:  0.0, Max: 0, Diff: 0, Sum: 0, Workers: 4
[5789.542s][debug][gc,phases      ] GC(138)     Total                          Min: 11456, Avg: 12592.2, Max: 15424, Diff: 3968, Sum: 50369, Workers: 4
[5789.542s][debug][gc,phases      ] GC(138)   ResolvedMethodTable Weak       Min:  0.0, Avg:  0.0, Max:  0.0, Diff:  0.0, Sum:  0.1, Workers: 4
[5789.542s][debug][gc,phases      ] GC(138)     Dead                           Min: 0, Avg:  0.0, Max: 0, Diff: 0, Sum: 0, Workers: 4
[5789.542s][debug][gc,phases      ] GC(138)     Total                          Min: 3515, Avg: 4059.2, Max: 4753, Diff: 1238, Sum: 16237, Workers: 4
[5789.542s][debug][gc,phases      ] GC(138)   JNI Weak                       Min:  0.0, Avg:  0.0, Max:  0.0, Diff:  0.0, Sum:  0.0, Workers: 4
[5789.542s][debug][gc,phases      ] GC(138)     Dead                           Min: 0, Avg:  0.0, Max: 0, Diff: 0, Sum: 0, Workers: 4
[5789.542s][debug][gc,phases      ] GC(138)     Total                          Min: 0, Avg: 13.0, Max: 52, Diff: 52, Sum: 52, Workers: 4
[5789.542s][debug][gc,phases      ] GC(138)   StringDedup Table Weak         Min:  0.0, Avg:  0.0, Max:  0.0, Diff:  0.0, Sum:  0.0, Workers: 4
[5789.542s][debug][gc,phases      ] GC(138)     Dead                           Min: 0, Avg:  0.0, Max: 0, Diff: 0, Sum: 0, Workers: 4
[5789.542s][debug][gc,phases      ] GC(138)     Total                          Min: 0, Avg:  0.0, Max: 0, Diff: 0, Sum: 0, Workers: 4
[5789.542s][debug][gc,phases      ] GC(138)   StringDedup Requests0 Weak     Min:  0.0, Avg:  0.0, Max:  0.0, Diff:  0.0, Sum:  0.0, Workers: 4
[5789.542s][debug][gc,phases      ] GC(138)     Dead                           Min: 0, Avg:  0.0, Max: 0, Diff: 0, Sum: 0, Workers: 4
[5789.542s][debug][gc,phases      ] GC(138)     Total                          Min: 0, Avg:  0.0, Max: 0, Diff: 0, Sum: 0, Workers: 4
[5789.542s][debug][gc,phases      ] GC(138)   StringDedup Requests1 Weak     Min:  0.0, Avg:  0.0, Max:  0.0, Diff:  0.0, Sum:  0.0, Workers: 4
[5789.542s][debug][gc,phases      ] GC(138)     Dead                           Min: 0, Avg:  0.0, Max: 0, Diff: 0, Sum: 0, Workers: 4
[5789.542s][debug][gc,phases      ] GC(138)     Total                          Min: 0, Avg:  0.0, Max: 0, Diff: 0, Sum: 0, Workers: 4
[5789.542s][debug][gc,phases      ] GC(138)   Weak JFR Old Object Samples    Min:  0.0, Avg:  0.0, Max:  0.0, Diff:  0.0, Sum:  0.0, Workers: 4
[5789.542s][debug][gc,phases      ] GC(138)     Dead                           Min: 0, Avg:  0.0, Max: 0, Diff: 0, Sum: 0, Workers: 4
[5789.543s][debug][gc,phases      ] GC(138)     Total                          Min: 0, Avg:  0.0, Max: 0, Diff: 0, Sum: 0, Workers: 4
[5789.543s][debug][gc,phases      ] GC(138) Weak Processing 0.344ms
[5789.543s][debug][gc,age         ] GC(138) Desired survivor size 52428800 bytes, new threshold 1 (max threshold 15)
[5789.543s][info ][gc,heap        ] GC(138) PSYoungGen: 2024048K(2045952K)->28848K(2045952K) Eden: 1994752K(1994752K)->0K(1994752K) From: 29296K(51200K)->28848K(51200K)
[5789.543s][info ][gc,heap        ] GC(138) ParOldGen: 1701980K(1702400K)->1728274K(1728512K)
[5789.543s][info ][gc,metaspace   ] GC(138) Metaspace: 115722K(117120K)->115722K(117120K) NonClass: 98507K(99264K)->98507K(99264K) Class: 17215K(17856K)->17215K(17856K)
[5789.543s][info ][gc             ] GC(138) Pause Young (Allocation Failure) 3638M->1715M(3686M) 31.142ms
[5789.543s][info ][gc,cpu         ] GC(138) User=0.11s Sys=0.01s Real=0.03s
[5789.543s][info ][safepoint      ] Safepoint "ParallelGCFailedAllocation", Time since last: 7044069714 ns, Reaching safepoint: 10300 ns, Cleanup: 5500 ns, At safepoint: 31233676 ns, Total: 31249476 ns
[5795.545s][info ][safepoint      ] Safepoint "Cleanup", Time since last: 6002191298 ns, Reaching safepoint: 11200 ns, Cleanup: 17300 ns, At safepoint: 3200 ns, Total: 31700 ns
[5798.093s][info ][gc,start       ] GC(139) Pause Young (Allocation Failure)
[5798.124s][debug][gc,phases      ] GC(139) Scavenge 31.110ms
[5798.124s][debug][gc,ref         ] GC(139) ReferenceProcessor::execute queues: 1, RefProcThreadModel::Single, marks_oops_alive: false
[5798.124s][debug][gc,ref         ] GC(139) Skipped KeepAliveFinalRefsPhase of Reference Processing: no references
[5798.124s][debug][gc,ref         ] GC(139) ReferenceProcessor::execute queues: 1, RefProcThreadModel::Single, marks_oops_alive: false
[5798.124s][debug][gc,phases      ] GC(139) Reference Processing 0.105ms
[5798.124s][debug][gc,phases      ] GC(139)   VM Weak                        Min:  0.0, Avg:  0.0, Max:  0.0, Diff:  0.0, Sum:  0.0, Workers: 4
[5798.124s][debug][gc,phases      ] GC(139)     Dead                           Min: 0, Avg:  0.0, Max: 0, Diff: 0, Sum: 0, Workers: 4
[5798.124s][debug][gc,phases      ] GC(139)     Total                          Min: 0, Avg: 277.2, Max: 533, Diff: 533, Sum: 1109, Workers: 4
[5798.124s][debug][gc,phases      ] GC(139)   ObjectSynchronizer Weak        Min:  0.0, Avg:  0.0, Max:  0.0, Diff:  0.0, Sum:  0.0, Workers: 4
[5798.124s][debug][gc,phases      ] GC(139)     Dead                           Min: 0, Avg:  0.0, Max: 0, Diff: 0, Sum: 0, Workers: 4
[5798.124s][debug][gc,phases      ] GC(139)     Total                          Min: 0, Avg:  1.2, Max: 5, Diff: 5, Sum: 5, Workers: 4
[5798.124s][debug][gc,phases      ] GC(139)   JVMTI Tag Weak OopStorage      Min:  0.0, Avg:  0.0, Max:  0.0, Diff:  0.0, Sum:  0.0, Workers: 4
[5798.124s][debug][gc,phases      ] GC(139)     Dead                           Min: 0, Avg:  0.0, Max: 0, Diff: 0, Sum: 0, Workers: 4
[5798.124s][debug][gc,phases      ] GC(139)     Total                          Min: 0, Avg:  0.0, Max: 0, Diff: 0, Sum: 0, Workers: 4
[5798.124s][debug][gc,phases      ] GC(139)   StringTable Weak               Min:  0.1, Avg:  0.1, Max:  0.1, Diff:  0.0, Sum:  0.4, Workers: 4
[5798.124s][debug][gc,phases      ] GC(139)     Dead                           Min: 0, Avg:  0.2, Max: 1, Diff: 1, Sum: 1, Workers: 4
[5798.124s][debug][gc,phases      ] GC(139)     Total                          Min: 10815, Avg: 12593.5, Max: 14215, Diff: 3400, Sum: 50374, Workers: 4
[5798.124s][debug][gc,phases      ] GC(139)   ResolvedMethodTable Weak       Min:  0.0, Avg:  0.0, Max:  0.0, Diff:  0.0, Sum:  0.1, Workers: 4
[5798.124s][debug][gc,phases      ] GC(139)     Dead                           Min: 0, Avg:  4.0, Max: 10, Diff: 10, Sum: 16, Workers: 4
[5798.124s][debug][gc,phases      ] GC(139)     Total                          Min: 3534, Avg: 4059.8, Max: 4565, Diff: 1031, Sum: 16239, Workers: 4
[5798.124s][debug][gc,phases      ] GC(139)   JNI Weak                       Min:  0.0, Avg:  0.0, Max:  0.0, Diff:  0.0, Sum:  0.0, Workers: 4
[5798.124s][debug][gc,phases      ] GC(139)     Dead                           Min: 0, Avg:  0.0, Max: 0, Diff: 0, Sum: 0, Workers: 4
[5798.124s][debug][gc,phases      ] GC(139)     Total                          Min: 0, Avg: 13.0, Max: 52, Diff: 52, Sum: 52, Workers: 4
[5798.124s][debug][gc,phases      ] GC(139)   StringDedup Table Weak         Min:  0.0, Avg:  0.0, Max:  0.0, Diff:  0.0, Sum:  0.0, Workers: 4
[5798.124s][debug][gc,phases      ] GC(139)     Dead                           Min: 0, Avg:  0.0, Max: 0, Diff: 0, Sum: 0, Workers: 4
[5798.124s][debug][gc,phases      ] GC(139)     Total                          Min: 0, Avg:  0.0, Max: 0, Diff: 0, Sum: 0, Workers: 4
[5798.124s][debug][gc,phases      ] GC(139)   StringDedup Requests0 Weak     Min:  0.0, Avg:  0.0, Max:  0.0, Diff:  0.0, Sum:  0.0, Workers: 4
[5798.124s][debug][gc,phases      ] GC(139)     Dead                           Min: 0, Avg:  0.0, Max: 0, Diff: 0, Sum: 0, Workers: 4
[5798.124s][debug][gc,phases      ] GC(139)     Total                          Min: 0, Avg:  0.0, Max: 0, Diff: 0, Sum: 0, Workers: 4
[5798.124s][debug][gc,phases      ] GC(139)   StringDedup Requests1 Weak     Min:  0.0, Avg:  0.0, Max:  0.0, Diff:  0.0, Sum:  0.0, Workers: 4
[5798.124s][debug][gc,phases      ] GC(139)     Dead                           Min: 0, Avg:  0.0, Max: 0, Diff: 0, Sum: 0, Workers: 4
[5798.124s][debug][gc,phases      ] GC(139)     Total                          Min: 0, Avg:  0.0, Max: 0, Diff: 0, Sum: 0, Workers: 4
[5798.124s][debug][gc,phases      ] GC(139)   Weak JFR Old Object Samples    Min:  0.0, Avg:  0.0, Max:  0.0, Diff:  0.0, Sum:  0.0, Workers: 4
[5798.124s][debug][gc,phases      ] GC(139)     Dead                           Min: 0, Avg:  0.0, Max: 0, Diff: 0, Sum: 0, Workers: 4
[5798.124s][debug][gc,phases      ] GC(139)     Total                          Min: 0, Avg:  0.0, Max: 0, Diff: 0, Sum: 0, Workers: 4
[5798.124s][debug][gc,phases      ] GC(139) Weak Processing 0.323ms
[5798.124s][debug][gc,age         ] GC(139) Desired survivor size 52428800 bytes, new threshold 1 (max threshold 15)
[5798.124s][info ][gc,heap        ] GC(139) PSYoungGen: 2023600K(2045952K)->30784K(2045952K) Eden: 1994752K(1994752K)->0K(1994752K) From: 28848K(51200K)->30784K(51200K)
[5798.124s][info ][gc,heap        ] GC(139) ParOldGen: 1728274K(1728512K)->1753521K(1753600K)
[5798.124s][info ][gc,metaspace   ] GC(139) Metaspace: 115733K(117120K)->115733K(117120K) NonClass: 98516K(99264K)->98516K(99264K) Class: 17217K(17856K)->17217K(17856K)
[5798.124s][info ][gc             ] GC(139) Pause Young (Allocation Failure) 3663M->1742M(3710M) 31.676ms
[5798.124s][info ][gc,cpu         ] GC(139) User=0.10s Sys=0.02s Real=0.03s
[5798.124s][info ][safepoint      ] Safepoint "ParallelGCFailedAllocation", Time since last: 2547749377 ns, Reaching safepoint: 9600 ns, Cleanup: 20401 ns, At safepoint: 31766885 ns, Total: 31796886 ns
[5800.125s][info ][safepoint      ] Safepoint "Cleanup", Time since last: 2000192181 ns, Reaching safepoint: 10000 ns, Cleanup: 15301 ns, At safepoint: 3600 ns, Total: 28901 ns
[5803.125s][info ][safepoint      ] Safepoint "Cleanup", Time since last: 3000395921 ns, Reaching safepoint: 11600 ns, Cleanup: 11900 ns, At safepoint: 4300 ns, Total: 27800 ns
[5809.126s][info ][safepoint      ] Safepoint "Cleanup", Time since last: 6000700869 ns, Reaching safepoint: 86102 ns, Cleanup: 14700 ns, At safepoint: 9700 ns, Total: 110502 ns
[5810.126s][info ][safepoint      ] Safepoint "Cleanup", Time since last: 1000137729 ns, Reaching safepoint: 84801 ns, Cleanup: 12301 ns, At safepoint: 9500 ns, Total: 106602 ns
[5815.127s][info ][safepoint      ] Safepoint "Cleanup", Time since last: 5000427747 ns, Reaching safepoint: 86302 ns, Cleanup: 16000 ns, At safepoint: 8100 ns, Total: 110402 ns
[5817.127s][info ][safepoint      ] Safepoint "Cleanup", Time since last: 2000265206 ns, Reaching safepoint: 91501 ns, Cleanup: 16501 ns, At safepoint: 10700 ns, Total: 118702 ns
[5818.127s][info ][safepoint      ] Safepoint "Cleanup", Time since last: 1000209304 ns, Reaching safepoint: 87202 ns, Cleanup: 17500 ns, At safepoint: 9300 ns, Total: 114002 ns
[5825.990s][info ][safepoint      ] Safepoint "Cleanup", Time since last: 7862170917 ns, Reaching safepoint: 11901 ns, Cleanup: 13000 ns, At safepoint: 3600 ns, Total: 28501 ns
[5826.990s][info ][safepoint      ] Safepoint "Cleanup", Time since last: 1000123855 ns, Reaching safepoint: 12900 ns, Cleanup: 18300 ns, At safepoint: 3500 ns, Total: 34700 ns
[5827.990s][info ][safepoint      ] Safepoint "Cleanup", Time since last: 1000194657 ns, Reaching safepoint: 12500 ns, Cleanup: 18300 ns, At safepoint: 3200 ns, Total: 34000 ns
[5828.990s][info ][safepoint      ] Safepoint "Cleanup", Time since last: 1000220457 ns, Reaching safepoint: 13300 ns, Cleanup: 14600 ns, At safepoint: 4200 ns, Total: 32100 ns
[5830.991s][info ][safepoint      ] Safepoint "Cleanup", Time since last: 2000284411 ns, Reaching safepoint: 12400 ns, Cleanup: 42001 ns, At safepoint: 6100 ns, Total: 60501 ns
[5831.991s][info ][safepoint      ] Safepoint "Cleanup", Time since last: 1000126855 ns, Reaching safepoint: 11600 ns, Cleanup: 13501 ns, At safepoint: 3000 ns, Total: 28101 ns
[5844.178s][info ][gc,start       ] GC(140) Pause Young (Allocation Failure)
[5844.207s][debug][gc,phases      ] GC(140) Scavenge 28.453ms
[5844.207s][debug][gc,ref         ] GC(140) ReferenceProcessor::execute queues: 1, RefProcThreadModel::Single, marks_oops_alive: false
[5844.207s][debug][gc,ref         ] GC(140) ReferenceProcessor::execute queues: 4, RefProcThreadModel::Multi, marks_oops_alive: true
[5844.207s][debug][gc,ref         ] GC(140) ReferenceProcessor::execute queues: 1, RefProcThreadModel::Single, marks_oops_alive: false
[5844.207s][debug][gc,phases      ] GC(140) Reference Processing 0.162ms
[5844.207s][debug][gc,phases      ] GC(140)   VM Weak                        Min:  0.0, Avg:  0.0, Max:  0.0, Diff:  0.0, Sum:  0.0, Workers: 4
[5844.207s][debug][gc,phases      ] GC(140)     Dead                           Min: 0, Avg:  0.0, Max: 0, Diff: 0, Sum: 0, Workers: 4
[5844.207s][debug][gc,phases      ] GC(140)     Total                          Min: 0, Avg: 278.5, Max: 858, Diff: 858, Sum: 1114, Workers: 4
[5844.207s][debug][gc,phases      ] GC(140)   ObjectSynchronizer Weak        Min:  0.0, Avg:  0.0, Max:  0.0, Diff:  0.0, Sum:  0.0, Workers: 4
[5844.207s][debug][gc,phases      ] GC(140)     Dead                           Min: 0, Avg:  0.0, Max: 0, Diff: 0, Sum: 0, Workers: 4
[5844.207s][debug][gc,phases      ] GC(140)     Total                          Min: 0, Avg:  1.5, Max: 6, Diff: 6, Sum: 6, Workers: 4
[5844.207s][debug][gc,phases      ] GC(140)   JVMTI Tag Weak OopStorage      Min:  0.0, Avg:  0.0, Max:  0.0, Diff:  0.0, Sum:  0.0, Workers: 4
[5844.207s][debug][gc,phases      ] GC(140)     Dead                           Min: 0, Avg:  0.0, Max: 0, Diff: 0, Sum: 0, Workers: 4
[5844.207s][debug][gc,phases      ] GC(140)     Total                          Min: 0, Avg:  0.0, Max: 0, Diff: 0, Sum: 0, Workers: 4
[5844.207s][debug][gc,phases      ] GC(140)   StringTable Weak               Min:  0.1, Avg:  0.1, Max:  0.1, Diff:  0.0, Sum:  0.4, Workers: 4
[5844.207s][debug][gc,phases      ] GC(140)     Dead                           Min: 0, Avg:  0.2, Max: 1, Diff: 1, Sum: 1, Workers: 4
[5844.207s][debug][gc,phases      ] GC(140)     Total                          Min: 11328, Avg: 12595.0, Max: 14030, Diff: 2702, Sum: 50380, Workers: 4
[5844.207s][debug][gc,phases      ] GC(140)   ResolvedMethodTable Weak       Min:  0.0, Avg:  0.0, Max:  0.0, Diff:  0.0, Sum:  0.1, Workers: 4
[5844.207s][debug][gc,phases      ] GC(140)     Dead                           Min: 0, Avg:  0.0, Max: 0, Diff: 0, Sum: 0, Workers: 4
[5844.207s][debug][gc,phases      ] GC(140)     Total                          Min: 3470, Avg: 4063.0, Max: 4605, Diff: 1135, Sum: 16252, Workers: 4
[5844.207s][debug][gc,phases      ] GC(140)   JNI Weak                       Min:  0.0, Avg:  0.0, Max:  0.0, Diff:  0.0, Sum:  0.0, Workers: 4
[5844.207s][debug][gc,phases      ] GC(140)     Dead                           Min: 0, Avg:  0.0, Max: 0, Diff: 0, Sum: 0, Workers: 4
[5844.207s][debug][gc,phases      ] GC(140)     Total                          Min: 0, Avg: 13.0, Max: 52, Diff: 52, Sum: 52, Workers: 4
[5844.207s][debug][gc,phases      ] GC(140)   StringDedup Table Weak         Min:  0.0, Avg:  0.0, Max:  0.0, Diff:  0.0, Sum:  0.0, Workers: 4
[5844.207s][debug][gc,phases      ] GC(140)     Dead                           Min: 0, Avg:  0.0, Max: 0, Diff: 0, Sum: 0, Workers: 4
[5844.207s][debug][gc,phases      ] GC(140)     Total                          Min: 0, Avg:  0.0, Max: 0, Diff: 0, Sum: 0, Workers: 4
[5844.207s][debug][gc,phases      ] GC(140)   StringDedup Requests0 Weak     Min:  0.0, Avg:  0.0, Max:  0.0, Diff:  0.0, Sum:  0.0, Workers: 4
[5844.207s][debug][gc,phases      ] GC(140)     Dead                           Min: 0, Avg:  0.0, Max: 0, Diff: 0, Sum: 0, Workers: 4
[5844.207s][debug][gc,phases      ] GC(140)     Total                          Min: 0, Avg:  0.0, Max: 0, Diff: 0, Sum: 0, Workers: 4
[5844.207s][debug][gc,phases      ] GC(140)   StringDedup Requests1 Weak     Min:  0.0, Avg:  0.0, Max:  0.0, Diff:  0.0, Sum:  0.0, Workers: 4
[5844.207s][debug][gc,phases      ] GC(140)     Dead                           Min: 0, Avg:  0.0, Max: 0, Diff: 0, Sum: 0, Workers: 4
[5844.207s][debug][gc,phases      ] GC(140)     Total                          Min: 0, Avg:  0.0, Max: 0, Diff: 0, Sum: 0, Workers: 4
[5844.207s][debug][gc,phases      ] GC(140)   Weak JFR Old Object Samples    Min:  0.0, Avg:  0.0, Max:  0.0, Diff:  0.0, Sum:  0.0, Workers: 4
[5844.207s][debug][gc,phases      ] GC(140)     Dead                           Min: 0, Avg:  0.0, Max: 0, Diff: 0, Sum: 0, Workers: 4
[5844.207s][debug][gc,phases      ] GC(140)     Total                          Min: 0, Avg:  0.0, Max: 0, Diff: 0, Sum: 0, Workers: 4
[5844.207s][debug][gc,phases      ] GC(140) Weak Processing 0.311ms
[5844.207s][debug][gc,age         ] GC(140) Desired survivor size 51904512 bytes, new threshold 1 (max threshold 15)
[5844.207s][info ][gc,heap        ] GC(140) PSYoungGen: 2025536K(2045952K)->10032K(2045952K) Eden: 1994752K(1994752K)->0K(1994752K) From: 30784K(51200K)->10032K(51200K)
[5844.207s][info ][gc,heap        ] GC(140) ParOldGen: 1753521K(1753600K)->1781997K(1782272K)
[5844.207s][info ][gc,metaspace   ] GC(140) Metaspace: 115762K(117184K)->115762K(117184K) NonClass: 98540K(99328K)->98540K(99328K) Class: 17221K(17856K)->17221K(17856K)
[5844.207s][info ][gc             ] GC(140) Pause Young (Allocation Failure) 3690M->1750M(3738M) 29.070ms
[5844.207s][info ][gc,cpu         ] GC(140) User=0.10s Sys=0.01s Real=0.03s
[5844.207s][info ][safepoint      ] Safepoint "ParallelGCFailedAllocation", Time since last: 12187476902 ns, Reaching safepoint: 88401 ns, Cleanup: 5800 ns, At safepoint: 29198742 ns, Total: 29292943 ns
[5846.208s][info ][safepoint      ] Safepoint "Cleanup", Time since last: 2000177682 ns, Reaching safepoint: 13101 ns, Cleanup: 14700 ns, At safepoint: 3800 ns, Total: 31601 ns
[5852.208s][info ][safepoint      ] Safepoint "Cleanup", Time since last: 6000569623 ns, Reaching safepoint: 13700 ns, Cleanup: 15601 ns, At safepoint: 3300 ns, Total: 32601 ns
[5862.210s][info ][safepoint      ] Safepoint "Cleanup", Time since last: 10001249806 ns, Reaching safepoint: 153603 ns, Cleanup: 13400 ns, At safepoint: 31600 ns, Total: 198603 ns
[5863.210s][info ][safepoint      ] Safepoint "Cleanup", Time since last: 1000139553 ns, Reaching safepoint: 84101 ns, Cleanup: 14101 ns, At safepoint: 10000 ns, Total: 108202 ns
[5864.210s][info ][safepoint      ] Safepoint "Cleanup", Time since last: 1000180253 ns, Reaching safepoint: 13000 ns, Cleanup: 13900 ns, At safepoint: 4401 ns, Total: 31301 ns
[5869.211s][info ][safepoint      ] Safepoint "Cleanup", Time since last: 5000685995 ns, Reaching safepoint: 16000 ns, Cleanup: 16600 ns, At safepoint: 4700 ns, Total: 37300 ns
[5878.212s][info ][safepoint      ] Safepoint "Cleanup", Time since last: 9001302550 ns, Reaching safepoint: 95402 ns, Cleanup: 14900 ns, At safepoint: 11001 ns, Total: 121303 ns
[5878.630s][info ][gc,start       ] GC(141) Pause Young (Allocation Failure)
[5878.645s][debug][gc,phases      ] GC(141) Scavenge 15.675ms
[5878.645s][debug][gc,ref         ] GC(141) Skipped SoftWeakFinalRefsPhase of Reference Processing: no references
[5878.645s][debug][gc,ref         ] GC(141) Skipped KeepAliveFinalRefsPhase of Reference Processing: no references
[5878.646s][debug][gc,ref         ] GC(141) ReferenceProcessor::execute queues: 1, RefProcThreadModel::Single, marks_oops_alive: false
[5878.646s][debug][gc,phases      ] GC(141) Reference Processing 0.122ms
[5878.646s][debug][gc,phases      ] GC(141)   VM Weak                        Min:  0.0, Avg:  0.0, Max:  0.0, Diff:  0.0, Sum:  0.0, Workers: 4
[5878.646s][debug][gc,phases      ] GC(141)     Dead                           Min: 0, Avg:  0.0, Max: 0, Diff: 0, Sum: 0, Workers: 4
[5878.646s][debug][gc,phases      ] GC(141)     Total                          Min: 0, Avg: 278.5, Max: 922, Diff: 922, Sum: 1114, Workers: 4
[5878.646s][debug][gc,phases      ] GC(141)   ObjectSynchronizer Weak        Min:  0.0, Avg:  0.0, Max:  0.0, Diff:  0.0, Sum:  0.0, Workers: 4
[5878.646s][debug][gc,phases      ] GC(141)     Dead                           Min: 0, Avg:  0.0, Max: 0, Diff: 0, Sum: 0, Workers: 4
[5878.646s][debug][gc,phases      ] GC(141)     Total                          Min: 0, Avg:  1.5, Max: 6, Diff: 6, Sum: 6, Workers: 4
[5878.646s][debug][gc,phases      ] GC(141)   JVMTI Tag Weak OopStorage      Min:  0.0, Avg:  0.0, Max:  0.0, Diff:  0.0, Sum:  0.0, Workers: 4
[5878.646s][debug][gc,phases      ] GC(141)     Dead                           Min: 0, Avg:  0.0, Max: 0, Diff: 0, Sum: 0, Workers: 4
[5878.646s][debug][gc,phases      ] GC(141)     Total                          Min: 0, Avg:  0.0, Max: 0, Diff: 0, Sum: 0, Workers: 4
[5878.646s][debug][gc,phases      ] GC(141)   StringTable Weak               Min:  0.1, Avg:  0.1, Max:  0.1, Diff:  0.0, Sum:  0.4, Workers: 4
[5878.646s][debug][gc,phases      ] GC(141)     Dead                           Min: 0, Avg:  0.0, Max: 0, Diff: 0, Sum: 0, Workers: 4
[5878.646s][debug][gc,phases      ] GC(141)     Total                          Min: 10752, Avg: 12596.0, Max: 13694, Diff: 2942, Sum: 50384, Workers: 4
[5878.646s][debug][gc,phases      ] GC(141)   ResolvedMethodTable Weak       Min:  0.0, Avg:  0.0, Max:  0.0, Diff:  0.0, Sum:  0.1, Workers: 4
[5878.646s][debug][gc,phases      ] GC(141)     Dead                           Min: 0, Avg:  4.0, Max: 11, Diff: 11, Sum: 16, Workers: 4
[5878.646s][debug][gc,phases      ] GC(141)     Total                          Min: 3480, Avg: 4063.0, Max: 4394, Diff: 914, Sum: 16252, Workers: 4
[5878.646s][debug][gc,phases      ] GC(141)   JNI Weak                       Min:  0.0, Avg:  0.0, Max:  0.0, Diff:  0.0, Sum:  0.0, Workers: 4
[5878.646s][debug][gc,phases      ] GC(141)     Dead                           Min: 0, Avg:  0.0, Max: 0, Diff: 0, Sum: 0, Workers: 4
[5878.646s][debug][gc,phases      ] GC(141)     Total                          Min: 0, Avg: 13.0, Max: 52, Diff: 52, Sum: 52, Workers: 4
[5878.646s][debug][gc,phases      ] GC(141)   StringDedup Table Weak         Min:  0.0, Avg:  0.0, Max:  0.0, Diff:  0.0, Sum:  0.0, Workers: 4
[5878.646s][debug][gc,phases      ] GC(141)     Dead                           Min: 0, Avg:  0.0, Max: 0, Diff: 0, Sum: 0, Workers: 4
[5878.646s][debug][gc,phases      ] GC(141)     Total                          Min: 0, Avg:  0.0, Max: 0, Diff: 0, Sum: 0, Workers: 4
[5878.646s][debug][gc,phases      ] GC(141)   StringDedup Requests0 Weak     Min:  0.0, Avg:  0.0, Max:  0.0, Diff:  0.0, Sum:  0.0, Workers: 4
[5878.646s][debug][gc,phases      ] GC(141)     Dead                           Min: 0, Avg:  0.0, Max: 0, Diff: 0, Sum: 0, Workers: 4
[5878.646s][debug][gc,phases      ] GC(141)     Total                          Min: 0, Avg:  0.0, Max: 0, Diff: 0, Sum: 0, Workers: 4
[5878.646s][debug][gc,phases      ] GC(141)   StringDedup Requests1 Weak     Min:  0.0, Avg:  0.0, Max:  0.0, Diff:  0.0, Sum:  0.0, Workers: 4
[5878.646s][debug][gc,phases      ] GC(141)     Dead                           Min: 0, Avg:  0.0, Max: 0, Diff: 0, Sum: 0, Workers: 4
[5878.646s][debug][gc,phases      ] GC(141)     Total                          Min: 0, Avg:  0.0, Max: 0, Diff: 0, Sum: 0, Workers: 4
[5878.646s][debug][gc,phases      ] GC(141)   Weak JFR Old Object Samples    Min:  0.0, Avg:  0.0, Max:  0.0, Diff:  0.0, Sum:  0.0, Workers: 4
[5878.646s][debug][gc,phases      ] GC(141)     Dead                           Min: 0, Avg:  0.0, Max: 0, Diff: 0, Sum: 0, Workers: 4
[5878.646s][debug][gc,phases      ] GC(141)     Total                          Min: 0, Avg:  0.0, Max: 0, Diff: 0, Sum: 0, Workers: 4
[5878.646s][debug][gc,phases      ] GC(141) Weak Processing 0.337ms
[5878.646s][debug][gc,age         ] GC(141) Desired survivor size 49283072 bytes, new threshold 1 (max threshold 15)
[5878.646s][info ][gc,heap        ] GC(141) PSYoungGen: 2004784K(2045952K)->20336K(2049024K) Eden: 1994752K(1994752K)->0K(1998336K) From: 10032K(51200K)->20336K(50688K)
[5878.646s][info ][gc,heap        ] GC(141) ParOldGen: 1781997K(1782272K)->1789430K(1789440K)
[5878.646s][info ][gc,metaspace   ] GC(141) Metaspace: 115774K(117248K)->115774K(117248K) NonClass: 98553K(99392K)->98553K(99392K) Class: 17221K(17856K)->17221K(17856K)
[5878.646s][info ][gc             ] GC(141) Pause Young (Allocation Failure) 3698M->1767M(3748M) 16.285ms
[5878.646s][info ][gc,cpu         ] GC(141) User=0.06s Sys=0.00s Real=0.01s
[5878.646s][info ][safepoint      ] Safepoint "ParallelGCFailedAllocation", Time since last: 417237636 ns, Reaching safepoint: 97401 ns, Cleanup: 5800 ns, At safepoint: 16404705 ns, Total: 16507906 ns
[5880.646s][info ][safepoint      ] Safepoint "Cleanup", Time since last: 2000288787 ns, Reaching safepoint: 12500 ns, Cleanup: 13600 ns, At safepoint: 3900 ns, Total: 30000 ns
[5896.019s][info ][safepoint      ] Safepoint "Cleanup", Time since last: 15372482195 ns, Reaching safepoint: 14400 ns, Cleanup: 15400 ns, At safepoint: 3400 ns, Total: 33200 ns
[5910.021s][info ][safepoint      ] Safepoint "Cleanup", Time since last: 14001628326 ns, Reaching safepoint: 15600 ns, Cleanup: 15400 ns, At safepoint: 3900 ns, Total: 34900 ns
[5910.632s][info ][gc,start       ] GC(142) Pause Young (Allocation Failure)
[5910.652s][debug][gc,phases      ] GC(142) Scavenge 20.177ms
[5910.652s][debug][gc,ref         ] GC(142) Skipped SoftWeakFinalRefsPhase of Reference Processing: no references
[5910.652s][debug][gc,ref         ] GC(142) Skipped KeepAliveFinalRefsPhase of Reference Processing: no references
[5910.652s][debug][gc,ref         ] GC(142) Skipped PhantomRefsPhase of Reference Processing: no references
[5910.652s][debug][gc,phases      ] GC(142) Reference Processing 0.036ms
[5910.652s][debug][gc,phases      ] GC(142)   VM Weak                        Min:  0.0, Avg:  0.0, Max:  0.0, Diff:  0.0, Sum:  0.0, Workers: 4
[5910.652s][debug][gc,phases      ] GC(142)     Dead                           Min: 0, Avg:  0.0, Max: 0, Diff: 0, Sum: 0, Workers: 4
[5910.652s][debug][gc,phases      ] GC(142)     Total                          Min: 0, Avg: 278.5, Max: 960, Diff: 960, Sum: 1114, Workers: 4
[5910.652s][debug][gc,phases      ] GC(142)   ObjectSynchronizer Weak        Min:  0.0, Avg:  0.0, Max:  0.0, Diff:  0.0, Sum:  0.0, Workers: 4
[5910.652s][debug][gc,phases      ] GC(142)     Dead                           Min: 0, Avg:  0.0, Max: 0, Diff: 0, Sum: 0, Workers: 4
[5910.652s][debug][gc,phases      ] GC(142)     Total                          Min: 0, Avg:  1.5, Max: 6, Diff: 6, Sum: 6, Workers: 4
[5910.652s][debug][gc,phases      ] GC(142)   JVMTI Tag Weak OopStorage      Min:  0.0, Avg:  0.0, Max:  0.0, Diff:  0.0, Sum:  0.0, Workers: 4
[5910.652s][debug][gc,phases      ] GC(142)     Dead                           Min: 0, Avg:  0.0, Max: 0, Diff: 0, Sum: 0, Workers: 4
[5910.652s][debug][gc,phases      ] GC(142)     Total                          Min: 0, Avg:  0.0, Max: 0, Diff: 0, Sum: 0, Workers: 4
[5910.652s][debug][gc,phases      ] GC(142)   StringTable Weak               Min:  0.1, Avg:  0.1, Max:  0.1, Diff:  0.0, Sum:  0.4, Workers: 4
[5910.652s][debug][gc,phases      ] GC(142)     Dead                           Min: 0, Avg:  0.0, Max: 0, Diff: 0, Sum: 0, Workers: 4
[5910.652s][debug][gc,phases      ] GC(142)     Total                          Min: 12327, Avg: 12601.2, Max: 12800, Diff: 473, Sum: 50405, Workers: 4
[5910.652s][debug][gc,phases      ] GC(142)   ResolvedMethodTable Weak       Min:  0.0, Avg:  0.0, Max:  0.0, Diff:  0.0, Sum:  0.1, Workers: 4
[5910.652s][debug][gc,phases      ] GC(142)     Dead                           Min: 0, Avg:  4.0, Max: 8, Diff: 8, Sum: 16, Workers: 4
[5910.652s][debug][gc,phases      ] GC(142)     Total                          Min: 4017, Avg: 4063.0, Max: 4118, Diff: 101, Sum: 16252, Workers: 4
[5910.652s][debug][gc,phases      ] GC(142)   JNI Weak                       Min:  0.0, Avg:  0.0, Max:  0.0, Diff:  0.0, Sum:  0.0, Workers: 4
[5910.652s][debug][gc,phases      ] GC(142)     Dead                           Min: 0, Avg:  0.0, Max: 0, Diff: 0, Sum: 0, Workers: 4
[5910.652s][debug][gc,phases      ] GC(142)     Total                          Min: 0, Avg: 13.0, Max: 52, Diff: 52, Sum: 52, Workers: 4
[5910.652s][debug][gc,phases      ] GC(142)   StringDedup Table Weak         Min:  0.0, Avg:  0.0, Max:  0.0, Diff:  0.0, Sum:  0.0, Workers: 4
[5910.652s][debug][gc,phases      ] GC(142)     Dead                           Min: 0, Avg:  0.0, Max: 0, Diff: 0, Sum: 0, Workers: 4
[5910.652s][debug][gc,phases      ] GC(142)     Total                          Min: 0, Avg:  0.0, Max: 0, Diff: 0, Sum: 0, Workers: 4
[5910.652s][debug][gc,phases      ] GC(142)   StringDedup Requests0 Weak     Min:  0.0, Avg:  0.0, Max:  0.0, Diff:  0.0, Sum:  0.0, Workers: 4
[5910.652s][debug][gc,phases      ] GC(142)     Dead                           Min: 0, Avg:  0.0, Max: 0, Diff: 0, Sum: 0, Workers: 4
[5910.652s][debug][gc,phases      ] GC(142)     Total                          Min: 0, Avg:  0.0, Max: 0, Diff: 0, Sum: 0, Workers: 4
[5910.652s][debug][gc,phases      ] GC(142)   StringDedup Requests1 Weak     Min:  0.0, Avg:  0.0, Max:  0.0, Diff:  0.0, Sum:  0.0, Workers: 4
[5910.652s][debug][gc,phases      ] GC(142)     Dead                           Min: 0, Avg:  0.0, Max: 0, Diff: 0, Sum: 0, Workers: 4
[5910.652s][debug][gc,phases      ] GC(142)     Total                          Min: 0, Avg:  0.0, Max: 0, Diff: 0, Sum: 0, Workers: 4
[5910.652s][debug][gc,phases      ] GC(142)   Weak JFR Old Object Samples    Min:  0.0, Avg:  0.0, Max:  0.0, Diff:  0.0, Sum:  0.0, Workers: 4
[5910.652s][debug][gc,phases      ] GC(142)     Dead                           Min: 0, Avg:  0.0, Max: 0, Diff: 0, Sum: 0, Workers: 4
[5910.652s][debug][gc,phases      ] GC(142)     Total                          Min: 0, Avg:  0.0, Max: 0, Diff: 0, Sum: 0, Workers: 4
[5910.652s][debug][gc,phases      ] GC(142) Weak Processing 0.303ms
[5910.652s][debug][gc,age         ] GC(142) Desired survivor size 47185920 bytes, new threshold 1 (max threshold 15)
[5910.652s][info ][gc,heap        ] GC(142) PSYoungGen: 2018672K(2049024K)->18688K(2046464K) Eden: 1998336K(1998336K)->0K(1998336K) From: 20336K(50688K)->18688K(48128K)
[5910.652s][info ][gc,heap        ] GC(142) ParOldGen: 1789430K(1789440K)->1804157K(1804288K)
[5910.652s][info ][gc,metaspace   ] GC(142) Metaspace: 115789K(117248K)->115789K(117248K) NonClass: 98568K(99392K)->98568K(99392K) Class: 17221K(17856K)->17221K(17856K)
[5910.652s][info ][gc             ] GC(142) Pause Young (Allocation Failure) 3718M->1780M(3760M) 20.662ms
[5910.652s][info ][gc,cpu         ] GC(142) User=0.08s Sys=0.00s Real=0.02s
[5910.652s][info ][safepoint      ] Safepoint "ParallelGCFailedAllocation", Time since last: 611126106 ns, Reaching safepoint: 13100 ns, Cleanup: 6200 ns, At safepoint: 20760784 ns, Total: 20780084 ns
[5913.653s][info ][safepoint      ] Safepoint "Cleanup", Time since last: 3000368306 ns, Reaching safepoint: 10600 ns, Cleanup: 11801 ns, At safepoint: 3000 ns, Total: 25401 ns
[5928.655s][info ][safepoint      ] Safepoint "Cleanup", Time since last: 15002185386 ns, Reaching safepoint: 13301 ns, Cleanup: 14500 ns, At safepoint: 4000 ns, Total: 31801 ns
[5932.656s][info ][safepoint      ] Safepoint "Cleanup", Time since last: 4000544026 ns, Reaching safepoint: 14700 ns, Cleanup: 15700 ns, At safepoint: 4001 ns, Total: 34401 ns
[5937.656s][info ][safepoint      ] Safepoint "Cleanup", Time since last: 5000685779 ns, Reaching safepoint: 13800 ns, Cleanup: 15600 ns, At safepoint: 3501 ns, Total: 32901 ns
[5938.657s][info ][safepoint      ] Safepoint "Cleanup", Time since last: 1000241717 ns, Reaching safepoint: 13801 ns, Cleanup: 14500 ns, At safepoint: 4100 ns, Total: 32401 ns
[5944.042s][info ][safepoint      ] Safepoint "Cleanup", Time since last: 5385106996 ns, Reaching safepoint: 13000 ns, Cleanup: 16401 ns, At safepoint: 4100 ns, Total: 33501 ns
[5962.044s][info ][safepoint      ] Safepoint "Cleanup", Time since last: 18002161706 ns, Reaching safepoint: 11800 ns, Cleanup: 13601 ns, At safepoint: 3600 ns, Total: 29001 ns
[5964.384s][info ][gc,start       ] GC(143) Pause Young (Allocation Failure)
[5964.401s][debug][gc,phases      ] GC(143) Scavenge 17.554ms
[5964.402s][debug][gc,ref         ] GC(143) ReferenceProcessor::execute queues: 1, RefProcThreadModel::Single, marks_oops_alive: false
[5964.402s][debug][gc,ref         ] GC(143) Skipped KeepAliveFinalRefsPhase of Reference Processing: no references
[5964.402s][debug][gc,ref         ] GC(143) ReferenceProcessor::execute queues: 1, RefProcThreadModel::Single, marks_oops_alive: false
[5964.402s][debug][gc,phases      ] GC(143) Reference Processing 0.124ms
[5964.402s][debug][gc,phases      ] GC(143)   VM Weak                        Min:  0.0, Avg:  0.0, Max:  0.0, Diff:  0.0, Sum:  0.0, Workers: 4
[5964.402s][debug][gc,phases      ] GC(143)     Dead                           Min: 0, Avg:  0.0, Max: 0, Diff: 0, Sum: 0, Workers: 4
[5964.402s][debug][gc,phases      ] GC(143)     Total                          Min: 0, Avg: 279.5, Max: 832, Diff: 832, Sum: 1118, Workers: 4
[5964.402s][debug][gc,phases      ] GC(143)   ObjectSynchronizer Weak        Min:  0.0, Avg:  0.0, Max:  0.0, Diff:  0.0, Sum:  0.0, Workers: 4
[5964.402s][debug][gc,phases      ] GC(143)     Dead                           Min: 0, Avg:  0.0, Max: 0, Diff: 0, Sum: 0, Workers: 4
[5964.402s][debug][gc,phases      ] GC(143)     Total                          Min: 0, Avg:  1.0, Max: 4, Diff: 4, Sum: 4, Workers: 4
[5964.402s][debug][gc,phases      ] GC(143)   JVMTI Tag Weak OopStorage      Min:  0.0, Avg:  0.0, Max:  0.0, Diff:  0.0, Sum:  0.0, Workers: 4
[5964.402s][debug][gc,phases      ] GC(143)     Dead                           Min: 0, Avg:  0.0, Max: 0, Diff: 0, Sum: 0, Workers: 4
[5964.402s][debug][gc,phases      ] GC(143)     Total                          Min: 0, Avg:  0.0, Max: 0, Diff: 0, Sum: 0, Workers: 4
[5964.402s][debug][gc,phases      ] GC(143)   StringTable Weak               Min:  0.1, Avg:  0.1, Max:  0.1, Diff:  0.0, Sum:  0.4, Workers: 4
[5964.402s][debug][gc,phases      ] GC(143)     Dead                           Min: 0, Avg:  0.0, Max: 0, Diff: 0, Sum: 0, Workers: 4
[5964.402s][debug][gc,phases      ] GC(143)     Total                          Min: 11435, Avg: 12602.2, Max: 13888, Diff: 2453, Sum: 50409, Workers: 4
[5964.402s][debug][gc,phases      ] GC(143)   ResolvedMethodTable Weak       Min:  0.0, Avg:  0.0, Max:  0.0, Diff:  0.0, Sum:  0.1, Workers: 4
[5964.402s][debug][gc,phases      ] GC(143)     Dead                           Min: 0, Avg:  4.0, Max: 11, Diff: 11, Sum: 16, Workers: 4
[5964.402s][debug][gc,phases      ] GC(143)     Total                          Min: 3490, Avg: 4066.0, Max: 4799, Diff: 1309, Sum: 16264, Workers: 4
[5964.402s][debug][gc,phases      ] GC(143)   JNI Weak                       Min:  0.0, Avg:  0.0, Max:  0.0, Diff:  0.0, Sum:  0.0, Workers: 4
[5964.402s][debug][gc,phases      ] GC(143)     Dead                           Min: 0, Avg:  0.0, Max: 0, Diff: 0, Sum: 0, Workers: 4
[5964.402s][debug][gc,phases      ] GC(143)     Total                          Min: 0, Avg: 13.0, Max: 52, Diff: 52, Sum: 52, Workers: 4
[5964.402s][debug][gc,phases      ] GC(143)   StringDedup Table Weak         Min:  0.0, Avg:  0.0, Max:  0.0, Diff:  0.0, Sum:  0.0, Workers: 4
[5964.402s][debug][gc,phases      ] GC(143)     Dead                           Min: 0, Avg:  0.0, Max: 0, Diff: 0, Sum: 0, Workers: 4
[5964.402s][debug][gc,phases      ] GC(143)     Total                          Min: 0, Avg:  0.0, Max: 0, Diff: 0, Sum: 0, Workers: 4
[5964.402s][debug][gc,phases      ] GC(143)   StringDedup Requests0 Weak     Min:  0.0, Avg:  0.0, Max:  0.0, Diff:  0.0, Sum:  0.0, Workers: 4
[5964.402s][debug][gc,phases      ] GC(143)     Dead                           Min: 0, Avg:  0.0, Max: 0, Diff: 0, Sum: 0, Workers: 4
[5964.402s][debug][gc,phases      ] GC(143)     Total                          Min: 0, Avg:  0.0, Max: 0, Diff: 0, Sum: 0, Workers: 4
[5964.402s][debug][gc,phases      ] GC(143)   StringDedup Requests1 Weak     Min:  0.0, Avg:  0.0, Max:  0.0, Diff:  0.0, Sum:  0.0, Workers: 4
[5964.402s][debug][gc,phases      ] GC(143)     Dead                           Min: 0, Avg:  0.0, Max: 0, Diff: 0, Sum: 0, Workers: 4
[5964.402s][debug][gc,phases      ] GC(143)     Total                          Min: 0, Avg:  0.0, Max: 0, Diff: 0, Sum: 0, Workers: 4
[5964.402s][debug][gc,phases      ] GC(143)   Weak JFR Old Object Samples    Min:  0.0, Avg:  0.0, Max:  0.0, Diff:  0.0, Sum:  0.0, Workers: 4
[5964.402s][debug][gc,phases      ] GC(143)     Dead                           Min: 0, Avg:  0.0, Max: 0, Diff: 0, Sum: 0, Workers: 4
[5964.402s][debug][gc,phases      ] GC(143)     Total                          Min: 0, Avg:  0.0, Max: 0, Diff: 0, Sum: 0, Workers: 4
[5964.402s][debug][gc,phases      ] GC(143) Weak Processing 0.317ms
[5964.402s][debug][gc,age         ] GC(143) Desired survivor size 47710208 bytes, new threshold 1 (max threshold 15)
[5964.402s][info ][gc,heap        ] GC(143) PSYoungGen: 2017024K(2046464K)->4016K(2050048K) Eden: 1998336K(1998336K)->0K(2003968K) From: 18688K(48128K)->4016K(46080K)
[5964.402s][info ][gc,heap        ] GC(143) ParOldGen: 1804157K(1804288K)->1820407K(1820672K)
[5964.402s][info ][gc,metaspace   ] GC(143) Metaspace: 115804K(117312K)->115804K(117312K) NonClass: 98580K(99392K)->98580K(99392K) Class: 17224K(17920K)->17224K(17920K)
[5964.402s][info ][gc             ] GC(143) Pause Young (Allocation Failure) 3731M->1781M(3780M) 18.131ms
[5964.402s][info ][gc,cpu         ] GC(143) User=0.05s Sys=0.02s Real=0.02s
[5964.402s][info ][safepoint      ] Safepoint "ParallelGCFailedAllocation", Time since last: 2339781251 ns, Reaching safepoint: 10500 ns, Cleanup: 7000 ns, At safepoint: 18215636 ns, Total: 18233136 ns
[5984.404s][info ][safepoint      ] Safepoint "Cleanup", Time since last: 20002262309 ns, Reaching safepoint: 12800 ns, Cleanup: 14700 ns, At safepoint: 3200 ns, Total: 30700 ns
[5992.405s][info ][safepoint      ] Safepoint "Cleanup", Time since last: 8001031685 ns, Reaching safepoint: 17800 ns, Cleanup: 12200 ns, At safepoint: 29301 ns, Total: 59301 ns
[5999.406s][info ][safepoint      ] Safepoint "Cleanup", Time since last: 7000754329 ns, Reaching safepoint: 13200 ns, Cleanup: 14400 ns, At safepoint: 4300 ns, Total: 31900 ns
[6011.072s][info ][safepoint      ] Safepoint "Cleanup", Time since last: 11665370353 ns, Reaching safepoint: 13400 ns, Cleanup: 10301 ns, At safepoint: 2700 ns, Total: 26401 ns
[6024.229s][info ][gc,start       ] GC(144) Pause Young (Allocation Failure)
[6024.238s][debug][gc,phases      ] GC(144) Scavenge 8.574ms
[6024.238s][debug][gc,ref         ] GC(144) Skipped SoftWeakFinalRefsPhase of Reference Processing: no references
[6024.238s][debug][gc,ref         ] GC(144) Skipped KeepAliveFinalRefsPhase of Reference Processing: no references
[6024.238s][debug][gc,ref         ] GC(144) ReferenceProcessor::execute queues: 1, RefProcThreadModel::Single, marks_oops_alive: false
[6024.238s][debug][gc,phases      ] GC(144) Reference Processing 0.118ms
[6024.238s][debug][gc,phases      ] GC(144)   VM Weak                        Min:  0.0, Avg:  0.0, Max:  0.0, Diff:  0.0, Sum:  0.0, Workers: 4
[6024.238s][debug][gc,phases      ] GC(144)     Dead                           Min: 0, Avg:  0.0, Max: 0, Diff: 0, Sum: 0, Workers: 4
[6024.238s][debug][gc,phases      ] GC(144)     Total                          Min: 0, Avg: 279.5, Max: 670, Diff: 670, Sum: 1118, Workers: 4
[6024.238s][debug][gc,phases      ] GC(144)   ObjectSynchronizer Weak        Min:  0.0, Avg:  0.0, Max:  0.0, Diff:  0.0, Sum:  0.0, Workers: 4
[6024.238s][debug][gc,phases      ] GC(144)     Dead                           Min: 0, Avg:  0.0, Max: 0, Diff: 0, Sum: 0, Workers: 4
[6024.238s][debug][gc,phases      ] GC(144)     Total                          Min: 0, Avg:  1.0, Max: 4, Diff: 4, Sum: 4, Workers: 4
[6024.238s][debug][gc,phases      ] GC(144)   JVMTI Tag Weak OopStorage      Min:  0.0, Avg:  0.0, Max:  0.0, Diff:  0.0, Sum:  0.0, Workers: 4
[6024.238s][debug][gc,phases      ] GC(144)     Dead                           Min: 0, Avg:  0.0, Max: 0, Diff: 0, Sum: 0, Workers: 4
[6024.238s][debug][gc,phases      ] GC(144)     Total                          Min: 0, Avg:  0.0, Max: 0, Diff: 0, Sum: 0, Workers: 4
[6024.238s][debug][gc,phases      ] GC(144)   StringTable Weak               Min:  0.1, Avg:  0.1, Max:  0.1, Diff:  0.0, Sum:  0.4, Workers: 4
[6024.238s][debug][gc,phases      ] GC(144)     Dead                           Min: 0, Avg:  0.0, Max: 0, Diff: 0, Sum: 0, Workers: 4
[6024.238s][debug][gc,phases      ] GC(144)     Total                          Min: 12286, Avg: 12602.2, Max: 12907, Diff: 621, Sum: 50409, Workers: 4
[6024.238s][debug][gc,phases      ] GC(144)   ResolvedMethodTable Weak       Min:  0.0, Avg:  0.0, Max:  0.0, Diff:  0.0, Sum:  0.1, Workers: 4
[6024.238s][debug][gc,phases      ] GC(144)     Dead                           Min: 0, Avg:  4.0, Max: 8, Diff: 8, Sum: 16, Workers: 4
[6024.238s][debug][gc,phases      ] GC(144)     Total                          Min: 3946, Avg: 4066.0, Max: 4251, Diff: 305, Sum: 16264, Workers: 4
[6024.238s][debug][gc,phases      ] GC(144)   JNI Weak                       Min:  0.0, Avg:  0.0, Max:  0.0, Diff:  0.0, Sum:  0.0, Workers: 4
[6024.238s][debug][gc,phases      ] GC(144)     Dead                           Min: 0, Avg:  0.0, Max: 0, Diff: 0, Sum: 0, Workers: 4
[6024.238s][debug][gc,phases      ] GC(144)     Total                          Min: 0, Avg: 13.0, Max: 52, Diff: 52, Sum: 52, Workers: 4
[6024.238s][debug][gc,phases      ] GC(144)   StringDedup Table Weak         Min:  0.0, Avg:  0.0, Max:  0.0, Diff:  0.0, Sum:  0.0, Workers: 4
[6024.238s][debug][gc,phases      ] GC(144)     Dead                           Min: 0, Avg:  0.0, Max: 0, Diff: 0, Sum: 0, Workers: 4
[6024.238s][debug][gc,phases      ] GC(144)     Total                          Min: 0, Avg:  0.0, Max: 0, Diff: 0, Sum: 0, Workers: 4
[6024.238s][debug][gc,phases      ] GC(144)   StringDedup Requests0 Weak     Min:  0.0, Avg:  0.0, Max:  0.0, Diff:  0.0, Sum:  0.0, Workers: 4
[6024.238s][debug][gc,phases      ] GC(144)     Dead                           Min: 0, Avg:  0.0, Max: 0, Diff: 0, Sum: 0, Workers: 4
[6024.238s][debug][gc,phases      ] GC(144)     Total                          Min: 0, Avg:  0.0, Max: 0, Diff: 0, Sum: 0, Workers: 4
[6024.238s][debug][gc,phases      ] GC(144)   StringDedup Requests1 Weak     Min:  0.0, Avg:  0.0, Max:  0.0, Diff:  0.0, Sum:  0.0, Workers: 4
[6024.238s][debug][gc,phases      ] GC(144)     Dead                           Min: 0, Avg:  0.0, Max: 0, Diff: 0, Sum: 0, Workers: 4
[6024.238s][debug][gc,phases      ] GC(144)     Total                          Min: 0, Avg:  0.0, Max: 0, Diff: 0, Sum: 0, Workers: 4
[6024.238s][debug][gc,phases      ] GC(144)   Weak JFR Old Object Samples    Min:  0.0, Avg:  0.0, Max:  0.0, Diff:  0.0, Sum:  0.0, Workers: 4
[6024.238s][debug][gc,phases      ] GC(144)     Dead                           Min: 0, Avg:  0.0, Max: 0, Diff: 0, Sum: 0, Workers: 4
[6024.238s][debug][gc,phases      ] GC(144)     Total                          Min: 0, Avg:  0.0, Max: 0, Diff: 0, Sum: 0, Workers: 4
[6024.238s][debug][gc,phases      ] GC(144) Weak Processing 0.388ms
[6024.238s][debug][gc,age         ] GC(144) Desired survivor size 47710208 bytes, new threshold 1 (max threshold 15)
[6024.238s][info ][gc,heap        ] GC(144) PSYoungGen: 2007984K(2050048K)->4400K(2050560K) Eden: 2003968K(2003968K)->0K(2003968K) From: 4016K(46080K)->4400K(46592K)
[6024.238s][info ][gc,heap        ] GC(144) ParOldGen: 1820407K(1820672K)->1821343K(1821696K)
[6024.238s][info ][gc,metaspace   ] GC(144) Metaspace: 115814K(117376K)->115814K(117376K) NonClass: 98590K(99456K)->98590K(99456K) Class: 17224K(17920K)->17224K(17920K)
[6024.238s][info ][gc             ] GC(144) Pause Young (Allocation Failure) 3738M->1782M(3781M) 9.228ms
[6024.238s][info ][gc,cpu         ] GC(144) User=0.03s Sys=0.00s Real=0.00s
[6024.238s][info ][safepoint      ] Safepoint "ParallelGCFailedAllocation", Time since last: 13157251975 ns, Reaching safepoint: 92802 ns, Cleanup: 6500 ns, At safepoint: 9359273 ns, Total: 9458575 ns
[6053.241s][info ][safepoint      ] Safepoint "Cleanup", Time since last: 29003025673 ns, Reaching safepoint: 13300 ns, Cleanup: 15700 ns, At safepoint: 23901 ns, Total: 52901 ns
[6073.096s][info ][safepoint      ] Safepoint "Cleanup", Time since last: 19854704933 ns, Reaching safepoint: 11900 ns, Cleanup: 18900 ns, At safepoint: 2900 ns, Total: 33700 ns
[6082.097s][info ][safepoint      ] Safepoint "Cleanup", Time since last: 9001080331 ns, Reaching safepoint: 13500 ns, Cleanup: 15400 ns, At safepoint: 27301 ns, Total: 56201 ns
[6086.098s][info ][safepoint      ] Safepoint "Cleanup", Time since last: 4000539520 ns, Reaching safepoint: 12400 ns, Cleanup: 16200 ns, At safepoint: 3300 ns, Total: 31900 ns
[6091.099s][info ][safepoint      ] Safepoint "Cleanup", Time since last: 5000786339 ns, Reaching safepoint: 10200 ns, Cleanup: 11800 ns, At safepoint: 2701 ns, Total: 24701 ns
[6096.099s][info ][safepoint      ] Safepoint "Cleanup", Time since last: 5000515594 ns, Reaching safepoint: 18500 ns, Cleanup: 18700 ns, At safepoint: 7001 ns, Total: 44201 ns
[6099.530s][info ][gc,start       ] GC(145) Pause Young (Allocation Failure)
[6099.536s][debug][gc,phases      ] GC(145) Scavenge 6.043ms
[6099.536s][debug][gc,ref         ] GC(145) ReferenceProcessor::execute queues: 1, RefProcThreadModel::Single, marks_oops_alive: false
[6099.536s][debug][gc,ref         ] GC(145) Skipped KeepAliveFinalRefsPhase of Reference Processing: no references
[6099.536s][debug][gc,ref         ] GC(145) ReferenceProcessor::execute queues: 1, RefProcThreadModel::Single, marks_oops_alive: false
[6099.536s][debug][gc,phases      ] GC(145) Reference Processing 0.102ms
[6099.536s][debug][gc,phases      ] GC(145)   VM Weak                        Min:  0.0, Avg:  0.0, Max:  0.0, Diff:  0.0, Sum:  0.0, Workers: 4
[6099.536s][debug][gc,phases      ] GC(145)     Dead                           Min: 0, Avg:  0.0, Max: 0, Diff: 0, Sum: 0, Workers: 4
[6099.536s][debug][gc,phases      ] GC(145)     Total                          Min: 0, Avg: 279.5, Max: 606, Diff: 606, Sum: 1118, Workers: 4
[6099.536s][debug][gc,phases      ] GC(145)   ObjectSynchronizer Weak        Min:  0.0, Avg:  0.0, Max:  0.0, Diff:  0.0, Sum:  0.0, Workers: 4
[6099.536s][debug][gc,phases      ] GC(145)     Dead                           Min: 0, Avg:  0.0, Max: 0, Diff: 0, Sum: 0, Workers: 4
[6099.536s][debug][gc,phases      ] GC(145)     Total                          Min: 0, Avg:  1.0, Max: 4, Diff: 4, Sum: 4, Workers: 4
[6099.536s][debug][gc,phases      ] GC(145)   JVMTI Tag Weak OopStorage      Min:  0.0, Avg:  0.0, Max:  0.0, Diff:  0.0, Sum:  0.0, Workers: 4
[6099.536s][debug][gc,phases      ] GC(145)     Dead                           Min: 0, Avg:  0.0, Max: 0, Diff: 0, Sum: 0, Workers: 4
[6099.536s][debug][gc,phases      ] GC(145)     Total                          Min: 0, Avg:  0.0, Max: 0, Diff: 0, Sum: 0, Workers: 4
[6099.536s][debug][gc,phases      ] GC(145)   StringTable Weak               Min:  0.1, Avg:  0.1, Max:  0.1, Diff:  0.0, Sum:  0.4, Workers: 4
[6099.536s][debug][gc,phases      ] GC(145)     Dead                           Min: 0, Avg:  0.5, Max: 2, Diff: 2, Sum: 2, Workers: 4
[6099.536s][debug][gc,phases      ] GC(145)     Total                          Min: 11328, Avg: 12604.5, Max: 14272, Diff: 2944, Sum: 50418, Workers: 4
[6099.536s][debug][gc,phases      ] GC(145)   ResolvedMethodTable Weak       Min:  0.0, Avg:  0.0, Max:  0.0, Diff:  0.0, Sum:  0.1, Workers: 4
[6099.536s][debug][gc,phases      ] GC(145)     Dead                           Min: 0, Avg:  8.5, Max: 14, Diff: 14, Sum: 34, Workers: 4
[6099.536s][debug][gc,phases      ] GC(145)     Total                          Min: 3312, Avg: 4071.2, Max: 4726, Diff: 1414, Sum: 16285, Workers: 4
[6099.536s][debug][gc,phases      ] GC(145)   JNI Weak                       Min:  0.0, Avg:  0.0, Max:  0.0, Diff:  0.0, Sum:  0.0, Workers: 4
[6099.536s][debug][gc,phases      ] GC(145)     Dead                           Min: 0, Avg:  0.0, Max: 0, Diff: 0, Sum: 0, Workers: 4
[6099.536s][debug][gc,phases      ] GC(145)     Total                          Min: 0, Avg: 13.0, Max: 52, Diff: 52, Sum: 52, Workers: 4
[6099.536s][debug][gc,phases      ] GC(145)   StringDedup Table Weak         Min:  0.0, Avg:  0.0, Max:  0.0, Diff:  0.0, Sum:  0.0, Workers: 4
[6099.536s][debug][gc,phases      ] GC(145)     Dead                           Min: 0, Avg:  0.0, Max: 0, Diff: 0, Sum: 0, Workers: 4
[6099.536s][debug][gc,phases      ] GC(145)     Total                          Min: 0, Avg:  0.0, Max: 0, Diff: 0, Sum: 0, Workers: 4
[6099.536s][debug][gc,phases      ] GC(145)   StringDedup Requests0 Weak     Min:  0.0, Avg:  0.0, Max:  0.0, Diff:  0.0, Sum:  0.0, Workers: 4
[6099.536s][debug][gc,phases      ] GC(145)     Dead                           Min: 0, Avg:  0.0, Max: 0, Diff: 0, Sum: 0, Workers: 4
[6099.536s][debug][gc,phases      ] GC(145)     Total                          Min: 0, Avg:  0.0, Max: 0, Diff: 0, Sum: 0, Workers: 4
[6099.536s][debug][gc,phases      ] GC(145)   StringDedup Requests1 Weak     Min:  0.0, Avg:  0.0, Max:  0.0, Diff:  0.0, Sum:  0.0, Workers: 4
[6099.536s][debug][gc,phases      ] GC(145)     Dead                           Min: 0, Avg:  0.0, Max: 0, Diff: 0, Sum: 0, Workers: 4
[6099.536s][debug][gc,phases      ] GC(145)     Total                          Min: 0, Avg:  0.0, Max: 0, Diff: 0, Sum: 0, Workers: 4
[6099.536s][debug][gc,phases      ] GC(145)   Weak JFR Old Object Samples    Min:  0.0, Avg:  0.0, Max:  0.0, Diff:  0.0, Sum:  0.0, Workers: 4
[6099.536s][debug][gc,phases      ] GC(145)     Dead                           Min: 0, Avg:  0.0, Max: 0, Diff: 0, Sum: 0, Workers: 4
[6099.536s][debug][gc,phases      ] GC(145)     Total                          Min: 0, Avg:  0.0, Max: 0, Diff: 0, Sum: 0, Workers: 4
[6099.536s][debug][gc,phases      ] GC(145) Weak Processing 0.328ms
[6099.536s][debug][gc,age         ] GC(145) Desired survivor size 47185920 bytes, new threshold 1 (max threshold 15)
[6099.536s][info ][gc,heap        ] GC(145) PSYoungGen: 2008368K(2050560K)->4032K(2051072K) Eden: 2003968K(2003968K)->0K(2004480K) From: 4400K(46592K)->4032K(46592K)
[6099.536s][info ][gc,heap        ] GC(145) ParOldGen: 1821343K(1821696K)->1821992K(1822208K)
[6099.536s][info ][gc,metaspace   ] GC(145) Metaspace: 115836K(117376K)->115836K(117376K) NonClass: 98607K(99456K)->98607K(99456K) Class: 17229K(17920K)->17229K(17920K)
[6099.536s][info ][gc             ] GC(145) Pause Young (Allocation Failure) 3739M->1783M(3782M) 6.604ms
[6099.536s][info ][gc,cpu         ] GC(145) User=0.02s Sys=0.00s Real=0.00s
[6099.536s][info ][safepoint      ] Safepoint "ParallelGCFailedAllocation", Time since last: 3430548686 ns, Reaching safepoint: 12800 ns, Cleanup: 5500 ns, At safepoint: 6710924 ns, Total: 6729224 ns
[6124.126s][info ][safepoint      ] Safepoint "Cleanup", Time since last: 24589534209 ns, Reaching safepoint: 87102 ns, Cleanup: 11900 ns, At safepoint: 9200 ns, Total: 108202 ns
[6149.129s][info ][safepoint      ] Safepoint "Cleanup", Time since last: 25002979913 ns, Reaching safepoint: 91802 ns, Cleanup: 13700 ns, At safepoint: 7200 ns, Total: 112702 ns
[6168.131s][info ][safepoint      ] Safepoint "Cleanup", Time since last: 19001605362 ns, Reaching safepoint: 83801 ns, Cleanup: 15801 ns, At safepoint: 7900 ns, Total: 107502 ns
[6169.131s][info ][safepoint      ] Safepoint "Cleanup", Time since last: 1000118945 ns, Reaching safepoint: 82501 ns, Cleanup: 66602 ns, At safepoint: 7600 ns, Total: 156703 ns
[6170.131s][info ][safepoint      ] Safepoint "Cleanup", Time since last: 1000121945 ns, Reaching safepoint: 84502 ns, Cleanup: 13200 ns, At safepoint: 7200 ns, Total: 104902 ns
[6174.132s][info ][safepoint      ] Safepoint "Cleanup", Time since last: 4000397503 ns, Reaching safepoint: 89402 ns, Cleanup: 13300 ns, At safepoint: 41801 ns, Total: 144503 ns
[6175.434s][info ][safepoint      ] Safepoint "ParallelGCFailedAllocation", Time since last: 1302058534 ns, Reaching safepoint: 14101 ns, Cleanup: 5800 ns, At safepoint: 13500 ns, Total: 33401 ns
[6175.435s][info ][gc,start       ] GC(146) Pause Young (GCLocker Initiated GC)
[6175.446s][debug][gc,phases      ] GC(146) Scavenge 10.543ms
[6175.446s][debug][gc,ref         ] GC(146) ReferenceProcessor::execute queues: 1, RefProcThreadModel::Single, marks_oops_alive: false
[6175.446s][debug][gc,ref         ] GC(146) ReferenceProcessor::execute queues: 4, RefProcThreadModel::Multi, marks_oops_alive: true
[6175.446s][debug][gc,ref         ] GC(146) ReferenceProcessor::execute queues: 1, RefProcThreadModel::Single, marks_oops_alive: false
[6175.446s][debug][gc,phases      ] GC(146) Reference Processing 0.158ms
[6175.446s][debug][gc,phases      ] GC(146)   VM Weak                        Min:  0.0, Avg:  0.0, Max:  0.0, Diff:  0.0, Sum:  0.0, Workers: 4
[6175.446s][debug][gc,phases      ] GC(146)     Dead                           Min: 0, Avg:  0.0, Max: 0, Diff: 0, Sum: 0, Workers: 4
[6175.446s][debug][gc,phases      ] GC(146)     Total                          Min: 64, Avg: 279.5, Max: 384, Diff: 320, Sum: 1118, Workers: 4
[6175.446s][debug][gc,phases      ] GC(146)   ObjectSynchronizer Weak        Min:  0.0, Avg:  0.0, Max:  0.0, Diff:  0.0, Sum:  0.0, Workers: 4
[6175.446s][debug][gc,phases      ] GC(146)     Dead                           Min: 0, Avg:  0.5, Max: 2, Diff: 2, Sum: 2, Workers: 4
[6175.446s][debug][gc,phases      ] GC(146)     Total                          Min: 0, Avg:  2.0, Max: 8, Diff: 8, Sum: 8, Workers: 4
[6175.446s][debug][gc,phases      ] GC(146)   JVMTI Tag Weak OopStorage      Min:  0.0, Avg:  0.0, Max:  0.0, Diff:  0.0, Sum:  0.0, Workers: 4
[6175.446s][debug][gc,phases      ] GC(146)     Dead                           Min: 0, Avg:  0.0, Max: 0, Diff: 0, Sum: 0, Workers: 4
[6175.446s][debug][gc,phases      ] GC(146)     Total                          Min: 0, Avg:  0.0, Max: 0, Diff: 0, Sum: 0, Workers: 4
[6175.446s][debug][gc,phases      ] GC(146)   StringTable Weak               Min:  0.1, Avg:  0.1, Max:  0.1, Diff:  0.0, Sum:  0.4, Workers: 4
[6175.446s][debug][gc,phases      ] GC(146)     Dead                           Min: 0, Avg:  0.2, Max: 1, Diff: 1, Sum: 1, Workers: 4
[6175.446s][debug][gc,phases      ] GC(146)     Total                          Min: 11136, Avg: 12606.5, Max: 14141, Diff: 3005, Sum: 50426, Workers: 4
[6175.446s][debug][gc,phases      ] GC(146)   ResolvedMethodTable Weak       Min:  0.0, Avg:  0.0, Max:  0.0, Diff:  0.0, Sum:  0.1, Workers: 4
[6175.446s][debug][gc,phases      ] GC(146)     Dead                           Min: 0, Avg:  8.8, Max: 17, Diff: 17, Sum: 35, Workers: 4
[6175.446s][debug][gc,phases      ] GC(146)     Total                          Min: 3550, Avg: 4076.2, Max: 4656, Diff: 1106, Sum: 16305, Workers: 4
[6175.446s][debug][gc,phases      ] GC(146)   JNI Weak                       Min:  0.0, Avg:  0.0, Max:  0.0, Diff:  0.0, Sum:  0.0, Workers: 4
[6175.446s][debug][gc,phases      ] GC(146)     Dead                           Min: 0, Avg:  0.0, Max: 0, Diff: 0, Sum: 0, Workers: 4
[6175.446s][debug][gc,phases      ] GC(146)     Total                          Min: 0, Avg: 13.0, Max: 52, Diff: 52, Sum: 52, Workers: 4
[6175.446s][debug][gc,phases      ] GC(146)   StringDedup Table Weak         Min:  0.0, Avg:  0.0, Max:  0.0, Diff:  0.0, Sum:  0.0, Workers: 4
[6175.446s][debug][gc,phases      ] GC(146)     Dead                           Min: 0, Avg:  0.0, Max: 0, Diff: 0, Sum: 0, Workers: 4
[6175.446s][debug][gc,phases      ] GC(146)     Total                          Min: 0, Avg:  0.0, Max: 0, Diff: 0, Sum: 0, Workers: 4
[6175.446s][debug][gc,phases      ] GC(146)   StringDedup Requests0 Weak     Min:  0.0, Avg:  0.0, Max:  0.0, Diff:  0.0, Sum:  0.0, Workers: 4
[6175.446s][debug][gc,phases      ] GC(146)     Dead                           Min: 0, Avg:  0.0, Max: 0, Diff: 0, Sum: 0, Workers: 4
[6175.446s][debug][gc,phases      ] GC(146)     Total                          Min: 0, Avg:  0.0, Max: 0, Diff: 0, Sum: 0, Workers: 4
[6175.446s][debug][gc,phases      ] GC(146)   StringDedup Requests1 Weak     Min:  0.0, Avg:  0.0, Max:  0.0, Diff:  0.0, Sum:  0.0, Workers: 4
[6175.446s][debug][gc,phases      ] GC(146)     Dead                           Min: 0, Avg:  0.0, Max: 0, Diff: 0, Sum: 0, Workers: 4
[6175.446s][debug][gc,phases      ] GC(146)     Total                          Min: 0, Avg:  0.0, Max: 0, Diff: 0, Sum: 0, Workers: 4
[6175.446s][debug][gc,phases      ] GC(146)   Weak JFR Old Object Samples    Min:  0.0, Avg:  0.0, Max:  0.0, Diff:  0.0, Sum:  0.0, Workers: 4
[6175.446s][debug][gc,phases      ] GC(146)     Dead                           Min: 0, Avg:  0.0, Max: 0, Diff: 0, Sum: 0, Workers: 4
[6175.446s][debug][gc,phases      ] GC(146)     Total                          Min: 0, Avg:  0.0, Max: 0, Diff: 0, Sum: 0, Workers: 4
[6175.446s][debug][gc,phases      ] GC(146) Weak Processing 0.311ms
[6175.446s][debug][gc,age         ] GC(146) Desired survivor size 45613056 bytes, new threshold 1 (max threshold 15)
[6175.446s][info ][gc,heap        ] GC(146) PSYoungGen: 2008512K(2051072K)->9702K(2050560K) Eden: 2004480K(2004480K)->0K(2004480K) From: 4032K(46592K)->9702K(46080K)
[6175.446s][info ][gc,heap        ] GC(146) ParOldGen: 1822282K(1822720K)->1823063K(1823232K)
[6175.446s][info ][gc,metaspace   ] GC(146) Metaspace: 115902K(117376K)->115902K(117376K) NonClass: 98669K(99456K)->98669K(99456K) Class: 17232K(17920K)->17232K(17920K)
[6175.446s][info ][gc             ] GC(146) Pause Young (GCLocker Initiated GC) 3741M->1789M(3783M) 11.130ms
[6175.446s][info ][gc,cpu         ] GC(146) User=0.04s Sys=0.01s Real=0.01s
[6175.446s][info ][safepoint      ] Safepoint "ParallelGCSystemGC", Time since last: 848316 ns, Reaching safepoint: 11600 ns, Cleanup: 3700 ns, At safepoint: 11217810 ns, Total: 11233110 ns
[6180.447s][info ][safepoint      ] Safepoint "Cleanup", Time since last: 5000494653 ns, Reaching safepoint: 13100 ns, Cleanup: 16800 ns, At safepoint: 2900 ns, Total: 32800 ns
[6184.151s][info ][safepoint      ] Safepoint "Cleanup", Time since last: 3704111471 ns, Reaching safepoint: 14600 ns, Cleanup: 15501 ns, At safepoint: 3900 ns, Total: 34001 ns
[6207.153s][info ][safepoint      ] Safepoint "Cleanup", Time since last: 23002418573 ns, Reaching safepoint: 12200 ns, Cleanup: 13500 ns, At safepoint: 28301 ns, Total: 54001 ns
[6214.154s][info ][safepoint      ] Safepoint "Cleanup", Time since last: 7000864828 ns, Reaching safepoint: 12700 ns, Cleanup: 13200 ns, At safepoint: 3201 ns, Total: 29101 ns
[6232.157s][info ][safepoint      ] Safepoint "Cleanup", Time since last: 18003011569 ns, Reaching safepoint: 11700 ns, Cleanup: 17701 ns, At safepoint: 2900 ns, Total: 32301 ns
[6247.177s][info ][gc,start       ] GC(147) Pause Young (Allocation Failure)
[6247.186s][debug][gc,phases      ] GC(147) Scavenge 8.753ms
[6247.186s][debug][gc,ref         ] GC(147) Skipped SoftWeakFinalRefsPhase of Reference Processing: no references
[6247.186s][debug][gc,ref         ] GC(147) Skipped KeepAliveFinalRefsPhase of Reference Processing: no references
[6247.186s][debug][gc,ref         ] GC(147) ReferenceProcessor::execute queues: 1, RefProcThreadModel::Single, marks_oops_alive: false
[6247.186s][debug][gc,phases      ] GC(147) Reference Processing 0.100ms
[6247.187s][debug][gc,phases      ] GC(147)   VM Weak                        Min:  0.0, Avg:  0.0, Max:  0.0, Diff:  0.0, Sum:  0.0, Workers: 4
[6247.187s][debug][gc,phases      ] GC(147)     Dead                           Min: 0, Avg:  0.0, Max: 0, Diff: 0, Sum: 0, Workers: 4
[6247.187s][debug][gc,phases      ] GC(147)     Total                          Min: 0, Avg: 279.5, Max: 734, Diff: 734, Sum: 1118, Workers: 4
[6247.187s][debug][gc,phases      ] GC(147)   ObjectSynchronizer Weak        Min:  0.0, Avg:  0.0, Max:  0.0, Diff:  0.0, Sum:  0.0, Workers: 4
[6247.187s][debug][gc,phases      ] GC(147)     Dead                           Min: 0, Avg:  0.0, Max: 0, Diff: 0, Sum: 0, Workers: 4
[6247.187s][debug][gc,phases      ] GC(147)     Total                          Min: 0, Avg:  0.8, Max: 3, Diff: 3, Sum: 3, Workers: 4
[6247.187s][debug][gc,phases      ] GC(147)   JVMTI Tag Weak OopStorage      Min:  0.0, Avg:  0.0, Max:  0.0, Diff:  0.0, Sum:  0.0, Workers: 4
[6247.187s][debug][gc,phases      ] GC(147)     Dead                           Min: 0, Avg:  0.0, Max: 0, Diff: 0, Sum: 0, Workers: 4
[6247.187s][debug][gc,phases      ] GC(147)     Total                          Min: 0, Avg:  0.0, Max: 0, Diff: 0, Sum: 0, Workers: 4
[6247.187s][debug][gc,phases      ] GC(147)   StringTable Weak               Min:  0.1, Avg:  0.1, Max:  0.1, Diff:  0.0, Sum:  0.4, Workers: 4
[6247.187s][debug][gc,phases      ] GC(147)     Dead                           Min: 0, Avg:  0.0, Max: 0, Diff: 0, Sum: 0, Workers: 4
[6247.187s][debug][gc,phases      ] GC(147)     Total                          Min: 10768, Avg: 12612.0, Max: 14400, Diff: 3632, Sum: 50448, Workers: 4
[6247.187s][debug][gc,phases      ] GC(147)   ResolvedMethodTable Weak       Min:  0.0, Avg:  0.0, Max:  0.0, Diff:  0.0, Sum:  0.2, Workers: 4
[6247.187s][debug][gc,phases      ] GC(147)     Dead                           Min: 0, Avg:  6.8, Max: 26, Diff: 26, Sum: 27, Workers: 4
[6247.187s][debug][gc,phases      ] GC(147)     Total                          Min: 3550, Avg: 4076.2, Max: 4718, Diff: 1168, Sum: 16305, Workers: 4
[6247.187s][debug][gc,phases      ] GC(147)   JNI Weak                       Min:  0.0, Avg:  0.0, Max:  0.0, Diff:  0.0, Sum:  0.0, Workers: 4
[6247.187s][debug][gc,phases      ] GC(147)     Dead                           Min: 0, Avg:  0.0, Max: 0, Diff: 0, Sum: 0, Workers: 4
[6247.187s][debug][gc,phases      ] GC(147)     Total                          Min: 0, Avg: 13.0, Max: 52, Diff: 52, Sum: 52, Workers: 4
[6247.187s][debug][gc,phases      ] GC(147)   StringDedup Table Weak         Min:  0.0, Avg:  0.0, Max:  0.0, Diff:  0.0, Sum:  0.0, Workers: 4
[6247.187s][debug][gc,phases      ] GC(147)     Dead                           Min: 0, Avg:  0.0, Max: 0, Diff: 0, Sum: 0, Workers: 4
[6247.187s][debug][gc,phases      ] GC(147)     Total                          Min: 0, Avg:  0.0, Max: 0, Diff: 0, Sum: 0, Workers: 4
[6247.187s][debug][gc,phases      ] GC(147)   StringDedup Requests0 Weak     Min:  0.0, Avg:  0.0, Max:  0.0, Diff:  0.0, Sum:  0.0, Workers: 4
[6247.187s][debug][gc,phases      ] GC(147)     Dead                           Min: 0, Avg:  0.0, Max: 0, Diff: 0, Sum: 0, Workers: 4
[6247.187s][debug][gc,phases      ] GC(147)     Total                          Min: 0, Avg:  0.0, Max: 0, Diff: 0, Sum: 0, Workers: 4
[6247.187s][debug][gc,phases      ] GC(147)   StringDedup Requests1 Weak     Min:  0.0, Avg:  0.0, Max:  0.0, Diff:  0.0, Sum:  0.0, Workers: 4
[6247.187s][debug][gc,phases      ] GC(147)     Dead                           Min: 0, Avg:  0.0, Max: 0, Diff: 0, Sum: 0, Workers: 4
[6247.187s][debug][gc,phases      ] GC(147)     Total                          Min: 0, Avg:  0.0, Max: 0, Diff: 0, Sum: 0, Workers: 4
[6247.187s][debug][gc,phases      ] GC(147)   Weak JFR Old Object Samples    Min:  0.0, Avg:  0.0, Max:  0.0, Diff:  0.0, Sum:  0.0, Workers: 4
[6247.187s][debug][gc,phases      ] GC(147)     Dead                           Min: 0, Avg:  0.0, Max: 0, Diff: 0, Sum: 0, Workers: 4
[6247.187s][debug][gc,phases      ] GC(147)     Total                          Min: 0, Avg:  0.0, Max: 0, Diff: 0, Sum: 0, Workers: 4
[6247.187s][debug][gc,phases      ] GC(147) Weak Processing 0.355ms
[6247.187s][debug][gc,age         ] GC(147) Desired survivor size 44564480 bytes, new threshold 1 (max threshold 15)
[6247.187s][info ][gc,heap        ] GC(147) PSYoungGen: 2014182K(2050560K)->3344K(2053632K) Eden: 2004480K(2004480K)->0K(2009088K) From: 9702K(46080K)->3344K(44544K)
[6247.187s][info ][gc,heap        ] GC(147) ParOldGen: 1824344K(1825280K)->1830477K(1830912K)
[6247.187s][info ][gc,metaspace   ] GC(147) Metaspace: 115910K(117376K)->115910K(117376K) NonClass: 98678K(99456K)->98678K(99456K) Class: 17232K(17920K)->17232K(17920K)
[6247.187s][info ][gc             ] GC(147) Pause Young (Allocation Failure) 3748M->1790M(3793M) 9.353ms
[6247.187s][info ][gc,cpu         ] GC(147) User=0.02s Sys=0.01s Real=0.01s
[6247.187s][info ][safepoint      ] Safepoint "ParallelGCFailedAllocation", Time since last: 15020145976 ns, Reaching safepoint: 11900 ns, Cleanup: 5600 ns, At safepoint: 9445574 ns, Total: 9463074 ns
[6310.209s][info ][safepoint      ] Safepoint "Cleanup", Time since last: 63021671428 ns, Reaching safepoint: 13500 ns, Cleanup: 36401 ns, At safepoint: 3300 ns, Total: 53201 ns
[6311.209s][info ][safepoint      ] Safepoint "Cleanup", Time since last: 1000209159 ns, Reaching safepoint: 14101 ns, Cleanup: 20000 ns, At safepoint: 4400 ns, Total: 38501 ns
[6320.210s][info ][safepoint      ] Safepoint "Cleanup", Time since last: 9001026484 ns, Reaching safepoint: 15200 ns, Cleanup: 15300 ns, At safepoint: 3500 ns, Total: 34000 ns
[6320.381s][info ][gc,start       ] GC(148) Pause Young (Allocation Failure)
[6320.387s][debug][gc,phases      ] GC(148) Scavenge 6.339ms
[6320.387s][debug][gc,ref         ] GC(148) Skipped SoftWeakFinalRefsPhase of Reference Processing: no references
[6320.387s][debug][gc,ref         ] GC(148) Skipped KeepAliveFinalRefsPhase of Reference Processing: no references
[6320.388s][debug][gc,ref         ] GC(148) ReferenceProcessor::execute queues: 1, RefProcThreadModel::Single, marks_oops_alive: false
[6320.388s][debug][gc,phases      ] GC(148) Reference Processing 0.116ms
[6320.388s][debug][gc,phases      ] GC(148)   VM Weak                        Min:  0.0, Avg:  0.0, Max:  0.0, Diff:  0.0, Sum:  0.0, Workers: 4
[6320.388s][debug][gc,phases      ] GC(148)     Dead                           Min: 0, Avg:  0.0, Max: 0, Diff: 0, Sum: 0, Workers: 4
[6320.388s][debug][gc,phases      ] GC(148)     Total                          Min: 0, Avg: 279.5, Max: 896, Diff: 896, Sum: 1118, Workers: 4
[6320.388s][debug][gc,phases      ] GC(148)   ObjectSynchronizer Weak        Min:  0.0, Avg:  0.0, Max:  0.0, Diff:  0.0, Sum:  0.0, Workers: 4
[6320.388s][debug][gc,phases      ] GC(148)     Dead                           Min: 0, Avg:  0.0, Max: 0, Diff: 0, Sum: 0, Workers: 4
[6320.388s][debug][gc,phases      ] GC(148)     Total                          Min: 0, Avg:  1.0, Max: 4, Diff: 4, Sum: 4, Workers: 4
[6320.388s][debug][gc,phases      ] GC(148)   JVMTI Tag Weak OopStorage      Min:  0.0, Avg:  0.0, Max:  0.0, Diff:  0.0, Sum:  0.0, Workers: 4
[6320.388s][debug][gc,phases      ] GC(148)     Dead                           Min: 0, Avg:  0.0, Max: 0, Diff: 0, Sum: 0, Workers: 4
[6320.388s][debug][gc,phases      ] GC(148)     Total                          Min: 0, Avg:  0.0, Max: 0, Diff: 0, Sum: 0, Workers: 4
[6320.388s][debug][gc,phases      ] GC(148)   StringTable Weak               Min:  0.1, Avg:  0.1, Max:  0.1, Diff:  0.0, Sum:  0.4, Workers: 4
[6320.388s][debug][gc,phases      ] GC(148)     Dead                           Min: 0, Avg:  0.0, Max: 0, Diff: 0, Sum: 0, Workers: 4
[6320.388s][debug][gc,phases      ] GC(148)     Total                          Min: 10304, Avg: 12612.0, Max: 16384, Diff: 6080, Sum: 50448, Workers: 4
[6320.388s][debug][gc,phases      ] GC(148)   ResolvedMethodTable Weak       Min:  0.0, Avg:  0.0, Max:  0.0, Diff:  0.0, Sum:  0.1, Workers: 4
[6320.388s][debug][gc,phases      ] GC(148)     Dead                           Min: 0, Avg:  4.0, Max: 14, Diff: 14, Sum: 16, Workers: 4
[6320.388s][debug][gc,phases      ] GC(148)     Total                          Min: 3523, Avg: 4076.2, Max: 4907, Diff: 1384, Sum: 16305, Workers: 4
[6320.388s][debug][gc,phases      ] GC(148)   JNI Weak                       Min:  0.0, Avg:  0.0, Max:  0.0, Diff:  0.0, Sum:  0.0, Workers: 4
[6320.388s][debug][gc,phases      ] GC(148)     Dead                           Min: 0, Avg:  0.0, Max: 0, Diff: 0, Sum: 0, Workers: 4
[6320.388s][debug][gc,phases      ] GC(148)     Total                          Min: 0, Avg: 13.0, Max: 52, Diff: 52, Sum: 52, Workers: 4
[6320.388s][debug][gc,phases      ] GC(148)   StringDedup Table Weak         Min:  0.0, Avg:  0.0, Max:  0.0, Diff:  0.0, Sum:  0.0, Workers: 4
[6320.388s][debug][gc,phases      ] GC(148)     Dead                           Min: 0, Avg:  0.0, Max: 0, Diff: 0, Sum: 0, Workers: 4
[6320.388s][debug][gc,phases      ] GC(148)     Total                          Min: 0, Avg:  0.0, Max: 0, Diff: 0, Sum: 0, Workers: 4
[6320.388s][debug][gc,phases      ] GC(148)   StringDedup Requests0 Weak     Min:  0.0, Avg:  0.0, Max:  0.0, Diff:  0.0, Sum:  0.0, Workers: 4
[6320.388s][debug][gc,phases      ] GC(148)     Dead                           Min: 0, Avg:  0.0, Max: 0, Diff: 0, Sum: 0, Workers: 4
[6320.388s][debug][gc,phases      ] GC(148)     Total                          Min: 0, Avg:  0.0, Max: 0, Diff: 0, Sum: 0, Workers: 4
[6320.388s][debug][gc,phases      ] GC(148)   StringDedup Requests1 Weak     Min:  0.0, Avg:  0.0, Max:  0.0, Diff:  0.0, Sum:  0.0, Workers: 4
[6320.388s][debug][gc,phases      ] GC(148)     Dead                           Min: 0, Avg:  0.0, Max: 0, Diff: 0, Sum: 0, Workers: 4
[6320.388s][debug][gc,phases      ] GC(148)     Total                          Min: 0, Avg:  0.0, Max: 0, Diff: 0, Sum: 0, Workers: 4
[6320.388s][debug][gc,phases      ] GC(148)   Weak JFR Old Object Samples    Min:  0.0, Avg:  0.0, Max:  0.0, Diff:  0.0, Sum:  0.0, Workers: 4
[6320.388s][debug][gc,phases      ] GC(148)     Dead                           Min: 0, Avg:  0.0, Max: 0, Diff: 0, Sum: 0, Workers: 4
[6320.388s][debug][gc,phases      ] GC(148)     Total                          Min: 0, Avg:  0.0, Max: 0, Diff: 0, Sum: 0, Workers: 4
[6320.388s][debug][gc,phases      ] GC(148) Weak Processing 0.345ms
[6320.388s][debug][gc,age         ] GC(148) Desired survivor size 43515904 bytes, new threshold 1 (max threshold 15)
[6320.388s][info ][gc,heap        ] GC(148) PSYoungGen: 2012432K(2053632K)->3824K(2052608K) Eden: 2009088K(2009088K)->0K(2009088K) From: 3344K(44544K)->3824K(43520K)
[6320.388s][info ][gc,heap        ] GC(148) ParOldGen: 1830477K(1830912K)->1830937K(1831424K)
[6320.388s][info ][gc,metaspace   ] GC(148) Metaspace: 115912K(117376K)->115912K(117376K) NonClass: 98680K(99456K)->98680K(99456K) Class: 17232K(17920K)->17232K(17920K)
[6320.388s][info ][gc             ] GC(148) Pause Young (Allocation Failure) 3752M->1791M(3793M) 6.939ms
[6320.388s][info ][gc,cpu         ] GC(148) User=0.02s Sys=0.00s Real=0.00s
[6320.388s][info ][safepoint      ] Safepoint "ParallelGCFailedAllocation", Time since last: 170998745 ns, Reaching safepoint: 116602 ns, Cleanup: 5500 ns, At safepoint: 7027830 ns, Total: 7149932 ns
[6345.391s][info ][safepoint      ] Safepoint "Cleanup", Time since last: 25002969138 ns, Reaching safepoint: 13400 ns, Cleanup: 15200 ns, At safepoint: 3700 ns, Total: 32300 ns
[6346.391s][info ][safepoint      ] Safepoint "Cleanup", Time since last: 1000280777 ns, Reaching safepoint: 12400 ns, Cleanup: 14301 ns, At safepoint: 3900 ns, Total: 30601 ns
[6347.392s][info ][safepoint      ] Safepoint "Cleanup", Time since last: 1000210775 ns, Reaching safepoint: 13101 ns, Cleanup: 16200 ns, At safepoint: 3800 ns, Total: 33101 ns
[6349.392s][info ][safepoint      ] Safepoint "Cleanup", Time since last: 2000353496 ns, Reaching safepoint: 12300 ns, Cleanup: 15300 ns, At safepoint: 3500 ns, Total: 31100 ns
[6387.534s][info ][gc,start       ] GC(149) Pause Young (Allocation Failure)
[6387.543s][debug][gc,phases      ] GC(149) Scavenge 9.312ms
[6387.543s][debug][gc,ref         ] GC(149) Skipped SoftWeakFinalRefsPhase of Reference Processing: no references
[6387.543s][debug][gc,ref         ] GC(149) Skipped KeepAliveFinalRefsPhase of Reference Processing: no references
[6387.544s][debug][gc,ref         ] GC(149) ReferenceProcessor::execute queues: 1, RefProcThreadModel::Single, marks_oops_alive: false
[6387.544s][debug][gc,phases      ] GC(149) Reference Processing 0.119ms
[6387.544s][debug][gc,phases      ] GC(149)   VM Weak                        Min:  0.0, Avg:  0.0, Max:  0.0, Diff:  0.0, Sum:  0.0, Workers: 4
[6387.544s][debug][gc,phases      ] GC(149)     Dead                           Min: 0, Avg:  0.0, Max: 0, Diff: 0, Sum: 0, Workers: 4
[6387.544s][debug][gc,phases      ] GC(149)     Total                          Min: 94, Avg: 279.5, Max: 448, Diff: 354, Sum: 1118, Workers: 4
[6387.544s][debug][gc,phases      ] GC(149)   ObjectSynchronizer Weak        Min:  0.0, Avg:  0.0, Max:  0.0, Diff:  0.0, Sum:  0.0, Workers: 4
[6387.544s][debug][gc,phases      ] GC(149)     Dead                           Min: 0, Avg:  0.0, Max: 0, Diff: 0, Sum: 0, Workers: 4
[6387.544s][debug][gc,phases      ] GC(149)     Total                          Min: 0, Avg:  1.2, Max: 5, Diff: 5, Sum: 5, Workers: 4
[6387.544s][debug][gc,phases      ] GC(149)   JVMTI Tag Weak OopStorage      Min:  0.0, Avg:  0.0, Max:  0.0, Diff:  0.0, Sum:  0.0, Workers: 4
[6387.544s][debug][gc,phases      ] GC(149)     Dead                           Min: 0, Avg:  0.0, Max: 0, Diff: 0, Sum: 0, Workers: 4
[6387.544s][debug][gc,phases      ] GC(149)     Total                          Min: 0, Avg:  0.0, Max: 0, Diff: 0, Sum: 0, Workers: 4
[6387.544s][debug][gc,phases      ] GC(149)   StringTable Weak               Min:  0.1, Avg:  0.1, Max:  0.1, Diff:  0.0, Sum:  0.4, Workers: 4
[6387.544s][debug][gc,phases      ] GC(149)     Dead                           Min: 0, Avg:  0.0, Max: 0, Diff: 0, Sum: 0, Workers: 4
[6387.544s][debug][gc,phases      ] GC(149)     Total                          Min: 11264, Avg: 12612.2, Max: 14784, Diff: 3520, Sum: 50449, Workers: 4
[6387.544s][debug][gc,phases      ] GC(149)   ResolvedMethodTable Weak       Min:  0.0, Avg:  0.0, Max:  0.0, Diff:  0.0, Sum:  0.1, Workers: 4
[6387.544s][debug][gc,phases      ] GC(149)     Dead                           Min: 0, Avg:  4.0, Max: 12, Diff: 12, Sum: 16, Workers: 4
[6387.544s][debug][gc,phases      ] GC(149)     Total                          Min: 3670, Avg: 4076.2, Max: 4520, Diff: 850, Sum: 16305, Workers: 4
[6387.544s][debug][gc,phases      ] GC(149)   JNI Weak                       Min:  0.0, Avg:  0.0, Max:  0.0, Diff:  0.0, Sum:  0.0, Workers: 4
[6387.544s][debug][gc,phases      ] GC(149)     Dead                           Min: 0, Avg:  0.0, Max: 0, Diff: 0, Sum: 0, Workers: 4
[6387.544s][debug][gc,phases      ] GC(149)     Total                          Min: 0, Avg: 13.0, Max: 52, Diff: 52, Sum: 52, Workers: 4
[6387.544s][debug][gc,phases      ] GC(149)   StringDedup Table Weak         Min:  0.0, Avg:  0.0, Max:  0.0, Diff:  0.0, Sum:  0.0, Workers: 4
[6387.544s][debug][gc,phases      ] GC(149)     Dead                           Min: 0, Avg:  0.0, Max: 0, Diff: 0, Sum: 0, Workers: 4
[6387.544s][debug][gc,phases      ] GC(149)     Total                          Min: 0, Avg:  0.0, Max: 0, Diff: 0, Sum: 0, Workers: 4
[6387.544s][debug][gc,phases      ] GC(149)   StringDedup Requests0 Weak     Min:  0.0, Avg:  0.0, Max:  0.0, Diff:  0.0, Sum:  0.0, Workers: 4
[6387.544s][debug][gc,phases      ] GC(149)     Dead                           Min: 0, Avg:  0.0, Max: 0, Diff: 0, Sum: 0, Workers: 4
[6387.544s][debug][gc,phases      ] GC(149)     Total                          Min: 0, Avg:  0.0, Max: 0, Diff: 0, Sum: 0, Workers: 4
[6387.544s][debug][gc,phases      ] GC(149)   StringDedup Requests1 Weak     Min:  0.0, Avg:  0.0, Max:  0.0, Diff:  0.0, Sum:  0.0, Workers: 4
[6387.544s][debug][gc,phases      ] GC(149)     Dead                           Min: 0, Avg:  0.0, Max: 0, Diff: 0, Sum: 0, Workers: 4
[6387.544s][debug][gc,phases      ] GC(149)     Total                          Min: 0, Avg:  0.0, Max: 0, Diff: 0, Sum: 0, Workers: 4
[6387.544s][debug][gc,phases      ] GC(149)   Weak JFR Old Object Samples    Min:  0.0, Avg:  0.0, Max:  0.0, Diff:  0.0, Sum:  0.0, Workers: 4
[6387.544s][debug][gc,phases      ] GC(149)     Dead                           Min: 0, Avg:  0.0, Max: 0, Diff: 0, Sum: 0, Workers: 4
[6387.544s][debug][gc,phases      ] GC(149)     Total                          Min: 0, Avg:  0.0, Max: 0, Diff: 0, Sum: 0, Workers: 4
[6387.544s][debug][gc,phases      ] GC(149) Weak Processing 0.334ms
[6387.544s][debug][gc,age         ] GC(149) Desired survivor size 41418752 bytes, new threshold 1 (max threshold 15)
[6387.544s][info ][gc,heap        ] GC(149) PSYoungGen: 2012912K(2052608K)->10656K(2056704K) Eden: 2009088K(2009088K)->0K(2014208K) From: 3824K(43520K)->10656K(42496K)
[6387.544s][info ][gc,heap        ] GC(149) ParOldGen: 1830937K(1831424K)->1831329K(1831424K)
[6387.544s][info ][gc,metaspace   ] GC(149) Metaspace: 115917K(117376K)->115917K(117376K) NonClass: 98684K(99456K)->98684K(99456K) Class: 17232K(17920K)->17232K(17920K)
[6387.544s][info ][gc             ] GC(149) Pause Young (Allocation Failure) 3753M->1798M(3797M) 9.906ms
[6387.544s][info ][gc,cpu         ] GC(149) User=0.04s Sys=0.00s Real=0.01s
[6387.544s][info ][safepoint      ] Safepoint "ParallelGCFailedAllocation", Time since last: 38142085804 ns, Reaching safepoint: 10600 ns, Cleanup: 5400 ns, At safepoint: 9996989 ns, Total: 10012989 ns
[6391.545s][info ][safepoint      ] Safepoint "Cleanup", Time since last: 4000760483 ns, Reaching safepoint: 12801 ns, Cleanup: 12700 ns, At safepoint: 4000 ns, Total: 29501 ns
[6399.546s][info ][safepoint      ] Safepoint "Cleanup", Time since last: 8000968551 ns, Reaching safepoint: 87002 ns, Cleanup: 15000 ns, At safepoint: 6300 ns, Total: 108302 ns
[6400.546s][info ][safepoint      ] Safepoint "Cleanup", Time since last: 1000215414 ns, Reaching safepoint: 13901 ns, Cleanup: 17000 ns, At safepoint: 4400 ns, Total: 35301 ns
[6424.263s][info ][safepoint      ] Safepoint "Cleanup", Time since last: 23717235938 ns, Reaching safepoint: 17300 ns, Cleanup: 21200 ns, At safepoint: 4500 ns, Total: 43000 ns
[6448.779s][info ][gc,start       ] GC(150) Pause Young (Allocation Failure)
[6448.793s][debug][gc,phases      ] GC(150) Scavenge 13.772ms
[6448.793s][debug][gc,ref         ] GC(150) ReferenceProcessor::execute queues: 1, RefProcThreadModel::Single, marks_oops_alive: false
[6448.793s][debug][gc,ref         ] GC(150) Skipped KeepAliveFinalRefsPhase of Reference Processing: no references
[6448.793s][debug][gc,ref         ] GC(150) ReferenceProcessor::execute queues: 1, RefProcThreadModel::Single, marks_oops_alive: false
[6448.793s][debug][gc,phases      ] GC(150) Reference Processing 0.109ms
[6448.793s][debug][gc,phases      ] GC(150)   VM Weak                        Min:  0.0, Avg:  0.0, Max:  0.0, Diff:  0.0, Sum:  0.0, Workers: 4
[6448.793s][debug][gc,phases      ] GC(150)     Dead                           Min: 0, Avg:  0.0, Max: 0, Diff: 0, Sum: 0, Workers: 4
[6448.793s][debug][gc,phases      ] GC(150)     Total                          Min: 64, Avg: 279.8, Max: 799, Diff: 735, Sum: 1119, Workers: 4
[6448.793s][debug][gc,phases      ] GC(150)   ObjectSynchronizer Weak        Min:  0.0, Avg:  0.0, Max:  0.0, Diff:  0.0, Sum:  0.0, Workers: 4
[6448.793s][debug][gc,phases      ] GC(150)     Dead                           Min: 0, Avg:  0.0, Max: 0, Diff: 0, Sum: 0, Workers: 4
[6448.793s][debug][gc,phases      ] GC(150)     Total                          Min: 0, Avg:  1.5, Max: 6, Diff: 6, Sum: 6, Workers: 4
[6448.793s][debug][gc,phases      ] GC(150)   JVMTI Tag Weak OopStorage      Min:  0.0, Avg:  0.0, Max:  0.0, Diff:  0.0, Sum:  0.0, Workers: 4
[6448.793s][debug][gc,phases      ] GC(150)     Dead                           Min: 0, Avg:  0.0, Max: 0, Diff: 0, Sum: 0, Workers: 4
[6448.793s][debug][gc,phases      ] GC(150)     Total                          Min: 0, Avg:  0.0, Max: 0, Diff: 0, Sum: 0, Workers: 4
[6448.793s][debug][gc,phases      ] GC(150)   StringTable Weak               Min:  0.1, Avg:  0.1, Max:  0.1, Diff:  0.0, Sum:  0.5, Workers: 4
[6448.793s][debug][gc,phases      ] GC(150)     Dead                           Min: 0, Avg:  0.0, Max: 0, Diff: 0, Sum: 0, Workers: 4
[6448.793s][debug][gc,phases      ] GC(150)     Total                          Min: 12249, Avg: 12614.2, Max: 13120, Diff: 871, Sum: 50457, Workers: 4
[6448.793s][debug][gc,phases      ] GC(150)   ResolvedMethodTable Weak       Min:  0.0, Avg:  0.0, Max:  0.0, Diff:  0.0, Sum:  0.2, Workers: 4
[6448.793s][debug][gc,phases      ] GC(150)     Dead                           Min: 0, Avg:  4.5, Max: 18, Diff: 18, Sum: 18, Workers: 4
[6448.793s][debug][gc,phases      ] GC(150)     Total                          Min: 3949, Avg: 4078.0, Max: 4158, Diff: 209, Sum: 16312, Workers: 4
[6448.793s][debug][gc,phases      ] GC(150)   JNI Weak                       Min:  0.0, Avg:  0.0, Max:  0.0, Diff:  0.0, Sum:  0.0, Workers: 4
[6448.793s][debug][gc,phases      ] GC(150)     Dead                           Min: 0, Avg:  0.0, Max: 0, Diff: 0, Sum: 0, Workers: 4
[6448.793s][debug][gc,phases      ] GC(150)     Total                          Min: 0, Avg: 13.0, Max: 52, Diff: 52, Sum: 52, Workers: 4
[6448.793s][debug][gc,phases      ] GC(150)   StringDedup Table Weak         Min:  0.0, Avg:  0.0, Max:  0.0, Diff:  0.0, Sum:  0.0, Workers: 4
[6448.793s][debug][gc,phases      ] GC(150)     Dead                           Min: 0, Avg:  0.0, Max: 0, Diff: 0, Sum: 0, Workers: 4
[6448.793s][debug][gc,phases      ] GC(150)     Total                          Min: 0, Avg:  0.0, Max: 0, Diff: 0, Sum: 0, Workers: 4
[6448.793s][debug][gc,phases      ] GC(150)   StringDedup Requests0 Weak     Min:  0.0, Avg:  0.0, Max:  0.0, Diff:  0.0, Sum:  0.0, Workers: 4
[6448.793s][debug][gc,phases      ] GC(150)     Dead                           Min: 0, Avg:  0.0, Max: 0, Diff: 0, Sum: 0, Workers: 4
[6448.793s][debug][gc,phases      ] GC(150)     Total                          Min: 0, Avg:  0.0, Max: 0, Diff: 0, Sum: 0, Workers: 4
[6448.793s][debug][gc,phases      ] GC(150)   StringDedup Requests1 Weak     Min:  0.0, Avg:  0.0, Max:  0.0, Diff:  0.0, Sum:  0.0, Workers: 4
[6448.793s][debug][gc,phases      ] GC(150)     Dead                           Min: 0, Avg:  0.0, Max: 0, Diff: 0, Sum: 0, Workers: 4
[6448.793s][debug][gc,phases      ] GC(150)     Total                          Min: 0, Avg:  0.0, Max: 0, Diff: 0, Sum: 0, Workers: 4
[6448.793s][debug][gc,phases      ] GC(150)   Weak JFR Old Object Samples    Min:  0.0, Avg:  0.0, Max:  0.0, Diff:  0.0, Sum:  0.0, Workers: 4
[6448.793s][debug][gc,phases      ] GC(150)     Dead                           Min: 0, Avg:  0.0, Max: 0, Diff: 0, Sum: 0, Workers: 4
[6448.793s][debug][gc,phases      ] GC(150)     Total                          Min: 0, Avg:  0.0, Max: 0, Diff: 0, Sum: 0, Workers: 4
[6448.793s][debug][gc,phases      ] GC(150) Weak Processing 0.333ms
[6448.793s][debug][gc,age         ] GC(150) Desired survivor size 39321600 bytes, new threshold 1 (max threshold 15)
[6448.793s][info ][gc,heap        ] GC(150) PSYoungGen: 2024864K(2056704K)->8800K(2054656K) Eden: 2014208K(2014208K)->0K(2014208K) From: 10656K(42496K)->8800K(40448K)
[6448.793s][info ][gc,heap        ] GC(150) ParOldGen: 1831329K(1831424K)->1837966K(1838080K)
[6448.793s][info ][gc,metaspace   ] GC(150) Metaspace: 115930K(117440K)->115930K(117440K) NonClass: 98696K(99520K)->98696K(99520K) Class: 17234K(17920K)->17234K(17920K)
[6448.793s][info ][gc             ] GC(150) Pause Young (Allocation Failure) 3765M->1803M(3801M) 14.393ms
[6448.793s][info ][gc,cpu         ] GC(150) User=0.05s Sys=0.01s Real=0.01s
[6448.793s][info ][safepoint      ] Safepoint "ParallelGCFailedAllocation", Time since last: 24515109281 ns, Reaching safepoint: 91202 ns, Cleanup: 6100 ns, At safepoint: 14498969 ns, Total: 14596271 ns
[6452.794s][info ][safepoint      ] Safepoint "Cleanup", Time since last: 4000589788 ns, Reaching safepoint: 16200 ns, Cleanup: 18100 ns, At safepoint: 34601 ns, Total: 68901 ns
[6456.794s][info ][safepoint      ] Safepoint "Cleanup", Time since last: 4000456685 ns, Reaching safepoint: 14100 ns, Cleanup: 13100 ns, At safepoint: 2800 ns, Total: 30000 ns
[6458.795s][info ][safepoint      ] Safepoint "Cleanup", Time since last: 2000258243 ns, Reaching safepoint: 13200 ns, Cleanup: 14800 ns, At safepoint: 3601 ns, Total: 31601 ns
[6463.795s][info ][safepoint      ] Safepoint "Cleanup", Time since last: 5000510856 ns, Reaching safepoint: 13000 ns, Cleanup: 12401 ns, At safepoint: 3300 ns, Total: 28701 ns
[6483.288s][info ][safepoint      ] Safepoint "Cleanup", Time since last: 19492924022 ns, Reaching safepoint: 6301 ns, Cleanup: 14700 ns, At safepoint: 5400 ns, Total: 26401 ns
[6484.288s][info ][safepoint      ] Safepoint "Cleanup", Time since last: 1000170785 ns, Reaching safepoint: 16200 ns, Cleanup: 54101 ns, At safepoint: 4000 ns, Total: 74301 ns
[6485.289s][info ][safepoint      ] Safepoint "Cleanup", Time since last: 1000149640 ns, Reaching safepoint: 15600 ns, Cleanup: 104902 ns, At safepoint: 5800 ns, Total: 126302 ns
[6486.289s][info ][safepoint      ] Safepoint "Cleanup", Time since last: 1000151640 ns, Reaching safepoint: 24801 ns, Cleanup: 51801 ns, At safepoint: 3600 ns, Total: 80202 ns
[6487.289s][info ][safepoint      ] Safepoint "Cleanup", Time since last: 1000125939 ns, Reaching safepoint: 12401 ns, Cleanup: 13600 ns, At safepoint: 8800 ns, Total: 34801 ns
[6488.289s][info ][safepoint      ] Safepoint "Cleanup", Time since last: 1000253742 ns, Reaching safepoint: 12400 ns, Cleanup: 19401 ns, At safepoint: 4000 ns, Total: 35801 ns
[6489.289s][info ][safepoint      ] Safepoint "Cleanup", Time since last: 1000156540 ns, Reaching safepoint: 26500 ns, Cleanup: 16200 ns, At safepoint: 3501 ns, Total: 46201 ns
[6493.290s][info ][safepoint      ] Safepoint "Cleanup", Time since last: 4000427219 ns, Reaching safepoint: 14801 ns, Cleanup: 17300 ns, At safepoint: 3300 ns, Total: 35401 ns
[6496.290s][info ][safepoint      ] Safepoint "Cleanup", Time since last: 3000392440 ns, Reaching safepoint: 15100 ns, Cleanup: 18601 ns, At safepoint: 4100 ns, Total: 37801 ns
[6501.291s][info ][safepoint      ] Safepoint "Cleanup", Time since last: 5000541464 ns, Reaching safepoint: 11800 ns, Cleanup: 19200 ns, At safepoint: 3200 ns, Total: 34200 ns
[6521.293s][info ][safepoint      ] Safepoint "Cleanup", Time since last: 20002141573 ns, Reaching safepoint: 14700 ns, Cleanup: 16600 ns, At safepoint: 4300 ns, Total: 35600 ns
[6524.294s][info ][safepoint      ] Safepoint "Cleanup", Time since last: 3000515942 ns, Reaching safepoint: 12501 ns, Cleanup: 15300 ns, At safepoint: 3600 ns, Total: 31401 ns
[6529.294s][info ][safepoint      ] Safepoint "Cleanup", Time since last: 5000582130 ns, Reaching safepoint: 13500 ns, Cleanup: 18700 ns, At safepoint: 4100 ns, Total: 36300 ns
[6529.829s][info ][gc,start       ] GC(151) Pause Young (Allocation Failure)
[6529.839s][debug][gc,phases      ] GC(151) Scavenge 9.901ms
[6529.840s][debug][gc,ref         ] GC(151) ReferenceProcessor::execute queues: 1, RefProcThreadModel::Single, marks_oops_alive: false
[6529.840s][debug][gc,ref         ] GC(151) Skipped KeepAliveFinalRefsPhase of Reference Processing: no references
[6529.840s][debug][gc,ref         ] GC(151) ReferenceProcessor::execute queues: 1, RefProcThreadModel::Single, marks_oops_alive: false
[6529.840s][debug][gc,phases      ] GC(151) Reference Processing 0.154ms
[6529.840s][debug][gc,phases      ] GC(151)   VM Weak                        Min:  0.0, Avg:  0.0, Max:  0.0, Diff:  0.0, Sum:  0.0, Workers: 4
[6529.840s][debug][gc,phases      ] GC(151)     Dead                           Min: 0, Avg:  0.0, Max: 0, Diff: 0, Sum: 0, Workers: 4
[6529.840s][debug][gc,phases      ] GC(151)     Total                          Min: 0, Avg: 280.0, Max: 640, Diff: 640, Sum: 1120, Workers: 4
[6529.840s][debug][gc,phases      ] GC(151)   ObjectSynchronizer Weak        Min:  0.0, Avg:  0.0, Max:  0.0, Diff:  0.0, Sum:  0.0, Workers: 4
[6529.840s][debug][gc,phases      ] GC(151)     Dead                           Min: 0, Avg:  0.0, Max: 0, Diff: 0, Sum: 0, Workers: 4
[6529.840s][debug][gc,phases      ] GC(151)     Total                          Min: 0, Avg:  0.8, Max: 3, Diff: 3, Sum: 3, Workers: 4
[6529.840s][debug][gc,phases      ] GC(151)   JVMTI Tag Weak OopStorage      Min:  0.0, Avg:  0.0, Max:  0.0, Diff:  0.0, Sum:  0.0, Workers: 4
[6529.840s][debug][gc,phases      ] GC(151)     Dead                           Min: 0, Avg:  0.0, Max: 0, Diff: 0, Sum: 0, Workers: 4
[6529.840s][debug][gc,phases      ] GC(151)     Total                          Min: 0, Avg:  0.0, Max: 0, Diff: 0, Sum: 0, Workers: 4
[6529.840s][debug][gc,phases      ] GC(151)   StringTable Weak               Min:  0.1, Avg:  0.1, Max:  0.1, Diff:  0.0, Sum:  0.4, Workers: 4
[6529.840s][debug][gc,phases      ] GC(151)     Dead                           Min: 0, Avg:  0.0, Max: 0, Diff: 0, Sum: 0, Workers: 4
[6529.840s][debug][gc,phases      ] GC(151)     Total                          Min: 12282, Avg: 12622.5, Max: 12928, Diff: 646, Sum: 50490, Workers: 4
[6529.840s][debug][gc,phases      ] GC(151)   ResolvedMethodTable Weak       Min:  0.0, Avg:  0.0, Max:  0.0, Diff:  0.0, Sum:  0.1, Workers: 4
[6529.840s][debug][gc,phases      ] GC(151)     Dead                           Min: 0, Avg:  4.0, Max: 16, Diff: 16, Sum: 16, Workers: 4
[6529.840s][debug][gc,phases      ] GC(151)     Total                          Min: 4026, Avg: 4079.2, Max: 4170, Diff: 144, Sum: 16317, Workers: 4
[6529.840s][debug][gc,phases      ] GC(151)   JNI Weak                       Min:  0.0, Avg:  0.0, Max:  0.0, Diff:  0.0, Sum:  0.0, Workers: 4
[6529.840s][debug][gc,phases      ] GC(151)     Dead                           Min: 0, Avg:  0.0, Max: 0, Diff: 0, Sum: 0, Workers: 4
[6529.840s][debug][gc,phases      ] GC(151)     Total                          Min: 0, Avg: 13.0, Max: 52, Diff: 52, Sum: 52, Workers: 4
[6529.840s][debug][gc,phases      ] GC(151)   StringDedup Table Weak         Min:  0.0, Avg:  0.0, Max:  0.0, Diff:  0.0, Sum:  0.0, Workers: 4
[6529.840s][debug][gc,phases      ] GC(151)     Dead                           Min: 0, Avg:  0.0, Max: 0, Diff: 0, Sum: 0, Workers: 4
[6529.840s][debug][gc,phases      ] GC(151)     Total                          Min: 0, Avg:  0.0, Max: 0, Diff: 0, Sum: 0, Workers: 4
[6529.840s][debug][gc,phases      ] GC(151)   StringDedup Requests0 Weak     Min:  0.0, Avg:  0.0, Max:  0.0, Diff:  0.0, Sum:  0.0, Workers: 4
[6529.840s][debug][gc,phases      ] GC(151)     Dead                           Min: 0, Avg:  0.0, Max: 0, Diff: 0, Sum: 0, Workers: 4
[6529.840s][debug][gc,phases      ] GC(151)     Total                          Min: 0, Avg:  0.0, Max: 0, Diff: 0, Sum: 0, Workers: 4
[6529.840s][debug][gc,phases      ] GC(151)   StringDedup Requests1 Weak     Min:  0.0, Avg:  0.0, Max:  0.0, Diff:  0.0, Sum:  0.0, Workers: 4
[6529.840s][debug][gc,phases      ] GC(151)     Dead                           Min: 0, Avg:  0.0, Max: 0, Diff: 0, Sum: 0, Workers: 4
[6529.840s][debug][gc,phases      ] GC(151)     Total                          Min: 0, Avg:  0.0, Max: 0, Diff: 0, Sum: 0, Workers: 4
[6529.840s][debug][gc,phases      ] GC(151)   Weak JFR Old Object Samples    Min:  0.0, Avg:  0.0, Max:  0.0, Diff:  0.0, Sum:  0.0, Workers: 4
[6529.840s][debug][gc,phases      ] GC(151)     Dead                           Min: 0, Avg:  0.0, Max: 0, Diff: 0, Sum: 0, Workers: 4
[6529.840s][debug][gc,phases      ] GC(151)     Total                          Min: 0, Avg:  0.0, Max: 0, Diff: 0, Sum: 0, Workers: 4
[6529.840s][debug][gc,phases      ] GC(151) Weak Processing 0.414ms
[6529.840s][debug][gc,age         ] GC(151) Desired survivor size 38273024 bytes, new threshold 1 (max threshold 15)
[6529.840s][info ][gc,heap        ] GC(151) PSYoungGen: 2023008K(2054656K)->2832K(2059776K) Eden: 2014208K(2014208K)->0K(2021376K) From: 8800K(40448K)->2832K(38400K)
[6529.840s][info ][gc,heap        ] GC(151) ParOldGen: 1837966K(1838080K)->1845007K(1845248K)
[6529.840s][info ][gc,metaspace   ] GC(151) Metaspace: 116090K(117568K)->116090K(117568K) NonClass: 98834K(99648K)->98834K(99648K) Class: 17256K(17920K)->17256K(17920K)
[6529.840s][info ][gc             ] GC(151) Pause Young (Allocation Failure) 3770M->1804M(3813M) 10.632ms
[6529.840s][info ][gc,cpu         ] GC(151) User=0.03s Sys=0.00s Real=0.01s
[6529.840s][info ][safepoint      ] Safepoint "ParallelGCFailedAllocation", Time since last: 534997200 ns, Reaching safepoint: 87501 ns, Cleanup: 6300 ns, At safepoint: 10742799 ns, Total: 10836600 ns
[6531.538s][info ][safepoint      ] Safepoint "Cleanup", Time since last: 1698227224 ns, Reaching safepoint: 13300 ns, Cleanup: 42101 ns, At safepoint: 4300 ns, Total: 59701 ns
[6532.539s][info ][safepoint      ] Safepoint "Cleanup", Time since last: 1000209286 ns, Reaching safepoint: 13500 ns, Cleanup: 12400 ns, At safepoint: 3700 ns, Total: 29600 ns
[6536.539s][info ][safepoint      ] Safepoint "Cleanup", Time since last: 4000407176 ns, Reaching safepoint: 16000 ns, Cleanup: 15800 ns, At safepoint: 4500 ns, Total: 36300 ns
[6547.317s][info ][safepoint      ] Safepoint "Cleanup", Time since last: 10778042809 ns, Reaching safepoint: 13600 ns, Cleanup: 17500 ns, At safepoint: 3200 ns, Total: 34300 ns
[6550.318s][info ][safepoint      ] Safepoint "Cleanup", Time since last: 3000462903 ns, Reaching safepoint: 13000 ns, Cleanup: 20900 ns, At safepoint: 3901 ns, Total: 37801 ns
[6553.318s][info ][safepoint      ] Safepoint "Cleanup", Time since last: 3000408661 ns, Reaching safepoint: 14600 ns, Cleanup: 19001 ns, At safepoint: 4000 ns, Total: 37601 ns
[6564.320s][info ][safepoint      ] Safepoint "Cleanup", Time since last: 11001584575 ns, Reaching safepoint: 13600 ns, Cleanup: 12300 ns, At safepoint: 2700 ns, Total: 28600 ns
[6572.321s][info ][safepoint      ] Safepoint "Cleanup", Time since last: 8000954717 ns, Reaching safepoint: 15601 ns, Cleanup: 16400 ns, At safepoint: 3600 ns, Total: 35601 ns
[6581.322s][info ][safepoint      ] Safepoint "Cleanup", Time since last: 9001073177 ns, Reaching safepoint: 15100 ns, Cleanup: 15800 ns, At safepoint: 4000 ns, Total: 34900 ns
[6585.322s][info ][safepoint      ] Safepoint "Cleanup", Time since last: 4000612528 ns, Reaching safepoint: 16901 ns, Cleanup: 20300 ns, At safepoint: 4600 ns, Total: 41801 ns
[6599.324s][info ][safepoint      ] Safepoint "Cleanup", Time since last: 14001713000 ns, Reaching safepoint: 14101 ns, Cleanup: 19900 ns, At safepoint: 4100 ns, Total: 38101 ns
[6603.325s][info ][safepoint      ] Safepoint "Cleanup", Time since last: 4000621740 ns, Reaching safepoint: 13800 ns, Cleanup: 17801 ns, At safepoint: 4400 ns, Total: 36001 ns
[6611.356s][info ][safepoint      ] Safepoint "Cleanup", Time since last: 8031296116 ns, Reaching safepoint: 15701 ns, Cleanup: 22100 ns, At safepoint: 4100 ns, Total: 41901 ns
[6615.279s][info ][gc,start       ] GC(152) Pause Young (Allocation Failure)
[6615.287s][debug][gc,phases      ] GC(152) Scavenge 7.914ms
[6615.287s][debug][gc,ref         ] GC(152) ReferenceProcessor::execute queues: 1, RefProcThreadModel::Single, marks_oops_alive: false
[6615.287s][debug][gc,ref         ] GC(152) Skipped KeepAliveFinalRefsPhase of Reference Processing: no references
[6615.288s][debug][gc,ref         ] GC(152) ReferenceProcessor::execute queues: 1, RefProcThreadModel::Single, marks_oops_alive: false
[6615.288s][debug][gc,phases      ] GC(152) Reference Processing 0.188ms
[6615.288s][debug][gc,phases      ] GC(152)   VM Weak                        Min:  0.0, Avg:  0.0, Max:  0.0, Diff:  0.0, Sum:  0.0, Workers: 4
[6615.288s][debug][gc,phases      ] GC(152)     Dead                           Min: 0, Avg:  0.0, Max: 0, Diff: 0, Sum: 0, Workers: 4
[6615.288s][debug][gc,phases      ] GC(152)     Total                          Min: 0, Avg: 280.8, Max: 611, Diff: 611, Sum: 1123, Workers: 4
[6615.288s][debug][gc,phases      ] GC(152)   ObjectSynchronizer Weak        Min:  0.0, Avg:  0.0, Max:  0.0, Diff:  0.0, Sum:  0.0, Workers: 4
[6615.288s][debug][gc,phases      ] GC(152)     Dead                           Min: 0, Avg:  0.0, Max: 0, Diff: 0, Sum: 0, Workers: 4
[6615.288s][debug][gc,phases      ] GC(152)     Total                          Min: 0, Avg:  0.8, Max: 3, Diff: 3, Sum: 3, Workers: 4
[6615.288s][debug][gc,phases      ] GC(152)   JVMTI Tag Weak OopStorage      Min:  0.0, Avg:  0.0, Max:  0.0, Diff:  0.0, Sum:  0.0, Workers: 4
[6615.288s][debug][gc,phases      ] GC(152)     Dead                           Min: 0, Avg:  0.0, Max: 0, Diff: 0, Sum: 0, Workers: 4
[6615.288s][debug][gc,phases      ] GC(152)     Total                          Min: 0, Avg:  0.0, Max: 0, Diff: 0, Sum: 0, Workers: 4
[6615.288s][debug][gc,phases      ] GC(152)   StringTable Weak               Min:  0.1, Avg:  0.1, Max:  0.1, Diff:  0.0, Sum:  0.5, Workers: 4
[6615.288s][debug][gc,phases      ] GC(152)     Dead                           Min: 0, Avg:  0.2, Max: 1, Diff: 1, Sum: 1, Workers: 4
[6615.288s][debug][gc,phases      ] GC(152)     Total                          Min: 11398, Avg: 12625.2, Max: 13951, Diff: 2553, Sum: 50501, Workers: 4
[6615.288s][debug][gc,phases      ] GC(152)   ResolvedMethodTable Weak       Min:  0.0, Avg:  0.0, Max:  0.0, Diff:  0.0, Sum:  0.2, Workers: 4
[6615.288s][debug][gc,phases      ] GC(152)     Dead                           Min: 0, Avg:  4.2, Max: 10, Diff: 10, Sum: 17, Workers: 4
[6615.288s][debug][gc,phases      ] GC(152)     Total                          Min: 3876, Avg: 4082.2, Max: 4184, Diff: 308, Sum: 16329, Workers: 4
[6615.288s][debug][gc,phases      ] GC(152)   JNI Weak                       Min:  0.0, Avg:  0.0, Max:  0.0, Diff:  0.0, Sum:  0.0, Workers: 4
[6615.288s][debug][gc,phases      ] GC(152)     Dead                           Min: 0, Avg:  0.0, Max: 0, Diff: 0, Sum: 0, Workers: 4
[6615.288s][debug][gc,phases      ] GC(152)     Total                          Min: 0, Avg: 13.0, Max: 52, Diff: 52, Sum: 52, Workers: 4
[6615.288s][debug][gc,phases      ] GC(152)   StringDedup Table Weak         Min:  0.0, Avg:  0.0, Max:  0.0, Diff:  0.0, Sum:  0.0, Workers: 4
[6615.288s][debug][gc,phases      ] GC(152)     Dead                           Min: 0, Avg:  0.0, Max: 0, Diff: 0, Sum: 0, Workers: 4
[6615.288s][debug][gc,phases      ] GC(152)     Total                          Min: 0, Avg:  0.0, Max: 0, Diff: 0, Sum: 0, Workers: 4
[6615.288s][debug][gc,phases      ] GC(152)   StringDedup Requests0 Weak     Min:  0.0, Avg:  0.0, Max:  0.0, Diff:  0.0, Sum:  0.0, Workers: 4
[6615.288s][debug][gc,phases      ] GC(152)     Dead                           Min: 0, Avg:  0.0, Max: 0, Diff: 0, Sum: 0, Workers: 4
[6615.288s][debug][gc,phases      ] GC(152)     Total                          Min: 0, Avg:  0.0, Max: 0, Diff: 0, Sum: 0, Workers: 4
[6615.288s][debug][gc,phases      ] GC(152)   StringDedup Requests1 Weak     Min:  0.0, Avg:  0.0, Max:  0.0, Diff:  0.0, Sum:  0.0, Workers: 4
[6615.288s][debug][gc,phases      ] GC(152)     Dead                           Min: 0, Avg:  0.0, Max: 0, Diff: 0, Sum: 0, Workers: 4
[6615.288s][debug][gc,phases      ] GC(152)     Total                          Min: 0, Avg:  0.0, Max: 0, Diff: 0, Sum: 0, Workers: 4
[6615.288s][debug][gc,phases      ] GC(152)   Weak JFR Old Object Samples    Min:  0.0, Avg:  0.0, Max:  0.0, Diff:  0.0, Sum:  0.0, Workers: 4
[6615.288s][debug][gc,phases      ] GC(152)     Dead                           Min: 0, Avg:  0.0, Max: 0, Diff: 0, Sum: 0, Workers: 4
[6615.288s][debug][gc,phases      ] GC(152)     Total                          Min: 0, Avg:  0.0, Max: 0, Diff: 0, Sum: 0, Workers: 4
[6615.288s][debug][gc,phases      ] GC(152) Weak Processing 0.490ms
[6615.288s][debug][gc,age         ] GC(152) Desired survivor size 37224448 bytes, new threshold 1 (max threshold 15)
[6615.288s][info ][gc,heap        ] GC(152) PSYoungGen: 2024208K(2059776K)->3280K(2058752K) Eden: 2021376K(2021376K)->0K(2021376K) From: 2832K(38400K)->3280K(37376K)
[6615.288s][info ][gc,heap        ] GC(152) ParOldGen: 1845007K(1845248K)->1845363K(1845760K)
[6615.288s][info ][gc,metaspace   ] GC(152) Metaspace: 116117K(117568K)->116117K(117568K) NonClass: 98856K(99648K)->98856K(99648K) Class: 17260K(17920K)->17260K(17920K)
[6615.288s][info ][gc             ] GC(152) Pause Young (Allocation Failure) 3778M->1805M(3813M) 8.809ms
[6615.288s][info ][gc,cpu         ] GC(152) User=0.03s Sys=0.00s Real=0.00s
[6615.288s][info ][safepoint      ] Safepoint "ParallelGCFailedAllocation", Time since last: 3922947928 ns, Reaching safepoint: 92902 ns, Cleanup: 6800 ns, At safepoint: 8938377 ns, Total: 9038079 ns
[6617.288s][info ][safepoint      ] Safepoint "Cleanup", Time since last: 2000192229 ns, Reaching safepoint: 17800 ns, Cleanup: 17901 ns, At safepoint: 4900 ns, Total: 40601 ns
[6626.289s][info ][safepoint      ] Safepoint "Cleanup", Time since last: 9000735466 ns, Reaching safepoint: 15001 ns, Cleanup: 15500 ns, At safepoint: 3200 ns, Total: 33701 ns
[6637.292s][info ][safepoint      ] Safepoint "Cleanup", Time since last: 11002459184 ns, Reaching safepoint: 12101 ns, Cleanup: 13000 ns, At safepoint: 2800 ns, Total: 27901 ns
[6646.296s][info ][safepoint      ] Safepoint "Cleanup", Time since last: 9003758439 ns, Reaching safepoint: 89302 ns, Cleanup: 9700 ns, At safepoint: 6600 ns, Total: 105602 ns
[6646.582s][info ][gc,start       ] GC(153) Pause Young (Allocation Failure)
[6646.601s][debug][gc,phases      ] GC(153) Scavenge 19.228ms
[6646.601s][debug][gc,ref         ] GC(153) Skipped SoftWeakFinalRefsPhase of Reference Processing: no references
[6646.601s][debug][gc,ref         ] GC(153) Skipped KeepAliveFinalRefsPhase of Reference Processing: no references
[6646.601s][debug][gc,ref         ] GC(153) ReferenceProcessor::execute queues: 1, RefProcThreadModel::Single, marks_oops_alive: false
[6646.601s][debug][gc,phases      ] GC(153) Reference Processing 0.108ms
[6646.601s][debug][gc,phases      ] GC(153)   VM Weak                        Min:  0.0, Avg:  0.0, Max:  0.0, Diff:  0.0, Sum:  0.0, Workers: 4
[6646.601s][debug][gc,phases      ] GC(153)     Dead                           Min: 0, Avg:  0.0, Max: 0, Diff: 0, Sum: 0, Workers: 4
[6646.601s][debug][gc,phases      ] GC(153)     Total                          Min: 192, Avg: 280.8, Max: 384, Diff: 192, Sum: 1123, Workers: 4
[6646.601s][debug][gc,phases      ] GC(153)   ObjectSynchronizer Weak        Min:  0.0, Avg:  0.0, Max:  0.0, Diff:  0.0, Sum:  0.0, Workers: 4
[6646.601s][debug][gc,phases      ] GC(153)     Dead                           Min: 0, Avg:  0.0, Max: 0, Diff: 0, Sum: 0, Workers: 4
[6646.601s][debug][gc,phases      ] GC(153)     Total                          Min: 0, Avg:  1.5, Max: 6, Diff: 6, Sum: 6, Workers: 4
[6646.601s][debug][gc,phases      ] GC(153)   JVMTI Tag Weak OopStorage      Min:  0.0, Avg:  0.0, Max:  0.0, Diff:  0.0, Sum:  0.0, Workers: 4
[6646.601s][debug][gc,phases      ] GC(153)     Dead                           Min: 0, Avg:  0.0, Max: 0, Diff: 0, Sum: 0, Workers: 4
[6646.601s][debug][gc,phases      ] GC(153)     Total                          Min: 0, Avg:  0.0, Max: 0, Diff: 0, Sum: 0, Workers: 4
[6646.601s][debug][gc,phases      ] GC(153)   StringTable Weak               Min:  0.1, Avg:  0.1, Max:  0.1, Diff:  0.0, Sum:  0.4, Workers: 4
[6646.602s][debug][gc,phases      ] GC(153)     Dead                           Min: 0, Avg:  0.0, Max: 0, Diff: 0, Sum: 0, Workers: 4
[6646.602s][debug][gc,phases      ] GC(153)     Total                          Min: 12352, Avg: 12625.8, Max: 12864, Diff: 512, Sum: 50503, Workers: 4
[6646.602s][debug][gc,phases      ] GC(153)   ResolvedMethodTable Weak       Min:  0.0, Avg:  0.0, Max:  0.0, Diff:  0.0, Sum:  0.2, Workers: 4
[6646.602s][debug][gc,phases      ] GC(153)     Dead                           Min: 0, Avg:  4.0, Max: 10, Diff: 10, Sum: 16, Workers: 4
[6646.602s][debug][gc,phases      ] GC(153)     Total                          Min: 4015, Avg: 4082.2, Max: 4153, Diff: 138, Sum: 16329, Workers: 4
[6646.602s][debug][gc,phases      ] GC(153)   JNI Weak                       Min:  0.0, Avg:  0.0, Max:  0.0, Diff:  0.0, Sum:  0.0, Workers: 4
[6646.602s][debug][gc,phases      ] GC(153)     Dead                           Min: 0, Avg:  0.0, Max: 0, Diff: 0, Sum: 0, Workers: 4
[6646.602s][debug][gc,phases      ] GC(153)     Total                          Min: 0, Avg: 13.0, Max: 52, Diff: 52, Sum: 52, Workers: 4
[6646.602s][debug][gc,phases      ] GC(153)   StringDedup Table Weak         Min:  0.0, Avg:  0.0, Max:  0.0, Diff:  0.0, Sum:  0.0, Workers: 4
[6646.602s][debug][gc,phases      ] GC(153)     Dead                           Min: 0, Avg:  0.0, Max: 0, Diff: 0, Sum: 0, Workers: 4
[6646.602s][debug][gc,phases      ] GC(153)     Total                          Min: 0, Avg:  0.0, Max: 0, Diff: 0, Sum: 0, Workers: 4
[6646.602s][debug][gc,phases      ] GC(153)   StringDedup Requests0 Weak     Min:  0.0, Avg:  0.0, Max:  0.0, Diff:  0.0, Sum:  0.0, Workers: 4
[6646.602s][debug][gc,phases      ] GC(153)     Dead                           Min: 0, Avg:  0.0, Max: 0, Diff: 0, Sum: 0, Workers: 4
[6646.602s][debug][gc,phases      ] GC(153)     Total                          Min: 0, Avg:  0.0, Max: 0, Diff: 0, Sum: 0, Workers: 4
[6646.602s][debug][gc,phases      ] GC(153)   StringDedup Requests1 Weak     Min:  0.0, Avg:  0.0, Max:  0.0, Diff:  0.0, Sum:  0.0, Workers: 4
[6646.602s][debug][gc,phases      ] GC(153)     Dead                           Min: 0, Avg:  0.0, Max: 0, Diff: 0, Sum: 0, Workers: 4
[6646.602s][debug][gc,phases      ] GC(153)     Total                          Min: 0, Avg:  0.0, Max: 0, Diff: 0, Sum: 0, Workers: 4
[6646.602s][debug][gc,phases      ] GC(153)   Weak JFR Old Object Samples    Min:  0.0, Avg:  0.0, Max:  0.0, Diff:  0.0, Sum:  0.0, Workers: 4
[6646.602s][debug][gc,phases      ] GC(153)     Dead                           Min: 0, Avg:  0.0, Max: 0, Diff: 0, Sum: 0, Workers: 4
[6646.602s][debug][gc,phases      ] GC(153)     Total                          Min: 0, Avg:  0.0, Max: 0, Diff: 0, Sum: 0, Workers: 4
[6646.602s][debug][gc,phases      ] GC(153) Weak Processing 0.359ms
[6646.602s][debug][gc,age         ] GC(153) Desired survivor size 41418752 bytes, new threshold 1 (max threshold 15)
[6646.602s][info ][gc,heap        ] GC(153) PSYoungGen: 2024656K(2058752K)->28528K(2052608K) Eden: 2021376K(2021376K)->0K(2016256K) From: 3280K(37376K)->28528K(36352K)
[6646.602s][info ][gc,heap        ] GC(153) ParOldGen: 1845363K(1845760K)->1846467K(1846784K)
[6646.602s][info ][gc,metaspace   ] GC(153) Metaspace: 116123K(117568K)->116123K(117568K) NonClass: 98862K(99648K)->98862K(99648K) Class: 17260K(17920K)->17260K(17920K)
[6646.602s][info ][gc             ] GC(153) Pause Young (Allocation Failure) 3779M->1831M(3808M) 19.846ms
[6646.602s][info ][gc,cpu         ] GC(153) User=0.08s Sys=0.00s Real=0.02s
[6646.602s][info ][safepoint      ] Safepoint "ParallelGCFailedAllocation", Time since last: 286089143 ns, Reaching safepoint: 100702 ns, Cleanup: 15501 ns, At safepoint: 19968880 ns, Total: 20085083 ns
[6649.602s][info ][safepoint      ] Safepoint "Cleanup", Time since last: 3000265883 ns, Reaching safepoint: 16200 ns, Cleanup: 18600 ns, At safepoint: 3300 ns, Total: 38100 ns
[6656.603s][info ][safepoint      ] Safepoint "Cleanup", Time since last: 7000780866 ns, Reaching safepoint: 11801 ns, Cleanup: 14400 ns, At safepoint: 3500 ns, Total: 29701 ns
[6657.603s][info ][safepoint      ] Safepoint "Cleanup", Time since last: 1000125566 ns, Reaching safepoint: 82602 ns, Cleanup: 14600 ns, At safepoint: 7200 ns, Total: 104402 ns
[6658.281s][info ][gc,start       ] GC(154) Pause Young (Allocation Failure)
[6658.311s][debug][gc,phases      ] GC(154) Scavenge 30.374ms
[6658.311s][debug][gc,ref         ] GC(154) Skipped SoftWeakFinalRefsPhase of Reference Processing: no references
[6658.311s][debug][gc,ref         ] GC(154) Skipped KeepAliveFinalRefsPhase of Reference Processing: no references
[6658.311s][debug][gc,ref         ] GC(154) ReferenceProcessor::execute queues: 1, RefProcThreadModel::Single, marks_oops_alive: false
[6658.311s][debug][gc,phases      ] GC(154) Reference Processing 0.098ms
[6658.312s][debug][gc,phases      ] GC(154)   VM Weak                        Min:  0.0, Avg:  0.0, Max:  0.0, Diff:  0.0, Sum:  0.0, Workers: 4
[6658.312s][debug][gc,phases      ] GC(154)     Dead                           Min: 0, Avg:  0.0, Max: 0, Diff: 0, Sum: 0, Workers: 4
[6658.312s][debug][gc,phases      ] GC(154)     Total                          Min: 0, Avg: 280.8, Max: 1059, Diff: 1059, Sum: 1123, Workers: 4
[6658.312s][debug][gc,phases      ] GC(154)   ObjectSynchronizer Weak        Min:  0.0, Avg:  0.0, Max:  0.0, Diff:  0.0, Sum:  0.0, Workers: 4
[6658.312s][debug][gc,phases      ] GC(154)     Dead                           Min: 0, Avg:  0.0, Max: 0, Diff: 0, Sum: 0, Workers: 4
[6658.312s][debug][gc,phases      ] GC(154)     Total                          Min: 0, Avg:  1.5, Max: 6, Diff: 6, Sum: 6, Workers: 4
[6658.312s][debug][gc,phases      ] GC(154)   JVMTI Tag Weak OopStorage      Min:  0.0, Avg:  0.0, Max:  0.0, Diff:  0.0, Sum:  0.0, Workers: 4
[6658.312s][debug][gc,phases      ] GC(154)     Dead                           Min: 0, Avg:  0.0, Max: 0, Diff: 0, Sum: 0, Workers: 4
[6658.312s][debug][gc,phases      ] GC(154)     Total                          Min: 0, Avg:  0.0, Max: 0, Diff: 0, Sum: 0, Workers: 4
[6658.312s][debug][gc,phases      ] GC(154)   StringTable Weak               Min:  0.1, Avg:  0.1, Max:  0.1, Diff:  0.0, Sum:  0.4, Workers: 4
[6658.312s][debug][gc,phases      ] GC(154)     Dead                           Min: 0, Avg:  0.0, Max: 0, Diff: 0, Sum: 0, Workers: 4
[6658.312s][debug][gc,phases      ] GC(154)     Total                          Min: 11200, Avg: 12626.2, Max: 14345, Diff: 3145, Sum: 50505, Workers: 4
[6658.312s][debug][gc,phases      ] GC(154)   ResolvedMethodTable Weak       Min:  0.0, Avg:  0.0, Max:  0.0, Diff:  0.0, Sum:  0.1, Workers: 4
[6658.312s][debug][gc,phases      ] GC(154)     Dead                           Min: 0, Avg:  0.0, Max: 0, Diff: 0, Sum: 0, Workers: 4
[6658.312s][debug][gc,phases      ] GC(154)     Total                          Min: 3507, Avg: 4082.2, Max: 4752, Diff: 1245, Sum: 16329, Workers: 4
[6658.312s][debug][gc,phases      ] GC(154)   JNI Weak                       Min:  0.0, Avg:  0.0, Max:  0.0, Diff:  0.0, Sum:  0.0, Workers: 4
[6658.312s][debug][gc,phases      ] GC(154)     Dead                           Min: 0, Avg:  0.0, Max: 0, Diff: 0, Sum: 0, Workers: 4
[6658.312s][debug][gc,phases      ] GC(154)     Total                          Min: 0, Avg: 13.0, Max: 52, Diff: 52, Sum: 52, Workers: 4
[6658.312s][debug][gc,phases      ] GC(154)   StringDedup Table Weak         Min:  0.0, Avg:  0.0, Max:  0.0, Diff:  0.0, Sum:  0.0, Workers: 4
[6658.312s][debug][gc,phases      ] GC(154)     Dead                           Min: 0, Avg:  0.0, Max: 0, Diff: 0, Sum: 0, Workers: 4
[6658.312s][debug][gc,phases      ] GC(154)     Total                          Min: 0, Avg:  0.0, Max: 0, Diff: 0, Sum: 0, Workers: 4
[6658.312s][debug][gc,phases      ] GC(154)   StringDedup Requests0 Weak     Min:  0.0, Avg:  0.0, Max:  0.0, Diff:  0.0, Sum:  0.0, Workers: 4
[6658.312s][debug][gc,phases      ] GC(154)     Dead                           Min: 0, Avg:  0.0, Max: 0, Diff: 0, Sum: 0, Workers: 4
[6658.312s][debug][gc,phases      ] GC(154)     Total                          Min: 0, Avg:  0.0, Max: 0, Diff: 0, Sum: 0, Workers: 4
[6658.312s][debug][gc,phases      ] GC(154)   StringDedup Requests1 Weak     Min:  0.0, Avg:  0.0, Max:  0.0, Diff:  0.0, Sum:  0.0, Workers: 4
[6658.312s][debug][gc,phases      ] GC(154)     Dead                           Min: 0, Avg:  0.0, Max: 0, Diff: 0, Sum: 0, Workers: 4
[6658.312s][debug][gc,phases      ] GC(154)     Total                          Min: 0, Avg:  0.0, Max: 0, Diff: 0, Sum: 0, Workers: 4
[6658.312s][debug][gc,phases      ] GC(154)   Weak JFR Old Object Samples    Min:  0.0, Avg:  0.0, Max:  0.0, Diff:  0.0, Sum:  0.0, Workers: 4
[6658.312s][debug][gc,phases      ] GC(154)     Dead                           Min: 0, Avg:  0.0, Max: 0, Diff: 0, Sum: 0, Workers: 4
[6658.312s][debug][gc,phases      ] GC(154)     Total                          Min: 0, Avg:  0.0, Max: 0, Diff: 0, Sum: 0, Workers: 4
[6658.312s][debug][gc,phases      ] GC(154) Weak Processing 0.343ms
[6658.312s][debug][gc,age         ] GC(154) Desired survivor size 46137344 bytes, new threshold 1 (max threshold 15)
[6658.312s][info ][gc,heap        ] GC(154) PSYoungGen: 2044784K(2052608K)->32960K(2049536K) Eden: 2016256K(2016256K)->0K(2016256K) From: 28528K(36352K)->32960K(33280K)
[6658.312s][info ][gc,heap        ] GC(154) ParOldGen: 1846467K(1846784K)->1866973K(1867264K)
[6658.312s][info ][gc,metaspace   ] GC(154) Metaspace: 116129K(117568K)->116129K(117568K) NonClass: 98869K(99648K)->98869K(99648K) Class: 17260K(17920K)->17260K(17920K)
[6658.312s][info ][gc             ] GC(154) Pause Young (Allocation Failure) 3800M->1855M(3825M) 30.957ms
[6658.312s][info ][gc,cpu         ] GC(154) User=0.10s Sys=0.01s Real=0.03s
[6658.312s][info ][safepoint      ] Safepoint "ParallelGCFailedAllocation", Time since last: 677580153 ns, Reaching safepoint: 50301 ns, Cleanup: 6000 ns, At safepoint: 31079099 ns, Total: 31135400 ns
[6662.314s][info ][safepoint      ] Safepoint "Cleanup", Time since last: 4001734965 ns, Reaching safepoint: 95102 ns, Cleanup: 14400 ns, At safepoint: 25301 ns, Total: 134803 ns
[6667.395s][info ][safepoint      ] Safepoint "Cleanup", Time since last: 5081434781 ns, Reaching safepoint: 90502 ns, Cleanup: 15801 ns, At safepoint: 24400 ns, Total: 130703 ns
[6671.396s][info ][safepoint      ] Safepoint "Cleanup", Time since last: 4000366111 ns, Reaching safepoint: 84801 ns, Cleanup: 22301 ns, At safepoint: 5900 ns, Total: 113002 ns
[6672.396s][info ][safepoint      ] Safepoint "Cleanup", Time since last: 1000126574 ns, Reaching safepoint: 14100 ns, Cleanup: 16200 ns, At safepoint: 2900 ns, Total: 33200 ns
[6673.396s][info ][safepoint      ] Safepoint "Cleanup", Time since last: 1000124974 ns, Reaching safepoint: 16700 ns, Cleanup: 16600 ns, At safepoint: 2900 ns, Total: 36200 ns
[6674.566s][info ][gc,start       ] GC(155) Pause Young (Allocation Failure)
[6674.602s][debug][gc,phases      ] GC(155) Scavenge 36.157ms
[6674.603s][debug][gc,ref         ] GC(155) ReferenceProcessor::execute queues: 1, RefProcThreadModel::Single, marks_oops_alive: false
[6674.603s][debug][gc,ref         ] GC(155) Skipped KeepAliveFinalRefsPhase of Reference Processing: no references
[6674.603s][debug][gc,ref         ] GC(155) ReferenceProcessor::execute queues: 1, RefProcThreadModel::Single, marks_oops_alive: false
[6674.603s][debug][gc,phases      ] GC(155) Reference Processing 0.128ms
[6674.603s][debug][gc,phases      ] GC(155)   VM Weak                        Min:  0.0, Avg:  0.0, Max:  0.0, Diff:  0.0, Sum:  0.0, Workers: 4
[6674.603s][debug][gc,phases      ] GC(155)     Dead                           Min: 0, Avg:  0.0, Max: 0, Diff: 0, Sum: 0, Workers: 4
[6674.603s][debug][gc,phases      ] GC(155)     Total                          Min: 0, Avg: 280.8, Max: 576, Diff: 576, Sum: 1123, Workers: 4
[6674.603s][debug][gc,phases      ] GC(155)   ObjectSynchronizer Weak        Min:  0.0, Avg:  0.0, Max:  0.0, Diff:  0.0, Sum:  0.0, Workers: 4
[6674.603s][debug][gc,phases      ] GC(155)     Dead                           Min: 0, Avg:  0.0, Max: 0, Diff: 0, Sum: 0, Workers: 4
[6674.603s][debug][gc,phases      ] GC(155)     Total                          Min: 0, Avg:  1.0, Max: 4, Diff: 4, Sum: 4, Workers: 4
[6674.603s][debug][gc,phases      ] GC(155)   JVMTI Tag Weak OopStorage      Min:  0.0, Avg:  0.0, Max:  0.0, Diff:  0.0, Sum:  0.0, Workers: 4
[6674.603s][debug][gc,phases      ] GC(155)     Dead                           Min: 0, Avg:  0.0, Max: 0, Diff: 0, Sum: 0, Workers: 4
[6674.603s][debug][gc,phases      ] GC(155)     Total                          Min: 0, Avg:  0.0, Max: 0, Diff: 0, Sum: 0, Workers: 4
[6674.603s][debug][gc,phases      ] GC(155)   StringTable Weak               Min:  0.1, Avg:  0.1, Max:  0.1, Diff:  0.0, Sum:  0.5, Workers: 4
[6674.603s][debug][gc,phases      ] GC(155)     Dead                           Min: 0, Avg:  0.0, Max: 0, Diff: 0, Sum: 0, Workers: 4
[6674.603s][debug][gc,phases      ] GC(155)     Total                          Min: 12160, Avg: 12626.2, Max: 13002, Diff: 842, Sum: 50505, Workers: 4
[6674.603s][debug][gc,phases      ] GC(155)   ResolvedMethodTable Weak       Min:  0.0, Avg:  0.0, Max:  0.0, Diff:  0.0, Sum:  0.2, Workers: 4
[6674.603s][debug][gc,phases      ] GC(155)     Dead                           Min: 0, Avg:  0.0, Max: 0, Diff: 0, Sum: 0, Workers: 4
[6674.603s][debug][gc,phases      ] GC(155)     Total                          Min: 4054, Avg: 4082.2, Max: 4148, Diff: 94, Sum: 16329, Workers: 4
[6674.603s][debug][gc,phases      ] GC(155)   JNI Weak                       Min:  0.0, Avg:  0.0, Max:  0.0, Diff:  0.0, Sum:  0.0, Workers: 4
[6674.603s][debug][gc,phases      ] GC(155)     Dead                           Min: 0, Avg:  0.0, Max: 0, Diff: 0, Sum: 0, Workers: 4
[6674.603s][debug][gc,phases      ] GC(155)     Total                          Min: 0, Avg: 13.0, Max: 52, Diff: 52, Sum: 52, Workers: 4
[6674.603s][debug][gc,phases      ] GC(155)   StringDedup Table Weak         Min:  0.0, Avg:  0.0, Max:  0.0, Diff:  0.0, Sum:  0.0, Workers: 4
[6674.603s][debug][gc,phases      ] GC(155)     Dead                           Min: 0, Avg:  0.0, Max: 0, Diff: 0, Sum: 0, Workers: 4
[6674.603s][debug][gc,phases      ] GC(155)     Total                          Min: 0, Avg:  0.0, Max: 0, Diff: 0, Sum: 0, Workers: 4
[6674.603s][debug][gc,phases      ] GC(155)   StringDedup Requests0 Weak     Min:  0.0, Avg:  0.0, Max:  0.0, Diff:  0.0, Sum:  0.0, Workers: 4
[6674.603s][debug][gc,phases      ] GC(155)     Dead                           Min: 0, Avg:  0.0, Max: 0, Diff: 0, Sum: 0, Workers: 4
[6674.603s][debug][gc,phases      ] GC(155)     Total                          Min: 0, Avg:  0.0, Max: 0, Diff: 0, Sum: 0, Workers: 4
[6674.603s][debug][gc,phases      ] GC(155)   StringDedup Requests1 Weak     Min:  0.0, Avg:  0.0, Max:  0.0, Diff:  0.0, Sum:  0.0, Workers: 4
[6674.603s][debug][gc,phases      ] GC(155)     Dead                           Min: 0, Avg:  0.0, Max: 0, Diff: 0, Sum: 0, Workers: 4
[6674.603s][debug][gc,phases      ] GC(155)     Total                          Min: 0, Avg:  0.0, Max: 0, Diff: 0, Sum: 0, Workers: 4
[6674.603s][debug][gc,phases      ] GC(155)   Weak JFR Old Object Samples    Min:  0.0, Avg:  0.0, Max:  0.0, Diff:  0.0, Sum:  0.0, Workers: 4
[6674.603s][debug][gc,phases      ] GC(155)     Dead                           Min: 0, Avg:  0.0, Max: 0, Diff: 0, Sum: 0, Workers: 4
[6674.603s][debug][gc,phases      ] GC(155)     Total                          Min: 0, Avg:  0.0, Max: 0, Diff: 0, Sum: 0, Workers: 4
[6674.603s][debug][gc,phases      ] GC(155) Weak Processing 0.348ms
[6674.603s][debug][gc,age         ] GC(155) Desired survivor size 48234496 bytes, new threshold 1 (max threshold 15)
[6674.603s][info ][gc,heap        ] GC(155) PSYoungGen: 2049216K(2049536K)->27728K(2048000K) Eden: 2016256K(2016256K)->0K(2002944K) From: 32960K(33280K)->27728K(45056K)
[6674.603s][info ][gc,heap        ] GC(155) ParOldGen: 1866973K(1867264K)->1893576K(1893888K)
[6674.603s][info ][gc,metaspace   ] GC(155) Metaspace: 116137K(117568K)->116137K(117568K) NonClass: 98877K(99648K)->98877K(99648K) Class: 17260K(17920K)->17260K(17920K)
[6674.603s][info ][gc             ] GC(155) Pause Young (Allocation Failure) 3824M->1876M(3849M) 36.814ms
[6674.603s][info ][gc,cpu         ] GC(155) User=0.14s Sys=0.02s Real=0.04s
[6674.603s][info ][safepoint      ] Safepoint "ParallelGCFailedAllocation", Time since last: 1170112152 ns, Reaching safepoint: 13700 ns, Cleanup: 4900 ns, At safepoint: 36925434 ns, Total: 36944034 ns
[6675.603s][info ][safepoint      ] Safepoint "Cleanup", Time since last: 1000121773 ns, Reaching safepoint: 15701 ns, Cleanup: 16100 ns, At safepoint: 4400 ns, Total: 36201 ns
[6680.604s][info ][safepoint      ] Safepoint "Cleanup", Time since last: 5000567765 ns, Reaching safepoint: 14201 ns, Cleanup: 14100 ns, At safepoint: 3300 ns, Total: 31601 ns
[6684.605s][info ][safepoint      ] Safepoint "Cleanup", Time since last: 4000635276 ns, Reaching safepoint: 15001 ns, Cleanup: 37900 ns, At safepoint: 5501 ns, Total: 58402 ns
[6685.605s][info ][safepoint      ] Safepoint "Cleanup", Time since last: 1000238042 ns, Reaching safepoint: 14900 ns, Cleanup: 15900 ns, At safepoint: 3800 ns, Total: 34600 ns
[6687.605s][info ][safepoint      ] Safepoint "Cleanup", Time since last: 2000392283 ns, Reaching safepoint: 16401 ns, Cleanup: 15200 ns, At safepoint: 4400 ns, Total: 36001 ns
[6704.405s][info ][gc,start       ] GC(156) Pause Young (Allocation Failure)
[6704.434s][debug][gc,phases      ] GC(156) Scavenge 29.143ms
[6704.434s][debug][gc,ref         ] GC(156) ReferenceProcessor::execute queues: 1, RefProcThreadModel::Single, marks_oops_alive: false
[6704.434s][debug][gc,ref         ] GC(156) Skipped KeepAliveFinalRefsPhase of Reference Processing: no references
[6704.434s][debug][gc,ref         ] GC(156) Skipped PhantomRefsPhase of Reference Processing: no references
[6704.434s][debug][gc,phases      ] GC(156) Reference Processing 0.119ms
[6704.435s][debug][gc,phases      ] GC(156)   VM Weak                        Min:  0.0, Avg:  0.0, Max:  0.0, Diff:  0.0, Sum:  0.0, Workers: 4
[6704.435s][debug][gc,phases      ] GC(156)     Dead                           Min: 0, Avg:  0.0, Max: 0, Diff: 0, Sum: 0, Workers: 4
[6704.435s][debug][gc,phases      ] GC(156)     Total                          Min: 99, Avg: 280.8, Max: 512, Diff: 413, Sum: 1123, Workers: 4
[6704.435s][debug][gc,phases      ] GC(156)   ObjectSynchronizer Weak        Min:  0.0, Avg:  0.0, Max:  0.0, Diff:  0.0, Sum:  0.0, Workers: 4
[6704.435s][debug][gc,phases      ] GC(156)     Dead                           Min: 0, Avg:  0.0, Max: 0, Diff: 0, Sum: 0, Workers: 4
[6704.435s][debug][gc,phases      ] GC(156)     Total                          Min: 0, Avg:  1.5, Max: 6, Diff: 6, Sum: 6, Workers: 4
[6704.435s][debug][gc,phases      ] GC(156)   JVMTI Tag Weak OopStorage      Min:  0.0, Avg:  0.0, Max:  0.0, Diff:  0.0, Sum:  0.0, Workers: 4
[6704.435s][debug][gc,phases      ] GC(156)     Dead                           Min: 0, Avg:  0.0, Max: 0, Diff: 0, Sum: 0, Workers: 4
[6704.435s][debug][gc,phases      ] GC(156)     Total                          Min: 0, Avg:  0.0, Max: 0, Diff: 0, Sum: 0, Workers: 4
[6704.435s][debug][gc,phases      ] GC(156)   StringTable Weak               Min:  0.1, Avg:  0.1, Max:  0.1, Diff:  0.0, Sum:  0.5, Workers: 4
[6704.435s][debug][gc,phases      ] GC(156)     Dead                           Min: 0, Avg:  0.0, Max: 0, Diff: 0, Sum: 0, Workers: 4
[6704.435s][debug][gc,phases      ] GC(156)     Total                          Min: 11520, Avg: 12626.2, Max: 13696, Diff: 2176, Sum: 50505, Workers: 4
[6704.435s][debug][gc,phases      ] GC(156)   ResolvedMethodTable Weak       Min:  0.0, Avg:  0.0, Max:  0.0, Diff:  0.0, Sum:  0.1, Workers: 4
[6704.435s][debug][gc,phases      ] GC(156)     Dead                           Min: 0, Avg:  4.0, Max: 9, Diff: 9, Sum: 16, Workers: 4
[6704.435s][debug][gc,phases      ] GC(156)     Total                          Min: 3915, Avg: 4082.2, Max: 4154, Diff: 239, Sum: 16329, Workers: 4
[6704.435s][debug][gc,phases      ] GC(156)   JNI Weak                       Min:  0.0, Avg:  0.0, Max:  0.0, Diff:  0.0, Sum:  0.0, Workers: 4
[6704.435s][debug][gc,phases      ] GC(156)     Dead                           Min: 0, Avg:  0.0, Max: 0, Diff: 0, Sum: 0, Workers: 4
[6704.435s][debug][gc,phases      ] GC(156)     Total                          Min: 0, Avg: 13.0, Max: 52, Diff: 52, Sum: 52, Workers: 4
[6704.435s][debug][gc,phases      ] GC(156)   StringDedup Table Weak         Min:  0.0, Avg:  0.0, Max:  0.0, Diff:  0.0, Sum:  0.0, Workers: 4
[6704.435s][debug][gc,phases      ] GC(156)     Dead                           Min: 0, Avg:  0.0, Max: 0, Diff: 0, Sum: 0, Workers: 4
[6704.435s][debug][gc,phases      ] GC(156)     Total                          Min: 0, Avg:  0.0, Max: 0, Diff: 0, Sum: 0, Workers: 4
[6704.435s][debug][gc,phases      ] GC(156)   StringDedup Requests0 Weak     Min:  0.0, Avg:  0.0, Max:  0.0, Diff:  0.0, Sum:  0.0, Workers: 4
[6704.435s][debug][gc,phases      ] GC(156)     Dead                           Min: 0, Avg:  0.0, Max: 0, Diff: 0, Sum: 0, Workers: 4
[6704.435s][debug][gc,phases      ] GC(156)     Total                          Min: 0, Avg:  0.0, Max: 0, Diff: 0, Sum: 0, Workers: 4
[6704.435s][debug][gc,phases      ] GC(156)   StringDedup Requests1 Weak     Min:  0.0, Avg:  0.0, Max:  0.0, Diff:  0.0, Sum:  0.0, Workers: 4
[6704.435s][debug][gc,phases      ] GC(156)     Dead                           Min: 0, Avg:  0.0, Max: 0, Diff: 0, Sum: 0, Workers: 4
[6704.435s][debug][gc,phases      ] GC(156)     Total                          Min: 0, Avg:  0.0, Max: 0, Diff: 0, Sum: 0, Workers: 4
[6704.435s][debug][gc,phases      ] GC(156)   Weak JFR Old Object Samples    Min:  0.0, Avg:  0.0, Max:  0.0, Diff:  0.0, Sum:  0.0, Workers: 4
[6704.435s][debug][gc,phases      ] GC(156)     Dead                           Min: 0, Avg:  0.0, Max: 0, Diff: 0, Sum: 0, Workers: 4
[6704.435s][debug][gc,phases      ] GC(156)     Total                          Min: 0, Avg:  0.0, Max: 0, Diff: 0, Sum: 0, Workers: 4
[6704.435s][debug][gc,phases      ] GC(156) Weak Processing 0.367ms
[6704.435s][debug][gc,age         ] GC(156) Desired survivor size 45613056 bytes, new threshold 1 (max threshold 15)
[6704.435s][info ][gc,heap        ] GC(156) PSYoungGen: 2030672K(2048000K)->13200K(2050048K) Eden: 2002944K(2002944K)->0K(2002944K) From: 27728K(45056K)->13200K(47104K)
[6704.435s][info ][gc,heap        ] GC(156) ParOldGen: 1893576K(1893888K)->1918408K(1918464K)
[6704.435s][info ][gc,metaspace   ] GC(156) Metaspace: 116141K(117568K)->116141K(117568K) NonClass: 98881K(99648K)->98881K(99648K) Class: 17260K(17920K)->17260K(17920K)
[6704.435s][info ][gc             ] GC(156) Pause Young (Allocation Failure) 3832M->1886M(3875M) 29.779ms
[6704.435s][info ][gc,cpu         ] GC(156) User=0.10s Sys=0.01s Real=0.03s
[6704.435s][info ][safepoint      ] Safepoint "ParallelGCFailedAllocation", Time since last: 16799698369 ns, Reaching safepoint: 87002 ns, Cleanup: 5900 ns, At safepoint: 29901282 ns, Total: 29994184 ns
[6717.437s][info ][safepoint      ] Safepoint "Cleanup", Time since last: 13002425134 ns, Reaching safepoint: 14600 ns, Cleanup: 16301 ns, At safepoint: 3900 ns, Total: 34801 ns
[6724.423s][info ][safepoint      ] Safepoint "Cleanup", Time since last: 6985893963 ns, Reaching safepoint: 16800 ns, Cleanup: 16401 ns, At safepoint: 3600 ns, Total: 36801 ns
[6729.424s][info ][safepoint      ] Safepoint "Cleanup", Time since last: 5000486083 ns, Reaching safepoint: 18500 ns, Cleanup: 16300 ns, At safepoint: 31101 ns, Total: 65901 ns
[6732.424s][info ][safepoint      ] Safepoint "Cleanup", Time since last: 3000363664 ns, Reaching safepoint: 15000 ns, Cleanup: 17001 ns, At safepoint: 3300 ns, Total: 35301 ns
[6739.425s][info ][safepoint      ] Safepoint "Cleanup", Time since last: 7000873250 ns, Reaching safepoint: 93502 ns, Cleanup: 16600 ns, At safepoint: 12500 ns, Total: 122602 ns
[6744.637s][info ][gc,start       ] GC(157) Pause Young (Allocation Failure)
[6744.657s][debug][gc,phases      ] GC(157) Scavenge 19.273ms
[6744.657s][debug][gc,ref         ] GC(157) ReferenceProcessor::execute queues: 1, RefProcThreadModel::Single, marks_oops_alive: false
[6744.657s][debug][gc,ref         ] GC(157) Skipped KeepAliveFinalRefsPhase of Reference Processing: no references
[6744.657s][debug][gc,ref         ] GC(157) Skipped PhantomRefsPhase of Reference Processing: no references
[6744.657s][debug][gc,phases      ] GC(157) Reference Processing 0.115ms
[6744.657s][debug][gc,phases      ] GC(157)   VM Weak                        Min:  0.0, Avg:  0.0, Max:  0.0, Diff:  0.0, Sum:  0.0, Workers: 4
[6744.657s][debug][gc,phases      ] GC(157)     Dead                           Min: 0, Avg:  0.0, Max: 0, Diff: 0, Sum: 0, Workers: 4
[6744.657s][debug][gc,phases      ] GC(157)     Total                          Min: 0, Avg: 280.8, Max: 1123, Diff: 1123, Sum: 1123, Workers: 4
[6744.657s][debug][gc,phases      ] GC(157)   ObjectSynchronizer Weak        Min:  0.0, Avg:  0.0, Max:  0.0, Diff:  0.0, Sum:  0.0, Workers: 4
[6744.657s][debug][gc,phases      ] GC(157)     Dead                           Min: 0, Avg:  0.0, Max: 0, Diff: 0, Sum: 0, Workers: 4
[6744.657s][debug][gc,phases      ] GC(157)     Total                          Min: 0, Avg:  1.0, Max: 4, Diff: 4, Sum: 4, Workers: 4
[6744.657s][debug][gc,phases      ] GC(157)   JVMTI Tag Weak OopStorage      Min:  0.0, Avg:  0.0, Max:  0.0, Diff:  0.0, Sum:  0.0, Workers: 4
[6744.657s][debug][gc,phases      ] GC(157)     Dead                           Min: 0, Avg:  0.0, Max: 0, Diff: 0, Sum: 0, Workers: 4
[6744.657s][debug][gc,phases      ] GC(157)     Total                          Min: 0, Avg:  0.0, Max: 0, Diff: 0, Sum: 0, Workers: 4
[6744.657s][debug][gc,phases      ] GC(157)   StringTable Weak               Min:  0.1, Avg:  0.1, Max:  0.1, Diff:  0.0, Sum:  0.4, Workers: 4
[6744.657s][debug][gc,phases      ] GC(157)     Dead                           Min: 0, Avg:  0.0, Max: 0, Diff: 0, Sum: 0, Workers: 4
[6744.657s][debug][gc,phases      ] GC(157)     Total                          Min: 11210, Avg: 12626.2, Max: 14591, Diff: 3381, Sum: 50505, Workers: 4
[6744.657s][debug][gc,phases      ] GC(157)   ResolvedMethodTable Weak       Min:  0.0, Avg:  0.0, Max:  0.0, Diff:  0.0, Sum:  0.1, Workers: 4
[6744.657s][debug][gc,phases      ] GC(157)     Dead                           Min: 0, Avg:  4.0, Max: 16, Diff: 16, Sum: 16, Workers: 4
[6744.657s][debug][gc,phases      ] GC(157)     Total                          Min: 3489, Avg: 4082.2, Max: 4644, Diff: 1155, Sum: 16329, Workers: 4
[6744.657s][debug][gc,phases      ] GC(157)   JNI Weak                       Min:  0.0, Avg:  0.0, Max:  0.0, Diff:  0.0, Sum:  0.0, Workers: 4
[6744.657s][debug][gc,phases      ] GC(157)     Dead                           Min: 0, Avg:  0.0, Max: 0, Diff: 0, Sum: 0, Workers: 4
[6744.657s][debug][gc,phases      ] GC(157)     Total                          Min: 0, Avg: 13.0, Max: 52, Diff: 52, Sum: 52, Workers: 4
[6744.657s][debug][gc,phases      ] GC(157)   StringDedup Table Weak         Min:  0.0, Avg:  0.0, Max:  0.0, Diff:  0.0, Sum:  0.0, Workers: 4
[6744.657s][debug][gc,phases      ] GC(157)     Dead                           Min: 0, Avg:  0.0, Max: 0, Diff: 0, Sum: 0, Workers: 4
[6744.657s][debug][gc,phases      ] GC(157)     Total                          Min: 0, Avg:  0.0, Max: 0, Diff: 0, Sum: 0, Workers: 4
[6744.657s][debug][gc,phases      ] GC(157)   StringDedup Requests0 Weak     Min:  0.0, Avg:  0.0, Max:  0.0, Diff:  0.0, Sum:  0.0, Workers: 4
[6744.657s][debug][gc,phases      ] GC(157)     Dead                           Min: 0, Avg:  0.0, Max: 0, Diff: 0, Sum: 0, Workers: 4
[6744.657s][debug][gc,phases      ] GC(157)     Total                          Min: 0, Avg:  0.0, Max: 0, Diff: 0, Sum: 0, Workers: 4
[6744.657s][debug][gc,phases      ] GC(157)   StringDedup Requests1 Weak     Min:  0.0, Avg:  0.0, Max:  0.0, Diff:  0.0, Sum:  0.0, Workers: 4
[6744.657s][debug][gc,phases      ] GC(157)     Dead                           Min: 0, Avg:  0.0, Max: 0, Diff: 0, Sum: 0, Workers: 4
[6744.657s][debug][gc,phases      ] GC(157)     Total                          Min: 0, Avg:  0.0, Max: 0, Diff: 0, Sum: 0, Workers: 4
[6744.657s][debug][gc,phases      ] GC(157)   Weak JFR Old Object Samples    Min:  0.0, Avg:  0.0, Max:  0.0, Diff:  0.0, Sum:  0.0, Workers: 4
[6744.657s][debug][gc,phases      ] GC(157)     Dead                           Min: 0, Avg:  0.0, Max: 0, Diff: 0, Sum: 0, Workers: 4
[6744.657s][debug][gc,phases      ] GC(157)     Total                          Min: 0, Avg:  0.0, Max: 0, Diff: 0, Sum: 0, Workers: 4
[6744.657s][debug][gc,phases      ] GC(157) Weak Processing 0.307ms
[6744.657s][debug][gc,age         ] GC(157) Desired survivor size 43515904 bytes, new threshold 1 (max threshold 15)
[6744.657s][info ][gc,heap        ] GC(157) PSYoungGen: 2016144K(2050048K)->18160K(2054656K) Eden: 2002944K(2002944K)->0K(2010112K) From: 13200K(47104K)->18160K(44544K)
[6744.657s][info ][gc,heap        ] GC(157) ParOldGen: 1918408K(1918464K)->1928497K(1928704K)
[6744.657s][info ][gc,metaspace   ] GC(157) Metaspace: 116142K(117568K)->116142K(117568K) NonClass: 98881K(99648K)->98881K(99648K) Class: 17260K(17920K)->17260K(17920K)
[6744.657s][info ][gc             ] GC(157) Pause Young (Allocation Failure) 3842M->1901M(3890M) 19.847ms
[6744.657s][info ][gc,cpu         ] GC(157) User=0.07s Sys=0.01s Real=0.02s
[6744.657s][info ][safepoint      ] Safepoint "ParallelGCFailedAllocation", Time since last: 5212173980 ns, Reaching safepoint: 11801 ns, Cleanup: 6200 ns, At safepoint: 19957474 ns, Total: 19975475 ns
[6745.658s][info ][safepoint      ] Safepoint "Cleanup", Time since last: 1000163037 ns, Reaching safepoint: 13600 ns, Cleanup: 13600 ns, At safepoint: 4100 ns, Total: 31300 ns
[6748.658s][info ][safepoint      ] Safepoint "Cleanup", Time since last: 3000306494 ns, Reaching safepoint: 86602 ns, Cleanup: 17000 ns, At safepoint: 11400 ns, Total: 115002 ns
[6749.658s][info ][safepoint      ] Safepoint "Cleanup", Time since last: 1000217932 ns, Reaching safepoint: 14300 ns, Cleanup: 21101 ns, At safepoint: 4700 ns, Total: 40101 ns
[6750.659s][info ][safepoint      ] Safepoint "Cleanup", Time since last: 1000121830 ns, Reaching safepoint: 84702 ns, Cleanup: 23800 ns, At safepoint: 8600 ns, Total: 117102 ns
[6758.659s][info ][safepoint      ] Safepoint "Cleanup", Time since last: 8000871469 ns, Reaching safepoint: 15700 ns, Cleanup: 17100 ns, At safepoint: 4100 ns, Total: 36900 ns
[6759.661s][info ][safepoint      ] Safepoint "Cleanup", Time since last: 1001116762 ns, Reaching safepoint: 19201 ns, Cleanup: 20300 ns, At safepoint: 4000 ns, Total: 43501 ns
[6762.661s][info ][safepoint      ] Safepoint "Cleanup", Time since last: 3000403729 ns, Reaching safepoint: 15800 ns, Cleanup: 18801 ns, At safepoint: 4800 ns, Total: 39401 ns
[6763.661s][info ][safepoint      ] Safepoint "Cleanup", Time since last: 1000133743 ns, Reaching safepoint: 12700 ns, Cleanup: 15700 ns, At safepoint: 3800 ns, Total: 32200 ns
[6767.043s][info ][gc,start       ] GC(158) Pause Young (Allocation Failure)
[6767.068s][debug][gc,phases      ] GC(158) Scavenge 24.771ms
[6767.068s][debug][gc,ref         ] GC(158) ReferenceProcessor::execute queues: 1, RefProcThreadModel::Single, marks_oops_alive: false
[6767.068s][debug][gc,ref         ] GC(158) Skipped KeepAliveFinalRefsPhase of Reference Processing: no references
[6767.068s][debug][gc,ref         ] GC(158) ReferenceProcessor::execute queues: 1, RefProcThreadModel::Single, marks_oops_alive: false
[6767.068s][debug][gc,phases      ] GC(158) Reference Processing 0.114ms
[6767.069s][debug][gc,phases      ] GC(158)   VM Weak                        Min:  0.0, Avg:  0.0, Max:  0.0, Diff:  0.0, Sum:  0.0, Workers: 4
[6767.069s][debug][gc,phases      ] GC(158)     Dead                           Min: 0, Avg:  0.0, Max: 0, Diff: 0, Sum: 0, Workers: 4
[6767.069s][debug][gc,phases      ] GC(158)     Total                          Min: 0, Avg: 281.0, Max: 768, Diff: 768, Sum: 1124, Workers: 4
[6767.069s][debug][gc,phases      ] GC(158)   ObjectSynchronizer Weak        Min:  0.0, Avg:  0.0, Max:  0.0, Diff:  0.0, Sum:  0.0, Workers: 4
[6767.069s][debug][gc,phases      ] GC(158)     Dead                           Min: 0, Avg:  0.0, Max: 0, Diff: 0, Sum: 0, Workers: 4
[6767.069s][debug][gc,phases      ] GC(158)     Total                          Min: 0, Avg:  1.5, Max: 6, Diff: 6, Sum: 6, Workers: 4
[6767.069s][debug][gc,phases      ] GC(158)   JVMTI Tag Weak OopStorage      Min:  0.0, Avg:  0.0, Max:  0.0, Diff:  0.0, Sum:  0.0, Workers: 4
[6767.069s][debug][gc,phases      ] GC(158)     Dead                           Min: 0, Avg:  0.0, Max: 0, Diff: 0, Sum: 0, Workers: 4
[6767.069s][debug][gc,phases      ] GC(158)     Total                          Min: 0, Avg:  0.0, Max: 0, Diff: 0, Sum: 0, Workers: 4
[6767.069s][debug][gc,phases      ] GC(158)   StringTable Weak               Min:  0.1, Avg:  0.1, Max:  0.1, Diff:  0.0, Sum:  0.5, Workers: 4
[6767.069s][debug][gc,phases      ] GC(158)     Dead                           Min: 0, Avg:  0.5, Max: 2, Diff: 2, Sum: 2, Workers: 4
[6767.069s][debug][gc,phases      ] GC(158)     Total                          Min: 10303, Avg: 12628.8, Max: 15253, Diff: 4950, Sum: 50515, Workers: 4
[6767.069s][debug][gc,phases      ] GC(158)   ResolvedMethodTable Weak       Min:  0.0, Avg:  0.0, Max:  0.0, Diff:  0.0, Sum:  0.1, Workers: 4
[6767.069s][debug][gc,phases      ] GC(158)     Dead                           Min: 0, Avg:  0.5, Max: 2, Diff: 2, Sum: 2, Workers: 4
[6767.069s][debug][gc,phases      ] GC(158)     Total                          Min: 3498, Avg: 4084.8, Max: 4708, Diff: 1210, Sum: 16339, Workers: 4
[6767.069s][debug][gc,phases      ] GC(158)   JNI Weak                       Min:  0.0, Avg:  0.0, Max:  0.0, Diff:  0.0, Sum:  0.0, Workers: 4
[6767.069s][debug][gc,phases      ] GC(158)     Dead                           Min: 0, Avg:  0.0, Max: 0, Diff: 0, Sum: 0, Workers: 4
[6767.069s][debug][gc,phases      ] GC(158)     Total                          Min: 0, Avg: 13.0, Max: 52, Diff: 52, Sum: 52, Workers: 4
[6767.069s][debug][gc,phases      ] GC(158)   StringDedup Table Weak         Min:  0.0, Avg:  0.0, Max:  0.0, Diff:  0.0, Sum:  0.0, Workers: 4
[6767.069s][debug][gc,phases      ] GC(158)     Dead                           Min: 0, Avg:  0.0, Max: 0, Diff: 0, Sum: 0, Workers: 4
[6767.069s][debug][gc,phases      ] GC(158)     Total                          Min: 0, Avg:  0.0, Max: 0, Diff: 0, Sum: 0, Workers: 4
[6767.069s][debug][gc,phases      ] GC(158)   StringDedup Requests0 Weak     Min:  0.0, Avg:  0.0, Max:  0.0, Diff:  0.0, Sum:  0.0, Workers: 4
[6767.069s][debug][gc,phases      ] GC(158)     Dead                           Min: 0, Avg:  0.0, Max: 0, Diff: 0, Sum: 0, Workers: 4
[6767.069s][debug][gc,phases      ] GC(158)     Total                          Min: 0, Avg:  0.0, Max: 0, Diff: 0, Sum: 0, Workers: 4
[6767.069s][debug][gc,phases      ] GC(158)   StringDedup Requests1 Weak     Min:  0.0, Avg:  0.0, Max:  0.0, Diff:  0.0, Sum:  0.0, Workers: 4
[6767.069s][debug][gc,phases      ] GC(158)     Dead                           Min: 0, Avg:  0.0, Max: 0, Diff: 0, Sum: 0, Workers: 4
[6767.069s][debug][gc,phases      ] GC(158)     Total                          Min: 0, Avg:  0.0, Max: 0, Diff: 0, Sum: 0, Workers: 4
[6767.069s][debug][gc,phases      ] GC(158)   Weak JFR Old Object Samples    Min:  0.0, Avg:  0.0, Max:  0.0, Diff:  0.0, Sum:  0.0, Workers: 4
[6767.069s][debug][gc,phases      ] GC(158)     Dead                           Min: 0, Avg:  0.0, Max: 0, Diff: 0, Sum: 0, Workers: 4
[6767.069s][debug][gc,phases      ] GC(158)     Total                          Min: 0, Avg:  0.0, Max: 0, Diff: 0, Sum: 0, Workers: 4
[6767.069s][debug][gc,phases      ] GC(158) Weak Processing 0.350ms
[6767.069s][debug][gc,age         ] GC(158) Desired survivor size 43515904 bytes, new threshold 1 (max threshold 15)
[6767.069s][info ][gc,heap        ] GC(158) PSYoungGen: 2028272K(2054656K)->22928K(2052608K) Eden: 2010112K(2010112K)->0K(2010112K) From: 18160K(44544K)->22928K(42496K)
[6767.069s][info ][gc,heap        ] GC(158) ParOldGen: 1928497K(1928704K)->1943642K(1944064K)
[6767.069s][info ][gc,metaspace   ] GC(158) Metaspace: 116163K(117632K)->116163K(117632K) NonClass: 98898K(99712K)->98898K(99712K) Class: 17265K(17920K)->17265K(17920K)
[6767.069s][info ][gc             ] GC(158) Pause Young (Allocation Failure) 3864M->1920M(3903M) 25.387ms
[6767.069s][info ][gc,cpu         ] GC(158) User=0.08s Sys=0.01s Real=0.03s
[6767.069s][info ][safepoint      ] Safepoint "ParallelGCFailedAllocation", Time since last: 3382175209 ns, Reaching safepoint: 13200 ns, Cleanup: 6800 ns, At safepoint: 25487596 ns, Total: 25507596 ns
[6768.069s][info ][safepoint      ] Safepoint "Cleanup", Time since last: 1000196265 ns, Reaching safepoint: 15501 ns, Cleanup: 20800 ns, At safepoint: 5000 ns, Total: 41301 ns
[6787.629s][info ][gc,start       ] GC(159) Pause Young (Allocation Failure)
[6787.655s][debug][gc,phases      ] GC(159) Scavenge 26.003ms
[6787.655s][debug][gc,ref         ] GC(159) Skipped SoftWeakFinalRefsPhase of Reference Processing: no references
[6787.655s][debug][gc,ref         ] GC(159) Skipped KeepAliveFinalRefsPhase of Reference Processing: no references
[6787.655s][debug][gc,ref         ] GC(159) ReferenceProcessor::execute queues: 1, RefProcThreadModel::Single, marks_oops_alive: false
[6787.655s][debug][gc,phases      ] GC(159) Reference Processing 0.106ms
[6787.655s][debug][gc,phases      ] GC(159)   VM Weak                        Min:  0.0, Avg:  0.0, Max:  0.0, Diff:  0.0, Sum:  0.0, Workers: 4
[6787.655s][debug][gc,phases      ] GC(159)     Dead                           Min: 0, Avg:  0.0, Max: 0, Diff: 0, Sum: 0, Workers: 4
[6787.655s][debug][gc,phases      ] GC(159)     Total                          Min: 0, Avg: 281.0, Max: 548, Diff: 548, Sum: 1124, Workers: 4
[6787.655s][debug][gc,phases      ] GC(159)   ObjectSynchronizer Weak        Min:  0.0, Avg:  0.0, Max:  0.0, Diff:  0.0, Sum:  0.0, Workers: 4
[6787.655s][debug][gc,phases      ] GC(159)     Dead                           Min: 0, Avg:  0.0, Max: 0, Diff: 0, Sum: 0, Workers: 4
[6787.655s][debug][gc,phases      ] GC(159)     Total                          Min: 0, Avg:  0.8, Max: 3, Diff: 3, Sum: 3, Workers: 4
[6787.655s][debug][gc,phases      ] GC(159)   JVMTI Tag Weak OopStorage      Min:  0.0, Avg:  0.0, Max:  0.0, Diff:  0.0, Sum:  0.0, Workers: 4
[6787.655s][debug][gc,phases      ] GC(159)     Dead                           Min: 0, Avg:  0.0, Max: 0, Diff: 0, Sum: 0, Workers: 4
[6787.655s][debug][gc,phases      ] GC(159)     Total                          Min: 0, Avg:  0.0, Max: 0, Diff: 0, Sum: 0, Workers: 4
[6787.655s][debug][gc,phases      ] GC(159)   StringTable Weak               Min:  0.1, Avg:  0.1, Max:  0.1, Diff:  0.0, Sum:  0.4, Workers: 4
[6787.655s][debug][gc,phases      ] GC(159)     Dead                           Min: 0, Avg:  0.0, Max: 0, Diff: 0, Sum: 0, Workers: 4
[6787.655s][debug][gc,phases      ] GC(159)     Total                          Min: 12096, Avg: 12628.8, Max: 13182, Diff: 1086, Sum: 50515, Workers: 4
[6787.655s][debug][gc,phases      ] GC(159)   ResolvedMethodTable Weak       Min:  0.0, Avg:  0.0, Max:  0.0, Diff:  0.0, Sum:  0.1, Workers: 4
[6787.655s][debug][gc,phases      ] GC(159)     Dead                           Min: 0, Avg:  4.0, Max: 16, Diff: 16, Sum: 16, Workers: 4
[6787.655s][debug][gc,phases      ] GC(159)     Total                          Min: 4015, Avg: 4084.8, Max: 4174, Diff: 159, Sum: 16339, Workers: 4
[6787.655s][debug][gc,phases      ] GC(159)   JNI Weak                       Min:  0.0, Avg:  0.0, Max:  0.0, Diff:  0.0, Sum:  0.0, Workers: 4
[6787.655s][debug][gc,phases      ] GC(159)     Dead                           Min: 0, Avg:  0.0, Max: 0, Diff: 0, Sum: 0, Workers: 4
[6787.655s][debug][gc,phases      ] GC(159)     Total                          Min: 0, Avg: 13.0, Max: 52, Diff: 52, Sum: 52, Workers: 4
[6787.655s][debug][gc,phases      ] GC(159)   StringDedup Table Weak         Min:  0.0, Avg:  0.0, Max:  0.0, Diff:  0.0, Sum:  0.0, Workers: 4
[6787.655s][debug][gc,phases      ] GC(159)     Dead                           Min: 0, Avg:  0.0, Max: 0, Diff: 0, Sum: 0, Workers: 4
[6787.655s][debug][gc,phases      ] GC(159)     Total                          Min: 0, Avg:  0.0, Max: 0, Diff: 0, Sum: 0, Workers: 4
[6787.655s][debug][gc,phases      ] GC(159)   StringDedup Requests0 Weak     Min:  0.0, Avg:  0.0, Max:  0.0, Diff:  0.0, Sum:  0.0, Workers: 4
[6787.655s][debug][gc,phases      ] GC(159)     Dead                           Min: 0, Avg:  0.0, Max: 0, Diff: 0, Sum: 0, Workers: 4
[6787.655s][debug][gc,phases      ] GC(159)     Total                          Min: 0, Avg:  0.0, Max: 0, Diff: 0, Sum: 0, Workers: 4
[6787.655s][debug][gc,phases      ] GC(159)   StringDedup Requests1 Weak     Min:  0.0, Avg:  0.0, Max:  0.0, Diff:  0.0, Sum:  0.0, Workers: 4
[6787.655s][debug][gc,phases      ] GC(159)     Dead                           Min: 0, Avg:  0.0, Max: 0, Diff: 0, Sum: 0, Workers: 4
[6787.655s][debug][gc,phases      ] GC(159)     Total                          Min: 0, Avg:  0.0, Max: 0, Diff: 0, Sum: 0, Workers: 4
[6787.655s][debug][gc,phases      ] GC(159)   Weak JFR Old Object Samples    Min:  0.0, Avg:  0.0, Max:  0.0, Diff:  0.0, Sum:  0.0, Workers: 4
[6787.655s][debug][gc,phases      ] GC(159)     Dead                           Min: 0, Avg:  0.0, Max: 0, Diff: 0, Sum: 0, Workers: 4
[6787.655s][debug][gc,phases      ] GC(159)     Total                          Min: 0, Avg:  0.0, Max: 0, Diff: 0, Sum: 0, Workers: 4
[6787.655s][debug][gc,phases      ] GC(159) Weak Processing 0.334ms
[6787.655s][debug][gc,age         ] GC(159) Desired survivor size 44564480 bytes, new threshold 1 (max threshold 15)
[6787.655s][info ][gc,heap        ] GC(159) PSYoungGen: 2033040K(2052608K)->27152K(2052608K) Eden: 2010112K(2010112K)->0K(2010112K) From: 22928K(42496K)->27152K(42496K)
[6787.655s][info ][gc,heap        ] GC(159) ParOldGen: 1943642K(1944064K)->1963436K(1963520K)
[6787.655s][info ][gc,metaspace   ] GC(159) Metaspace: 116164K(117632K)->116164K(117632K) NonClass: 98899K(99712K)->98899K(99712K) Class: 17265K(17920K)->17265K(17920K)
[6787.655s][info ][gc             ] GC(159) Pause Young (Allocation Failure) 3883M->1943M(3922M) 26.606ms
[6787.655s][info ][gc,cpu         ] GC(159) User=0.09s Sys=0.01s Real=0.02s
[6787.655s][info ][safepoint      ] Safepoint "ParallelGCFailedAllocation", Time since last: 19559351216 ns, Reaching safepoint: 114902 ns, Cleanup: 7800 ns, At safepoint: 26710219 ns, Total: 26832921 ns
[6792.656s][info ][safepoint      ] Safepoint "Cleanup", Time since last: 5000653001 ns, Reaching safepoint: 15600 ns, Cleanup: 14500 ns, At safepoint: 3700 ns, Total: 33800 ns
[6804.658s][info ][safepoint      ] Safepoint "Cleanup", Time since last: 12001633917 ns, Reaching safepoint: 13600 ns, Cleanup: 12100 ns, At safepoint: 3500 ns, Total: 29200 ns
[6805.660s][info ][safepoint      ] Safepoint "Cleanup", Time since last: 1001866275 ns, Reaching safepoint: 95202 ns, Cleanup: 11500 ns, At safepoint: 33801 ns, Total: 140503 ns
[6807.660s][info ][safepoint      ] Safepoint "Cleanup", Time since last: 2000375385 ns, Reaching safepoint: 15700 ns, Cleanup: 18100 ns, At safepoint: 5801 ns, Total: 39601 ns
[6808.660s][info ][safepoint      ] Safepoint "Cleanup", Time since last: 1000130241 ns, Reaching safepoint: 11700 ns, Cleanup: 15600 ns, At safepoint: 3700 ns, Total: 31000 ns
[6810.220s][info ][gc,start       ] GC(160) Pause Young (Allocation Failure)
[6810.252s][debug][gc,phases      ] GC(160) Scavenge 32.585ms
[6810.253s][debug][gc,ref         ] GC(160) Skipped SoftWeakFinalRefsPhase of Reference Processing: no references
[6810.253s][debug][gc,ref         ] GC(160) Skipped KeepAliveFinalRefsPhase of Reference Processing: no references
[6810.253s][debug][gc,ref         ] GC(160) ReferenceProcessor::execute queues: 1, RefProcThreadModel::Single, marks_oops_alive: false
[6810.253s][debug][gc,phases      ] GC(160) Reference Processing 0.100ms
[6810.253s][debug][gc,phases      ] GC(160)   VM Weak                        Min:  0.0, Avg:  0.0, Max:  0.0, Diff:  0.0, Sum:  0.0, Workers: 4
[6810.253s][debug][gc,phases      ] GC(160)     Dead                           Min: 0, Avg:  0.0, Max: 0, Diff: 0, Sum: 0, Workers: 4
[6810.253s][debug][gc,phases      ] GC(160)     Total                          Min: 0, Avg: 281.0, Max: 1124, Diff: 1124, Sum: 1124, Workers: 4
[6810.253s][debug][gc,phases      ] GC(160)   ObjectSynchronizer Weak        Min:  0.0, Avg:  0.0, Max:  0.0, Diff:  0.0, Sum:  0.0, Workers: 4
[6810.253s][debug][gc,phases      ] GC(160)     Dead                           Min: 0, Avg:  0.0, Max: 0, Diff: 0, Sum: 0, Workers: 4
[6810.253s][debug][gc,phases      ] GC(160)     Total                          Min: 0, Avg:  1.5, Max: 6, Diff: 6, Sum: 6, Workers: 4
[6810.253s][debug][gc,phases      ] GC(160)   JVMTI Tag Weak OopStorage      Min:  0.0, Avg:  0.0, Max:  0.0, Diff:  0.0, Sum:  0.0, Workers: 4
[6810.253s][debug][gc,phases      ] GC(160)     Dead                           Min: 0, Avg:  0.0, Max: 0, Diff: 0, Sum: 0, Workers: 4
[6810.253s][debug][gc,phases      ] GC(160)     Total                          Min: 0, Avg:  0.0, Max: 0, Diff: 0, Sum: 0, Workers: 4
[6810.253s][debug][gc,phases      ] GC(160)   StringTable Weak               Min:  0.1, Avg:  0.1, Max:  0.1, Diff:  0.0, Sum:  0.4, Workers: 4
[6810.253s][debug][gc,phases      ] GC(160)     Dead                           Min: 0, Avg:  0.0, Max: 0, Diff: 0, Sum: 0, Workers: 4
[6810.253s][debug][gc,phases      ] GC(160)     Total                          Min: 11734, Avg: 12628.8, Max: 14590, Diff: 2856, Sum: 50515, Workers: 4
[6810.253s][debug][gc,phases      ] GC(160)   ResolvedMethodTable Weak       Min:  0.0, Avg:  0.0, Max:  0.0, Diff:  0.0, Sum:  0.1, Workers: 4
[6810.253s][debug][gc,phases      ] GC(160)     Dead                           Min: 0, Avg:  4.0, Max: 9, Diff: 9, Sum: 16, Workers: 4
[6810.253s][debug][gc,phases      ] GC(160)     Total                          Min: 3418, Avg: 4084.8, Max: 4947, Diff: 1529, Sum: 16339, Workers: 4
[6810.253s][debug][gc,phases      ] GC(160)   JNI Weak                       Min:  0.0, Avg:  0.0, Max:  0.0, Diff:  0.0, Sum:  0.0, Workers: 4
[6810.253s][debug][gc,phases      ] GC(160)     Dead                           Min: 0, Avg:  0.0, Max: 0, Diff: 0, Sum: 0, Workers: 4
[6810.253s][debug][gc,phases      ] GC(160)     Total                          Min: 0, Avg: 13.0, Max: 52, Diff: 52, Sum: 52, Workers: 4
[6810.253s][debug][gc,phases      ] GC(160)   StringDedup Table Weak         Min:  0.0, Avg:  0.0, Max:  0.0, Diff:  0.0, Sum:  0.0, Workers: 4
[6810.253s][debug][gc,phases      ] GC(160)     Dead                           Min: 0, Avg:  0.0, Max: 0, Diff: 0, Sum: 0, Workers: 4
[6810.253s][debug][gc,phases      ] GC(160)     Total                          Min: 0, Avg:  0.0, Max: 0, Diff: 0, Sum: 0, Workers: 4
[6810.253s][debug][gc,phases      ] GC(160)   StringDedup Requests0 Weak     Min:  0.0, Avg:  0.0, Max:  0.0, Diff:  0.0, Sum:  0.0, Workers: 4
[6810.253s][debug][gc,phases      ] GC(160)     Dead                           Min: 0, Avg:  0.0, Max: 0, Diff: 0, Sum: 0, Workers: 4
[6810.253s][debug][gc,phases      ] GC(160)     Total                          Min: 0, Avg:  0.0, Max: 0, Diff: 0, Sum: 0, Workers: 4
[6810.253s][debug][gc,phases      ] GC(160)   StringDedup Requests1 Weak     Min:  0.0, Avg:  0.0, Max:  0.0, Diff:  0.0, Sum:  0.0, Workers: 4
[6810.253s][debug][gc,phases      ] GC(160)     Dead                           Min: 0, Avg:  0.0, Max: 0, Diff: 0, Sum: 0, Workers: 4
[6810.253s][debug][gc,phases      ] GC(160)     Total                          Min: 0, Avg:  0.0, Max: 0, Diff: 0, Sum: 0, Workers: 4
[6810.253s][debug][gc,phases      ] GC(160)   Weak JFR Old Object Samples    Min:  0.0, Avg:  0.0, Max:  0.0, Diff:  0.0, Sum:  0.0, Workers: 4
[6810.253s][debug][gc,phases      ] GC(160)     Dead                           Min: 0, Avg:  0.0, Max: 0, Diff: 0, Sum: 0, Workers: 4
[6810.253s][debug][gc,phases      ] GC(160)     Total                          Min: 0, Avg:  0.0, Max: 0, Diff: 0, Sum: 0, Workers: 4
[6810.253s][debug][gc,phases      ] GC(160) Weak Processing 0.322ms
[6810.253s][debug][gc,age         ] GC(160) Desired survivor size 46661632 bytes, new threshold 1 (max threshold 15)
[6810.253s][info ][gc,heap        ] GC(160) PSYoungGen: 2037264K(2052608K)->29104K(2039296K) Eden: 2010112K(2010112K)->0K(2010112K) From: 27152K(42496K)->29104K(29184K)
[6810.253s][info ][gc,heap        ] GC(160) ParOldGen: 1963436K(1963520K)->1987877K(1988096K)
[6810.253s][info ][gc,metaspace   ] GC(160) Metaspace: 116165K(117632K)->116165K(117632K) NonClass: 98900K(99712K)->98900K(99712K) Class: 17265K(17920K)->17265K(17920K)
[6810.253s][info ][gc             ] GC(160) Pause Young (Allocation Failure) 3906M->1969M(3933M) 33.175ms
[6810.253s][info ][gc,cpu         ] GC(160) User=0.11s Sys=0.01s Real=0.03s
[6810.253s][info ][safepoint      ] Safepoint "ParallelGCFailedAllocation", Time since last: 1559449158 ns, Reaching safepoint: 94502 ns, Cleanup: 5400 ns, At safepoint: 33300344 ns, Total: 33400246 ns
[6813.255s][info ][safepoint      ] Safepoint "Cleanup", Time since last: 3001748090 ns, Reaching safepoint: 12101 ns, Cleanup: 14600 ns, At safepoint: 3900 ns, Total: 30601 ns
[6817.255s][info ][safepoint      ] Safepoint "Cleanup", Time since last: 4000409859 ns, Reaching safepoint: 14200 ns, Cleanup: 13800 ns, At safepoint: 3400 ns, Total: 31400 ns
[6820.256s][info ][safepoint      ] Safepoint "Cleanup", Time since last: 3000352320 ns, Reaching safepoint: 12001 ns, Cleanup: 14000 ns, At safepoint: 4500 ns, Total: 30501 ns
[6820.734s][info ][gc,start       ] GC(161) Pause Young (Allocation Failure)
[6820.767s][debug][gc,phases      ] GC(161) Scavenge 33.385ms
[6820.767s][debug][gc,ref         ] GC(161) Skipped SoftWeakFinalRefsPhase of Reference Processing: no references
[6820.767s][debug][gc,ref         ] GC(161) Skipped KeepAliveFinalRefsPhase of Reference Processing: no references
[6820.767s][debug][gc,ref         ] GC(161) Skipped PhantomRefsPhase of Reference Processing: no references
[6820.767s][debug][gc,phases      ] GC(161) Reference Processing 0.025ms
[6820.767s][debug][gc,phases      ] GC(161)   VM Weak                        Min:  0.0, Avg:  0.0, Max:  0.0, Diff:  0.0, Sum:  0.0, Workers: 4
[6820.767s][debug][gc,phases      ] GC(161)     Dead                           Min: 0, Avg:  0.0, Max: 0, Diff: 0, Sum: 0, Workers: 4
[6820.767s][debug][gc,phases      ] GC(161)     Total                          Min: 0, Avg: 281.0, Max: 576, Diff: 576, Sum: 1124, Workers: 4
[6820.767s][debug][gc,phases      ] GC(161)   ObjectSynchronizer Weak        Min:  0.0, Avg:  0.0, Max:  0.0, Diff:  0.0, Sum:  0.0, Workers: 4
[6820.767s][debug][gc,phases      ] GC(161)     Dead                           Min: 0, Avg:  0.0, Max: 0, Diff: 0, Sum: 0, Workers: 4
[6820.767s][debug][gc,phases      ] GC(161)     Total                          Min: 0, Avg:  1.5, Max: 6, Diff: 6, Sum: 6, Workers: 4
[6820.767s][debug][gc,phases      ] GC(161)   JVMTI Tag Weak OopStorage      Min:  0.0, Avg:  0.0, Max:  0.0, Diff:  0.0, Sum:  0.0, Workers: 4
[6820.767s][debug][gc,phases      ] GC(161)     Dead                           Min: 0, Avg:  0.0, Max: 0, Diff: 0, Sum: 0, Workers: 4
[6820.767s][debug][gc,phases      ] GC(161)     Total                          Min: 0, Avg:  0.0, Max: 0, Diff: 0, Sum: 0, Workers: 4
[6820.767s][debug][gc,phases      ] GC(161)   StringTable Weak               Min:  0.1, Avg:  0.1, Max:  0.1, Diff:  0.0, Sum:  0.4, Workers: 4
[6820.768s][debug][gc,phases      ] GC(161)     Dead                           Min: 0, Avg:  0.0, Max: 0, Diff: 0, Sum: 0, Workers: 4
[6820.768s][debug][gc,phases      ] GC(161)     Total                          Min: 10240, Avg: 12628.8, Max: 14398, Diff: 4158, Sum: 50515, Workers: 4
[6820.768s][debug][gc,phases      ] GC(161)   ResolvedMethodTable Weak       Min:  0.0, Avg:  0.0, Max:  0.0, Diff:  0.0, Sum:  0.1, Workers: 4
[6820.768s][debug][gc,phases      ] GC(161)     Dead                           Min: 0, Avg:  0.0, Max: 0, Diff: 0, Sum: 0, Workers: 4
[6820.768s][debug][gc,phases      ] GC(161)     Total                          Min: 3671, Avg: 4084.8, Max: 4816, Diff: 1145, Sum: 16339, Workers: 4
[6820.768s][debug][gc,phases      ] GC(161)   JNI Weak                       Min:  0.0, Avg:  0.0, Max:  0.0, Diff:  0.0, Sum:  0.0, Workers: 4
[6820.768s][debug][gc,phases      ] GC(161)     Dead                           Min: 0, Avg:  0.0, Max: 0, Diff: 0, Sum: 0, Workers: 4
[6820.768s][debug][gc,phases      ] GC(161)     Total                          Min: 0, Avg: 13.0, Max: 52, Diff: 52, Sum: 52, Workers: 4
[6820.768s][debug][gc,phases      ] GC(161)   StringDedup Table Weak         Min:  0.0, Avg:  0.0, Max:  0.0, Diff:  0.0, Sum:  0.0, Workers: 4
[6820.768s][debug][gc,phases      ] GC(161)     Dead                           Min: 0, Avg:  0.0, Max: 0, Diff: 0, Sum: 0, Workers: 4
[6820.768s][debug][gc,phases      ] GC(161)     Total                          Min: 0, Avg:  0.0, Max: 0, Diff: 0, Sum: 0, Workers: 4
[6820.768s][debug][gc,phases      ] GC(161)   StringDedup Requests0 Weak     Min:  0.0, Avg:  0.0, Max:  0.0, Diff:  0.0, Sum:  0.0, Workers: 4
[6820.768s][debug][gc,phases      ] GC(161)     Dead                           Min: 0, Avg:  0.0, Max: 0, Diff: 0, Sum: 0, Workers: 4
[6820.768s][debug][gc,phases      ] GC(161)     Total                          Min: 0, Avg:  0.0, Max: 0, Diff: 0, Sum: 0, Workers: 4
[6820.768s][debug][gc,phases      ] GC(161)   StringDedup Requests1 Weak     Min:  0.0, Avg:  0.0, Max:  0.0, Diff:  0.0, Sum:  0.0, Workers: 4
[6820.768s][debug][gc,phases      ] GC(161)     Dead                           Min: 0, Avg:  0.0, Max: 0, Diff: 0, Sum: 0, Workers: 4
[6820.768s][debug][gc,phases      ] GC(161)     Total                          Min: 0, Avg:  0.0, Max: 0, Diff: 0, Sum: 0, Workers: 4
[6820.768s][debug][gc,phases      ] GC(161)   Weak JFR Old Object Samples    Min:  0.0, Avg:  0.0, Max:  0.0, Diff:  0.0, Sum:  0.0, Workers: 4
[6820.768s][debug][gc,phases      ] GC(161)     Dead                           Min: 0, Avg:  0.0, Max: 0, Diff: 0, Sum: 0, Workers: 4
[6820.768s][debug][gc,phases      ] GC(161)     Total                          Min: 0, Avg:  0.0, Max: 0, Diff: 0, Sum: 0, Workers: 4
[6820.768s][debug][gc,phases      ] GC(161) Weak Processing 0.404ms
[6820.768s][debug][gc,age         ] GC(161) Desired survivor size 48758784 bytes, new threshold 1 (max threshold 15)
[6820.768s][info ][gc,heap        ] GC(161) PSYoungGen: 2039216K(2039296K)->32448K(2047488K) Eden: 2010112K(2010112K)->0K(2001920K) From: 29104K(29184K)->32448K(45568K)
[6820.768s][info ][gc,heap        ] GC(161) ParOldGen: 1987877K(1988096K)->2013552K(2013696K)
[6820.768s][info ][gc,metaspace   ] GC(161) Metaspace: 116166K(117632K)->116166K(117632K) NonClass: 98900K(99712K)->98900K(99712K) Class: 17265K(17920K)->17265K(17920K)
[6820.768s][info ][gc             ] GC(161) Pause Young (Allocation Failure) 3932M->1998M(3966M) 33.977ms
[6820.768s][info ][gc,cpu         ] GC(161) User=0.11s Sys=0.02s Real=0.03s
[6820.768s][info ][safepoint      ] Safepoint "ParallelGCFailedAllocation", Time since last: 477976453 ns, Reaching safepoint: 13400 ns, Cleanup: 6000 ns, At safepoint: 34090756 ns, Total: 34110156 ns
[6821.768s][info ][safepoint      ] Safepoint "Cleanup", Time since last: 1000104428 ns, Reaching safepoint: 11800 ns, Cleanup: 11900 ns, At safepoint: 3600 ns, Total: 27300 ns
[6829.680s][info ][gc,start       ] GC(162) Pause Young (Allocation Failure)
[6829.716s][debug][gc,phases      ] GC(162) Scavenge 35.917ms
[6829.716s][debug][gc,ref         ] GC(162) Skipped SoftWeakFinalRefsPhase of Reference Processing: no references
[6829.716s][debug][gc,ref         ] GC(162) Skipped KeepAliveFinalRefsPhase of Reference Processing: no references
[6829.716s][debug][gc,ref         ] GC(162) Skipped PhantomRefsPhase of Reference Processing: no references
[6829.716s][debug][gc,phases      ] GC(162) Reference Processing 0.023ms
[6829.717s][debug][gc,phases      ] GC(162)   VM Weak                        Min:  0.0, Avg:  0.0, Max:  0.0, Diff:  0.0, Sum:  0.0, Workers: 4
[6829.717s][debug][gc,phases      ] GC(162)     Dead                           Min: 0, Avg:  0.0, Max: 0, Diff: 0, Sum: 0, Workers: 4
[6829.717s][debug][gc,phases      ] GC(162)     Total                          Min: 0, Avg: 281.0, Max: 676, Diff: 676, Sum: 1124, Workers: 4
[6829.717s][debug][gc,phases      ] GC(162)   ObjectSynchronizer Weak        Min:  0.0, Avg:  0.0, Max:  0.0, Diff:  0.0, Sum:  0.0, Workers: 4
[6829.717s][debug][gc,phases      ] GC(162)     Dead                           Min: 0, Avg:  0.0, Max: 0, Diff: 0, Sum: 0, Workers: 4
[6829.717s][debug][gc,phases      ] GC(162)     Total                          Min: 0, Avg:  1.5, Max: 6, Diff: 6, Sum: 6, Workers: 4
[6829.717s][debug][gc,phases      ] GC(162)   JVMTI Tag Weak OopStorage      Min:  0.0, Avg:  0.0, Max:  0.0, Diff:  0.0, Sum:  0.0, Workers: 4
[6829.717s][debug][gc,phases      ] GC(162)     Dead                           Min: 0, Avg:  0.0, Max: 0, Diff: 0, Sum: 0, Workers: 4
[6829.717s][debug][gc,phases      ] GC(162)     Total                          Min: 0, Avg:  0.0, Max: 0, Diff: 0, Sum: 0, Workers: 4
[6829.717s][debug][gc,phases      ] GC(162)   StringTable Weak               Min:  0.1, Avg:  0.1, Max:  0.1, Diff:  0.0, Sum:  0.4, Workers: 4
[6829.717s][debug][gc,phases      ] GC(162)     Dead                           Min: 0, Avg:  0.0, Max: 0, Diff: 0, Sum: 0, Workers: 4
[6829.717s][debug][gc,phases      ] GC(162)     Total                          Min: 11200, Avg: 12628.8, Max: 13652, Diff: 2452, Sum: 50515, Workers: 4
[6829.717s][debug][gc,phases      ] GC(162)   ResolvedMethodTable Weak       Min:  0.0, Avg:  0.0, Max:  0.1, Diff:  0.0, Sum:  0.2, Workers: 4
[6829.717s][debug][gc,phases      ] GC(162)     Dead                           Min: 0, Avg:  0.0, Max: 0, Diff: 0, Sum: 0, Workers: 4
[6829.717s][debug][gc,phases      ] GC(162)     Total                          Min: 4034, Avg: 4084.8, Max: 4154, Diff: 120, Sum: 16339, Workers: 4
[6829.717s][debug][gc,phases      ] GC(162)   JNI Weak                       Min:  0.0, Avg:  0.0, Max:  0.0, Diff:  0.0, Sum:  0.0, Workers: 4
[6829.717s][debug][gc,phases      ] GC(162)     Dead                           Min: 0, Avg:  0.0, Max: 0, Diff: 0, Sum: 0, Workers: 4
[6829.717s][debug][gc,phases      ] GC(162)     Total                          Min: 0, Avg: 13.0, Max: 52, Diff: 52, Sum: 52, Workers: 4
[6829.717s][debug][gc,phases      ] GC(162)   StringDedup Table Weak         Min:  0.0, Avg:  0.0, Max:  0.0, Diff:  0.0, Sum:  0.0, Workers: 4
[6829.717s][debug][gc,phases      ] GC(162)     Dead                           Min: 0, Avg:  0.0, Max: 0, Diff: 0, Sum: 0, Workers: 4
[6829.717s][debug][gc,phases      ] GC(162)     Total                          Min: 0, Avg:  0.0, Max: 0, Diff: 0, Sum: 0, Workers: 4
[6829.717s][debug][gc,phases      ] GC(162)   StringDedup Requests0 Weak     Min:  0.0, Avg:  0.0, Max:  0.0, Diff:  0.0, Sum:  0.0, Workers: 4
[6829.717s][debug][gc,phases      ] GC(162)     Dead                           Min: 0, Avg:  0.0, Max: 0, Diff: 0, Sum: 0, Workers: 4
[6829.717s][debug][gc,phases      ] GC(162)     Total                          Min: 0, Avg:  0.0, Max: 0, Diff: 0, Sum: 0, Workers: 4
[6829.717s][debug][gc,phases      ] GC(162)   StringDedup Requests1 Weak     Min:  0.0, Avg:  0.0, Max:  0.0, Diff:  0.0, Sum:  0.0, Workers: 4
[6829.717s][debug][gc,phases      ] GC(162)     Dead                           Min: 0, Avg:  0.0, Max: 0, Diff: 0, Sum: 0, Workers: 4
[6829.717s][debug][gc,phases      ] GC(162)     Total                          Min: 0, Avg:  0.0, Max: 0, Diff: 0, Sum: 0, Workers: 4
[6829.717s][debug][gc,phases      ] GC(162)   Weak JFR Old Object Samples    Min:  0.0, Avg:  0.0, Max:  0.0, Diff:  0.0, Sum:  0.0, Workers: 4
[6829.717s][debug][gc,phases      ] GC(162)     Dead                           Min: 0, Avg:  0.0, Max: 0, Diff: 0, Sum: 0, Workers: 4
[6829.717s][debug][gc,phases      ] GC(162)     Total                          Min: 0, Avg:  0.0, Max: 0, Diff: 0, Sum: 0, Workers: 4
[6829.717s][debug][gc,phases      ] GC(162) Weak Processing 0.342ms
[6829.717s][debug][gc,age         ] GC(162) Desired survivor size 52953088 bytes, new threshold 1 (max threshold 15)
[6829.717s][info ][gc,heap        ] GC(162) PSYoungGen: 2034368K(2047488K)->38464K(2040832K) Eden: 2001920K(2001920K)->0K(2001920K) From: 32448K(45568K)->38464K(38912K)
[6829.717s][info ][gc,heap        ] GC(162) ParOldGen: 2013552K(2013696K)->2043036K(2043392K)
[6829.717s][info ][gc,metaspace   ] GC(162) Metaspace: 116166K(117632K)->116166K(117632K) NonClass: 98901K(99712K)->98901K(99712K) Class: 17265K(17920K)->17265K(17920K)
[6829.717s][info ][gc             ] GC(162) Pause Young (Allocation Failure) 3953M->2032M(3988M) 36.428ms
[6829.717s][info ][gc,cpu         ] GC(162) User=0.12s Sys=0.02s Real=0.03s
[6829.717s][info ][safepoint      ] Safepoint "ParallelGCFailedAllocation", Time since last: 7912262540 ns, Reaching safepoint: 97702 ns, Cleanup: 12000 ns, At safepoint: 36532300 ns, Total: 36642002 ns
[6834.722s][info ][safepoint      ] Safepoint "Cleanup", Time since last: 5004806917 ns, Reaching safepoint: 17300 ns, Cleanup: 19201 ns, At safepoint: 3800 ns, Total: 40301 ns
[6836.725s][info ][safepoint      ] Safepoint "Cleanup", Time since last: 2002945424 ns, Reaching safepoint: 14801 ns, Cleanup: 15800 ns, At safepoint: 3600 ns, Total: 34201 ns
[6840.814s][info ][gc,start       ] GC(163) Pause Young (Allocation Failure)
[6840.851s][debug][gc,phases      ] GC(163) Scavenge 37.134ms
[6840.851s][debug][gc,ref         ] GC(163) Skipped SoftWeakFinalRefsPhase of Reference Processing: no references
[6840.851s][debug][gc,ref         ] GC(163) Skipped KeepAliveFinalRefsPhase of Reference Processing: no references
[6840.852s][debug][gc,ref         ] GC(163) ReferenceProcessor::execute queues: 1, RefProcThreadModel::Single, marks_oops_alive: false
[6840.852s][debug][gc,phases      ] GC(163) Reference Processing 0.128ms
[6840.852s][debug][gc,phases      ] GC(163)   VM Weak                        Min:  0.0, Avg:  0.0, Max:  0.0, Diff:  0.0, Sum:  0.0, Workers: 4
[6840.852s][debug][gc,phases      ] GC(163)     Dead                           Min: 0, Avg:  0.0, Max: 0, Diff: 0, Sum: 0, Workers: 4
[6840.852s][debug][gc,phases      ] GC(163)     Total                          Min: 0, Avg: 281.0, Max: 768, Diff: 768, Sum: 1124, Workers: 4
[6840.852s][debug][gc,phases      ] GC(163)   ObjectSynchronizer Weak        Min:  0.0, Avg:  0.0, Max:  0.0, Diff:  0.0, Sum:  0.0, Workers: 4
[6840.852s][debug][gc,phases      ] GC(163)     Dead                           Min: 0, Avg:  0.0, Max: 0, Diff: 0, Sum: 0, Workers: 4
[6840.852s][debug][gc,phases      ] GC(163)     Total                          Min: 0, Avg:  1.5, Max: 6, Diff: 6, Sum: 6, Workers: 4
[6840.852s][debug][gc,phases      ] GC(163)   JVMTI Tag Weak OopStorage      Min:  0.0, Avg:  0.0, Max:  0.0, Diff:  0.0, Sum:  0.0, Workers: 4
[6840.852s][debug][gc,phases      ] GC(163)     Dead                           Min: 0, Avg:  0.0, Max: 0, Diff: 0, Sum: 0, Workers: 4
[6840.852s][debug][gc,phases      ] GC(163)     Total                          Min: 0, Avg:  0.0, Max: 0, Diff: 0, Sum: 0, Workers: 4
[6840.852s][debug][gc,phases      ] GC(163)   StringTable Weak               Min:  0.1, Avg:  0.1, Max:  0.1, Diff:  0.0, Sum:  0.4, Workers: 4
[6840.852s][debug][gc,phases      ] GC(163)     Dead                           Min: 0, Avg:  0.0, Max: 0, Diff: 0, Sum: 0, Workers: 4
[6840.852s][debug][gc,phases      ] GC(163)     Total                          Min: 12222, Avg: 12628.8, Max: 12950, Diff: 728, Sum: 50515, Workers: 4
[6840.852s][debug][gc,phases      ] GC(163)   ResolvedMethodTable Weak       Min:  0.0, Avg:  0.0, Max:  0.0, Diff:  0.0, Sum:  0.1, Workers: 4
[6840.852s][debug][gc,phases      ] GC(163)     Dead                           Min: 0, Avg:  0.0, Max: 0, Diff: 0, Sum: 0, Workers: 4
[6840.852s][debug][gc,phases      ] GC(163)     Total                          Min: 3860, Avg: 4084.8, Max: 4222, Diff: 362, Sum: 16339, Workers: 4
[6840.852s][debug][gc,phases      ] GC(163)   JNI Weak                       Min:  0.0, Avg:  0.0, Max:  0.0, Diff:  0.0, Sum:  0.0, Workers: 4
[6840.852s][debug][gc,phases      ] GC(163)     Dead                           Min: 0, Avg:  0.0, Max: 0, Diff: 0, Sum: 0, Workers: 4
[6840.852s][debug][gc,phases      ] GC(163)     Total                          Min: 0, Avg: 13.0, Max: 52, Diff: 52, Sum: 52, Workers: 4
[6840.852s][debug][gc,phases      ] GC(163)   StringDedup Table Weak         Min:  0.0, Avg:  0.0, Max:  0.0, Diff:  0.0, Sum:  0.0, Workers: 4
[6840.852s][debug][gc,phases      ] GC(163)     Dead                           Min: 0, Avg:  0.0, Max: 0, Diff: 0, Sum: 0, Workers: 4
[6840.852s][debug][gc,phases      ] GC(163)     Total                          Min: 0, Avg:  0.0, Max: 0, Diff: 0, Sum: 0, Workers: 4
[6840.852s][debug][gc,phases      ] GC(163)   StringDedup Requests0 Weak     Min:  0.0, Avg:  0.0, Max:  0.0, Diff:  0.0, Sum:  0.0, Workers: 4
[6840.852s][debug][gc,phases      ] GC(163)     Dead                           Min: 0, Avg:  0.0, Max: 0, Diff: 0, Sum: 0, Workers: 4
[6840.852s][debug][gc,phases      ] GC(163)     Total                          Min: 0, Avg:  0.0, Max: 0, Diff: 0, Sum: 0, Workers: 4
[6840.852s][debug][gc,phases      ] GC(163)   StringDedup Requests1 Weak     Min:  0.0, Avg:  0.0, Max:  0.0, Diff:  0.0, Sum:  0.0, Workers: 4
[6840.852s][debug][gc,phases      ] GC(163)     Dead                           Min: 0, Avg:  0.0, Max: 0, Diff: 0, Sum: 0, Workers: 4
[6840.852s][debug][gc,phases      ] GC(163)     Total                          Min: 0, Avg:  0.0, Max: 0, Diff: 0, Sum: 0, Workers: 4
[6840.852s][debug][gc,phases      ] GC(163)   Weak JFR Old Object Samples    Min:  0.0, Avg:  0.0, Max:  0.0, Diff:  0.0, Sum:  0.0, Workers: 4
[6840.852s][debug][gc,phases      ] GC(163)     Dead                           Min: 0, Avg:  0.0, Max: 0, Diff: 0, Sum: 0, Workers: 4
[6840.852s][debug][gc,phases      ] GC(163)     Total                          Min: 0, Avg:  0.0, Max: 0, Diff: 0, Sum: 0, Workers: 4
[6840.852s][debug][gc,phases      ] GC(163) Weak Processing 0.306ms
[6840.852s][debug][gc,age         ] GC(163) Desired survivor size 55050240 bytes, new threshold 1 (max threshold 15)
[6840.852s][info ][gc,heap        ] GC(163) PSYoungGen: 2040384K(2040832K)->36184K(2041344K) Eden: 2001920K(2001920K)->0K(1989632K) From: 38464K(38912K)->36184K(51712K)
[6840.852s][info ][gc,heap        ] GC(163) ParOldGen: 2043036K(2043392K)->2076216K(2076672K)
[6840.852s][info ][gc,metaspace   ] GC(163) Metaspace: 116168K(117632K)->116168K(117632K) NonClass: 98902K(99712K)->98902K(99712K) Class: 17265K(17920K)->17265K(17920K)
[6840.852s][info ][gc             ] GC(163) Pause Young (Allocation Failure) 3987M->2062M(4021M) 37.709ms
[6840.852s][info ][gc,cpu         ] GC(163) User=0.12s Sys=0.02s Real=0.04s
[6840.852s][info ][safepoint      ] Safepoint "ParallelGCFailedAllocation", Time since last: 4089453580 ns, Reaching safepoint: 89701 ns, Cleanup: 6101 ns, At safepoint: 37816007 ns, Total: 37911809 ns
[6844.510s][info ][safepoint      ] Safepoint "Cleanup", Time since last: 3657636576 ns, Reaching safepoint: 88502 ns, Cleanup: 14500 ns, At safepoint: 10101 ns, Total: 113103 ns
[6850.406s][info ][gc,start       ] GC(164) Pause Young (Allocation Failure)
[6850.442s][debug][gc,phases      ] GC(164) Scavenge 36.149ms
[6850.442s][debug][gc,ref         ] GC(164) Skipped SoftWeakFinalRefsPhase of Reference Processing: no references
[6850.442s][debug][gc,ref         ] GC(164) Skipped KeepAliveFinalRefsPhase of Reference Processing: no references
[6850.442s][debug][gc,ref         ] GC(164) ReferenceProcessor::execute queues: 1, RefProcThreadModel::Single, marks_oops_alive: false
[6850.442s][debug][gc,phases      ] GC(164) Reference Processing 0.103ms
[6850.443s][debug][gc,phases      ] GC(164)   VM Weak                        Min:  0.0, Avg:  0.0, Max:  0.0, Diff:  0.0, Sum:  0.0, Workers: 4
[6850.443s][debug][gc,phases      ] GC(164)     Dead                           Min: 0, Avg:  0.0, Max: 0, Diff: 0, Sum: 0, Workers: 4
[6850.443s][debug][gc,phases      ] GC(164)     Total                          Min: 0, Avg: 281.0, Max: 1060, Diff: 1060, Sum: 1124, Workers: 4
[6850.443s][debug][gc,phases      ] GC(164)   ObjectSynchronizer Weak        Min:  0.0, Avg:  0.0, Max:  0.0, Diff:  0.0, Sum:  0.0, Workers: 4
[6850.443s][debug][gc,phases      ] GC(164)     Dead                           Min: 0, Avg:  0.0, Max: 0, Diff: 0, Sum: 0, Workers: 4
[6850.443s][debug][gc,phases      ] GC(164)     Total                          Min: 0, Avg:  1.0, Max: 4, Diff: 4, Sum: 4, Workers: 4
[6850.443s][debug][gc,phases      ] GC(164)   JVMTI Tag Weak OopStorage      Min:  0.0, Avg:  0.0, Max:  0.0, Diff:  0.0, Sum:  0.0, Workers: 4
[6850.443s][debug][gc,phases      ] GC(164)     Dead                           Min: 0, Avg:  0.0, Max: 0, Diff: 0, Sum: 0, Workers: 4
[6850.443s][debug][gc,phases      ] GC(164)     Total                          Min: 0, Avg:  0.0, Max: 0, Diff: 0, Sum: 0, Workers: 4
[6850.443s][debug][gc,phases      ] GC(164)   StringTable Weak               Min:  0.1, Avg:  0.1, Max:  0.1, Diff:  0.0, Sum:  0.5, Workers: 4
[6850.443s][debug][gc,phases      ] GC(164)     Dead                           Min: 0, Avg:  0.0, Max: 0, Diff: 0, Sum: 0, Workers: 4
[6850.443s][debug][gc,phases      ] GC(164)     Total                          Min: 9920, Avg: 12628.8, Max: 14867, Diff: 4947, Sum: 50515, Workers: 4
[6850.443s][debug][gc,phases      ] GC(164)   ResolvedMethodTable Weak       Min:  0.0, Avg:  0.0, Max:  0.0, Diff:  0.0, Sum:  0.1, Workers: 4
[6850.443s][debug][gc,phases      ] GC(164)     Dead                           Min: 0, Avg:  4.0, Max: 12, Diff: 12, Sum: 16, Workers: 4
[6850.443s][debug][gc,phases      ] GC(164)     Total                          Min: 3437, Avg: 4084.8, Max: 4847, Diff: 1410, Sum: 16339, Workers: 4
[6850.443s][debug][gc,phases      ] GC(164)   JNI Weak                       Min:  0.0, Avg:  0.0, Max:  0.0, Diff:  0.0, Sum:  0.0, Workers: 4
[6850.443s][debug][gc,phases      ] GC(164)     Dead                           Min: 0, Avg:  0.0, Max: 0, Diff: 0, Sum: 0, Workers: 4
[6850.443s][debug][gc,phases      ] GC(164)     Total                          Min: 0, Avg: 13.0, Max: 52, Diff: 52, Sum: 52, Workers: 4
[6850.443s][debug][gc,phases      ] GC(164)   StringDedup Table Weak         Min:  0.0, Avg:  0.0, Max:  0.0, Diff:  0.0, Sum:  0.0, Workers: 4
[6850.443s][debug][gc,phases      ] GC(164)     Dead                           Min: 0, Avg:  0.0, Max: 0, Diff: 0, Sum: 0, Workers: 4
[6850.443s][debug][gc,phases      ] GC(164)     Total                          Min: 0, Avg:  0.0, Max: 0, Diff: 0, Sum: 0, Workers: 4
[6850.443s][debug][gc,phases      ] GC(164)   StringDedup Requests0 Weak     Min:  0.0, Avg:  0.0, Max:  0.0, Diff:  0.0, Sum:  0.0, Workers: 4
[6850.443s][debug][gc,phases      ] GC(164)     Dead                           Min: 0, Avg:  0.0, Max: 0, Diff: 0, Sum: 0, Workers: 4
[6850.443s][debug][gc,phases      ] GC(164)     Total                          Min: 0, Avg:  0.0, Max: 0, Diff: 0, Sum: 0, Workers: 4
[6850.443s][debug][gc,phases      ] GC(164)   StringDedup Requests1 Weak     Min:  0.0, Avg:  0.0, Max:  0.0, Diff:  0.0, Sum:  0.0, Workers: 4
[6850.443s][debug][gc,phases      ] GC(164)     Dead                           Min: 0, Avg:  0.0, Max: 0, Diff: 0, Sum: 0, Workers: 4
[6850.443s][debug][gc,phases      ] GC(164)     Total                          Min: 0, Avg:  0.0, Max: 0, Diff: 0, Sum: 0, Workers: 4
[6850.443s][debug][gc,phases      ] GC(164)   Weak JFR Old Object Samples    Min:  0.0, Avg:  0.0, Max:  0.0, Diff:  0.0, Sum:  0.0, Workers: 4
[6850.443s][debug][gc,phases      ] GC(164)     Dead                           Min: 0, Avg:  0.0, Max: 0, Diff: 0, Sum: 0, Workers: 4
[6850.443s][debug][gc,phases      ] GC(164)     Total                          Min: 0, Avg:  0.0, Max: 0, Diff: 0, Sum: 0, Workers: 4
[6850.443s][debug][gc,phases      ] GC(164) Weak Processing 0.355ms
[6850.443s][debug][gc,age         ] GC(164) Desired survivor size 56623104 bytes, new threshold 1 (max threshold 15)
[6850.443s][info ][gc,heap        ] GC(164) PSYoungGen: 2025816K(2041344K)->35296K(2024960K) Eden: 1989632K(1989632K)->0K(1989632K) From: 36184K(51712K)->35296K(35328K)
[6850.443s][info ][gc,heap        ] GC(164) ParOldGen: 2076216K(2076672K)->2109132K(2109440K)
[6850.443s][info ][gc,metaspace   ] GC(164) Metaspace: 116175K(117632K)->116175K(117632K) NonClass: 98910K(99712K)->98910K(99712K) Class: 17265K(17920K)->17265K(17920K)
[6850.443s][info ][gc             ] GC(164) Pause Young (Allocation Failure) 4005M->2094M(4037M) 36.750ms
[6850.443s][info ][gc,cpu         ] GC(164) User=0.12s Sys=0.02s Real=0.04s
[6850.443s][info ][safepoint      ] Safepoint "ParallelGCFailedAllocation", Time since last: 5896185629 ns, Reaching safepoint: 91702 ns, Cleanup: 6200 ns, At safepoint: 36889811 ns, Total: 36987713 ns
[6851.443s][info ][safepoint      ] Safepoint "Cleanup", Time since last: 1000112191 ns, Reaching safepoint: 13400 ns, Cleanup: 14701 ns, At safepoint: 3300 ns, Total: 31401 ns
[6856.449s][info ][safepoint      ] Safepoint "Cleanup", Time since last: 5004562621 ns, Reaching safepoint: 99802 ns, Cleanup: 14301 ns, At safepoint: 866416 ns, Total: 980519 ns
[6857.449s][info ][safepoint      ] Safepoint "Cleanup", Time since last: 1000125070 ns, Reaching safepoint: 13000 ns, Cleanup: 11800 ns, At safepoint: 2900 ns, Total: 27700 ns
[6860.984s][info ][gc,start       ] GC(165) Pause Young (Allocation Failure)
[6861.018s][debug][gc,phases      ] GC(165) Scavenge 34.492ms
[6861.018s][debug][gc,ref         ] GC(165) Skipped SoftWeakFinalRefsPhase of Reference Processing: no references
[6861.018s][debug][gc,ref         ] GC(165) Skipped KeepAliveFinalRefsPhase of Reference Processing: no references
[6861.019s][debug][gc,ref         ] GC(165) ReferenceProcessor::execute queues: 1, RefProcThreadModel::Single, marks_oops_alive: false
[6861.019s][debug][gc,phases      ] GC(165) Reference Processing 0.122ms
[6861.019s][debug][gc,phases      ] GC(165)   VM Weak                        Min:  0.0, Avg:  0.0, Max:  0.0, Diff:  0.0, Sum:  0.0, Workers: 4
[6861.019s][debug][gc,phases      ] GC(165)     Dead                           Min: 0, Avg:  0.0, Max: 0, Diff: 0, Sum: 0, Workers: 4
[6861.019s][debug][gc,phases      ] GC(165)     Total                          Min: 0, Avg: 281.0, Max: 704, Diff: 704, Sum: 1124, Workers: 4
[6861.019s][debug][gc,phases      ] GC(165)   ObjectSynchronizer Weak        Min:  0.0, Avg:  0.0, Max:  0.0, Diff:  0.0, Sum:  0.0, Workers: 4
[6861.019s][debug][gc,phases      ] GC(165)     Dead                           Min: 0, Avg:  0.0, Max: 0, Diff: 0, Sum: 0, Workers: 4
[6861.019s][debug][gc,phases      ] GC(165)     Total                          Min: 0, Avg:  1.2, Max: 5, Diff: 5, Sum: 5, Workers: 4
[6861.019s][debug][gc,phases      ] GC(165)   JVMTI Tag Weak OopStorage      Min:  0.0, Avg:  0.0, Max:  0.0, Diff:  0.0, Sum:  0.0, Workers: 4
[6861.019s][debug][gc,phases      ] GC(165)     Dead                           Min: 0, Avg:  0.0, Max: 0, Diff: 0, Sum: 0, Workers: 4
[6861.019s][debug][gc,phases      ] GC(165)     Total                          Min: 0, Avg:  0.0, Max: 0, Diff: 0, Sum: 0, Workers: 4
[6861.019s][debug][gc,phases      ] GC(165)   StringTable Weak               Min:  0.1, Avg:  0.1, Max:  0.1, Diff:  0.0, Sum:  0.4, Workers: 4
[6861.019s][debug][gc,phases      ] GC(165)     Dead                           Min: 0, Avg:  0.0, Max: 0, Diff: 0, Sum: 0, Workers: 4
[6861.019s][debug][gc,phases      ] GC(165)     Total                          Min: 11286, Avg: 12628.8, Max: 13566, Diff: 2280, Sum: 50515, Workers: 4
[6861.019s][debug][gc,phases      ] GC(165)   ResolvedMethodTable Weak       Min:  0.0, Avg:  0.0, Max:  0.0, Diff:  0.0, Sum:  0.1, Workers: 4
[6861.019s][debug][gc,phases      ] GC(165)     Dead                           Min: 0, Avg:  0.0, Max: 0, Diff: 0, Sum: 0, Workers: 4
[6861.019s][debug][gc,phases      ] GC(165)     Total                          Min: 3285, Avg: 4084.8, Max: 4577, Diff: 1292, Sum: 16339, Workers: 4
[6861.019s][debug][gc,phases      ] GC(165)   JNI Weak                       Min:  0.0, Avg:  0.0, Max:  0.0, Diff:  0.0, Sum:  0.0, Workers: 4
[6861.019s][debug][gc,phases      ] GC(165)     Dead                           Min: 0, Avg:  0.0, Max: 0, Diff: 0, Sum: 0, Workers: 4
[6861.019s][debug][gc,phases      ] GC(165)     Total                          Min: 0, Avg: 13.0, Max: 52, Diff: 52, Sum: 52, Workers: 4
[6861.019s][debug][gc,phases      ] GC(165)   StringDedup Table Weak         Min:  0.0, Avg:  0.0, Max:  0.0, Diff:  0.0, Sum:  0.0, Workers: 4
[6861.019s][debug][gc,phases      ] GC(165)     Dead                           Min: 0, Avg:  0.0, Max: 0, Diff: 0, Sum: 0, Workers: 4
[6861.019s][debug][gc,phases      ] GC(165)     Total                          Min: 0, Avg:  0.0, Max: 0, Diff: 0, Sum: 0, Workers: 4
[6861.019s][debug][gc,phases      ] GC(165)   StringDedup Requests0 Weak     Min:  0.0, Avg:  0.0, Max:  0.0, Diff:  0.0, Sum:  0.0, Workers: 4
[6861.019s][debug][gc,phases      ] GC(165)     Dead                           Min: 0, Avg:  0.0, Max: 0, Diff: 0, Sum: 0, Workers: 4
[6861.019s][debug][gc,phases      ] GC(165)     Total                          Min: 0, Avg:  0.0, Max: 0, Diff: 0, Sum: 0, Workers: 4
[6861.019s][debug][gc,phases      ] GC(165)   StringDedup Requests1 Weak     Min:  0.0, Avg:  0.0, Max:  0.0, Diff:  0.0, Sum:  0.0, Workers: 4
[6861.019s][debug][gc,phases      ] GC(165)     Dead                           Min: 0, Avg:  0.0, Max: 0, Diff: 0, Sum: 0, Workers: 4
[6861.019s][debug][gc,phases      ] GC(165)     Total                          Min: 0, Avg:  0.0, Max: 0, Diff: 0, Sum: 0, Workers: 4
[6861.019s][debug][gc,phases      ] GC(165)   Weak JFR Old Object Samples    Min:  0.0, Avg:  0.0, Max:  0.0, Diff:  0.0, Sum:  0.0, Workers: 4
[6861.019s][debug][gc,phases      ] GC(165)     Dead                           Min: 0, Avg:  0.0, Max: 0, Diff: 0, Sum: 0, Workers: 4
[6861.019s][debug][gc,phases      ] GC(165)     Total                          Min: 0, Avg:  0.0, Max: 0, Diff: 0, Sum: 0, Workers: 4
[6861.019s][debug][gc,phases      ] GC(165) Weak Processing 0.309ms
[6861.019s][debug][gc,age         ] GC(165) Desired survivor size 56098816 bytes, new threshold 1 (max threshold 15)
[6861.019s][info ][gc,heap        ] GC(165) PSYoungGen: 2024928K(2024960K)->31552K(2042368K) Eden: 1989632K(1989632K)->0K(1987072K) From: 35296K(35328K)->31552K(55296K)
[6861.019s][info ][gc,heap        ] GC(165) ParOldGen: 2109132K(2109440K)->2141801K(2142208K)
[6861.019s][info ][gc,metaspace   ] GC(165) Metaspace: 116180K(117632K)->116180K(117632K) NonClass: 98915K(99712K)->98915K(99712K) Class: 17265K(17920K)->17265K(17920K)
[6861.019s][info ][gc             ] GC(165) Pause Young (Allocation Failure) 4037M->2122M(4086M) 35.058ms
[6861.019s][info ][gc,cpu         ] GC(165) User=0.11s Sys=0.03s Real=0.04s
[6861.019s][info ][safepoint      ] Safepoint "ParallelGCFailedAllocation", Time since last: 3534936591 ns, Reaching safepoint: 88401 ns, Cleanup: 5800 ns, At safepoint: 35160517 ns, Total: 35254718 ns
[6863.019s][info ][safepoint      ] Safepoint "Cleanup", Time since last: 2000292790 ns, Reaching safepoint: 15900 ns, Cleanup: 18700 ns, At safepoint: 3900 ns, Total: 38500 ns
[6865.020s][info ][safepoint      ] Safepoint "Cleanup", Time since last: 2000227098 ns, Reaching safepoint: 86901 ns, Cleanup: 14200 ns, At safepoint: 11101 ns, Total: 112202 ns
[6875.021s][info ][safepoint      ] Safepoint "Cleanup", Time since last: 10001154654 ns, Reaching safepoint: 16000 ns, Cleanup: 21500 ns, At safepoint: 5000 ns, Total: 42500 ns
[6885.022s][info ][safepoint      ] Safepoint "Cleanup", Time since last: 10001320284 ns, Reaching safepoint: 13701 ns, Cleanup: 16000 ns, At safepoint: 4400 ns, Total: 34101 ns
[6887.023s][info ][safepoint      ] Safepoint "Cleanup", Time since last: 2000350692 ns, Reaching safepoint: 15700 ns, Cleanup: 22700 ns, At safepoint: 4500 ns, Total: 42900 ns
[6889.062s][info ][gc,start       ] GC(166) Pause Young (Allocation Failure)
[6889.095s][debug][gc,phases      ] GC(166) Scavenge 32.982ms
[6889.095s][debug][gc,ref         ] GC(166) Skipped SoftWeakFinalRefsPhase of Reference Processing: no references
[6889.095s][debug][gc,ref         ] GC(166) Skipped KeepAliveFinalRefsPhase of Reference Processing: no references
[6889.096s][debug][gc,ref         ] GC(166) ReferenceProcessor::execute queues: 1, RefProcThreadModel::Single, marks_oops_alive: false
[6889.096s][debug][gc,phases      ] GC(166) Reference Processing 0.117ms
[6889.096s][debug][gc,phases      ] GC(166)   VM Weak                        Min:  0.0, Avg:  0.0, Max:  0.0, Diff:  0.0, Sum:  0.0, Workers: 4
[6889.096s][debug][gc,phases      ] GC(166)     Dead                           Min: 0, Avg:  0.0, Max: 0, Diff: 0, Sum: 0, Workers: 4
[6889.096s][debug][gc,phases      ] GC(166)     Total                          Min: 0, Avg: 281.0, Max: 576, Diff: 576, Sum: 1124, Workers: 4
[6889.096s][debug][gc,phases      ] GC(166)   ObjectSynchronizer Weak        Min:  0.0, Avg:  0.0, Max:  0.0, Diff:  0.0, Sum:  0.0, Workers: 4
[6889.096s][debug][gc,phases      ] GC(166)     Dead                           Min: 0, Avg:  0.0, Max: 0, Diff: 0, Sum: 0, Workers: 4
[6889.096s][debug][gc,phases      ] GC(166)     Total                          Min: 0, Avg:  1.5, Max: 6, Diff: 6, Sum: 6, Workers: 4
[6889.096s][debug][gc,phases      ] GC(166)   JVMTI Tag Weak OopStorage      Min:  0.0, Avg:  0.0, Max:  0.0, Diff:  0.0, Sum:  0.0, Workers: 4
[6889.096s][debug][gc,phases      ] GC(166)     Dead                           Min: 0, Avg:  0.0, Max: 0, Diff: 0, Sum: 0, Workers: 4
[6889.096s][debug][gc,phases      ] GC(166)     Total                          Min: 0, Avg:  0.0, Max: 0, Diff: 0, Sum: 0, Workers: 4
[6889.096s][debug][gc,phases      ] GC(166)   StringTable Weak               Min:  0.1, Avg:  0.1, Max:  0.1, Diff:  0.0, Sum:  0.4, Workers: 4
[6889.096s][debug][gc,phases      ] GC(166)     Dead                           Min: 0, Avg:  0.0, Max: 0, Diff: 0, Sum: 0, Workers: 4
[6889.096s][debug][gc,phases      ] GC(166)     Total                          Min: 11456, Avg: 12628.8, Max: 13654, Diff: 2198, Sum: 50515, Workers: 4
[6889.096s][debug][gc,phases      ] GC(166)   ResolvedMethodTable Weak       Min:  0.0, Avg:  0.0, Max:  0.0, Diff:  0.0, Sum:  0.1, Workers: 4
[6889.096s][debug][gc,phases      ] GC(166)     Dead                           Min: 0, Avg:  4.0, Max: 15, Diff: 15, Sum: 16, Workers: 4
[6889.096s][debug][gc,phases      ] GC(166)     Total                          Min: 3418, Avg: 4084.8, Max: 4726, Diff: 1308, Sum: 16339, Workers: 4
[6889.096s][debug][gc,phases      ] GC(166)   JNI Weak                       Min:  0.0, Avg:  0.0, Max:  0.0, Diff:  0.0, Sum:  0.0, Workers: 4
[6889.096s][debug][gc,phases      ] GC(166)     Dead                           Min: 0, Avg:  0.0, Max: 0, Diff: 0, Sum: 0, Workers: 4
[6889.096s][debug][gc,phases      ] GC(166)     Total                          Min: 0, Avg: 13.0, Max: 52, Diff: 52, Sum: 52, Workers: 4
[6889.096s][debug][gc,phases      ] GC(166)   StringDedup Table Weak         Min:  0.0, Avg:  0.0, Max:  0.0, Diff:  0.0, Sum:  0.0, Workers: 4
[6889.096s][debug][gc,phases      ] GC(166)     Dead                           Min: 0, Avg:  0.0, Max: 0, Diff: 0, Sum: 0, Workers: 4
[6889.096s][debug][gc,phases      ] GC(166)     Total                          Min: 0, Avg:  0.0, Max: 0, Diff: 0, Sum: 0, Workers: 4
[6889.096s][debug][gc,phases      ] GC(166)   StringDedup Requests0 Weak     Min:  0.0, Avg:  0.0, Max:  0.0, Diff:  0.0, Sum:  0.0, Workers: 4
[6889.096s][debug][gc,phases      ] GC(166)     Dead                           Min: 0, Avg:  0.0, Max: 0, Diff: 0, Sum: 0, Workers: 4
[6889.096s][debug][gc,phases      ] GC(166)     Total                          Min: 0, Avg:  0.0, Max: 0, Diff: 0, Sum: 0, Workers: 4
[6889.096s][debug][gc,phases      ] GC(166)   StringDedup Requests1 Weak     Min:  0.0, Avg:  0.0, Max:  0.0, Diff:  0.0, Sum:  0.0, Workers: 4
[6889.096s][debug][gc,phases      ] GC(166)     Dead                           Min: 0, Avg:  0.0, Max: 0, Diff: 0, Sum: 0, Workers: 4
[6889.096s][debug][gc,phases      ] GC(166)     Total                          Min: 0, Avg:  0.0, Max: 0, Diff: 0, Sum: 0, Workers: 4
[6889.096s][debug][gc,phases      ] GC(166)   Weak JFR Old Object Samples    Min:  0.0, Avg:  0.0, Max:  0.0, Diff:  0.0, Sum:  0.0, Workers: 4
[6889.096s][debug][gc,phases      ] GC(166)     Dead                           Min: 0, Avg:  0.0, Max: 0, Diff: 0, Sum: 0, Workers: 4
[6889.096s][debug][gc,phases      ] GC(166)     Total                          Min: 0, Avg:  0.0, Max: 0, Diff: 0, Sum: 0, Workers: 4
[6889.096s][debug][gc,phases      ] GC(166) Weak Processing 0.323ms
[6889.096s][debug][gc,age         ] GC(166) Desired survivor size 53477376 bytes, new threshold 1 (max threshold 15)
[6889.096s][info ][gc,heap        ] GC(166) PSYoungGen: 2018624K(2042368K)->24016K(2041856K) Eden: 1987072K(1987072K)->0K(1987072K) From: 31552K(55296K)->24016K(54784K)
[6889.096s][info ][gc,heap        ] GC(166) ParOldGen: 2141801K(2142208K)->2170623K(2170880K)
[6889.096s][info ][gc,metaspace   ] GC(166) Metaspace: 116184K(117632K)->116184K(117632K) NonClass: 98919K(99712K)->98919K(99712K) Class: 17265K(17920K)->17265K(17920K)
[6889.096s][info ][gc             ] GC(166) Pause Young (Allocation Failure) 4062M->2143M(4114M) 33.585ms
[6889.096s][info ][gc,cpu         ] GC(166) User=0.11s Sys=0.02s Real=0.03s
[6889.096s][info ][safepoint      ] Safepoint "ParallelGCFailedAllocation", Time since last: 2039728940 ns, Reaching safepoint: 13100 ns, Cleanup: 7600 ns, At safepoint: 33685440 ns, Total: 33706140 ns
[6892.096s][info ][safepoint      ] Safepoint "Cleanup", Time since last: 3000291183 ns, Reaching safepoint: 13500 ns, Cleanup: 15001 ns, At safepoint: 4700 ns, Total: 33201 ns
[6900.099s][info ][safepoint      ] Safepoint "Cleanup", Time since last: 8002411149 ns, Reaching safepoint: 14401 ns, Cleanup: 14200 ns, At safepoint: 4000 ns, Total: 32601 ns
[6901.006s][info ][gc,start       ] GC(167) Pause Young (Allocation Failure)
[6901.033s][debug][gc,phases      ] GC(167) Scavenge 27.319ms
[6901.033s][debug][gc,ref         ] GC(167) Skipped SoftWeakFinalRefsPhase of Reference Processing: no references
[6901.033s][debug][gc,ref         ] GC(167) Skipped KeepAliveFinalRefsPhase of Reference Processing: no references
[6901.034s][debug][gc,ref         ] GC(167) ReferenceProcessor::execute queues: 1, RefProcThreadModel::Single, marks_oops_alive: false
[6901.034s][debug][gc,phases      ] GC(167) Reference Processing 0.115ms
[6901.034s][debug][gc,phases      ] GC(167)   VM Weak                        Min:  0.0, Avg:  0.0, Max:  0.0, Diff:  0.0, Sum:  0.0, Workers: 4
[6901.034s][debug][gc,phases      ] GC(167)     Dead                           Min: 0, Avg:  0.0, Max: 0, Diff: 0, Sum: 0, Workers: 4
[6901.034s][debug][gc,phases      ] GC(167)     Total                          Min: 0, Avg: 281.0, Max: 1060, Diff: 1060, Sum: 1124, Workers: 4
[6901.034s][debug][gc,phases      ] GC(167)   ObjectSynchronizer Weak        Min:  0.0, Avg:  0.0, Max:  0.0, Diff:  0.0, Sum:  0.0, Workers: 4
[6901.034s][debug][gc,phases      ] GC(167)     Dead                           Min: 0, Avg:  0.0, Max: 0, Diff: 0, Sum: 0, Workers: 4
[6901.034s][debug][gc,phases      ] GC(167)     Total                          Min: 0, Avg:  1.5, Max: 6, Diff: 6, Sum: 6, Workers: 4
[6901.034s][debug][gc,phases      ] GC(167)   JVMTI Tag Weak OopStorage      Min:  0.0, Avg:  0.0, Max:  0.0, Diff:  0.0, Sum:  0.0, Workers: 4
[6901.034s][debug][gc,phases      ] GC(167)     Dead                           Min: 0, Avg:  0.0, Max: 0, Diff: 0, Sum: 0, Workers: 4
[6901.034s][debug][gc,phases      ] GC(167)     Total                          Min: 0, Avg:  0.0, Max: 0, Diff: 0, Sum: 0, Workers: 4
[6901.034s][debug][gc,phases      ] GC(167)   StringTable Weak               Min:  0.1, Avg:  0.1, Max:  0.1, Diff:  0.0, Sum:  0.4, Workers: 4
[6901.034s][debug][gc,phases      ] GC(167)     Dead                           Min: 0, Avg:  0.0, Max: 0, Diff: 0, Sum: 0, Workers: 4
[6901.034s][debug][gc,phases      ] GC(167)     Total                          Min: 10582, Avg: 12628.8, Max: 14014, Diff: 3432, Sum: 50515, Workers: 4
[6901.034s][debug][gc,phases      ] GC(167)   ResolvedMethodTable Weak       Min:  0.0, Avg:  0.0, Max:  0.0, Diff:  0.0, Sum:  0.1, Workers: 4
[6901.034s][debug][gc,phases      ] GC(167)     Dead                           Min: 0, Avg:  0.0, Max: 0, Diff: 0, Sum: 0, Workers: 4
[6901.034s][debug][gc,phases      ] GC(167)     Total                          Min: 3363, Avg: 4084.8, Max: 4561, Diff: 1198, Sum: 16339, Workers: 4
[6901.034s][debug][gc,phases      ] GC(167)   JNI Weak                       Min:  0.0, Avg:  0.0, Max:  0.0, Diff:  0.0, Sum:  0.0, Workers: 4
[6901.034s][debug][gc,phases      ] GC(167)     Dead                           Min: 0, Avg:  0.0, Max: 0, Diff: 0, Sum: 0, Workers: 4
[6901.034s][debug][gc,phases      ] GC(167)     Total                          Min: 0, Avg: 13.0, Max: 52, Diff: 52, Sum: 52, Workers: 4
[6901.034s][debug][gc,phases      ] GC(167)   StringDedup Table Weak         Min:  0.0, Avg:  0.0, Max:  0.0, Diff:  0.0, Sum:  0.0, Workers: 4
[6901.034s][debug][gc,phases      ] GC(167)     Dead                           Min: 0, Avg:  0.0, Max: 0, Diff: 0, Sum: 0, Workers: 4
[6901.034s][debug][gc,phases      ] GC(167)     Total                          Min: 0, Avg:  0.0, Max: 0, Diff: 0, Sum: 0, Workers: 4
[6901.034s][debug][gc,phases      ] GC(167)   StringDedup Requests0 Weak     Min:  0.0, Avg:  0.0, Max:  0.0, Diff:  0.0, Sum:  0.0, Workers: 4
[6901.034s][debug][gc,phases      ] GC(167)     Dead                           Min: 0, Avg:  0.0, Max: 0, Diff: 0, Sum: 0, Workers: 4
[6901.034s][debug][gc,phases      ] GC(167)     Total                          Min: 0, Avg:  0.0, Max: 0, Diff: 0, Sum: 0, Workers: 4
[6901.034s][debug][gc,phases      ] GC(167)   StringDedup Requests1 Weak     Min:  0.0, Avg:  0.0, Max:  0.0, Diff:  0.0, Sum:  0.0, Workers: 4
[6901.034s][debug][gc,phases      ] GC(167)     Dead                           Min: 0, Avg:  0.0, Max: 0, Diff: 0, Sum: 0, Workers: 4
[6901.034s][debug][gc,phases      ] GC(167)     Total                          Min: 0, Avg:  0.0, Max: 0, Diff: 0, Sum: 0, Workers: 4
[6901.034s][debug][gc,phases      ] GC(167)   Weak JFR Old Object Samples    Min:  0.0, Avg:  0.0, Max:  0.0, Diff:  0.0, Sum:  0.0, Workers: 4
[6901.034s][debug][gc,phases      ] GC(167)     Dead                           Min: 0, Avg:  0.0, Max: 0, Diff: 0, Sum: 0, Workers: 4
[6901.034s][debug][gc,phases      ] GC(167)     Total                          Min: 0, Avg:  0.0, Max: 0, Diff: 0, Sum: 0, Workers: 4
[6901.034s][debug][gc,phases      ] GC(167) Weak Processing 0.322ms
[6901.034s][debug][gc,age         ] GC(167) Desired survivor size 54525952 bytes, new threshold 1 (max threshold 15)
[6901.034s][info ][gc,heap        ] GC(167) PSYoungGen: 2011088K(2041856K)->35696K(2042880K) Eden: 1987072K(1987072K)->0K(1990656K) From: 24016K(54784K)->35696K(52224K)
[6901.034s][info ][gc,heap        ] GC(167) ParOldGen: 2170623K(2170880K)->2191042K(2191360K)
[6901.034s][info ][gc,metaspace   ] GC(167) Metaspace: 116184K(117632K)->116184K(117632K) NonClass: 98919K(99712K)->98919K(99712K) Class: 17265K(17920K)->17265K(17920K)
[6901.034s][info ][gc             ] GC(167) Pause Young (Allocation Failure) 4083M->2174M(4135M) 27.901ms
[6901.034s][info ][gc,cpu         ] GC(167) User=0.09s Sys=0.02s Real=0.03s
[6901.034s][info ][safepoint      ] Safepoint "ParallelGCFailedAllocation", Time since last: 907114245 ns, Reaching safepoint: 89802 ns, Cleanup: 6300 ns, At safepoint: 28002029 ns, Total: 28098131 ns
[6903.037s][info ][safepoint      ] Safepoint "Cleanup", Time since last: 2002539143 ns, Reaching safepoint: 91001 ns, Cleanup: 16801 ns, At safepoint: 38100 ns, Total: 145902 ns
[6906.561s][info ][safepoint      ] Safepoint "Cleanup", Time since last: 3523892192 ns, Reaching safepoint: 12900 ns, Cleanup: 14300 ns, At safepoint: 4000 ns, Total: 31200 ns
[6908.561s][info ][safepoint      ] Safepoint "Cleanup", Time since last: 2000218972 ns, Reaching safepoint: 87101 ns, Cleanup: 13700 ns, At safepoint: 11300 ns, Total: 112101 ns
[6911.561s][info ][safepoint      ] Safepoint "Cleanup", Time since last: 3000279594 ns, Reaching safepoint: 12800 ns, Cleanup: 12600 ns, At safepoint: 2800 ns, Total: 28200 ns
[6912.352s][info ][gc,start       ] GC(168) Pause Young (Allocation Failure)
[6912.388s][debug][gc,phases      ] GC(168) Scavenge 36.759ms
[6912.388s][debug][gc,ref         ] GC(168) Skipped SoftWeakFinalRefsPhase of Reference Processing: no references
[6912.388s][debug][gc,ref         ] GC(168) Skipped KeepAliveFinalRefsPhase of Reference Processing: no references
[6912.388s][debug][gc,ref         ] GC(168) ReferenceProcessor::execute queues: 1, RefProcThreadModel::Single, marks_oops_alive: false
[6912.388s][debug][gc,phases      ] GC(168) Reference Processing 0.118ms
[6912.389s][debug][gc,phases      ] GC(168)   VM Weak                        Min:  0.0, Avg:  0.0, Max:  0.0, Diff:  0.0, Sum:  0.0, Workers: 4
[6912.389s][debug][gc,phases      ] GC(168)     Dead                           Min: 0, Avg:  0.0, Max: 0, Diff: 0, Sum: 0, Workers: 4
[6912.389s][debug][gc,phases      ] GC(168)     Total                          Min: 0, Avg: 281.0, Max: 868, Diff: 868, Sum: 1124, Workers: 4
[6912.389s][debug][gc,phases      ] GC(168)   ObjectSynchronizer Weak        Min:  0.0, Avg:  0.0, Max:  0.0, Diff:  0.0, Sum:  0.0, Workers: 4
[6912.389s][debug][gc,phases      ] GC(168)     Dead                           Min: 0, Avg:  0.0, Max: 0, Diff: 0, Sum: 0, Workers: 4
[6912.389s][debug][gc,phases      ] GC(168)     Total                          Min: 0, Avg:  1.5, Max: 6, Diff: 6, Sum: 6, Workers: 4
[6912.389s][debug][gc,phases      ] GC(168)   JVMTI Tag Weak OopStorage      Min:  0.0, Avg:  0.0, Max:  0.0, Diff:  0.0, Sum:  0.0, Workers: 4
[6912.389s][debug][gc,phases      ] GC(168)     Dead                           Min: 0, Avg:  0.0, Max: 0, Diff: 0, Sum: 0, Workers: 4
[6912.389s][debug][gc,phases      ] GC(168)     Total                          Min: 0, Avg:  0.0, Max: 0, Diff: 0, Sum: 0, Workers: 4
[6912.389s][debug][gc,phases      ] GC(168)   StringTable Weak               Min:  0.1, Avg:  0.1, Max:  0.1, Diff:  0.0, Sum:  0.4, Workers: 4
[6912.389s][debug][gc,phases      ] GC(168)     Dead                           Min: 0, Avg:  0.0, Max: 0, Diff: 0, Sum: 0, Workers: 4
[6912.389s][debug][gc,phases      ] GC(168)     Total                          Min: 11222, Avg: 12628.8, Max: 14080, Diff: 2858, Sum: 50515, Workers: 4
[6912.389s][debug][gc,phases      ] GC(168)   ResolvedMethodTable Weak       Min:  0.0, Avg:  0.0, Max:  0.0, Diff:  0.0, Sum:  0.1, Workers: 4
[6912.389s][debug][gc,phases      ] GC(168)     Dead                           Min: 0, Avg:  4.0, Max: 12, Diff: 12, Sum: 16, Workers: 4
[6912.389s][debug][gc,phases      ] GC(168)     Total                          Min: 3551, Avg: 4084.8, Max: 4931, Diff: 1380, Sum: 16339, Workers: 4
[6912.389s][debug][gc,phases      ] GC(168)   JNI Weak                       Min:  0.0, Avg:  0.0, Max:  0.0, Diff:  0.0, Sum:  0.0, Workers: 4
[6912.389s][debug][gc,phases      ] GC(168)     Dead                           Min: 0, Avg:  0.0, Max: 0, Diff: 0, Sum: 0, Workers: 4
[6912.389s][debug][gc,phases      ] GC(168)     Total                          Min: 0, Avg: 13.0, Max: 52, Diff: 52, Sum: 52, Workers: 4
[6912.389s][debug][gc,phases      ] GC(168)   StringDedup Table Weak         Min:  0.0, Avg:  0.0, Max:  0.0, Diff:  0.0, Sum:  0.0, Workers: 4
[6912.389s][debug][gc,phases      ] GC(168)     Dead                           Min: 0, Avg:  0.0, Max: 0, Diff: 0, Sum: 0, Workers: 4
[6912.389s][debug][gc,phases      ] GC(168)     Total                          Min: 0, Avg:  0.0, Max: 0, Diff: 0, Sum: 0, Workers: 4
[6912.389s][debug][gc,phases      ] GC(168)   StringDedup Requests0 Weak     Min:  0.0, Avg:  0.0, Max:  0.0, Diff:  0.0, Sum:  0.0, Workers: 4
[6912.389s][debug][gc,phases      ] GC(168)     Dead                           Min: 0, Avg:  0.0, Max: 0, Diff: 0, Sum: 0, Workers: 4
[6912.389s][debug][gc,phases      ] GC(168)     Total                          Min: 0, Avg:  0.0, Max: 0, Diff: 0, Sum: 0, Workers: 4
[6912.389s][debug][gc,phases      ] GC(168)   StringDedup Requests1 Weak     Min:  0.0, Avg:  0.0, Max:  0.0, Diff:  0.0, Sum:  0.0, Workers: 4
[6912.389s][debug][gc,phases      ] GC(168)     Dead                           Min: 0, Avg:  0.0, Max: 0, Diff: 0, Sum: 0, Workers: 4
[6912.389s][debug][gc,phases      ] GC(168)     Total                          Min: 0, Avg:  0.0, Max: 0, Diff: 0, Sum: 0, Workers: 4
[6912.389s][debug][gc,phases      ] GC(168)   Weak JFR Old Object Samples    Min:  0.0, Avg:  0.0, Max:  0.0, Diff:  0.0, Sum:  0.0, Workers: 4
[6912.389s][debug][gc,phases      ] GC(168)     Dead                           Min: 0, Avg:  0.0, Max: 0, Diff: 0, Sum: 0, Workers: 4
[6912.389s][debug][gc,phases      ] GC(168)     Total                          Min: 0, Avg:  0.0, Max: 0, Diff: 0, Sum: 0, Workers: 4
[6912.389s][debug][gc,phases      ] GC(168) Weak Processing 0.329ms
[6912.389s][debug][gc,age         ] GC(168) Desired survivor size 52953088 bytes, new threshold 1 (max threshold 15)
[6912.389s][info ][gc,heap        ] GC(168) PSYoungGen: 2026352K(2042880K)->28976K(2043904K) Eden: 1990656K(1990656K)->0K(1990656K) From: 35696K(52224K)->28976K(53248K)
[6912.389s][info ][gc,heap        ] GC(168) ParOldGen: 2191042K(2191360K)->2223878K(2224128K)
[6912.389s][info ][gc,metaspace   ] GC(168) Metaspace: 116190K(117632K)->116190K(117632K) NonClass: 98925K(99712K)->98925K(99712K) Class: 17265K(17920K)->17265K(17920K)
[6912.389s][info ][gc             ] GC(168) Pause Young (Allocation Failure) 4118M->2200M(4168M) 37.371ms
[6912.389s][info ][gc,cpu         ] GC(168) User=0.13s Sys=0.02s Real=0.04s
[6912.389s][info ][safepoint      ] Safepoint "ParallelGCFailedAllocation", Time since last: 790150442 ns, Reaching safepoint: 85401 ns, Cleanup: 5101 ns, At safepoint: 37486862 ns, Total: 37577364 ns
[6924.390s][info ][safepoint      ] Safepoint "Cleanup", Time since last: 12001360905 ns, Reaching safepoint: 14500 ns, Cleanup: 19100 ns, At safepoint: 4301 ns, Total: 37901 ns
[6926.080s][info ][gc,start       ] GC(169) Pause Young (Allocation Failure)
[6926.116s][debug][gc,phases      ] GC(169) Scavenge 35.324ms
[6926.116s][debug][gc,ref         ] GC(169) ReferenceProcessor::execute queues: 1, RefProcThreadModel::Single, marks_oops_alive: false
[6926.116s][debug][gc,ref         ] GC(169) Skipped KeepAliveFinalRefsPhase of Reference Processing: no references
[6926.116s][debug][gc,ref         ] GC(169) ReferenceProcessor::execute queues: 1, RefProcThreadModel::Single, marks_oops_alive: false
[6926.116s][debug][gc,phases      ] GC(169) Reference Processing 0.128ms
[6926.116s][debug][gc,phases      ] GC(169)   VM Weak                        Min:  0.0, Avg:  0.0, Max:  0.0, Diff:  0.0, Sum:  0.0, Workers: 4
[6926.116s][debug][gc,phases      ] GC(169)     Dead                           Min: 0, Avg:  0.0, Max: 0, Diff: 0, Sum: 0, Workers: 4
[6926.116s][debug][gc,phases      ] GC(169)     Total                          Min: 0, Avg: 281.0, Max: 1024, Diff: 1024, Sum: 1124, Workers: 4
[6926.116s][debug][gc,phases      ] GC(169)   ObjectSynchronizer Weak        Min:  0.0, Avg:  0.0, Max:  0.0, Diff:  0.0, Sum:  0.0, Workers: 4
[6926.116s][debug][gc,phases      ] GC(169)     Dead                           Min: 0, Avg:  0.0, Max: 0, Diff: 0, Sum: 0, Workers: 4
[6926.116s][debug][gc,phases      ] GC(169)     Total                          Min: 0, Avg:  1.5, Max: 6, Diff: 6, Sum: 6, Workers: 4
[6926.116s][debug][gc,phases      ] GC(169)   JVMTI Tag Weak OopStorage      Min:  0.0, Avg:  0.0, Max:  0.0, Diff:  0.0, Sum:  0.0, Workers: 4
[6926.116s][debug][gc,phases      ] GC(169)     Dead                           Min: 0, Avg:  0.0, Max: 0, Diff: 0, Sum: 0, Workers: 4
[6926.116s][debug][gc,phases      ] GC(169)     Total                          Min: 0, Avg:  0.0, Max: 0, Diff: 0, Sum: 0, Workers: 4
[6926.116s][debug][gc,phases      ] GC(169)   StringTable Weak               Min:  0.1, Avg:  0.1, Max:  0.1, Diff:  0.0, Sum:  0.4, Workers: 4
[6926.116s][debug][gc,phases      ] GC(169)     Dead                           Min: 0, Avg:  0.5, Max: 2, Diff: 2, Sum: 2, Workers: 4
[6926.116s][debug][gc,phases      ] GC(169)     Total                          Min: 11483, Avg: 12630.2, Max: 14015, Diff: 2532, Sum: 50521, Workers: 4
[6926.116s][debug][gc,phases      ] GC(169)   ResolvedMethodTable Weak       Min:  0.0, Avg:  0.0, Max:  0.0, Diff:  0.0, Sum:  0.1, Workers: 4
[6926.116s][debug][gc,phases      ] GC(169)     Dead                           Min: 0, Avg:  0.5, Max: 1, Diff: 1, Sum: 2, Workers: 4
[6926.116s][debug][gc,phases      ] GC(169)     Total                          Min: 3822, Avg: 4087.8, Max: 4370, Diff: 548, Sum: 16351, Workers: 4
[6926.116s][debug][gc,phases      ] GC(169)   JNI Weak                       Min:  0.0, Avg:  0.0, Max:  0.0, Diff:  0.0, Sum:  0.0, Workers: 4
[6926.116s][debug][gc,phases      ] GC(169)     Dead                           Min: 0, Avg:  0.0, Max: 0, Diff: 0, Sum: 0, Workers: 4
[6926.116s][debug][gc,phases      ] GC(169)     Total                          Min: 0, Avg: 13.0, Max: 52, Diff: 52, Sum: 52, Workers: 4
[6926.116s][debug][gc,phases      ] GC(169)   StringDedup Table Weak         Min:  0.0, Avg:  0.0, Max:  0.0, Diff:  0.0, Sum:  0.0, Workers: 4
[6926.116s][debug][gc,phases      ] GC(169)     Dead                           Min: 0, Avg:  0.0, Max: 0, Diff: 0, Sum: 0, Workers: 4
[6926.116s][debug][gc,phases      ] GC(169)     Total                          Min: 0, Avg:  0.0, Max: 0, Diff: 0, Sum: 0, Workers: 4
[6926.116s][debug][gc,phases      ] GC(169)   StringDedup Requests0 Weak     Min:  0.0, Avg:  0.0, Max:  0.0, Diff:  0.0, Sum:  0.0, Workers: 4
[6926.116s][debug][gc,phases      ] GC(169)     Dead                           Min: 0, Avg:  0.0, Max: 0, Diff: 0, Sum: 0, Workers: 4
[6926.116s][debug][gc,phases      ] GC(169)     Total                          Min: 0, Avg:  0.0, Max: 0, Diff: 0, Sum: 0, Workers: 4
[6926.116s][debug][gc,phases      ] GC(169)   StringDedup Requests1 Weak     Min:  0.0, Avg:  0.0, Max:  0.0, Diff:  0.0, Sum:  0.0, Workers: 4
[6926.116s][debug][gc,phases      ] GC(169)     Dead                           Min: 0, Avg:  0.0, Max: 0, Diff: 0, Sum: 0, Workers: 4
[6926.116s][debug][gc,phases      ] GC(169)     Total                          Min: 0, Avg:  0.0, Max: 0, Diff: 0, Sum: 0, Workers: 4
[6926.116s][debug][gc,phases      ] GC(169)   Weak JFR Old Object Samples    Min:  0.0, Avg:  0.0, Max:  0.0, Diff:  0.0, Sum:  0.0, Workers: 4
[6926.116s][debug][gc,phases      ] GC(169)     Dead                           Min: 0, Avg:  0.0, Max: 0, Diff: 0, Sum: 0, Workers: 4
[6926.116s][debug][gc,phases      ] GC(169)     Total                          Min: 0, Avg:  0.0, Max: 0, Diff: 0, Sum: 0, Workers: 4
[6926.116s][debug][gc,phases      ] GC(169) Weak Processing 0.316ms
[6926.116s][debug][gc,age         ] GC(169) Desired survivor size 53477376 bytes, new threshold 1 (max threshold 15)
[6926.116s][info ][gc,heap        ] GC(169) PSYoungGen: 2019632K(2043904K)->34896K(2044416K) Eden: 1990656K(1990656K)->0K(1992704K) From: 28976K(53248K)->34896K(51712K)
[6926.116s][info ][gc,heap        ] GC(169) ParOldGen: 2223878K(2224128K)->2248561K(2248704K)
[6926.116s][info ][gc,metaspace   ] GC(169) Metaspace: 116213K(117632K)->116213K(117632K) NonClass: 98944K(99712K)->98944K(99712K) Class: 17268K(17920K)->17268K(17920K)
[6926.116s][info ][gc             ] GC(169) Pause Young (Allocation Failure) 4144M->2229M(4192M) 35.924ms
[6926.116s][info ][gc,cpu         ] GC(169) User=0.13s Sys=0.02s Real=0.03s
[6926.116s][info ][safepoint      ] Safepoint "ParallelGCFailedAllocation", Time since last: 1689639924 ns, Reaching safepoint: 93102 ns, Cleanup: 27000 ns, At safepoint: 36033282 ns, Total: 36153384 ns
[6927.116s][info ][safepoint      ] Safepoint "Cleanup", Time since last: 1000098723 ns, Reaching safepoint: 92502 ns, Cleanup: 22700 ns, At safepoint: 27201 ns, Total: 142403 ns
[6928.117s][info ][safepoint      ] Safepoint "Cleanup", Time since last: 1000197925 ns, Reaching safepoint: 94201 ns, Cleanup: 13901 ns, At safepoint: 10600 ns, Total: 118702 ns
[6931.117s][info ][safepoint      ] Safepoint "Cleanup", Time since last: 3000285368 ns, Reaching safepoint: 15701 ns, Cleanup: 18300 ns, At safepoint: 3300 ns, Total: 37301 ns
[6932.117s][info ][safepoint      ] Safepoint "Cleanup", Time since last: 1000126224 ns, Reaching safepoint: 85901 ns, Cleanup: 10900 ns, At safepoint: 10001 ns, Total: 106802 ns
[6933.118s][info ][safepoint      ] Safepoint "Cleanup", Time since last: 1000187043 ns, Reaching safepoint: 14200 ns, Cleanup: 13500 ns, At safepoint: 4200 ns, Total: 31900 ns
[6934.118s][info ][safepoint      ] Safepoint "Cleanup", Time since last: 1000146989 ns, Reaching safepoint: 93002 ns, Cleanup: 10800 ns, At safepoint: 10001 ns, Total: 113803 ns
[6934.226s][info ][gc,start       ] GC(170) Pause Young (Allocation Failure)
[6934.263s][debug][gc,phases      ] GC(170) Scavenge 37.534ms
[6934.264s][debug][gc,ref         ] GC(170) Skipped SoftWeakFinalRefsPhase of Reference Processing: no references
[6934.264s][debug][gc,ref         ] GC(170) Skipped KeepAliveFinalRefsPhase of Reference Processing: no references
[6934.264s][debug][gc,ref         ] GC(170) ReferenceProcessor::execute queues: 1, RefProcThreadModel::Single, marks_oops_alive: false
[6934.264s][debug][gc,phases      ] GC(170) Reference Processing 0.098ms
[6934.264s][debug][gc,phases      ] GC(170)   VM Weak                        Min:  0.0, Avg:  0.0, Max:  0.0, Diff:  0.0, Sum:  0.0, Workers: 4
[6934.264s][debug][gc,phases      ] GC(170)     Dead                           Min: 0, Avg:  0.0, Max: 0, Diff: 0, Sum: 0, Workers: 4
[6934.264s][debug][gc,phases      ] GC(170)     Total                          Min: 0, Avg: 281.0, Max: 448, Diff: 448, Sum: 1124, Workers: 4
[6934.264s][debug][gc,phases      ] GC(170)   ObjectSynchronizer Weak        Min:  0.0, Avg:  0.0, Max:  0.0, Diff:  0.0, Sum:  0.0, Workers: 4
[6934.264s][debug][gc,phases      ] GC(170)     Dead                           Min: 0, Avg:  0.0, Max: 0, Diff: 0, Sum: 0, Workers: 4
[6934.264s][debug][gc,phases      ] GC(170)     Total                          Min: 0, Avg:  1.5, Max: 6, Diff: 6, Sum: 6, Workers: 4
[6934.264s][debug][gc,phases      ] GC(170)   JVMTI Tag Weak OopStorage      Min:  0.0, Avg:  0.0, Max:  0.0, Diff:  0.0, Sum:  0.0, Workers: 4
[6934.264s][debug][gc,phases      ] GC(170)     Dead                           Min: 0, Avg:  0.0, Max: 0, Diff: 0, Sum: 0, Workers: 4
[6934.264s][debug][gc,phases      ] GC(170)     Total                          Min: 0, Avg:  0.0, Max: 0, Diff: 0, Sum: 0, Workers: 4
[6934.264s][debug][gc,phases      ] GC(170)   StringTable Weak               Min:  0.1, Avg:  0.1, Max:  0.1, Diff:  0.0, Sum:  0.4, Workers: 4
[6934.264s][debug][gc,phases      ] GC(170)     Dead                           Min: 0, Avg:  0.0, Max: 0, Diff: 0, Sum: 0, Workers: 4
[6934.264s][debug][gc,phases      ] GC(170)     Total                          Min: 11327, Avg: 12630.2, Max: 14364, Diff: 3037, Sum: 50521, Workers: 4
[6934.264s][debug][gc,phases      ] GC(170)   ResolvedMethodTable Weak       Min:  0.0, Avg:  0.0, Max:  0.0, Diff:  0.0, Sum:  0.1, Workers: 4
[6934.264s][debug][gc,phases      ] GC(170)     Dead                           Min: 0, Avg:  0.0, Max: 0, Diff: 0, Sum: 0, Workers: 4
[6934.264s][debug][gc,phases      ] GC(170)     Total                          Min: 3258, Avg: 4087.8, Max: 4812, Diff: 1554, Sum: 16351, Workers: 4
[6934.264s][debug][gc,phases      ] GC(170)   JNI Weak                       Min:  0.0, Avg:  0.0, Max:  0.0, Diff:  0.0, Sum:  0.0, Workers: 4
[6934.264s][debug][gc,phases      ] GC(170)     Dead                           Min: 0, Avg:  0.0, Max: 0, Diff: 0, Sum: 0, Workers: 4
[6934.264s][debug][gc,phases      ] GC(170)     Total                          Min: 0, Avg: 13.0, Max: 52, Diff: 52, Sum: 52, Workers: 4
[6934.264s][debug][gc,phases      ] GC(170)   StringDedup Table Weak         Min:  0.0, Avg:  0.0, Max:  0.0, Diff:  0.0, Sum:  0.0, Workers: 4
[6934.264s][debug][gc,phases      ] GC(170)     Dead                           Min: 0, Avg:  0.0, Max: 0, Diff: 0, Sum: 0, Workers: 4
[6934.264s][debug][gc,phases      ] GC(170)     Total                          Min: 0, Avg:  0.0, Max: 0, Diff: 0, Sum: 0, Workers: 4
[6934.264s][debug][gc,phases      ] GC(170)   StringDedup Requests0 Weak     Min:  0.0, Avg:  0.0, Max:  0.0, Diff:  0.0, Sum:  0.0, Workers: 4
[6934.264s][debug][gc,phases      ] GC(170)     Dead                           Min: 0, Avg:  0.0, Max: 0, Diff: 0, Sum: 0, Workers: 4
[6934.264s][debug][gc,phases      ] GC(170)     Total                          Min: 0, Avg:  0.0, Max: 0, Diff: 0, Sum: 0, Workers: 4
[6934.264s][debug][gc,phases      ] GC(170)   StringDedup Requests1 Weak     Min:  0.0, Avg:  0.0, Max:  0.0, Diff:  0.0, Sum:  0.0, Workers: 4
[6934.264s][debug][gc,phases      ] GC(170)     Dead                           Min: 0, Avg:  0.0, Max: 0, Diff: 0, Sum: 0, Workers: 4
[6934.264s][debug][gc,phases      ] GC(170)     Total                          Min: 0, Avg:  0.0, Max: 0, Diff: 0, Sum: 0, Workers: 4
[6934.264s][debug][gc,phases      ] GC(170)   Weak JFR Old Object Samples    Min:  0.0, Avg:  0.0, Max:  0.0, Diff:  0.0, Sum:  0.0, Workers: 4
[6934.264s][debug][gc,phases      ] GC(170)     Dead                           Min: 0, Avg:  0.0, Max: 0, Diff: 0, Sum: 0, Workers: 4
[6934.264s][debug][gc,phases      ] GC(170)     Total                          Min: 0, Avg:  0.0, Max: 0, Diff: 0, Sum: 0, Workers: 4
[6934.264s][debug][gc,phases      ] GC(170) Weak Processing 0.319ms
[6934.264s][debug][gc,age         ] GC(170) Desired survivor size 54001664 bytes, new threshold 1 (max threshold 15)
[6934.264s][info ][gc,heap        ] GC(170) PSYoungGen: 2027600K(2044416K)->35472K(2028544K) Eden: 1992704K(1992704K)->0K(1992704K) From: 34896K(51712K)->35472K(35840K)
[6934.264s][info ][gc,heap        ] GC(170) ParOldGen: 2248561K(2248704K)->2280254K(2280448K)
[6934.264s][info ][gc,metaspace   ] GC(170) Metaspace: 116213K(117632K)->116213K(117632K) NonClass: 98945K(99712K)->98945K(99712K) Class: 17268K(17920K)->17268K(17920K)
[6934.264s][info ][gc             ] GC(170) Pause Young (Allocation Failure) 4175M->2261M(4208M) 38.161ms
[6934.264s][info ][gc,cpu         ] GC(170) User=0.13s Sys=0.02s Real=0.04s
[6934.264s][info ][safepoint      ] Safepoint "ParallelGCFailedAllocation", Time since last: 107936627 ns, Reaching safepoint: 90202 ns, Cleanup: 6700 ns, At safepoint: 38269219 ns, Total: 38366121 ns
[6937.265s][info ][safepoint      ] Safepoint "Cleanup", Time since last: 3000563070 ns, Reaching safepoint: 20500 ns, Cleanup: 19401 ns, At safepoint: 3600 ns, Total: 43501 ns
[6938.265s][info ][safepoint      ] Safepoint "Cleanup", Time since last: 1000129289 ns, Reaching safepoint: 85901 ns, Cleanup: 14701 ns, At safepoint: 10900 ns, Total: 111502 ns
[6943.266s][info ][safepoint      ] Safepoint "Cleanup", Time since last: 5000564120 ns, Reaching safepoint: 88202 ns, Cleanup: 17700 ns, At safepoint: 10801 ns, Total: 116703 ns
[6943.340s][info ][gc,start       ] GC(171) Pause Young (Allocation Failure)
[6943.379s][debug][gc,phases      ] GC(171) Scavenge 39.286ms
[6943.379s][debug][gc,ref         ] GC(171) Skipped SoftWeakFinalRefsPhase of Reference Processing: no references
[6943.379s][debug][gc,ref         ] GC(171) Skipped KeepAliveFinalRefsPhase of Reference Processing: no references
[6943.379s][debug][gc,ref         ] GC(171) ReferenceProcessor::execute queues: 1, RefProcThreadModel::Single, marks_oops_alive: false
[6943.379s][debug][gc,phases      ] GC(171) Reference Processing 0.126ms
[6943.379s][debug][gc,phases      ] GC(171)   VM Weak                        Min:  0.0, Avg:  0.0, Max:  0.0, Diff:  0.0, Sum:  0.0, Workers: 4
[6943.379s][debug][gc,phases      ] GC(171)     Dead                           Min: 0, Avg:  0.0, Max: 0, Diff: 0, Sum: 0, Workers: 4
[6943.379s][debug][gc,phases      ] GC(171)     Total                          Min: 0, Avg: 281.0, Max: 704, Diff: 704, Sum: 1124, Workers: 4
[6943.379s][debug][gc,phases      ] GC(171)   ObjectSynchronizer Weak        Min:  0.0, Avg:  0.0, Max:  0.0, Diff:  0.0, Sum:  0.0, Workers: 4
[6943.379s][debug][gc,phases      ] GC(171)     Dead                           Min: 0, Avg:  0.0, Max: 0, Diff: 0, Sum: 0, Workers: 4
[6943.380s][debug][gc,phases      ] GC(171)     Total                          Min: 0, Avg:  1.5, Max: 6, Diff: 6, Sum: 6, Workers: 4
[6943.380s][debug][gc,phases      ] GC(171)   JVMTI Tag Weak OopStorage      Min:  0.0, Avg:  0.0, Max:  0.0, Diff:  0.0, Sum:  0.0, Workers: 4
[6943.380s][debug][gc,phases      ] GC(171)     Dead                           Min: 0, Avg:  0.0, Max: 0, Diff: 0, Sum: 0, Workers: 4
[6943.380s][debug][gc,phases      ] GC(171)     Total                          Min: 0, Avg:  0.0, Max: 0, Diff: 0, Sum: 0, Workers: 4
[6943.380s][debug][gc,phases      ] GC(171)   StringTable Weak               Min:  0.1, Avg:  0.1, Max:  0.1, Diff:  0.0, Sum:  0.4, Workers: 4
[6943.380s][debug][gc,phases      ] GC(171)     Dead                           Min: 0, Avg:  0.0, Max: 0, Diff: 0, Sum: 0, Workers: 4
[6943.380s][debug][gc,phases      ] GC(171)     Total                          Min: 11263, Avg: 12630.2, Max: 14206, Diff: 2943, Sum: 50521, Workers: 4
[6943.380s][debug][gc,phases      ] GC(171)   ResolvedMethodTable Weak       Min:  0.0, Avg:  0.0, Max:  0.0, Diff:  0.0, Sum:  0.1, Workers: 4
[6943.380s][debug][gc,phases      ] GC(171)     Dead                           Min: 0, Avg:  0.0, Max: 0, Diff: 0, Sum: 0, Workers: 4
[6943.380s][debug][gc,phases      ] GC(171)     Total                          Min: 3533, Avg: 4087.8, Max: 4629, Diff: 1096, Sum: 16351, Workers: 4
[6943.380s][debug][gc,phases      ] GC(171)   JNI Weak                       Min:  0.0, Avg:  0.0, Max:  0.0, Diff:  0.0, Sum:  0.0, Workers: 4
[6943.380s][debug][gc,phases      ] GC(171)     Dead                           Min: 0, Avg:  0.0, Max: 0, Diff: 0, Sum: 0, Workers: 4
[6943.380s][debug][gc,phases      ] GC(171)     Total                          Min: 0, Avg: 13.0, Max: 52, Diff: 52, Sum: 52, Workers: 4
[6943.380s][debug][gc,phases      ] GC(171)   StringDedup Table Weak         Min:  0.0, Avg:  0.0, Max:  0.0, Diff:  0.0, Sum:  0.0, Workers: 4
[6943.380s][debug][gc,phases      ] GC(171)     Dead                           Min: 0, Avg:  0.0, Max: 0, Diff: 0, Sum: 0, Workers: 4
[6943.380s][debug][gc,phases      ] GC(171)     Total                          Min: 0, Avg:  0.0, Max: 0, Diff: 0, Sum: 0, Workers: 4
[6943.380s][debug][gc,phases      ] GC(171)   StringDedup Requests0 Weak     Min:  0.0, Avg:  0.0, Max:  0.0, Diff:  0.0, Sum:  0.0, Workers: 4
[6943.380s][debug][gc,phases      ] GC(171)     Dead                           Min: 0, Avg:  0.0, Max: 0, Diff: 0, Sum: 0, Workers: 4
[6943.380s][debug][gc,phases      ] GC(171)     Total                          Min: 0, Avg:  0.0, Max: 0, Diff: 0, Sum: 0, Workers: 4
[6943.380s][debug][gc,phases      ] GC(171)   StringDedup Requests1 Weak     Min:  0.0, Avg:  0.0, Max:  0.0, Diff:  0.0, Sum:  0.0, Workers: 4
[6943.380s][debug][gc,phases      ] GC(171)     Dead                           Min: 0, Avg:  0.0, Max: 0, Diff: 0, Sum: 0, Workers: 4
[6943.380s][debug][gc,phases      ] GC(171)     Total                          Min: 0, Avg:  0.0, Max: 0, Diff: 0, Sum: 0, Workers: 4
[6943.380s][debug][gc,phases      ] GC(171)   Weak JFR Old Object Samples    Min:  0.0, Avg:  0.0, Max:  0.0, Diff:  0.0, Sum:  0.0, Workers: 4
[6943.380s][debug][gc,phases      ] GC(171)     Dead                           Min: 0, Avg:  0.0, Max: 0, Diff: 0, Sum: 0, Workers: 4
[6943.380s][debug][gc,phases      ] GC(171)     Total                          Min: 0, Avg:  0.0, Max: 0, Diff: 0, Sum: 0, Workers: 4
[6943.380s][debug][gc,phases      ] GC(171) Weak Processing 0.338ms
[6943.380s][debug][gc,age         ] GC(171) Desired survivor size 55050240 bytes, new threshold 1 (max threshold 15)
[6943.380s][info ][gc,heap        ] GC(171) PSYoungGen: 2028176K(2028544K)->36787K(2042368K) Eden: 1992704K(1992704K)->0K(1989632K) From: 35472K(35840K)->36787K(52736K)
[6943.380s][info ][gc,heap        ] GC(171) ParOldGen: 2280254K(2280448K)->2313146K(2313216K)
[6943.380s][info ][gc,metaspace   ] GC(171) Metaspace: 116218K(117632K)->116218K(117632K) NonClass: 98950K(99712K)->98950K(99712K) Class: 17268K(17920K)->17268K(17920K)
[6943.380s][info ][gc             ] GC(171) Pause Young (Allocation Failure) 4207M->2294M(4253M) 39.899ms
[6943.380s][info ][gc,cpu         ] GC(171) User=0.14s Sys=0.02s Real=0.04s
[6943.380s][info ][safepoint      ] Safepoint "ParallelGCFailedAllocation", Time since last: 74055466 ns, Reaching safepoint: 87402 ns, Cleanup: 11700 ns, At safepoint: 40006646 ns, Total: 40105748 ns
[6947.380s][info ][safepoint      ] Safepoint "Cleanup", Time since last: 4000330505 ns, Reaching safepoint: 89502 ns, Cleanup: 20500 ns, At safepoint: 12301 ns, Total: 122303 ns
[6949.381s][info ][safepoint      ] Safepoint "Cleanup", Time since last: 2000217055 ns, Reaching safepoint: 91302 ns, Cleanup: 14400 ns, At safepoint: 14000 ns, Total: 119702 ns
[6950.381s][info ][safepoint      ] Safepoint "Cleanup", Time since last: 1000149902 ns, Reaching safepoint: 93702 ns, Cleanup: 13300 ns, At safepoint: 7900 ns, Total: 114902 ns
[6951.411s][info ][gc,start       ] GC(172) Pause Young (Allocation Failure)
[6951.449s][debug][gc,phases      ] GC(172) Scavenge 38.014ms
[6951.450s][debug][gc,ref         ] GC(172) ReferenceProcessor::execute queues: 1, RefProcThreadModel::Single, marks_oops_alive: false
[6951.450s][debug][gc,ref         ] GC(172) Skipped KeepAliveFinalRefsPhase of Reference Processing: no references
[6951.450s][debug][gc,ref         ] GC(172) ReferenceProcessor::execute queues: 1, RefProcThreadModel::Single, marks_oops_alive: false
[6951.450s][debug][gc,phases      ] GC(172) Reference Processing 0.126ms
[6951.450s][debug][gc,phases      ] GC(172)   VM Weak                        Min:  0.0, Avg:  0.0, Max:  0.0, Diff:  0.0, Sum:  0.0, Workers: 4
[6951.450s][debug][gc,phases      ] GC(172)     Dead                           Min: 0, Avg:  0.0, Max: 0, Diff: 0, Sum: 0, Workers: 4
[6951.450s][debug][gc,phases      ] GC(172)     Total                          Min: 0, Avg: 281.0, Max: 740, Diff: 740, Sum: 1124, Workers: 4
[6951.450s][debug][gc,phases      ] GC(172)   ObjectSynchronizer Weak        Min:  0.0, Avg:  0.0, Max:  0.0, Diff:  0.0, Sum:  0.0, Workers: 4
[6951.450s][debug][gc,phases      ] GC(172)     Dead                           Min: 0, Avg:  0.0, Max: 0, Diff: 0, Sum: 0, Workers: 4
[6951.450s][debug][gc,phases      ] GC(172)     Total                          Min: 0, Avg:  1.5, Max: 6, Diff: 6, Sum: 6, Workers: 4
[6951.450s][debug][gc,phases      ] GC(172)   JVMTI Tag Weak OopStorage      Min:  0.0, Avg:  0.0, Max:  0.0, Diff:  0.0, Sum:  0.0, Workers: 4
[6951.450s][debug][gc,phases      ] GC(172)     Dead                           Min: 0, Avg:  0.0, Max: 0, Diff: 0, Sum: 0, Workers: 4
[6951.450s][debug][gc,phases      ] GC(172)     Total                          Min: 0, Avg:  0.0, Max: 0, Diff: 0, Sum: 0, Workers: 4
[6951.450s][debug][gc,phases      ] GC(172)   StringTable Weak               Min:  0.1, Avg:  0.1, Max:  0.1, Diff:  0.0, Sum:  0.4, Workers: 4
[6951.450s][debug][gc,phases      ] GC(172)     Dead                           Min: 0, Avg:  0.0, Max: 0, Diff: 0, Sum: 0, Workers: 4
[6951.450s][debug][gc,phases      ] GC(172)     Total                          Min: 10047, Avg: 12630.8, Max: 14686, Diff: 4639, Sum: 50523, Workers: 4
[6951.450s][debug][gc,phases      ] GC(172)   ResolvedMethodTable Weak       Min:  0.0, Avg:  0.0, Max:  0.0, Diff:  0.0, Sum:  0.1, Workers: 4
[6951.450s][debug][gc,phases      ] GC(172)     Dead                           Min: 0, Avg:  4.2, Max: 9, Diff: 9, Sum: 17, Workers: 4
[6951.450s][debug][gc,phases      ] GC(172)     Total                          Min: 3411, Avg: 4088.2, Max: 4775, Diff: 1364, Sum: 16353, Workers: 4
[6951.450s][debug][gc,phases      ] GC(172)   JNI Weak                       Min:  0.0, Avg:  0.0, Max:  0.0, Diff:  0.0, Sum:  0.0, Workers: 4
[6951.450s][debug][gc,phases      ] GC(172)     Dead                           Min: 0, Avg:  0.0, Max: 0, Diff: 0, Sum: 0, Workers: 4
[6951.450s][debug][gc,phases      ] GC(172)     Total                          Min: 0, Avg: 13.0, Max: 52, Diff: 52, Sum: 52, Workers: 4
[6951.450s][debug][gc,phases      ] GC(172)   StringDedup Table Weak         Min:  0.0, Avg:  0.0, Max:  0.0, Diff:  0.0, Sum:  0.0, Workers: 4
[6951.450s][debug][gc,phases      ] GC(172)     Dead                           Min: 0, Avg:  0.0, Max: 0, Diff: 0, Sum: 0, Workers: 4
[6951.450s][debug][gc,phases      ] GC(172)     Total                          Min: 0, Avg:  0.0, Max: 0, Diff: 0, Sum: 0, Workers: 4
[6951.450s][debug][gc,phases      ] GC(172)   StringDedup Requests0 Weak     Min:  0.0, Avg:  0.0, Max:  0.0, Diff:  0.0, Sum:  0.0, Workers: 4
[6951.450s][debug][gc,phases      ] GC(172)     Dead                           Min: 0, Avg:  0.0, Max: 0, Diff: 0, Sum: 0, Workers: 4
[6951.450s][debug][gc,phases      ] GC(172)     Total                          Min: 0, Avg:  0.0, Max: 0, Diff: 0, Sum: 0, Workers: 4
[6951.450s][debug][gc,phases      ] GC(172)   StringDedup Requests1 Weak     Min:  0.0, Avg:  0.0, Max:  0.0, Diff:  0.0, Sum:  0.0, Workers: 4
[6951.450s][debug][gc,phases      ] GC(172)     Dead                           Min: 0, Avg:  0.0, Max: 0, Diff: 0, Sum: 0, Workers: 4
[6951.450s][debug][gc,phases      ] GC(172)     Total                          Min: 0, Avg:  0.0, Max: 0, Diff: 0, Sum: 0, Workers: 4
[6951.450s][debug][gc,phases      ] GC(172)   Weak JFR Old Object Samples    Min:  0.0, Avg:  0.0, Max:  0.0, Diff:  0.0, Sum:  0.0, Workers: 4
[6951.450s][debug][gc,phases      ] GC(172)     Dead                           Min: 0, Avg:  0.0, Max: 0, Diff: 0, Sum: 0, Workers: 4
[6951.450s][debug][gc,phases      ] GC(172)     Total                          Min: 0, Avg:  0.0, Max: 0, Diff: 0, Sum: 0, Workers: 4
[6951.450s][debug][gc,phases      ] GC(172) Weak Processing 0.322ms
[6951.450s][debug][gc,age         ] GC(172) Desired survivor size 55574528 bytes, new threshold 1 (max threshold 15)
[6951.450s][info ][gc,heap        ] GC(172) PSYoungGen: 2026419K(2042368K)->37120K(2027008K) Eden: 1989632K(1989632K)->0K(1989632K) From: 36787K(52736K)->37120K(37376K)
[6951.450s][info ][gc,heap        ] GC(172) ParOldGen: 2313146K(2313216K)->2346848K(2347008K)
[6951.450s][info ][gc,metaspace   ] GC(172) Metaspace: 116257K(117696K)->116257K(117696K) NonClass: 98988K(99776K)->98988K(99776K) Class: 17268K(17920K)->17268K(17920K)
[6951.450s][info ][gc             ] GC(172) Pause Young (Allocation Failure) 4237M->2328M(4271M) 38.616ms
[6951.450s][info ][gc,cpu         ] GC(172) User=0.13s Sys=0.03s Real=0.04s
[6951.450s][info ][safepoint      ] Safepoint "ParallelGCFailedAllocation", Time since last: 1030416083 ns, Reaching safepoint: 91902 ns, Cleanup: 15400 ns, At safepoint: 38736344 ns, Total: 38843646 ns
[6954.450s][info ][safepoint      ] Safepoint "Cleanup", Time since last: 3000332603 ns, Reaching safepoint: 16401 ns, Cleanup: 18000 ns, At safepoint: 4100 ns, Total: 38501 ns
[6956.451s][info ][safepoint      ] Safepoint "Cleanup", Time since last: 2000247903 ns, Reaching safepoint: 14700 ns, Cleanup: 14900 ns, At safepoint: 4700 ns, Total: 34300 ns
[6957.451s][info ][safepoint      ] Safepoint "Cleanup", Time since last: 1000129720 ns, Reaching safepoint: 89802 ns, Cleanup: 16300 ns, At safepoint: 26401 ns, Total: 132503 ns
[6958.451s][info ][safepoint      ] Safepoint "Cleanup", Time since last: 1000137611 ns, Reaching safepoint: 86102 ns, Cleanup: 16700 ns, At safepoint: 8001 ns, Total: 110803 ns
[6959.330s][info ][gc,start       ] GC(173) Pause Young (Allocation Failure)
[6959.371s][debug][gc,phases      ] GC(173) Scavenge 40.997ms
[6959.371s][debug][gc,ref         ] GC(173) Skipped SoftWeakFinalRefsPhase of Reference Processing: no references
[6959.371s][debug][gc,ref         ] GC(173) Skipped KeepAliveFinalRefsPhase of Reference Processing: no references
[6959.371s][debug][gc,ref         ] GC(173) ReferenceProcessor::execute queues: 1, RefProcThreadModel::Single, marks_oops_alive: false
[6959.371s][debug][gc,phases      ] GC(173) Reference Processing 0.150ms
[6959.372s][debug][gc,phases      ] GC(173)   VM Weak                        Min:  0.0, Avg:  0.0, Max:  0.0, Diff:  0.0, Sum:  0.0, Workers: 4
[6959.372s][debug][gc,phases      ] GC(173)     Dead                           Min: 0, Avg:  0.0, Max: 0, Diff: 0, Sum: 0, Workers: 4
[6959.372s][debug][gc,phases      ] GC(173)     Total                          Min: 0, Avg: 281.0, Max: 612, Diff: 612, Sum: 1124, Workers: 4
[6959.372s][debug][gc,phases      ] GC(173)   ObjectSynchronizer Weak        Min:  0.0, Avg:  0.0, Max:  0.0, Diff:  0.0, Sum:  0.0, Workers: 4
[6959.372s][debug][gc,phases      ] GC(173)     Dead                           Min: 0, Avg:  0.0, Max: 0, Diff: 0, Sum: 0, Workers: 4
[6959.372s][debug][gc,phases      ] GC(173)     Total                          Min: 0, Avg:  1.5, Max: 6, Diff: 6, Sum: 6, Workers: 4
[6959.372s][debug][gc,phases      ] GC(173)   JVMTI Tag Weak OopStorage      Min:  0.0, Avg:  0.0, Max:  0.0, Diff:  0.0, Sum:  0.0, Workers: 4
[6959.372s][debug][gc,phases      ] GC(173)     Dead                           Min: 0, Avg:  0.0, Max: 0, Diff: 0, Sum: 0, Workers: 4
[6959.372s][debug][gc,phases      ] GC(173)     Total                          Min: 0, Avg:  0.0, Max: 0, Diff: 0, Sum: 0, Workers: 4
[6959.372s][debug][gc,phases      ] GC(173)   StringTable Weak               Min:  0.1, Avg:  0.1, Max:  0.1, Diff:  0.0, Sum:  0.4, Workers: 4
[6959.372s][debug][gc,phases      ] GC(173)     Dead                           Min: 0, Avg:  0.0, Max: 0, Diff: 0, Sum: 0, Workers: 4
[6959.372s][debug][gc,phases      ] GC(173)     Total                          Min: 11520, Avg: 12630.8, Max: 13724, Diff: 2204, Sum: 50523, Workers: 4
[6959.372s][debug][gc,phases      ] GC(173)   ResolvedMethodTable Weak       Min:  0.0, Avg:  0.0, Max:  0.0, Diff:  0.0, Sum:  0.1, Workers: 4
[6959.372s][debug][gc,phases      ] GC(173)     Dead                           Min: 0, Avg:  0.0, Max: 0, Diff: 0, Sum: 0, Workers: 4
[6959.372s][debug][gc,phases      ] GC(173)     Total                          Min: 3442, Avg: 4088.2, Max: 4495, Diff: 1053, Sum: 16353, Workers: 4
[6959.372s][debug][gc,phases      ] GC(173)   JNI Weak                       Min:  0.0, Avg:  0.0, Max:  0.0, Diff:  0.0, Sum:  0.0, Workers: 4
[6959.372s][debug][gc,phases      ] GC(173)     Dead                           Min: 0, Avg:  0.0, Max: 0, Diff: 0, Sum: 0, Workers: 4
[6959.372s][debug][gc,phases      ] GC(173)     Total                          Min: 0, Avg: 13.0, Max: 52, Diff: 52, Sum: 52, Workers: 4
[6959.372s][debug][gc,phases      ] GC(173)   StringDedup Table Weak         Min:  0.0, Avg:  0.0, Max:  0.0, Diff:  0.0, Sum:  0.0, Workers: 4
[6959.372s][debug][gc,phases      ] GC(173)     Dead                           Min: 0, Avg:  0.0, Max: 0, Diff: 0, Sum: 0, Workers: 4
[6959.372s][debug][gc,phases      ] GC(173)     Total                          Min: 0, Avg:  0.0, Max: 0, Diff: 0, Sum: 0, Workers: 4
[6959.372s][debug][gc,phases      ] GC(173)   StringDedup Requests0 Weak     Min:  0.0, Avg:  0.0, Max:  0.0, Diff:  0.0, Sum:  0.0, Workers: 4
[6959.372s][debug][gc,phases      ] GC(173)     Dead                           Min: 0, Avg:  0.0, Max: 0, Diff: 0, Sum: 0, Workers: 4
[6959.372s][debug][gc,phases      ] GC(173)     Total                          Min: 0, Avg:  0.0, Max: 0, Diff: 0, Sum: 0, Workers: 4
[6959.372s][debug][gc,phases      ] GC(173)   StringDedup Requests1 Weak     Min:  0.0, Avg:  0.0, Max:  0.0, Diff:  0.0, Sum:  0.0, Workers: 4
[6959.372s][debug][gc,phases      ] GC(173)     Dead                           Min: 0, Avg:  0.0, Max: 0, Diff: 0, Sum: 0, Workers: 4
[6959.372s][debug][gc,phases      ] GC(173)     Total                          Min: 0, Avg:  0.0, Max: 0, Diff: 0, Sum: 0, Workers: 4
[6959.372s][debug][gc,phases      ] GC(173)   Weak JFR Old Object Samples    Min:  0.0, Avg:  0.0, Max:  0.0, Diff:  0.0, Sum:  0.0, Workers: 4
[6959.372s][debug][gc,phases      ] GC(173)     Dead                           Min: 0, Avg:  0.0, Max: 0, Diff: 0, Sum: 0, Workers: 4
[6959.372s][debug][gc,phases      ] GC(173)     Total                          Min: 0, Avg:  0.0, Max: 0, Diff: 0, Sum: 0, Workers: 4
[6959.372s][debug][gc,phases      ] GC(173) Weak Processing 0.475ms
[6959.372s][debug][gc,age         ] GC(173) Desired survivor size 55574528 bytes, new threshold 1 (max threshold 15)
[6959.372s][info ][gc,heap        ] GC(173) PSYoungGen: 2026752K(2027008K)->36976K(2042880K) Eden: 1989632K(1989632K)->0K(1988608K) From: 37120K(37376K)->36976K(54272K)
[6959.372s][info ][gc,heap        ] GC(173) ParOldGen: 2346848K(2347008K)->2380319K(2380800K)
[6959.372s][info ][gc,metaspace   ] GC(173) Metaspace: 116265K(117696K)->116265K(117696K) NonClass: 98996K(99776K)->98996K(99776K) Class: 17268K(17920K)->17268K(17920K)
[6959.372s][info ][gc             ] GC(173) Pause Young (Allocation Failure) 4271M->2360M(4320M) 41.833ms
[6959.372s][info ][gc,cpu         ] GC(173) User=0.14s Sys=0.03s Real=0.04s
[6959.372s][info ][safepoint      ] Safepoint "ParallelGCFailedAllocation", Time since last: 878623589 ns, Reaching safepoint: 102902 ns, Cleanup: 25100 ns, At safepoint: 41999303 ns, Total: 42127305 ns
[6960.372s][info ][safepoint      ] Safepoint "Cleanup", Time since last: 1000138512 ns, Reaching safepoint: 15100 ns, Cleanup: 28200 ns, At safepoint: 4100 ns, Total: 47400 ns
[6961.372s][info ][safepoint      ] Safepoint "Cleanup", Time since last: 1000130912 ns, Reaching safepoint: 15200 ns, Cleanup: 16700 ns, At safepoint: 3800 ns, Total: 35700 ns
[6962.376s][info ][safepoint      ] Safepoint "Cleanup", Time since last: 1003212671 ns, Reaching safepoint: 100002 ns, Cleanup: 21000 ns, At safepoint: 30501 ns, Total: 151503 ns
[6964.618s][info ][safepoint      ] Safepoint "Cleanup", Time since last: 2242702554 ns, Reaching safepoint: 84902 ns, Cleanup: 13500 ns, At safepoint: 15900 ns, Total: 114302 ns
[6965.619s][info ][safepoint      ] Safepoint "Cleanup", Time since last: 1000133196 ns, Reaching safepoint: 13001 ns, Cleanup: 13100 ns, At safepoint: 3400 ns, Total: 29501 ns
[6966.619s][info ][safepoint      ] Safepoint "Cleanup", Time since last: 1000130096 ns, Reaching safepoint: 93202 ns, Cleanup: 96902 ns, At safepoint: 14800 ns, Total: 204904 ns
[6966.735s][info ][gc,start       ] GC(174) Pause Young (Allocation Failure)
[6966.773s][debug][gc,phases      ] GC(174) Scavenge 38.525ms
[6966.773s][debug][gc,ref         ] GC(174) Skipped SoftWeakFinalRefsPhase of Reference Processing: no references
[6966.773s][debug][gc,ref         ] GC(174) Skipped KeepAliveFinalRefsPhase of Reference Processing: no references
[6966.773s][debug][gc,ref         ] GC(174) ReferenceProcessor::execute queues: 1, RefProcThreadModel::Single, marks_oops_alive: false
[6966.773s][debug][gc,phases      ] GC(174) Reference Processing 0.097ms
[6966.774s][debug][gc,phases      ] GC(174)   VM Weak                        Min:  0.0, Avg:  0.0, Max:  0.0, Diff:  0.0, Sum:  0.0, Workers: 4
[6966.774s][debug][gc,phases      ] GC(174)     Dead                           Min: 0, Avg:  0.0, Max: 0, Diff: 0, Sum: 0, Workers: 4
[6966.774s][debug][gc,phases      ] GC(174)     Total                          Min: 0, Avg: 281.0, Max: 896, Diff: 896, Sum: 1124, Workers: 4
[6966.774s][debug][gc,phases      ] GC(174)   ObjectSynchronizer Weak        Min:  0.0, Avg:  0.0, Max:  0.0, Diff:  0.0, Sum:  0.0, Workers: 4
[6966.774s][debug][gc,phases      ] GC(174)     Dead                           Min: 0, Avg:  0.0, Max: 0, Diff: 0, Sum: 0, Workers: 4
[6966.774s][debug][gc,phases      ] GC(174)     Total                          Min: 0, Avg:  1.0, Max: 4, Diff: 4, Sum: 4, Workers: 4
[6966.774s][debug][gc,phases      ] GC(174)   JVMTI Tag Weak OopStorage      Min:  0.0, Avg:  0.0, Max:  0.0, Diff:  0.0, Sum:  0.0, Workers: 4
[6966.774s][debug][gc,phases      ] GC(174)     Dead                           Min: 0, Avg:  0.0, Max: 0, Diff: 0, Sum: 0, Workers: 4
[6966.774s][debug][gc,phases      ] GC(174)     Total                          Min: 0, Avg:  0.0, Max: 0, Diff: 0, Sum: 0, Workers: 4
[6966.774s][debug][gc,phases      ] GC(174)   StringTable Weak               Min:  0.1, Avg:  0.1, Max:  0.1, Diff:  0.0, Sum:  0.4, Workers: 4
[6966.774s][debug][gc,phases      ] GC(174)     Dead                           Min: 0, Avg:  0.0, Max: 0, Diff: 0, Sum: 0, Workers: 4
[6966.774s][debug][gc,phases      ] GC(174)     Total                          Min: 10560, Avg: 12631.0, Max: 13918, Diff: 3358, Sum: 50524, Workers: 4
[6966.774s][debug][gc,phases      ] GC(174)   ResolvedMethodTable Weak       Min:  0.0, Avg:  0.0, Max:  0.0, Diff:  0.0, Sum:  0.1, Workers: 4
[6966.774s][debug][gc,phases      ] GC(174)     Dead                           Min: 0, Avg:  0.0, Max: 0, Diff: 0, Sum: 0, Workers: 4
[6966.774s][debug][gc,phases      ] GC(174)     Total                          Min: 3421, Avg: 4088.2, Max: 4595, Diff: 1174, Sum: 16353, Workers: 4
[6966.774s][debug][gc,phases      ] GC(174)   JNI Weak                       Min:  0.0, Avg:  0.0, Max:  0.0, Diff:  0.0, Sum:  0.0, Workers: 4
[6966.774s][debug][gc,phases      ] GC(174)     Dead                           Min: 0, Avg:  0.0, Max: 0, Diff: 0, Sum: 0, Workers: 4
[6966.774s][debug][gc,phases      ] GC(174)     Total                          Min: 0, Avg: 13.0, Max: 52, Diff: 52, Sum: 52, Workers: 4
[6966.774s][debug][gc,phases      ] GC(174)   StringDedup Table Weak         Min:  0.0, Avg:  0.0, Max:  0.0, Diff:  0.0, Sum:  0.0, Workers: 4
[6966.774s][debug][gc,phases      ] GC(174)     Dead                           Min: 0, Avg:  0.0, Max: 0, Diff: 0, Sum: 0, Workers: 4
[6966.774s][debug][gc,phases      ] GC(174)     Total                          Min: 0, Avg:  0.0, Max: 0, Diff: 0, Sum: 0, Workers: 4
[6966.774s][debug][gc,phases      ] GC(174)   StringDedup Requests0 Weak     Min:  0.0, Avg:  0.0, Max:  0.0, Diff:  0.0, Sum:  0.0, Workers: 4
[6966.774s][debug][gc,phases      ] GC(174)     Dead                           Min: 0, Avg:  0.0, Max: 0, Diff: 0, Sum: 0, Workers: 4
[6966.774s][debug][gc,phases      ] GC(174)     Total                          Min: 0, Avg:  0.0, Max: 0, Diff: 0, Sum: 0, Workers: 4
[6966.774s][debug][gc,phases      ] GC(174)   StringDedup Requests1 Weak     Min:  0.0, Avg:  0.0, Max:  0.0, Diff:  0.0, Sum:  0.0, Workers: 4
[6966.774s][debug][gc,phases      ] GC(174)     Dead                           Min: 0, Avg:  0.0, Max: 0, Diff: 0, Sum: 0, Workers: 4
[6966.774s][debug][gc,phases      ] GC(174)     Total                          Min: 0, Avg:  0.0, Max: 0, Diff: 0, Sum: 0, Workers: 4
[6966.774s][debug][gc,phases      ] GC(174)   Weak JFR Old Object Samples    Min:  0.0, Avg:  0.0, Max:  0.0, Diff:  0.0, Sum:  0.0, Workers: 4
[6966.774s][debug][gc,phases      ] GC(174)     Dead                           Min: 0, Avg:  0.0, Max: 0, Diff: 0, Sum: 0, Workers: 4
[6966.774s][debug][gc,phases      ] GC(174)     Total                          Min: 0, Avg:  0.0, Max: 0, Diff: 0, Sum: 0, Workers: 4
[6966.774s][debug][gc,phases      ] GC(174) Weak Processing 0.327ms
[6966.774s][debug][gc,age         ] GC(174) Desired survivor size 54001664 bytes, new threshold 1 (max threshold 15)
[6966.774s][info ][gc,heap        ] GC(174) PSYoungGen: 2025584K(2042880K)->32416K(2042880K) Eden: 1988608K(1988608K)->0K(1988608K) From: 36976K(54272K)->32416K(54272K)
[6966.774s][info ][gc,heap        ] GC(174) ParOldGen: 2380319K(2380800K)->2413844K(2414080K)
[6966.774s][info ][gc,metaspace   ] GC(174) Metaspace: 116270K(117696K)->116270K(117696K) NonClass: 99001K(99776K)->99001K(99776K) Class: 17268K(17920K)->17268K(17920K)
[6966.774s][info ][gc             ] GC(174) Pause Young (Allocation Failure) 4302M->2388M(4352M) 39.101ms
[6966.774s][info ][gc,cpu         ] GC(174) User=0.13s Sys=0.02s Real=0.04s
[6966.774s][info ][safepoint      ] Safepoint "ParallelGCFailedAllocation", Time since last: 115609207 ns, Reaching safepoint: 89202 ns, Cleanup: 14200 ns, At safepoint: 39208049 ns, Total: 39311451 ns
[6967.774s][info ][safepoint      ] Safepoint "Cleanup", Time since last: 1000097696 ns, Reaching safepoint: 84501 ns, Cleanup: 35301 ns, At safepoint: 10500 ns, Total: 130302 ns
[6968.778s][info ][safepoint      ] Safepoint "Cleanup", Time since last: 1003372758 ns, Reaching safepoint: 168003 ns, Cleanup: 47201 ns, At safepoint: 31401 ns, Total: 246605 ns
[6969.778s][info ][safepoint      ] Safepoint "Cleanup", Time since last: 1000118096 ns, Reaching safepoint: 84201 ns, Cleanup: 15301 ns, At safepoint: 8200 ns, Total: 107702 ns
[6972.782s][info ][safepoint      ] Safepoint "Cleanup", Time since last: 3003600173 ns, Reaching safepoint: 86301 ns, Cleanup: 10800 ns, At safepoint: 8500 ns, Total: 105601 ns
[6972.866s][info ][gc,start       ] GC(175) Pause Young (Allocation Failure)
[6972.902s][debug][gc,phases      ] GC(175) Scavenge 35.785ms
[6972.902s][debug][gc,ref         ] GC(175) Skipped SoftWeakFinalRefsPhase of Reference Processing: no references
[6972.902s][debug][gc,ref         ] GC(175) Skipped KeepAliveFinalRefsPhase of Reference Processing: no references
[6972.902s][debug][gc,ref         ] GC(175) ReferenceProcessor::execute queues: 1, RefProcThreadModel::Single, marks_oops_alive: false
[6972.902s][debug][gc,phases      ] GC(175) Reference Processing 0.102ms
[6972.903s][debug][gc,phases      ] GC(175)   VM Weak                        Min:  0.0, Avg:  0.0, Max:  0.0, Diff:  0.0, Sum:  0.0, Workers: 4
[6972.903s][debug][gc,phases      ] GC(175)     Dead                           Min: 0, Avg:  0.0, Max: 0, Diff: 0, Sum: 0, Workers: 4
[6972.903s][debug][gc,phases      ] GC(175)     Total                          Min: 0, Avg: 281.0, Max: 804, Diff: 804, Sum: 1124, Workers: 4
[6972.903s][debug][gc,phases      ] GC(175)   ObjectSynchronizer Weak        Min:  0.0, Avg:  0.0, Max:  0.0, Diff:  0.0, Sum:  0.0, Workers: 4
[6972.903s][debug][gc,phases      ] GC(175)     Dead                           Min: 0, Avg:  0.0, Max: 0, Diff: 0, Sum: 0, Workers: 4
[6972.903s][debug][gc,phases      ] GC(175)     Total                          Min: 0, Avg:  1.5, Max: 6, Diff: 6, Sum: 6, Workers: 4
[6972.903s][debug][gc,phases      ] GC(175)   JVMTI Tag Weak OopStorage      Min:  0.0, Avg:  0.0, Max:  0.0, Diff:  0.0, Sum:  0.0, Workers: 4
[6972.903s][debug][gc,phases      ] GC(175)     Dead                           Min: 0, Avg:  0.0, Max: 0, Diff: 0, Sum: 0, Workers: 4
[6972.903s][debug][gc,phases      ] GC(175)     Total                          Min: 0, Avg:  0.0, Max: 0, Diff: 0, Sum: 0, Workers: 4
[6972.903s][debug][gc,phases      ] GC(175)   StringTable Weak               Min:  0.1, Avg:  0.1, Max:  0.1, Diff:  0.0, Sum:  0.4, Workers: 4
[6972.903s][debug][gc,phases      ] GC(175)     Dead                           Min: 0, Avg:  0.0, Max: 0, Diff: 0, Sum: 0, Workers: 4
[6972.903s][debug][gc,phases      ] GC(175)     Total                          Min: 12063, Avg: 12631.0, Max: 13247, Diff: 1184, Sum: 50524, Workers: 4
[6972.903s][debug][gc,phases      ] GC(175)   ResolvedMethodTable Weak       Min:  0.0, Avg:  0.0, Max:  0.0, Diff:  0.0, Sum:  0.1, Workers: 4
[6972.903s][debug][gc,phases      ] GC(175)     Dead                           Min: 0, Avg:  0.0, Max: 0, Diff: 0, Sum: 0, Workers: 4
[6972.903s][debug][gc,phases      ] GC(175)     Total                          Min: 3960, Avg: 4088.2, Max: 4230, Diff: 270, Sum: 16353, Workers: 4
[6972.903s][debug][gc,phases      ] GC(175)   JNI Weak                       Min:  0.0, Avg:  0.0, Max:  0.0, Diff:  0.0, Sum:  0.0, Workers: 4
[6972.903s][debug][gc,phases      ] GC(175)     Dead                           Min: 0, Avg:  0.0, Max: 0, Diff: 0, Sum: 0, Workers: 4
[6972.903s][debug][gc,phases      ] GC(175)     Total                          Min: 0, Avg: 13.0, Max: 52, Diff: 52, Sum: 52, Workers: 4
[6972.903s][debug][gc,phases      ] GC(175)   StringDedup Table Weak         Min:  0.0, Avg:  0.0, Max:  0.0, Diff:  0.0, Sum:  0.0, Workers: 4
[6972.903s][debug][gc,phases      ] GC(175)     Dead                           Min: 0, Avg:  0.0, Max: 0, Diff: 0, Sum: 0, Workers: 4
[6972.903s][debug][gc,phases      ] GC(175)     Total                          Min: 0, Avg:  0.0, Max: 0, Diff: 0, Sum: 0, Workers: 4
[6972.903s][debug][gc,phases      ] GC(175)   StringDedup Requests0 Weak     Min:  0.0, Avg:  0.0, Max:  0.0, Diff:  0.0, Sum:  0.0, Workers: 4
[6972.903s][debug][gc,phases      ] GC(175)     Dead                           Min: 0, Avg:  0.0, Max: 0, Diff: 0, Sum: 0, Workers: 4
[6972.903s][debug][gc,phases      ] GC(175)     Total                          Min: 0, Avg:  0.0, Max: 0, Diff: 0, Sum: 0, Workers: 4
[6972.903s][debug][gc,phases      ] GC(175)   StringDedup Requests1 Weak     Min:  0.0, Avg:  0.0, Max:  0.0, Diff:  0.0, Sum:  0.0, Workers: 4
[6972.903s][debug][gc,phases      ] GC(175)     Dead                           Min: 0, Avg:  0.0, Max: 0, Diff: 0, Sum: 0, Workers: 4
[6972.903s][debug][gc,phases      ] GC(175)     Total                          Min: 0, Avg:  0.0, Max: 0, Diff: 0, Sum: 0, Workers: 4
[6972.903s][debug][gc,phases      ] GC(175)   Weak JFR Old Object Samples    Min:  0.0, Avg:  0.0, Max:  0.0, Diff:  0.0, Sum:  0.0, Workers: 4
[6972.903s][debug][gc,phases      ] GC(175)     Dead                           Min: 0, Avg:  0.0, Max: 0, Diff: 0, Sum: 0, Workers: 4
[6972.903s][debug][gc,phases      ] GC(175)     Total                          Min: 0, Avg:  0.0, Max: 0, Diff: 0, Sum: 0, Workers: 4
[6972.903s][debug][gc,phases      ] GC(175) Weak Processing 0.324ms
[6972.903s][debug][gc,age         ] GC(175) Desired survivor size 54525952 bytes, new threshold 1 (max threshold 15)
[6972.903s][info ][gc,heap        ] GC(175) PSYoungGen: 2021024K(2042880K)->38448K(2043392K) Eden: 1988608K(1988608K)->0K(1990656K) From: 32416K(54272K)->38448K(52736K)
[6972.903s][info ][gc,heap        ] GC(175) ParOldGen: 2413844K(2414080K)->2442644K(2442752K)
[6972.903s][info ][gc,metaspace   ] GC(175) Metaspace: 116272K(117696K)->116272K(117696K) NonClass: 99003K(99776K)->99003K(99776K) Class: 17268K(17920K)->17268K(17920K)
[6972.903s][info ][gc             ] GC(175) Pause Young (Allocation Failure) 4330M->2422M(4381M) 36.687ms
[6972.903s][info ][gc,cpu         ] GC(175) User=0.12s Sys=0.02s Real=0.04s
[6972.903s][info ][safepoint      ] Safepoint "ParallelGCFailedAllocation", Time since last: 84246414 ns, Reaching safepoint: 97701 ns, Cleanup: 6200 ns, At safepoint: 36817156 ns, Total: 36921057 ns
[6975.903s][info ][safepoint      ] Safepoint "Cleanup", Time since last: 3000266305 ns, Reaching safepoint: 89100 ns, Cleanup: 11200 ns, At safepoint: 6801 ns, Total: 107101 ns
[6976.903s][info ][safepoint      ] Safepoint "Cleanup", Time since last: 1000132989 ns, Reaching safepoint: 12600 ns, Cleanup: 18501 ns, At safepoint: 3600 ns, Total: 34701 ns
[6980.904s][info ][safepoint      ] Safepoint "Cleanup", Time since last: 4000545453 ns, Reaching safepoint: 13200 ns, Cleanup: 12000 ns, At safepoint: 3301 ns, Total: 28501 ns
[6983.905s][info ][safepoint      ] Safepoint "Cleanup", Time since last: 3000558368 ns, Reaching safepoint: 18701 ns, Cleanup: 22100 ns, At safepoint: 8700 ns, Total: 49501 ns
[6984.905s][info ][safepoint      ] Safepoint "Cleanup", Time since last: 1000264458 ns, Reaching safepoint: 11600 ns, Cleanup: 12100 ns, At safepoint: 3801 ns, Total: 27501 ns
[6988.905s][info ][safepoint      ] Safepoint "Cleanup", Time since last: 4000407773 ns, Reaching safepoint: 17000 ns, Cleanup: 14201 ns, At safepoint: 3900 ns, Total: 35101 ns
[6990.906s][info ][safepoint      ] Safepoint "Cleanup", Time since last: 2000213890 ns, Reaching safepoint: 13001 ns, Cleanup: 14900 ns, At safepoint: 3200 ns, Total: 31101 ns
[6991.164s][info ][gc,start       ] GC(176) Pause Young (Allocation Failure)
[6991.200s][debug][gc,phases      ] GC(176) Scavenge 35.471ms
[6991.200s][debug][gc,ref         ] GC(176) ReferenceProcessor::execute queues: 1, RefProcThreadModel::Single, marks_oops_alive: false
[6991.200s][debug][gc,ref         ] GC(176) Skipped KeepAliveFinalRefsPhase of Reference Processing: no references
[6991.200s][debug][gc,ref         ] GC(176) ReferenceProcessor::execute queues: 1, RefProcThreadModel::Single, marks_oops_alive: false
[6991.200s][debug][gc,phases      ] GC(176) Reference Processing 0.105ms
[6991.200s][debug][gc,phases      ] GC(176)   VM Weak                        Min:  0.0, Avg:  0.0, Max:  0.0, Diff:  0.0, Sum:  0.0, Workers: 4
[6991.200s][debug][gc,phases      ] GC(176)     Dead                           Min: 0, Avg:  0.0, Max: 0, Diff: 0, Sum: 0, Workers: 4
[6991.200s][debug][gc,phases      ] GC(176)     Total                          Min: 64, Avg: 282.0, Max: 680, Diff: 616, Sum: 1128, Workers: 4
[6991.200s][debug][gc,phases      ] GC(176)   ObjectSynchronizer Weak        Min:  0.0, Avg:  0.0, Max:  0.0, Diff:  0.0, Sum:  0.0, Workers: 4
[6991.200s][debug][gc,phases      ] GC(176)     Dead                           Min: 0, Avg:  0.0, Max: 0, Diff: 0, Sum: 0, Workers: 4
[6991.200s][debug][gc,phases      ] GC(176)     Total                          Min: 0, Avg:  1.5, Max: 6, Diff: 6, Sum: 6, Workers: 4
[6991.200s][debug][gc,phases      ] GC(176)   JVMTI Tag Weak OopStorage      Min:  0.0, Avg:  0.0, Max:  0.0, Diff:  0.0, Sum:  0.0, Workers: 4
[6991.200s][debug][gc,phases      ] GC(176)     Dead                           Min: 0, Avg:  0.0, Max: 0, Diff: 0, Sum: 0, Workers: 4
[6991.200s][debug][gc,phases      ] GC(176)     Total                          Min: 0, Avg:  0.0, Max: 0, Diff: 0, Sum: 0, Workers: 4
[6991.200s][debug][gc,phases      ] GC(176)   StringTable Weak               Min:  0.1, Avg:  0.1, Max:  0.1, Diff:  0.0, Sum:  0.4, Workers: 4
[6991.200s][debug][gc,phases      ] GC(176)     Dead                           Min: 0, Avg:  0.0, Max: 0, Diff: 0, Sum: 0, Workers: 4
[6991.200s][debug][gc,phases      ] GC(176)     Total                          Min: 11200, Avg: 12631.2, Max: 14206, Diff: 3006, Sum: 50525, Workers: 4
[6991.200s][debug][gc,phases      ] GC(176)   ResolvedMethodTable Weak       Min:  0.0, Avg:  0.0, Max:  0.0, Diff:  0.0, Sum:  0.1, Workers: 4
[6991.200s][debug][gc,phases      ] GC(176)     Dead                           Min: 0, Avg:  4.0, Max: 8, Diff: 8, Sum: 16, Workers: 4
[6991.200s][debug][gc,phases      ] GC(176)     Total                          Min: 3384, Avg: 4090.8, Max: 4806, Diff: 1422, Sum: 16363, Workers: 4
[6991.200s][debug][gc,phases      ] GC(176)   JNI Weak                       Min:  0.0, Avg:  0.0, Max:  0.0, Diff:  0.0, Sum:  0.0, Workers: 4
[6991.200s][debug][gc,phases      ] GC(176)     Dead                           Min: 0, Avg:  0.0, Max: 0, Diff: 0, Sum: 0, Workers: 4
[6991.200s][debug][gc,phases      ] GC(176)     Total                          Min: 0, Avg: 13.0, Max: 52, Diff: 52, Sum: 52, Workers: 4
[6991.200s][debug][gc,phases      ] GC(176)   StringDedup Table Weak         Min:  0.0, Avg:  0.0, Max:  0.0, Diff:  0.0, Sum:  0.0, Workers: 4
[6991.200s][debug][gc,phases      ] GC(176)     Dead                           Min: 0, Avg:  0.0, Max: 0, Diff: 0, Sum: 0, Workers: 4
[6991.200s][debug][gc,phases      ] GC(176)     Total                          Min: 0, Avg:  0.0, Max: 0, Diff: 0, Sum: 0, Workers: 4
[6991.200s][debug][gc,phases      ] GC(176)   StringDedup Requests0 Weak     Min:  0.0, Avg:  0.0, Max:  0.0, Diff:  0.0, Sum:  0.0, Workers: 4
[6991.200s][debug][gc,phases      ] GC(176)     Dead                           Min: 0, Avg:  0.0, Max: 0, Diff: 0, Sum: 0, Workers: 4
[6991.200s][debug][gc,phases      ] GC(176)     Total                          Min: 0, Avg:  0.0, Max: 0, Diff: 0, Sum: 0, Workers: 4
[6991.200s][debug][gc,phases      ] GC(176)   StringDedup Requests1 Weak     Min:  0.0, Avg:  0.0, Max:  0.0, Diff:  0.0, Sum:  0.0, Workers: 4
[6991.200s][debug][gc,phases      ] GC(176)     Dead                           Min: 0, Avg:  0.0, Max: 0, Diff: 0, Sum: 0, Workers: 4
[6991.200s][debug][gc,phases      ] GC(176)     Total                          Min: 0, Avg:  0.0, Max: 0, Diff: 0, Sum: 0, Workers: 4
[6991.200s][debug][gc,phases      ] GC(176)   Weak JFR Old Object Samples    Min:  0.0, Avg:  0.0, Max:  0.0, Diff:  0.0, Sum:  0.0, Workers: 4
[6991.200s][debug][gc,phases      ] GC(176)     Dead                           Min: 0, Avg:  0.0, Max: 0, Diff: 0, Sum: 0, Workers: 4
[6991.200s][debug][gc,phases      ] GC(176)     Total                          Min: 0, Avg:  0.0, Max: 0, Diff: 0, Sum: 0, Workers: 4
[6991.200s][debug][gc,phases      ] GC(176) Weak Processing 0.310ms
[6991.200s][debug][gc,age         ] GC(176) Desired survivor size 54001664 bytes, new threshold 1 (max threshold 15)
[6991.200s][info ][gc,heap        ] GC(176) PSYoungGen: 2029104K(2043392K)->21520K(2043904K) Eden: 1990656K(1990656K)->0K(1990656K) From: 38448K(52736K)->21520K(53248K)
[6991.200s][info ][gc,heap        ] GC(176) ParOldGen: 2442644K(2442752K)->2476208K(2476544K)
[6991.200s][info ][gc,metaspace   ] GC(176) Metaspace: 116286K(117696K)->116286K(117696K) NonClass: 99014K(99776K)->99014K(99776K) Class: 17271K(17920K)->17271K(17920K)
[6991.200s][info ][gc             ] GC(176) Pause Young (Allocation Failure) 4366M->2439M(4414M) 36.022ms
[6991.200s][info ][gc,cpu         ] GC(176) User=0.11s Sys=0.02s Real=0.04s
[6991.200s][info ][safepoint      ] Safepoint "ParallelGCFailedAllocation", Time since last: 258715762 ns, Reaching safepoint: 15100 ns, Cleanup: 6101 ns, At safepoint: 36126679 ns, Total: 36147880 ns
[6993.201s][info ][safepoint      ] Safepoint "Cleanup", Time since last: 2000324692 ns, Reaching safepoint: 15401 ns, Cleanup: 17400 ns, At safepoint: 4000 ns, Total: 36801 ns
[6994.201s][info ][safepoint      ] Safepoint "Cleanup", Time since last: 1000148896 ns, Reaching safepoint: 13200 ns, Cleanup: 18801 ns, At safepoint: 3800 ns, Total: 35801 ns
[6995.201s][info ][safepoint      ] Safepoint "Cleanup", Time since last: 1000116795 ns, Reaching safepoint: 11901 ns, Cleanup: 15900 ns, At safepoint: 3300 ns, Total: 31101 ns
[6996.201s][info ][safepoint      ] Safepoint "Cleanup", Time since last: 1000117596 ns, Reaching safepoint: 13300 ns, Cleanup: 13500 ns, At safepoint: 3800 ns, Total: 30600 ns
[7002.202s][info ][safepoint      ] Safepoint "Cleanup", Time since last: 6000512052 ns, Reaching safepoint: 15901 ns, Cleanup: 14200 ns, At safepoint: 3100 ns, Total: 33201 ns
[7003.202s][info ][safepoint      ] Safepoint "Cleanup", Time since last: 1000118835 ns, Reaching safepoint: 88002 ns, Cleanup: 16400 ns, At safepoint: 28601 ns, Total: 133003 ns
[7008.203s][info ][safepoint      ] Safepoint "Cleanup", Time since last: 5000459132 ns, Reaching safepoint: 15001 ns, Cleanup: 15200 ns, At safepoint: 3200 ns, Total: 33401 ns
[7009.203s][info ][safepoint      ] Safepoint "Cleanup", Time since last: 1000150268 ns, Reaching safepoint: 19201 ns, Cleanup: 67601 ns, At safepoint: 3900 ns, Total: 90702 ns
[7010.203s][info ][safepoint      ] Safepoint "Cleanup", Time since last: 1000123568 ns, Reaching safepoint: 34201 ns, Cleanup: 13900 ns, At safepoint: 6700 ns, Total: 54801 ns
[7011.203s][info ][safepoint      ] Safepoint "Cleanup", Time since last: 1000135168 ns, Reaching safepoint: 18901 ns, Cleanup: 83301 ns, At safepoint: 3600 ns, Total: 105802 ns
[7012.203s][info ][safepoint      ] Safepoint "Cleanup", Time since last: 1000135068 ns, Reaching safepoint: 18601 ns, Cleanup: 22000 ns, At safepoint: 3200 ns, Total: 43801 ns
[7013.207s][info ][safepoint      ] Safepoint "Cleanup", Time since last: 1003622402 ns, Reaching safepoint: 15000 ns, Cleanup: 21000 ns, At safepoint: 3601 ns, Total: 39601 ns
[7015.207s][info ][safepoint      ] Safepoint "Cleanup", Time since last: 2000305725 ns, Reaching safepoint: 16500 ns, Cleanup: 12900 ns, At safepoint: 10301 ns, Total: 39701 ns
[7020.208s][info ][safepoint      ] Safepoint "Cleanup", Time since last: 5000555359 ns, Reaching safepoint: 17600 ns, Cleanup: 16300 ns, At safepoint: 4600 ns, Total: 38500 ns
[7021.066s][info ][gc,start       ] GC(177) Pause Young (Allocation Failure)
[7021.093s][debug][gc,phases      ] GC(177) Scavenge 26.603ms
[7021.093s][debug][gc,ref         ] GC(177) ReferenceProcessor::execute queues: 1, RefProcThreadModel::Single, marks_oops_alive: false
[7021.093s][debug][gc,ref         ] GC(177) Skipped KeepAliveFinalRefsPhase of Reference Processing: no references
[7021.093s][debug][gc,ref         ] GC(177) ReferenceProcessor::execute queues: 1, RefProcThreadModel::Single, marks_oops_alive: false
[7021.093s][debug][gc,phases      ] GC(177) Reference Processing 0.101ms
[7021.093s][debug][gc,phases      ] GC(177)   VM Weak                        Min:  0.0, Avg:  0.0, Max:  0.0, Diff:  0.0, Sum:  0.0, Workers: 4
[7021.093s][debug][gc,phases      ] GC(177)     Dead                           Min: 0, Avg:  0.0, Max: 0, Diff: 0, Sum: 0, Workers: 4
[7021.093s][debug][gc,phases      ] GC(177)     Total                          Min: 115, Avg: 284.8, Max: 448, Diff: 333, Sum: 1139, Workers: 4
[7021.093s][debug][gc,phases      ] GC(177)   ObjectSynchronizer Weak        Min:  0.0, Avg:  0.0, Max:  0.0, Diff:  0.0, Sum:  0.0, Workers: 4
[7021.093s][debug][gc,phases      ] GC(177)     Dead                           Min: 0, Avg:  0.0, Max: 0, Diff: 0, Sum: 0, Workers: 4
[7021.093s][debug][gc,phases      ] GC(177)     Total                          Min: 0, Avg:  1.5, Max: 6, Diff: 6, Sum: 6, Workers: 4
[7021.093s][debug][gc,phases      ] GC(177)   JVMTI Tag Weak OopStorage      Min:  0.0, Avg:  0.0, Max:  0.0, Diff:  0.0, Sum:  0.0, Workers: 4
[7021.093s][debug][gc,phases      ] GC(177)     Dead                           Min: 0, Avg:  0.0, Max: 0, Diff: 0, Sum: 0, Workers: 4
[7021.093s][debug][gc,phases      ] GC(177)     Total                          Min: 0, Avg:  0.0, Max: 0, Diff: 0, Sum: 0, Workers: 4
[7021.093s][debug][gc,phases      ] GC(177)   StringTable Weak               Min:  0.1, Avg:  0.1, Max:  0.1, Diff:  0.0, Sum:  0.4, Workers: 4
[7021.093s][debug][gc,phases      ] GC(177)     Dead                           Min: 0, Avg:  0.0, Max: 0, Diff: 0, Sum: 0, Workers: 4
[7021.093s][debug][gc,phases      ] GC(177)     Total                          Min: 10623, Avg: 12631.8, Max: 13696, Diff: 3073, Sum: 50527, Workers: 4
[7021.093s][debug][gc,phases      ] GC(177)   ResolvedMethodTable Weak       Min:  0.0, Avg:  0.0, Max:  0.0, Diff:  0.0, Sum:  0.1, Workers: 4
[7021.093s][debug][gc,phases      ] GC(177)     Dead                           Min: 0, Avg:  4.0, Max: 16, Diff: 16, Sum: 16, Workers: 4
[7021.093s][debug][gc,phases      ] GC(177)     Total                          Min: 3454, Avg: 4094.0, Max: 4484, Diff: 1030, Sum: 16376, Workers: 4
[7021.093s][debug][gc,phases      ] GC(177)   JNI Weak                       Min:  0.0, Avg:  0.0, Max:  0.0, Diff:  0.0, Sum:  0.0, Workers: 4
[7021.093s][debug][gc,phases      ] GC(177)     Dead                           Min: 0, Avg:  0.0, Max: 0, Diff: 0, Sum: 0, Workers: 4
[7021.093s][debug][gc,phases      ] GC(177)     Total                          Min: 0, Avg: 13.0, Max: 52, Diff: 52, Sum: 52, Workers: 4
[7021.093s][debug][gc,phases      ] GC(177)   StringDedup Table Weak         Min:  0.0, Avg:  0.0, Max:  0.0, Diff:  0.0, Sum:  0.0, Workers: 4
[7021.093s][debug][gc,phases      ] GC(177)     Dead                           Min: 0, Avg:  0.0, Max: 0, Diff: 0, Sum: 0, Workers: 4
[7021.093s][debug][gc,phases      ] GC(177)     Total                          Min: 0, Avg:  0.0, Max: 0, Diff: 0, Sum: 0, Workers: 4
[7021.093s][debug][gc,phases      ] GC(177)   StringDedup Requests0 Weak     Min:  0.0, Avg:  0.0, Max:  0.0, Diff:  0.0, Sum:  0.0, Workers: 4
[7021.093s][debug][gc,phases      ] GC(177)     Dead                           Min: 0, Avg:  0.0, Max: 0, Diff: 0, Sum: 0, Workers: 4
[7021.093s][debug][gc,phases      ] GC(177)     Total                          Min: 0, Avg:  0.0, Max: 0, Diff: 0, Sum: 0, Workers: 4
[7021.093s][debug][gc,phases      ] GC(177)   StringDedup Requests1 Weak     Min:  0.0, Avg:  0.0, Max:  0.0, Diff:  0.0, Sum:  0.0, Workers: 4
[7021.093s][debug][gc,phases      ] GC(177)     Dead                           Min: 0, Avg:  0.0, Max: 0, Diff: 0, Sum: 0, Workers: 4
[7021.093s][debug][gc,phases      ] GC(177)     Total                          Min: 0, Avg:  0.0, Max: 0, Diff: 0, Sum: 0, Workers: 4
[7021.093s][debug][gc,phases      ] GC(177)   Weak JFR Old Object Samples    Min:  0.0, Avg:  0.0, Max:  0.0, Diff:  0.0, Sum:  0.0, Workers: 4
[7021.093s][debug][gc,phases      ] GC(177)     Dead                           Min: 0, Avg:  0.0, Max: 0, Diff: 0, Sum: 0, Workers: 4
[7021.093s][debug][gc,phases      ] GC(177)     Total                          Min: 0, Avg:  0.0, Max: 0, Diff: 0, Sum: 0, Workers: 4
[7021.093s][debug][gc,phases      ] GC(177) Weak Processing 0.340ms
[7021.093s][debug][gc,age         ] GC(177) Desired survivor size 52953088 bytes, new threshold 1 (max threshold 15)
[7021.093s][info ][gc,heap        ] GC(177) PSYoungGen: 2012176K(2043904K)->23056K(2045440K) Eden: 1990656K(1990656K)->0K(1992704K) From: 21520K(53248K)->23056K(52736K)
[7021.093s][info ][gc,heap        ] GC(177) ParOldGen: 2476208K(2476544K)->2495047K(2495488K)
[7021.093s][info ][gc,metaspace   ] GC(177) Metaspace: 116311K(117824K)->116311K(117824K) NonClass: 99034K(99840K)->99034K(99840K) Class: 17276K(17984K)->17276K(17984K)
[7021.093s][info ][gc             ] GC(177) Pause Young (Allocation Failure) 4383M->2459M(4434M) 27.182ms
[7021.093s][info ][gc,cpu         ] GC(177) User=0.10s Sys=0.01s Real=0.03s
[7021.093s][info ][safepoint      ] Safepoint "ParallelGCFailedAllocation", Time since last: 857904126 ns, Reaching safepoint: 11900 ns, Cleanup: 7101 ns, At safepoint: 27275861 ns, Total: 27294862 ns
[7029.668s][info ][safepoint      ] Safepoint "Cleanup", Time since last: 8574559744 ns, Reaching safepoint: 14600 ns, Cleanup: 13100 ns, At safepoint: 3400 ns, Total: 31100 ns
[7034.668s][info ][safepoint      ] Safepoint "Cleanup", Time since last: 5000519564 ns, Reaching safepoint: 17701 ns, Cleanup: 18800 ns, At safepoint: 3800 ns, Total: 40301 ns
[7040.669s][info ][safepoint      ] Safepoint "Cleanup", Time since last: 6000691880 ns, Reaching safepoint: 20501 ns, Cleanup: 17400 ns, At safepoint: 4700 ns, Total: 42601 ns
[7042.079s][info ][gc,start       ] GC(178) Pause Young (Allocation Failure)
[7042.105s][debug][gc,phases      ] GC(178) Scavenge 25.767ms
[7042.105s][debug][gc,ref         ] GC(178) ReferenceProcessor::execute queues: 1, RefProcThreadModel::Single, marks_oops_alive: false
[7042.105s][debug][gc,ref         ] GC(178) Skipped KeepAliveFinalRefsPhase of Reference Processing: no references
[7042.105s][debug][gc,ref         ] GC(178) ReferenceProcessor::execute queues: 1, RefProcThreadModel::Single, marks_oops_alive: false
[7042.105s][debug][gc,phases      ] GC(178) Reference Processing 0.113ms
[7042.106s][debug][gc,phases      ] GC(178)   VM Weak                        Min:  0.0, Avg:  0.0, Max:  0.0, Diff:  0.0, Sum:  0.0, Workers: 4
[7042.106s][debug][gc,phases      ] GC(178)     Dead                           Min: 0, Avg:  0.0, Max: 0, Diff: 0, Sum: 0, Workers: 4
[7042.106s][debug][gc,phases      ] GC(178)     Total                          Min: 0, Avg: 284.8, Max: 1075, Diff: 1075, Sum: 1139, Workers: 4
[7042.106s][debug][gc,phases      ] GC(178)   ObjectSynchronizer Weak        Min:  0.0, Avg:  0.0, Max:  0.0, Diff:  0.0, Sum:  0.0, Workers: 4
[7042.106s][debug][gc,phases      ] GC(178)     Dead                           Min: 0, Avg:  0.0, Max: 0, Diff: 0, Sum: 0, Workers: 4
[7042.106s][debug][gc,phases      ] GC(178)     Total                          Min: 0, Avg:  1.5, Max: 6, Diff: 6, Sum: 6, Workers: 4
[7042.106s][debug][gc,phases      ] GC(178)   JVMTI Tag Weak OopStorage      Min:  0.0, Avg:  0.0, Max:  0.0, Diff:  0.0, Sum:  0.0, Workers: 4
[7042.106s][debug][gc,phases      ] GC(178)     Dead                           Min: 0, Avg:  0.0, Max: 0, Diff: 0, Sum: 0, Workers: 4
[7042.106s][debug][gc,phases      ] GC(178)     Total                          Min: 0, Avg:  0.0, Max: 0, Diff: 0, Sum: 0, Workers: 4
[7042.106s][debug][gc,phases      ] GC(178)   StringTable Weak               Min:  0.1, Avg:  0.1, Max:  0.1, Diff:  0.0, Sum:  0.4, Workers: 4
[7042.106s][debug][gc,phases      ] GC(178)     Dead                           Min: 0, Avg:  0.0, Max: 0, Diff: 0, Sum: 0, Workers: 4
[7042.106s][debug][gc,phases      ] GC(178)     Total                          Min: 11427, Avg: 12632.2, Max: 15424, Diff: 3997, Sum: 50529, Workers: 4
[7042.106s][debug][gc,phases      ] GC(178)   ResolvedMethodTable Weak       Min:  0.0, Avg:  0.0, Max:  0.0, Diff:  0.0, Sum:  0.2, Workers: 4
[7042.106s][debug][gc,phases      ] GC(178)     Dead                           Min: 0, Avg:  0.0, Max: 0, Diff: 0, Sum: 0, Workers: 4
[7042.106s][debug][gc,phases      ] GC(178)     Total                          Min: 3483, Avg: 4094.5, Max: 4948, Diff: 1465, Sum: 16378, Workers: 4
[7042.106s][debug][gc,phases      ] GC(178)   JNI Weak                       Min:  0.0, Avg:  0.0, Max:  0.0, Diff:  0.0, Sum:  0.0, Workers: 4
[7042.106s][debug][gc,phases      ] GC(178)     Dead                           Min: 0, Avg:  0.0, Max: 0, Diff: 0, Sum: 0, Workers: 4
[7042.106s][debug][gc,phases      ] GC(178)     Total                          Min: 0, Avg: 13.0, Max: 52, Diff: 52, Sum: 52, Workers: 4
[7042.106s][debug][gc,phases      ] GC(178)   StringDedup Table Weak         Min:  0.0, Avg:  0.0, Max:  0.0, Diff:  0.0, Sum:  0.0, Workers: 4
[7042.106s][debug][gc,phases      ] GC(178)     Dead                           Min: 0, Avg:  0.0, Max: 0, Diff: 0, Sum: 0, Workers: 4
[7042.106s][debug][gc,phases      ] GC(178)     Total                          Min: 0, Avg:  0.0, Max: 0, Diff: 0, Sum: 0, Workers: 4
[7042.106s][debug][gc,phases      ] GC(178)   StringDedup Requests0 Weak     Min:  0.0, Avg:  0.0, Max:  0.0, Diff:  0.0, Sum:  0.0, Workers: 4
[7042.106s][debug][gc,phases      ] GC(178)     Dead                           Min: 0, Avg:  0.0, Max: 0, Diff: 0, Sum: 0, Workers: 4
[7042.106s][debug][gc,phases      ] GC(178)     Total                          Min: 0, Avg:  0.0, Max: 0, Diff: 0, Sum: 0, Workers: 4
[7042.106s][debug][gc,phases      ] GC(178)   StringDedup Requests1 Weak     Min:  0.0, Avg:  0.0, Max:  0.0, Diff:  0.0, Sum:  0.0, Workers: 4
[7042.106s][debug][gc,phases      ] GC(178)     Dead                           Min: 0, Avg:  0.0, Max: 0, Diff: 0, Sum: 0, Workers: 4
[7042.106s][debug][gc,phases      ] GC(178)     Total                          Min: 0, Avg:  0.0, Max: 0, Diff: 0, Sum: 0, Workers: 4
[7042.106s][debug][gc,phases      ] GC(178)   Weak JFR Old Object Samples    Min:  0.0, Avg:  0.0, Max:  0.0, Diff:  0.0, Sum:  0.0, Workers: 4
[7042.106s][debug][gc,phases      ] GC(178)     Dead                           Min: 0, Avg:  0.0, Max: 0, Diff: 0, Sum: 0, Workers: 4
[7042.106s][debug][gc,phases      ] GC(178)     Total                          Min: 0, Avg:  0.0, Max: 0, Diff: 0, Sum: 0, Workers: 4
[7042.106s][debug][gc,phases      ] GC(178) Weak Processing 0.357ms
[7042.106s][debug][gc,age         ] GC(178) Desired survivor size 52428800 bytes, new threshold 1 (max threshold 15)
[7042.106s][info ][gc,heap        ] GC(178) PSYoungGen: 2015760K(2045440K)->22720K(2044416K) Eden: 1992704K(1992704K)->0K(1992704K) From: 23056K(52736K)->22720K(51712K)
[7042.106s][info ][gc,heap        ] GC(178) ParOldGen: 2495047K(2495488K)->2515077K(2515456K)
[7042.106s][info ][gc,metaspace   ] GC(178) Metaspace: 116334K(117824K)->116334K(117824K) NonClass: 99056K(99840K)->99056K(99840K) Class: 17277K(17984K)->17277K(17984K)
[7042.106s][info ][gc             ] GC(178) Pause Young (Allocation Failure) 4405M->2478M(4453M) 26.393ms
[7042.106s][info ][gc,cpu         ] GC(178) User=0.09s Sys=0.01s Real=0.02s
[7042.106s][info ][safepoint      ] Safepoint "ParallelGCFailedAllocation", Time since last: 1410156403 ns, Reaching safepoint: 17800 ns, Cleanup: 6200 ns, At safepoint: 26494393 ns, Total: 26518393 ns
[7044.106s][info ][safepoint      ] Safepoint "Cleanup", Time since last: 2000174766 ns, Reaching safepoint: 14400 ns, Cleanup: 12300 ns, At safepoint: 3001 ns, Total: 29701 ns
[7045.106s][info ][safepoint      ] Safepoint "Cleanup", Time since last: 1000113122 ns, Reaching safepoint: 11600 ns, Cleanup: 11900 ns, At safepoint: 2900 ns, Total: 26400 ns
[7054.107s][info ][safepoint      ] Safepoint "Cleanup", Time since last: 9001056432 ns, Reaching safepoint: 12200 ns, Cleanup: 13300 ns, At safepoint: 3200 ns, Total: 28700 ns
[7055.107s][info ][safepoint      ] Safepoint "Cleanup", Time since last: 1000120252 ns, Reaching safepoint: 17800 ns, Cleanup: 13100 ns, At safepoint: 3000 ns, Total: 33900 ns
[7058.108s][info ][safepoint      ] Safepoint "Cleanup", Time since last: 3000343454 ns, Reaching safepoint: 12700 ns, Cleanup: 16901 ns, At safepoint: 4200 ns, Total: 33801 ns
[7060.108s][info ][safepoint      ] Safepoint "Cleanup", Time since last: 2000378605 ns, Reaching safepoint: 16800 ns, Cleanup: 15201 ns, At safepoint: 3200 ns, Total: 35201 ns
[7061.108s][info ][safepoint      ] Safepoint "Cleanup", Time since last: 1000117169 ns, Reaching safepoint: 13000 ns, Cleanup: 13100 ns, At safepoint: 3500 ns, Total: 29600 ns
[7078.628s][info ][gc,start       ] GC(179) Pause Young (Allocation Failure)
[7078.652s][debug][gc,phases      ] GC(179) Scavenge 23.371ms
[7078.652s][debug][gc,ref         ] GC(179) Skipped SoftWeakFinalRefsPhase of Reference Processing: no references
[7078.652s][debug][gc,ref         ] GC(179) Skipped KeepAliveFinalRefsPhase of Reference Processing: no references
[7078.652s][debug][gc,ref         ] GC(179) Skipped PhantomRefsPhase of Reference Processing: no references
[7078.652s][debug][gc,phases      ] GC(179) Reference Processing 0.022ms
[7078.652s][debug][gc,phases      ] GC(179)   VM Weak                        Min:  0.0, Avg:  0.0, Max:  0.0, Diff:  0.0, Sum:  0.0, Workers: 4
[7078.652s][debug][gc,phases      ] GC(179)     Dead                           Min: 0, Avg:  0.0, Max: 0, Diff: 0, Sum: 0, Workers: 4
[7078.652s][debug][gc,phases      ] GC(179)     Total                          Min: 0, Avg: 284.8, Max: 640, Diff: 640, Sum: 1139, Workers: 4
[7078.652s][debug][gc,phases      ] GC(179)   ObjectSynchronizer Weak        Min:  0.0, Avg:  0.0, Max:  0.0, Diff:  0.0, Sum:  0.0, Workers: 4
[7078.652s][debug][gc,phases      ] GC(179)     Dead                           Min: 0, Avg:  0.0, Max: 0, Diff: 0, Sum: 0, Workers: 4
[7078.652s][debug][gc,phases      ] GC(179)     Total                          Min: 0, Avg:  1.5, Max: 6, Diff: 6, Sum: 6, Workers: 4
[7078.652s][debug][gc,phases      ] GC(179)   JVMTI Tag Weak OopStorage      Min:  0.0, Avg:  0.0, Max:  0.0, Diff:  0.0, Sum:  0.0, Workers: 4
[7078.652s][debug][gc,phases      ] GC(179)     Dead                           Min: 0, Avg:  0.0, Max: 0, Diff: 0, Sum: 0, Workers: 4
[7078.652s][debug][gc,phases      ] GC(179)     Total                          Min: 0, Avg:  0.0, Max: 0, Diff: 0, Sum: 0, Workers: 4
[7078.652s][debug][gc,phases      ] GC(179)   StringTable Weak               Min:  0.1, Avg:  0.1, Max:  0.1, Diff:  0.0, Sum:  0.4, Workers: 4
[7078.652s][debug][gc,phases      ] GC(179)     Dead                           Min: 0, Avg:  0.0, Max: 0, Diff: 0, Sum: 0, Workers: 4
[7078.652s][debug][gc,phases      ] GC(179)     Total                          Min: 11299, Avg: 12632.2, Max: 14143, Diff: 2844, Sum: 50529, Workers: 4
[7078.652s][debug][gc,phases      ] GC(179)   ResolvedMethodTable Weak       Min:  0.0, Avg:  0.0, Max:  0.0, Diff:  0.0, Sum:  0.1, Workers: 4
[7078.652s][debug][gc,phases      ] GC(179)     Dead                           Min: 0, Avg:  4.0, Max: 16, Diff: 16, Sum: 16, Workers: 4
[7078.652s][debug][gc,phases      ] GC(179)     Total                          Min: 3533, Avg: 4094.5, Max: 4750, Diff: 1217, Sum: 16378, Workers: 4
[7078.652s][debug][gc,phases      ] GC(179)   JNI Weak                       Min:  0.0, Avg:  0.0, Max:  0.0, Diff:  0.0, Sum:  0.0, Workers: 4
[7078.652s][debug][gc,phases      ] GC(179)     Dead                           Min: 0, Avg:  0.0, Max: 0, Diff: 0, Sum: 0, Workers: 4
[7078.652s][debug][gc,phases      ] GC(179)     Total                          Min: 0, Avg: 13.0, Max: 52, Diff: 52, Sum: 52, Workers: 4
[7078.652s][debug][gc,phases      ] GC(179)   StringDedup Table Weak         Min:  0.0, Avg:  0.0, Max:  0.0, Diff:  0.0, Sum:  0.0, Workers: 4
[7078.652s][debug][gc,phases      ] GC(179)     Dead                           Min: 0, Avg:  0.0, Max: 0, Diff: 0, Sum: 0, Workers: 4
[7078.652s][debug][gc,phases      ] GC(179)     Total                          Min: 0, Avg:  0.0, Max: 0, Diff: 0, Sum: 0, Workers: 4
[7078.652s][debug][gc,phases      ] GC(179)   StringDedup Requests0 Weak     Min:  0.0, Avg:  0.0, Max:  0.0, Diff:  0.0, Sum:  0.0, Workers: 4
[7078.652s][debug][gc,phases      ] GC(179)     Dead                           Min: 0, Avg:  0.0, Max: 0, Diff: 0, Sum: 0, Workers: 4
[7078.652s][debug][gc,phases      ] GC(179)     Total                          Min: 0, Avg:  0.0, Max: 0, Diff: 0, Sum: 0, Workers: 4
[7078.652s][debug][gc,phases      ] GC(179)   StringDedup Requests1 Weak     Min:  0.0, Avg:  0.0, Max:  0.0, Diff:  0.0, Sum:  0.0, Workers: 4
[7078.652s][debug][gc,phases      ] GC(179)     Dead                           Min: 0, Avg:  0.0, Max: 0, Diff: 0, Sum: 0, Workers: 4
[7078.652s][debug][gc,phases      ] GC(179)     Total                          Min: 0, Avg:  0.0, Max: 0, Diff: 0, Sum: 0, Workers: 4
[7078.652s][debug][gc,phases      ] GC(179)   Weak JFR Old Object Samples    Min:  0.0, Avg:  0.0, Max:  0.0, Diff:  0.0, Sum:  0.0, Workers: 4
[7078.652s][debug][gc,phases      ] GC(179)     Dead                           Min: 0, Avg:  0.0, Max: 0, Diff: 0, Sum: 0, Workers: 4
[7078.652s][debug][gc,phases      ] GC(179)     Total                          Min: 0, Avg:  0.0, Max: 0, Diff: 0, Sum: 0, Workers: 4
[7078.652s][debug][gc,phases      ] GC(179) Weak Processing 0.329ms
[7078.652s][debug][gc,age         ] GC(179) Desired survivor size 52428800 bytes, new threshold 1 (max threshold 15)
[7078.652s][info ][gc,heap        ] GC(179) PSYoungGen: 2015424K(2044416K)->13872K(2045952K) Eden: 1992704K(1992704K)->0K(1994752K) From: 22720K(51712K)->13872K(51200K)
[7078.652s][info ][gc,heap        ] GC(179) ParOldGen: 2515077K(2515456K)->2534043K(2534400K)
[7078.652s][info ][gc,metaspace   ] GC(179) Metaspace: 116339K(117824K)->116339K(117824K) NonClass: 99062K(99840K)->99062K(99840K) Class: 17277K(17984K)->17277K(17984K)
[7078.652s][info ][gc             ] GC(179) Pause Young (Allocation Failure) 4424M->2488M(4473M) 23.870ms
[7078.652s][info ][gc,cpu         ] GC(179) User=0.07s Sys=0.02s Real=0.03s
[7078.652s][info ][safepoint      ] Safepoint "ParallelGCFailedAllocation", Time since last: 17519983909 ns, Reaching safepoint: 13001 ns, Cleanup: 5300 ns, At safepoint: 23959043 ns, Total: 23977344 ns
[7079.652s][info ][safepoint      ] Safepoint "Cleanup", Time since last: 1000169400 ns, Reaching safepoint: 12201 ns, Cleanup: 14200 ns, At safepoint: 4100 ns, Total: 30501 ns
[7083.653s][info ][safepoint      ] Safepoint "Cleanup", Time since last: 4000423498 ns, Reaching safepoint: 13200 ns, Cleanup: 13700 ns, At safepoint: 2700 ns, Total: 29600 ns
[7084.696s][info ][safepoint      ] Safepoint "Cleanup", Time since last: 1043326199 ns, Reaching safepoint: 19301 ns, Cleanup: 32000 ns, At safepoint: 8200 ns, Total: 59501 ns
[7085.697s][info ][safepoint      ] Safepoint "Cleanup", Time since last: 1000242467 ns, Reaching safepoint: 13000 ns, Cleanup: 23900 ns, At safepoint: 3400 ns, Total: 40300 ns
[7086.697s][info ][safepoint      ] Safepoint "Cleanup", Time since last: 1000125466 ns, Reaching safepoint: 85302 ns, Cleanup: 10200 ns, At safepoint: 6800 ns, Total: 102302 ns
[7101.699s][info ][safepoint      ] Safepoint "Cleanup", Time since last: 15001837715 ns, Reaching safepoint: 14300 ns, Cleanup: 13401 ns, At safepoint: 4400 ns, Total: 32101 ns
[7104.699s][info ][safepoint      ] Safepoint "Cleanup", Time since last: 3000334725 ns, Reaching safepoint: 11500 ns, Cleanup: 15001 ns, At safepoint: 3000 ns, Total: 29501 ns
[7107.699s][info ][safepoint      ] Safepoint "Cleanup", Time since last: 3000386626 ns, Reaching safepoint: 19801 ns, Cleanup: 18200 ns, At safepoint: 8700 ns, Total: 46701 ns
[7111.700s][info ][safepoint      ] Safepoint "Cleanup", Time since last: 4000662837 ns, Reaching safepoint: 11501 ns, Cleanup: 12300 ns, At safepoint: 4100 ns, Total: 27901 ns
[7112.700s][info ][safepoint      ] Safepoint "Cleanup", Time since last: 1000271113 ns, Reaching safepoint: 14100 ns, Cleanup: 14001 ns, At safepoint: 3800 ns, Total: 31901 ns
[7119.701s][info ][safepoint      ] Safepoint "Cleanup", Time since last: 7000955728 ns, Reaching safepoint: 13300 ns, Cleanup: 12500 ns, At safepoint: 4300 ns, Total: 30100 ns
[7121.979s][info ][gc,start       ] GC(180) Pause Young (Allocation Failure)
[7121.997s][debug][gc,phases      ] GC(180) Scavenge 17.525ms
[7121.997s][debug][gc,ref         ] GC(180) Skipped SoftWeakFinalRefsPhase of Reference Processing: no references
[7121.997s][debug][gc,ref         ] GC(180) Skipped KeepAliveFinalRefsPhase of Reference Processing: no references
[7121.997s][debug][gc,ref         ] GC(180) Skipped PhantomRefsPhase of Reference Processing: no references
[7121.997s][debug][gc,phases      ] GC(180) Reference Processing 0.022ms
[7121.997s][debug][gc,phases      ] GC(180)   VM Weak                        Min:  0.0, Avg:  0.0, Max:  0.0, Diff:  0.0, Sum:  0.0, Workers: 4
[7121.997s][debug][gc,phases      ] GC(180)     Dead                           Min: 0, Avg:  0.0, Max: 0, Diff: 0, Sum: 0, Workers: 4
[7121.997s][debug][gc,phases      ] GC(180)     Total                          Min: 0, Avg: 284.8, Max: 512, Diff: 512, Sum: 1139, Workers: 4
[7121.997s][debug][gc,phases      ] GC(180)   ObjectSynchronizer Weak        Min:  0.0, Avg:  0.0, Max:  0.0, Diff:  0.0, Sum:  0.0, Workers: 4
[7121.997s][debug][gc,phases      ] GC(180)     Dead                           Min: 0, Avg:  0.0, Max: 0, Diff: 0, Sum: 0, Workers: 4
[7121.997s][debug][gc,phases      ] GC(180)     Total                          Min: 0, Avg:  1.5, Max: 6, Diff: 6, Sum: 6, Workers: 4
[7121.997s][debug][gc,phases      ] GC(180)   JVMTI Tag Weak OopStorage      Min:  0.0, Avg:  0.0, Max:  0.0, Diff:  0.0, Sum:  0.0, Workers: 4
[7121.997s][debug][gc,phases      ] GC(180)     Dead                           Min: 0, Avg:  0.0, Max: 0, Diff: 0, Sum: 0, Workers: 4
[7121.997s][debug][gc,phases      ] GC(180)     Total                          Min: 0, Avg:  0.0, Max: 0, Diff: 0, Sum: 0, Workers: 4
[7121.997s][debug][gc,phases      ] GC(180)   StringTable Weak               Min:  0.1, Avg:  0.1, Max:  0.1, Diff:  0.0, Sum:  0.4, Workers: 4
[7121.997s][debug][gc,phases      ] GC(180)     Dead                           Min: 0, Avg:  0.0, Max: 0, Diff: 0, Sum: 0, Workers: 4
[7121.997s][debug][gc,phases      ] GC(180)     Total                          Min: 11519, Avg: 12632.2, Max: 13758, Diff: 2239, Sum: 50529, Workers: 4
[7121.997s][debug][gc,phases      ] GC(180)   ResolvedMethodTable Weak       Min:  0.0, Avg:  0.0, Max:  0.0, Diff:  0.0, Sum:  0.1, Workers: 4
[7121.997s][debug][gc,phases      ] GC(180)     Dead                           Min: 0, Avg:  4.0, Max: 16, Diff: 16, Sum: 16, Workers: 4
[7121.997s][debug][gc,phases      ] GC(180)     Total                          Min: 3606, Avg: 4094.5, Max: 4803, Diff: 1197, Sum: 16378, Workers: 4
[7121.997s][debug][gc,phases      ] GC(180)   JNI Weak                       Min:  0.0, Avg:  0.0, Max:  0.0, Diff:  0.0, Sum:  0.0, Workers: 4
[7121.997s][debug][gc,phases      ] GC(180)     Dead                           Min: 0, Avg:  0.0, Max: 0, Diff: 0, Sum: 0, Workers: 4
[7121.997s][debug][gc,phases      ] GC(180)     Total                          Min: 0, Avg: 13.0, Max: 52, Diff: 52, Sum: 52, Workers: 4
[7121.997s][debug][gc,phases      ] GC(180)   StringDedup Table Weak         Min:  0.0, Avg:  0.0, Max:  0.0, Diff:  0.0, Sum:  0.0, Workers: 4
[7121.997s][debug][gc,phases      ] GC(180)     Dead                           Min: 0, Avg:  0.0, Max: 0, Diff: 0, Sum: 0, Workers: 4
[7121.997s][debug][gc,phases      ] GC(180)     Total                          Min: 0, Avg:  0.0, Max: 0, Diff: 0, Sum: 0, Workers: 4
[7121.997s][debug][gc,phases      ] GC(180)   StringDedup Requests0 Weak     Min:  0.0, Avg:  0.0, Max:  0.0, Diff:  0.0, Sum:  0.0, Workers: 4
[7121.997s][debug][gc,phases      ] GC(180)     Dead                           Min: 0, Avg:  0.0, Max: 0, Diff: 0, Sum: 0, Workers: 4
[7121.997s][debug][gc,phases      ] GC(180)     Total                          Min: 0, Avg:  0.0, Max: 0, Diff: 0, Sum: 0, Workers: 4
[7121.997s][debug][gc,phases      ] GC(180)   StringDedup Requests1 Weak     Min:  0.0, Avg:  0.0, Max:  0.0, Diff:  0.0, Sum:  0.0, Workers: 4
[7121.997s][debug][gc,phases      ] GC(180)     Dead                           Min: 0, Avg:  0.0, Max: 0, Diff: 0, Sum: 0, Workers: 4
[7121.997s][debug][gc,phases      ] GC(180)     Total                          Min: 0, Avg:  0.0, Max: 0, Diff: 0, Sum: 0, Workers: 4
[7121.997s][debug][gc,phases      ] GC(180)   Weak JFR Old Object Samples    Min:  0.0, Avg:  0.0, Max:  0.0, Diff:  0.0, Sum:  0.0, Workers: 4
[7121.997s][debug][gc,phases      ] GC(180)     Dead                           Min: 0, Avg:  0.0, Max: 0, Diff: 0, Sum: 0, Workers: 4
[7121.997s][debug][gc,phases      ] GC(180)     Total                          Min: 0, Avg:  0.0, Max: 0, Diff: 0, Sum: 0, Workers: 4
[7121.997s][debug][gc,phases      ] GC(180) Weak Processing 0.316ms
[7121.997s][debug][gc,age         ] GC(180) Desired survivor size 52953088 bytes, new threshold 1 (max threshold 15)
[7121.997s][info ][gc,heap        ] GC(180) PSYoungGen: 2008624K(2045952K)->10368K(2005504K) Eden: 1994752K(1994752K)->0K(1994752K) From: 13872K(51200K)->10368K(10752K)
[7121.997s][info ][gc,heap        ] GC(180) ParOldGen: 2534043K(2534400K)->2544617K(2544640K)
[7121.997s][info ][gc,metaspace   ] GC(180) Metaspace: 116342K(117824K)->116342K(117824K) NonClass: 99065K(99840K)->99065K(99840K) Class: 17277K(17984K)->17277K(17984K)
[7121.997s][info ][gc             ] GC(180) Pause Young (Allocation Failure) 4436M->2495M(4443M) 18.007ms
[7121.997s][info ][gc,cpu         ] GC(180) User=0.07s Sys=0.00s Real=0.01s
[7121.997s][info ][safepoint      ] Safepoint "ParallelGCFailedAllocation", Time since last: 2277831177 ns, Reaching safepoint: 94502 ns, Cleanup: 5800 ns, At safepoint: 18103636 ns, Total: 18203938 ns
[7124.998s][info ][safepoint      ] Safepoint "Cleanup", Time since last: 3000239991 ns, Reaching safepoint: 12101 ns, Cleanup: 11300 ns, At safepoint: 3700 ns, Total: 27101 ns
[7125.998s][info ][safepoint      ] Safepoint "Cleanup", Time since last: 1000192889 ns, Reaching safepoint: 10800 ns, Cleanup: 12200 ns, At safepoint: 27901 ns, Total: 50901 ns
[7126.998s][info ][safepoint      ] Safepoint "Cleanup", Time since last: 1000109487 ns, Reaching safepoint: 13400 ns, Cleanup: 16900 ns, At safepoint: 3400 ns, Total: 33700 ns
[7127.998s][info ][safepoint      ] Safepoint "Cleanup", Time since last: 1000198789 ns, Reaching safepoint: 12401 ns, Cleanup: 12600 ns, At safepoint: 4600 ns, Total: 29601 ns
[7128.999s][info ][safepoint      ] Safepoint "Cleanup", Time since last: 1000253590 ns, Reaching safepoint: 20700 ns, Cleanup: 19601 ns, At safepoint: 7900 ns, Total: 48201 ns
[7143.724s][info ][safepoint      ] Safepoint "Cleanup", Time since last: 14725359710 ns, Reaching safepoint: 5800 ns, Cleanup: 11300 ns, At safepoint: 4300 ns, Total: 21400 ns
[7154.725s][info ][safepoint      ] Safepoint "Cleanup", Time since last: 11001204423 ns, Reaching safepoint: 90602 ns, Cleanup: 16400 ns, At safepoint: 7900 ns, Total: 114902 ns
[7157.726s][info ][safepoint      ] Safepoint "Cleanup", Time since last: 3000313915 ns, Reaching safepoint: 86302 ns, Cleanup: 12600 ns, At safepoint: 7500 ns, Total: 106402 ns
[7158.726s][info ][safepoint      ] Safepoint "Cleanup", Time since last: 1000124544 ns, Reaching safepoint: 94502 ns, Cleanup: 15700 ns, At safepoint: 9501 ns, Total: 119703 ns
[7160.726s][info ][safepoint      ] Safepoint "Cleanup", Time since last: 2000219088 ns, Reaching safepoint: 91201 ns, Cleanup: 16801 ns, At safepoint: 7600 ns, Total: 115602 ns
[7176.728s][info ][safepoint      ] Safepoint "Cleanup", Time since last: 16001718690 ns, Reaching safepoint: 82802 ns, Cleanup: 12100 ns, At safepoint: 8600 ns, Total: 103502 ns
[7179.225s][info ][gc,start       ] GC(181) Pause Young (Allocation Failure)
[7179.238s][debug][gc,phases      ] GC(181) Scavenge 12.905ms
[7179.238s][debug][gc,ref         ] GC(181) ReferenceProcessor::execute queues: 1, RefProcThreadModel::Single, marks_oops_alive: false
[7179.238s][debug][gc,ref         ] GC(181) Skipped KeepAliveFinalRefsPhase of Reference Processing: no references
[7179.238s][debug][gc,ref         ] GC(181) ReferenceProcessor::execute queues: 1, RefProcThreadModel::Single, marks_oops_alive: false
[7179.238s][debug][gc,phases      ] GC(181) Reference Processing 0.129ms
[7179.238s][debug][gc,phases      ] GC(181)   VM Weak                        Min:  0.0, Avg:  0.0, Max:  0.0, Diff:  0.0, Sum:  0.0, Workers: 4
[7179.238s][debug][gc,phases      ] GC(181)     Dead                           Min: 0, Avg:  0.0, Max: 0, Diff: 0, Sum: 0, Workers: 4
[7179.238s][debug][gc,phases      ] GC(181)     Total                          Min: 0, Avg: 284.8, Max: 1139, Diff: 1139, Sum: 1139, Workers: 4
[7179.238s][debug][gc,phases      ] GC(181)   ObjectSynchronizer Weak        Min:  0.0, Avg:  0.0, Max:  0.0, Diff:  0.0, Sum:  0.0, Workers: 4
[7179.238s][debug][gc,phases      ] GC(181)     Dead                           Min: 0, Avg:  0.0, Max: 0, Diff: 0, Sum: 0, Workers: 4
[7179.238s][debug][gc,phases      ] GC(181)     Total                          Min: 0, Avg:  1.0, Max: 4, Diff: 4, Sum: 4, Workers: 4
[7179.238s][debug][gc,phases      ] GC(181)   JVMTI Tag Weak OopStorage      Min:  0.0, Avg:  0.0, Max:  0.0, Diff:  0.0, Sum:  0.0, Workers: 4
[7179.238s][debug][gc,phases      ] GC(181)     Dead                           Min: 0, Avg:  0.0, Max: 0, Diff: 0, Sum: 0, Workers: 4
[7179.238s][debug][gc,phases      ] GC(181)     Total                          Min: 0, Avg:  0.0, Max: 0, Diff: 0, Sum: 0, Workers: 4
[7179.238s][debug][gc,phases      ] GC(181)   StringTable Weak               Min:  0.1, Avg:  0.1, Max:  0.1, Diff:  0.0, Sum:  0.4, Workers: 4
[7179.238s][debug][gc,phases      ] GC(181)     Dead                           Min: 0, Avg:  0.0, Max: 0, Diff: 0, Sum: 0, Workers: 4
[7179.238s][debug][gc,phases      ] GC(181)     Total                          Min: 10815, Avg: 12632.5, Max: 14629, Diff: 3814, Sum: 50530, Workers: 4
[7179.238s][debug][gc,phases      ] GC(181)   ResolvedMethodTable Weak       Min:  0.0, Avg:  0.0, Max:  0.0, Diff:  0.0, Sum:  0.1, Workers: 4
[7179.238s][debug][gc,phases      ] GC(181)     Dead                           Min: 0, Avg:  4.2, Max: 12, Diff: 12, Sum: 17, Workers: 4
[7179.238s][debug][gc,phases      ] GC(181)     Total                          Min: 3767, Avg: 4094.8, Max: 4505, Diff: 738, Sum: 16379, Workers: 4
[7179.238s][debug][gc,phases      ] GC(181)   JNI Weak                       Min:  0.0, Avg:  0.0, Max:  0.0, Diff:  0.0, Sum:  0.0, Workers: 4
[7179.238s][debug][gc,phases      ] GC(181)     Dead                           Min: 0, Avg:  0.0, Max: 0, Diff: 0, Sum: 0, Workers: 4
[7179.238s][debug][gc,phases      ] GC(181)     Total                          Min: 0, Avg: 13.0, Max: 52, Diff: 52, Sum: 52, Workers: 4
[7179.238s][debug][gc,phases      ] GC(181)   StringDedup Table Weak         Min:  0.0, Avg:  0.0, Max:  0.0, Diff:  0.0, Sum:  0.0, Workers: 4
[7179.238s][debug][gc,phases      ] GC(181)     Dead                           Min: 0, Avg:  0.0, Max: 0, Diff: 0, Sum: 0, Workers: 4
[7179.238s][debug][gc,phases      ] GC(181)     Total                          Min: 0, Avg:  0.0, Max: 0, Diff: 0, Sum: 0, Workers: 4
[7179.238s][debug][gc,phases      ] GC(181)   StringDedup Requests0 Weak     Min:  0.0, Avg:  0.0, Max:  0.0, Diff:  0.0, Sum:  0.0, Workers: 4
[7179.238s][debug][gc,phases      ] GC(181)     Dead                           Min: 0, Avg:  0.0, Max: 0, Diff: 0, Sum: 0, Workers: 4
[7179.238s][debug][gc,phases      ] GC(181)     Total                          Min: 0, Avg:  0.0, Max: 0, Diff: 0, Sum: 0, Workers: 4
[7179.238s][debug][gc,phases      ] GC(181)   StringDedup Requests1 Weak     Min:  0.0, Avg:  0.0, Max:  0.0, Diff:  0.0, Sum:  0.0, Workers: 4
[7179.238s][debug][gc,phases      ] GC(181)     Dead                           Min: 0, Avg:  0.0, Max: 0, Diff: 0, Sum: 0, Workers: 4
[7179.238s][debug][gc,phases      ] GC(181)     Total                          Min: 0, Avg:  0.0, Max: 0, Diff: 0, Sum: 0, Workers: 4
[7179.238s][debug][gc,phases      ] GC(181)   Weak JFR Old Object Samples    Min:  0.0, Avg:  0.0, Max:  0.0, Diff:  0.0, Sum:  0.0, Workers: 4
[7179.238s][debug][gc,phases      ] GC(181)     Dead                           Min: 0, Avg:  0.0, Max: 0, Diff: 0, Sum: 0, Workers: 4
[7179.238s][debug][gc,phases      ] GC(181)     Total                          Min: 0, Avg:  0.0, Max: 0, Diff: 0, Sum: 0, Workers: 4
[7179.238s][debug][gc,phases      ] GC(181) Weak Processing 0.408ms
[7179.238s][debug][gc,age         ] GC(181) Desired survivor size 54001664 bytes, new threshold 1 (max threshold 15)
[7179.238s][info ][gc,heap        ] GC(181) PSYoungGen: 2005120K(2005504K)->4544K(2043392K) Eden: 1994752K(1994752K)->0K(1991680K) From: 10368K(10752K)->4544K(51712K)
[7179.238s][info ][gc,heap        ] GC(181) ParOldGen: 2544617K(2544640K)->2551762K(2551808K)
[7179.238s][info ][gc,metaspace   ] GC(181) Metaspace: 116349K(117824K)->116349K(117824K) NonClass: 99071K(99840K)->99071K(99840K) Class: 17278K(17984K)->17278K(17984K)
[7179.238s][info ][gc             ] GC(181) Pause Young (Allocation Failure) 4443M->2496M(4487M) 13.604ms
[7179.238s][info ][gc,cpu         ] GC(181) User=0.05s Sys=0.01s Real=0.01s
[7179.238s][info ][safepoint      ] Safepoint "ParallelGCFailedAllocation", Time since last: 2496487024 ns, Reaching safepoint: 13601 ns, Cleanup: 6600 ns, At safepoint: 13712854 ns, Total: 13733055 ns
[7180.239s][info ][safepoint      ] Safepoint "Cleanup", Time since last: 1000108217 ns, Reaching safepoint: 15001 ns, Cleanup: 13700 ns, At safepoint: 3200 ns, Total: 31901 ns
[7189.240s][info ][safepoint      ] Safepoint "Cleanup", Time since last: 9000970128 ns, Reaching safepoint: 86201 ns, Cleanup: 11901 ns, At safepoint: 6200 ns, Total: 104302 ns
[7205.753s][info ][safepoint      ] Safepoint "Cleanup", Time since last: 16513547575 ns, Reaching safepoint: 233104 ns, Cleanup: 20201 ns, At safepoint: 18500 ns, Total: 271805 ns
[7207.754s][info ][safepoint      ] Safepoint "Cleanup", Time since last: 2000301582 ns, Reaching safepoint: 19800 ns, Cleanup: 27901 ns, At safepoint: 8000 ns, Total: 55701 ns
[7207.830s][info ][gc,start       ] GC(182) Pause Young (Allocation Failure)
[7207.845s][debug][gc,phases      ] GC(182) Scavenge 15.071ms
[7207.845s][debug][gc,ref         ] GC(182) Skipped SoftWeakFinalRefsPhase of Reference Processing: no references
[7207.845s][debug][gc,ref         ] GC(182) Skipped KeepAliveFinalRefsPhase of Reference Processing: no references
[7207.845s][debug][gc,ref         ] GC(182) ReferenceProcessor::execute queues: 1, RefProcThreadModel::Single, marks_oops_alive: false
[7207.845s][debug][gc,phases      ] GC(182) Reference Processing 0.097ms
[7207.846s][debug][gc,phases      ] GC(182)   VM Weak                        Min:  0.0, Avg:  0.0, Max:  0.0, Diff:  0.0, Sum:  0.0, Workers: 4
[7207.846s][debug][gc,phases      ] GC(182)     Dead                           Min: 0, Avg:  0.0, Max: 0, Diff: 0, Sum: 0, Workers: 4
[7207.846s][debug][gc,phases      ] GC(182)     Total                          Min: 0, Avg: 284.8, Max: 576, Diff: 576, Sum: 1139, Workers: 4
[7207.846s][debug][gc,phases      ] GC(182)   ObjectSynchronizer Weak        Min:  0.0, Avg:  0.0, Max:  0.0, Diff:  0.0, Sum:  0.0, Workers: 4
[7207.846s][debug][gc,phases      ] GC(182)     Dead                           Min: 0, Avg:  0.0, Max: 0, Diff: 0, Sum: 0, Workers: 4
[7207.846s][debug][gc,phases      ] GC(182)     Total                          Min: 0, Avg:  1.5, Max: 6, Diff: 6, Sum: 6, Workers: 4
[7207.846s][debug][gc,phases      ] GC(182)   JVMTI Tag Weak OopStorage      Min:  0.0, Avg:  0.0, Max:  0.0, Diff:  0.0, Sum:  0.0, Workers: 4
[7207.846s][debug][gc,phases      ] GC(182)     Dead                           Min: 0, Avg:  0.0, Max: 0, Diff: 0, Sum: 0, Workers: 4
[7207.846s][debug][gc,phases      ] GC(182)     Total                          Min: 0, Avg:  0.0, Max: 0, Diff: 0, Sum: 0, Workers: 4
[7207.846s][debug][gc,phases      ] GC(182)   StringTable Weak               Min:  0.1, Avg:  0.1, Max:  0.1, Diff:  0.0, Sum:  0.4, Workers: 4
[7207.846s][debug][gc,phases      ] GC(182)     Dead                           Min: 0, Avg:  0.0, Max: 0, Diff: 0, Sum: 0, Workers: 4
[7207.846s][debug][gc,phases      ] GC(182)     Total                          Min: 10943, Avg: 12633.0, Max: 13311, Diff: 2368, Sum: 50532, Workers: 4
[7207.846s][debug][gc,phases      ] GC(182)   ResolvedMethodTable Weak       Min:  0.0, Avg:  0.0, Max:  0.0, Diff:  0.0, Sum:  0.1, Workers: 4
[7207.846s][debug][gc,phases      ] GC(182)     Dead                           Min: 0, Avg:  6.0, Max: 12, Diff: 12, Sum: 24, Workers: 4
[7207.846s][debug][gc,phases      ] GC(182)     Total                          Min: 3485, Avg: 4094.8, Max: 4429, Diff: 944, Sum: 16379, Workers: 4
[7207.846s][debug][gc,phases      ] GC(182)   JNI Weak                       Min:  0.0, Avg:  0.0, Max:  0.0, Diff:  0.0, Sum:  0.0, Workers: 4
[7207.846s][debug][gc,phases      ] GC(182)     Dead                           Min: 0, Avg:  0.0, Max: 0, Diff: 0, Sum: 0, Workers: 4
[7207.846s][debug][gc,phases      ] GC(182)     Total                          Min: 0, Avg: 13.0, Max: 52, Diff: 52, Sum: 52, Workers: 4
[7207.846s][debug][gc,phases      ] GC(182)   StringDedup Table Weak         Min:  0.0, Avg:  0.0, Max:  0.0, Diff:  0.0, Sum:  0.0, Workers: 4
[7207.846s][debug][gc,phases      ] GC(182)     Dead                           Min: 0, Avg:  0.0, Max: 0, Diff: 0, Sum: 0, Workers: 4
[7207.846s][debug][gc,phases      ] GC(182)     Total                          Min: 0, Avg:  0.0, Max: 0, Diff: 0, Sum: 0, Workers: 4
[7207.846s][debug][gc,phases      ] GC(182)   StringDedup Requests0 Weak     Min:  0.0, Avg:  0.0, Max:  0.0, Diff:  0.0, Sum:  0.0, Workers: 4
[7207.846s][debug][gc,phases      ] GC(182)     Dead                           Min: 0, Avg:  0.0, Max: 0, Diff: 0, Sum: 0, Workers: 4
[7207.846s][debug][gc,phases      ] GC(182)     Total                          Min: 0, Avg:  0.0, Max: 0, Diff: 0, Sum: 0, Workers: 4
[7207.846s][debug][gc,phases      ] GC(182)   StringDedup Requests1 Weak     Min:  0.0, Avg:  0.0, Max:  0.0, Diff:  0.0, Sum:  0.0, Workers: 4
[7207.846s][debug][gc,phases      ] GC(182)     Dead                           Min: 0, Avg:  0.0, Max: 0, Diff: 0, Sum: 0, Workers: 4
[7207.846s][debug][gc,phases      ] GC(182)     Total                          Min: 0, Avg:  0.0, Max: 0, Diff: 0, Sum: 0, Workers: 4
[7207.846s][debug][gc,phases      ] GC(182)   Weak JFR Old Object Samples    Min:  0.0, Avg:  0.0, Max:  0.0, Diff:  0.0, Sum:  0.0, Workers: 4
[7207.846s][debug][gc,phases      ] GC(182)     Dead                           Min: 0, Avg:  0.0, Max: 0, Diff: 0, Sum: 0, Workers: 4
[7207.846s][debug][gc,phases      ] GC(182)     Total                          Min: 0, Avg:  0.0, Max: 0, Diff: 0, Sum: 0, Workers: 4
[7207.846s][debug][gc,phases      ] GC(182) Weak Processing 0.316ms
[7207.846s][debug][gc,age         ] GC(182) Desired survivor size 51380224 bytes, new threshold 1 (max threshold 15)
[7207.846s][info ][gc,heap        ] GC(182) PSYoungGen: 1996224K(2043392K)->23600K(2044416K) Eden: 1991680K(1991680K)->0K(1991680K) From: 4544K(51712K)->23600K(52736K)
[7207.846s][info ][gc,heap        ] GC(182) ParOldGen: 2551762K(2551808K)->2553318K(2553344K)
[7207.846s][info ][gc,metaspace   ] GC(182) Metaspace: 116360K(117824K)->116360K(117824K) NonClass: 99082K(99840K)->99082K(99840K) Class: 17278K(17984K)->17278K(17984K)
[7207.846s][info ][gc             ] GC(182) Pause Young (Allocation Failure) 4441M->2516M(4490M) 15.640ms
[7207.846s][info ][gc,cpu         ] GC(182) User=0.06s Sys=0.00s Real=0.01s
[7207.846s][info ][safepoint      ] Safepoint "ParallelGCFailedAllocation", Time since last: 76295225 ns, Reaching safepoint: 91102 ns, Cleanup: 5400 ns, At safepoint: 15747895 ns, Total: 15844397 ns
[7211.846s][info ][safepoint      ] Safepoint "Cleanup", Time since last: 4000466260 ns, Reaching safepoint: 13101 ns, Cleanup: 14000 ns, At safepoint: 3200 ns, Total: 30301 ns
[7212.851s][info ][safepoint      ] Safepoint "Cleanup", Time since last: 1004084864 ns, Reaching safepoint: 92902 ns, Cleanup: 10900 ns, At safepoint: 24901 ns, Total: 128703 ns
[7213.851s][info ][safepoint      ] Safepoint "Cleanup", Time since last: 1000257428 ns, Reaching safepoint: 19200 ns, Cleanup: 20000 ns, At safepoint: 8600 ns, Total: 47800 ns
[7219.853s][info ][safepoint      ] Safepoint "Cleanup", Time since last: 6002096289 ns, Reaching safepoint: 10900 ns, Cleanup: 17800 ns, At safepoint: 2800 ns, Total: 31500 ns
[7221.854s][info ][safepoint      ] Safepoint "Cleanup", Time since last: 2000294735 ns, Reaching safepoint: 94002 ns, Cleanup: 12900 ns, At safepoint: 46601 ns, Total: 153503 ns
[7222.854s][info ][safepoint      ] Safepoint "Cleanup", Time since last: 1000138599 ns, Reaching safepoint: 85402 ns, Cleanup: 11800 ns, At safepoint: 12701 ns, Total: 109903 ns
[7222.895s][info ][gc,start       ] GC(183) Pause Young (Allocation Failure)
[7222.924s][debug][gc,phases      ] GC(183) Scavenge 29.244ms
[7222.924s][debug][gc,ref         ] GC(183) Skipped SoftWeakFinalRefsPhase of Reference Processing: no references
[7222.924s][debug][gc,ref         ] GC(183) Skipped KeepAliveFinalRefsPhase of Reference Processing: no references
[7222.924s][debug][gc,ref         ] GC(183) ReferenceProcessor::execute queues: 1, RefProcThreadModel::Single, marks_oops_alive: false
[7222.924s][debug][gc,phases      ] GC(183) Reference Processing 0.099ms
[7222.924s][debug][gc,phases      ] GC(183)   VM Weak                        Min:  0.0, Avg:  0.0, Max:  0.0, Diff:  0.0, Sum:  0.0, Workers: 4
[7222.924s][debug][gc,phases      ] GC(183)     Dead                           Min: 0, Avg:  0.0, Max: 0, Diff: 0, Sum: 0, Workers: 4
[7222.925s][debug][gc,phases      ] GC(183)     Total                          Min: 0, Avg: 284.8, Max: 627, Diff: 627, Sum: 1139, Workers: 4
[7222.925s][debug][gc,phases      ] GC(183)   ObjectSynchronizer Weak        Min:  0.0, Avg:  0.0, Max:  0.0, Diff:  0.0, Sum:  0.0, Workers: 4
[7222.925s][debug][gc,phases      ] GC(183)     Dead                           Min: 0, Avg:  0.0, Max: 0, Diff: 0, Sum: 0, Workers: 4
[7222.925s][debug][gc,phases      ] GC(183)     Total                          Min: 0, Avg:  1.5, Max: 6, Diff: 6, Sum: 6, Workers: 4
[7222.925s][debug][gc,phases      ] GC(183)   JVMTI Tag Weak OopStorage      Min:  0.0, Avg:  0.0, Max:  0.0, Diff:  0.0, Sum:  0.0, Workers: 4
[7222.925s][debug][gc,phases      ] GC(183)     Dead                           Min: 0, Avg:  0.0, Max: 0, Diff: 0, Sum: 0, Workers: 4
[7222.925s][debug][gc,phases      ] GC(183)     Total                          Min: 0, Avg:  0.0, Max: 0, Diff: 0, Sum: 0, Workers: 4
[7222.925s][debug][gc,phases      ] GC(183)   StringTable Weak               Min:  0.1, Avg:  0.1, Max:  0.1, Diff:  0.0, Sum:  0.4, Workers: 4
[7222.925s][debug][gc,phases      ] GC(183)     Dead                           Min: 0, Avg:  0.0, Max: 0, Diff: 0, Sum: 0, Workers: 4
[7222.925s][debug][gc,phases      ] GC(183)     Total                          Min: 11007, Avg: 12633.0, Max: 14271, Diff: 3264, Sum: 50532, Workers: 4
[7222.925s][debug][gc,phases      ] GC(183)   ResolvedMethodTable Weak       Min:  0.0, Avg:  0.0, Max:  0.0, Diff:  0.0, Sum:  0.1, Workers: 4
[7222.925s][debug][gc,phases      ] GC(183)     Dead                           Min: 0, Avg:  4.0, Max: 8, Diff: 8, Sum: 16, Workers: 4
[7222.925s][debug][gc,phases      ] GC(183)     Total                          Min: 3700, Avg: 4094.8, Max: 4444, Diff: 744, Sum: 16379, Workers: 4
[7222.925s][debug][gc,phases      ] GC(183)   JNI Weak                       Min:  0.0, Avg:  0.0, Max:  0.0, Diff:  0.0, Sum:  0.0, Workers: 4
[7222.925s][debug][gc,phases      ] GC(183)     Dead                           Min: 0, Avg:  0.0, Max: 0, Diff: 0, Sum: 0, Workers: 4
[7222.925s][debug][gc,phases      ] GC(183)     Total                          Min: 0, Avg: 13.0, Max: 52, Diff: 52, Sum: 52, Workers: 4
[7222.925s][debug][gc,phases      ] GC(183)   StringDedup Table Weak         Min:  0.0, Avg:  0.0, Max:  0.0, Diff:  0.0, Sum:  0.0, Workers: 4
[7222.925s][debug][gc,phases      ] GC(183)     Dead                           Min: 0, Avg:  0.0, Max: 0, Diff: 0, Sum: 0, Workers: 4
[7222.925s][debug][gc,phases      ] GC(183)     Total                          Min: 0, Avg:  0.0, Max: 0, Diff: 0, Sum: 0, Workers: 4
[7222.925s][debug][gc,phases      ] GC(183)   StringDedup Requests0 Weak     Min:  0.0, Avg:  0.0, Max:  0.0, Diff:  0.0, Sum:  0.0, Workers: 4
[7222.925s][debug][gc,phases      ] GC(183)     Dead                           Min: 0, Avg:  0.0, Max: 0, Diff: 0, Sum: 0, Workers: 4
[7222.925s][debug][gc,phases      ] GC(183)     Total                          Min: 0, Avg:  0.0, Max: 0, Diff: 0, Sum: 0, Workers: 4
[7222.925s][debug][gc,phases      ] GC(183)   StringDedup Requests1 Weak     Min:  0.0, Avg:  0.0, Max:  0.0, Diff:  0.0, Sum:  0.0, Workers: 4
[7222.925s][debug][gc,phases      ] GC(183)     Dead                           Min: 0, Avg:  0.0, Max: 0, Diff: 0, Sum: 0, Workers: 4
[7222.925s][debug][gc,phases      ] GC(183)     Total                          Min: 0, Avg:  0.0, Max: 0, Diff: 0, Sum: 0, Workers: 4
[7222.925s][debug][gc,phases      ] GC(183)   Weak JFR Old Object Samples    Min:  0.0, Avg:  0.0, Max:  0.0, Diff:  0.0, Sum:  0.0, Workers: 4
[7222.925s][debug][gc,phases      ] GC(183)     Dead                           Min: 0, Avg:  0.0, Max: 0, Diff: 0, Sum: 0, Workers: 4
[7222.925s][debug][gc,phases      ] GC(183)     Total                          Min: 0, Avg:  0.0, Max: 0, Diff: 0, Sum: 0, Workers: 4
[7222.925s][debug][gc,phases      ] GC(183) Weak Processing 0.347ms
[7222.925s][debug][gc,age         ] GC(183) Desired survivor size 50855936 bytes, new threshold 1 (max threshold 15)
[7222.925s][info ][gc,heap        ] GC(183) PSYoungGen: 2015280K(2044416K)->29888K(2047488K) Eden: 1991680K(1991680K)->0K(1997312K) From: 23600K(52736K)->29888K(50176K)
[7222.925s][info ][gc,heap        ] GC(183) ParOldGen: 2553318K(2553344K)->2571427K(2571776K)
[7222.925s][info ][gc,metaspace   ] GC(183) Metaspace: 116370K(117952K)->116370K(117952K) NonClass: 99092K(99968K)->99092K(99968K) Class: 17278K(17984K)->17278K(17984K)
[7222.925s][info ][gc             ] GC(183) Pause Young (Allocation Failure) 4461M->2540M(4511M) 29.841ms
[7222.925s][info ][gc,cpu         ] GC(183) User=0.11s Sys=0.01s Real=0.03s
[7222.925s][info ][safepoint      ] Safepoint "ParallelGCFailedAllocation", Time since last: 41000562 ns, Reaching safepoint: 14400 ns, Cleanup: 7100 ns, At safepoint: 29942857 ns, Total: 29964357 ns
[7241.429s][info ][gc,start       ] GC(184) Pause Young (Allocation Failure)
[7241.463s][debug][gc,phases      ] GC(184) Scavenge 33.705ms
[7241.463s][debug][gc,ref         ] GC(184) Skipped SoftWeakFinalRefsPhase of Reference Processing: no references
[7241.463s][debug][gc,ref         ] GC(184) Skipped KeepAliveFinalRefsPhase of Reference Processing: no references
[7241.463s][debug][gc,ref         ] GC(184) ReferenceProcessor::execute queues: 1, RefProcThreadModel::Single, marks_oops_alive: false
[7241.463s][debug][gc,phases      ] GC(184) Reference Processing 0.104ms
[7241.464s][debug][gc,phases      ] GC(184)   VM Weak                        Min:  0.0, Avg:  0.0, Max:  0.0, Diff:  0.0, Sum:  0.0, Workers: 4
[7241.464s][debug][gc,phases      ] GC(184)     Dead                           Min: 0, Avg:  0.0, Max: 0, Diff: 0, Sum: 0, Workers: 4
[7241.464s][debug][gc,phases      ] GC(184)     Total                          Min: 0, Avg: 284.8, Max: 819, Diff: 819, Sum: 1139, Workers: 4
[7241.464s][debug][gc,phases      ] GC(184)   ObjectSynchronizer Weak        Min:  0.0, Avg:  0.0, Max:  0.0, Diff:  0.0, Sum:  0.0, Workers: 4
[7241.464s][debug][gc,phases      ] GC(184)     Dead                           Min: 0, Avg:  0.0, Max: 0, Diff: 0, Sum: 0, Workers: 4
[7241.464s][debug][gc,phases      ] GC(184)     Total                          Min: 0, Avg:  1.5, Max: 6, Diff: 6, Sum: 6, Workers: 4
[7241.464s][debug][gc,phases      ] GC(184)   JVMTI Tag Weak OopStorage      Min:  0.0, Avg:  0.0, Max:  0.0, Diff:  0.0, Sum:  0.0, Workers: 4
[7241.464s][debug][gc,phases      ] GC(184)     Dead                           Min: 0, Avg:  0.0, Max: 0, Diff: 0, Sum: 0, Workers: 4
[7241.464s][debug][gc,phases      ] GC(184)     Total                          Min: 0, Avg:  0.0, Max: 0, Diff: 0, Sum: 0, Workers: 4
[7241.464s][debug][gc,phases      ] GC(184)   StringTable Weak               Min:  0.1, Avg:  0.1, Max:  0.1, Diff:  0.0, Sum:  0.4, Workers: 4
[7241.464s][debug][gc,phases      ] GC(184)     Dead                           Min: 0, Avg:  0.0, Max: 0, Diff: 0, Sum: 0, Workers: 4
[7241.464s][debug][gc,phases      ] GC(184)     Total                          Min: 10816, Avg: 12633.0, Max: 14911, Diff: 4095, Sum: 50532, Workers: 4
[7241.464s][debug][gc,phases      ] GC(184)   ResolvedMethodTable Weak       Min:  0.0, Avg:  0.0, Max:  0.0, Diff:  0.0, Sum:  0.1, Workers: 4
[7241.464s][debug][gc,phases      ] GC(184)     Dead                           Min: 0, Avg:  4.0, Max: 13, Diff: 13, Sum: 16, Workers: 4
[7241.464s][debug][gc,phases      ] GC(184)     Total                          Min: 3810, Avg: 4094.8, Max: 4515, Diff: 705, Sum: 16379, Workers: 4
[7241.464s][debug][gc,phases      ] GC(184)   JNI Weak                       Min:  0.0, Avg:  0.0, Max:  0.0, Diff:  0.0, Sum:  0.0, Workers: 4
[7241.464s][debug][gc,phases      ] GC(184)     Dead                           Min: 0, Avg:  0.0, Max: 0, Diff: 0, Sum: 0, Workers: 4
[7241.464s][debug][gc,phases      ] GC(184)     Total                          Min: 0, Avg: 13.0, Max: 52, Diff: 52, Sum: 52, Workers: 4
[7241.464s][debug][gc,phases      ] GC(184)   StringDedup Table Weak         Min:  0.0, Avg:  0.0, Max:  0.0, Diff:  0.0, Sum:  0.0, Workers: 4
[7241.464s][debug][gc,phases      ] GC(184)     Dead                           Min: 0, Avg:  0.0, Max: 0, Diff: 0, Sum: 0, Workers: 4
[7241.464s][debug][gc,phases      ] GC(184)     Total                          Min: 0, Avg:  0.0, Max: 0, Diff: 0, Sum: 0, Workers: 4
[7241.464s][debug][gc,phases      ] GC(184)   StringDedup Requests0 Weak     Min:  0.0, Avg:  0.0, Max:  0.0, Diff:  0.0, Sum:  0.0, Workers: 4
[7241.464s][debug][gc,phases      ] GC(184)     Dead                           Min: 0, Avg:  0.0, Max: 0, Diff: 0, Sum: 0, Workers: 4
[7241.464s][debug][gc,phases      ] GC(184)     Total                          Min: 0, Avg:  0.0, Max: 0, Diff: 0, Sum: 0, Workers: 4
[7241.464s][debug][gc,phases      ] GC(184)   StringDedup Requests1 Weak     Min:  0.0, Avg:  0.0, Max:  0.0, Diff:  0.0, Sum:  0.0, Workers: 4
[7241.464s][debug][gc,phases      ] GC(184)     Dead                           Min: 0, Avg:  0.0, Max: 0, Diff: 0, Sum: 0, Workers: 4
[7241.464s][debug][gc,phases      ] GC(184)     Total                          Min: 0, Avg:  0.0, Max: 0, Diff: 0, Sum: 0, Workers: 4
[7241.464s][debug][gc,phases      ] GC(184)   Weak JFR Old Object Samples    Min:  0.0, Avg:  0.0, Max:  0.0, Diff:  0.0, Sum:  0.0, Workers: 4
[7241.464s][debug][gc,phases      ] GC(184)     Dead                           Min: 0, Avg:  0.0, Max: 0, Diff: 0, Sum: 0, Workers: 4
[7241.464s][debug][gc,phases      ] GC(184)     Total                          Min: 0, Avg:  0.0, Max: 0, Diff: 0, Sum: 0, Workers: 4
[7241.464s][debug][gc,phases      ] GC(184) Weak Processing 0.336ms
[7241.464s][debug][gc,age         ] GC(184) Desired survivor size 48758784 bytes, new threshold 1 (max threshold 15)
[7241.464s][info ][gc,heap        ] GC(184) PSYoungGen: 2027200K(2047488K)->23328K(2046976K) Eden: 1997312K(1997312K)->0K(1997312K) From: 29888K(50176K)->23328K(49664K)
[7241.464s][info ][gc,heap        ] GC(184) ParOldGen: 2571427K(2571776K)->2597642K(2597888K)
[7241.464s][info ][gc,metaspace   ] GC(184) Metaspace: 116379K(117952K)->116379K(117952K) NonClass: 99101K(99968K)->99101K(99968K) Class: 17278K(17984K)->17278K(17984K)
[7241.464s][info ][gc             ] GC(184) Pause Young (Allocation Failure) 4490M->2559M(4536M) 34.309ms
[7241.464s][info ][gc,cpu         ] GC(184) User=0.12s Sys=0.01s Real=0.03s
[7241.464s][info ][safepoint      ] Safepoint "ParallelGCFailedAllocation", Time since last: 18504654642 ns, Reaching safepoint: 12300 ns, Cleanup: 6700 ns, At safepoint: 34417250 ns, Total: 34436250 ns
[7243.464s][info ][safepoint      ] Safepoint "Cleanup", Time since last: 2000170136 ns, Reaching safepoint: 19601 ns, Cleanup: 15100 ns, At safepoint: 4600 ns, Total: 39301 ns
[7245.464s][info ][safepoint      ] Safepoint "Cleanup", Time since last: 2000276423 ns, Reaching safepoint: 86701 ns, Cleanup: 11701 ns, At safepoint: 9100 ns, Total: 107502 ns
[7246.465s][info ][safepoint      ] Safepoint "Cleanup", Time since last: 1000176340 ns, Reaching safepoint: 18401 ns, Cleanup: 19600 ns, At safepoint: 8800 ns, Total: 46801 ns
[7249.465s][info ][safepoint      ] Safepoint "Cleanup", Time since last: 3000721825 ns, Reaching safepoint: 12600 ns, Cleanup: 15200 ns, At safepoint: 4000 ns, Total: 31800 ns
[7260.308s][info ][gc,start       ] GC(185) Pause Young (Allocation Failure)
[7260.338s][debug][gc,phases      ] GC(185) Scavenge 30.244ms
[7260.338s][debug][gc,ref         ] GC(185) Skipped SoftWeakFinalRefsPhase of Reference Processing: no references
[7260.338s][debug][gc,ref         ] GC(185) Skipped KeepAliveFinalRefsPhase of Reference Processing: no references
[7260.338s][debug][gc,ref         ] GC(185) ReferenceProcessor::execute queues: 1, RefProcThreadModel::Single, marks_oops_alive: false
[7260.338s][debug][gc,phases      ] GC(185) Reference Processing 0.097ms
[7260.338s][debug][gc,phases      ] GC(185)   VM Weak                        Min:  0.0, Avg:  0.0, Max:  0.0, Diff:  0.0, Sum:  0.0, Workers: 4
[7260.338s][debug][gc,phases      ] GC(185)     Dead                           Min: 0, Avg:  0.0, Max: 0, Diff: 0, Sum: 0, Workers: 4
[7260.338s][debug][gc,phases      ] GC(185)     Total                          Min: 0, Avg: 284.8, Max: 563, Diff: 563, Sum: 1139, Workers: 4
[7260.338s][debug][gc,phases      ] GC(185)   ObjectSynchronizer Weak        Min:  0.0, Avg:  0.0, Max:  0.0, Diff:  0.0, Sum:  0.0, Workers: 4
[7260.338s][debug][gc,phases      ] GC(185)     Dead                           Min: 0, Avg:  0.0, Max: 0, Diff: 0, Sum: 0, Workers: 4
[7260.338s][debug][gc,phases      ] GC(185)     Total                          Min: 0, Avg:  1.5, Max: 6, Diff: 6, Sum: 6, Workers: 4
[7260.338s][debug][gc,phases      ] GC(185)   JVMTI Tag Weak OopStorage      Min:  0.0, Avg:  0.0, Max:  0.0, Diff:  0.0, Sum:  0.0, Workers: 4
[7260.338s][debug][gc,phases      ] GC(185)     Dead                           Min: 0, Avg:  0.0, Max: 0, Diff: 0, Sum: 0, Workers: 4
[7260.338s][debug][gc,phases      ] GC(185)     Total                          Min: 0, Avg:  0.0, Max: 0, Diff: 0, Sum: 0, Workers: 4
[7260.338s][debug][gc,phases      ] GC(185)   StringTable Weak               Min:  0.1, Avg:  0.1, Max:  0.1, Diff:  0.0, Sum:  0.4, Workers: 4
[7260.338s][debug][gc,phases      ] GC(185)     Dead                           Min: 0, Avg:  0.0, Max: 0, Diff: 0, Sum: 0, Workers: 4
[7260.338s][debug][gc,phases      ] GC(185)     Total                          Min: 11135, Avg: 12633.0, Max: 13503, Diff: 2368, Sum: 50532, Workers: 4
[7260.338s][debug][gc,phases      ] GC(185)   ResolvedMethodTable Weak       Min:  0.0, Avg:  0.0, Max:  0.0, Diff:  0.0, Sum:  0.1, Workers: 4
[7260.338s][debug][gc,phases      ] GC(185)     Dead                           Min: 0, Avg:  4.0, Max: 13, Diff: 13, Sum: 16, Workers: 4
[7260.338s][debug][gc,phases      ] GC(185)     Total                          Min: 3500, Avg: 4094.8, Max: 4372, Diff: 872, Sum: 16379, Workers: 4
[7260.338s][debug][gc,phases      ] GC(185)   JNI Weak                       Min:  0.0, Avg:  0.0, Max:  0.0, Diff:  0.0, Sum:  0.0, Workers: 4
[7260.338s][debug][gc,phases      ] GC(185)     Dead                           Min: 0, Avg:  0.0, Max: 0, Diff: 0, Sum: 0, Workers: 4
[7260.338s][debug][gc,phases      ] GC(185)     Total                          Min: 0, Avg: 13.0, Max: 52, Diff: 52, Sum: 52, Workers: 4
[7260.338s][debug][gc,phases      ] GC(185)   StringDedup Table Weak         Min:  0.0, Avg:  0.0, Max:  0.0, Diff:  0.0, Sum:  0.0, Workers: 4
[7260.338s][debug][gc,phases      ] GC(185)     Dead                           Min: 0, Avg:  0.0, Max: 0, Diff: 0, Sum: 0, Workers: 4
[7260.338s][debug][gc,phases      ] GC(185)     Total                          Min: 0, Avg:  0.0, Max: 0, Diff: 0, Sum: 0, Workers: 4
[7260.338s][debug][gc,phases      ] GC(185)   StringDedup Requests0 Weak     Min:  0.0, Avg:  0.0, Max:  0.0, Diff:  0.0, Sum:  0.0, Workers: 4
[7260.338s][debug][gc,phases      ] GC(185)     Dead                           Min: 0, Avg:  0.0, Max: 0, Diff: 0, Sum: 0, Workers: 4
[7260.338s][debug][gc,phases      ] GC(185)     Total                          Min: 0, Avg:  0.0, Max: 0, Diff: 0, Sum: 0, Workers: 4
[7260.338s][debug][gc,phases      ] GC(185)   StringDedup Requests1 Weak     Min:  0.0, Avg:  0.0, Max:  0.0, Diff:  0.0, Sum:  0.0, Workers: 4
[7260.338s][debug][gc,phases      ] GC(185)     Dead                           Min: 0, Avg:  0.0, Max: 0, Diff: 0, Sum: 0, Workers: 4
[7260.338s][debug][gc,phases      ] GC(185)     Total                          Min: 0, Avg:  0.0, Max: 0, Diff: 0, Sum: 0, Workers: 4
[7260.338s][debug][gc,phases      ] GC(185)   Weak JFR Old Object Samples    Min:  0.0, Avg:  0.0, Max:  0.0, Diff:  0.0, Sum:  0.0, Workers: 4
[7260.338s][debug][gc,phases      ] GC(185)     Dead                           Min: 0, Avg:  0.0, Max: 0, Diff: 0, Sum: 0, Workers: 4
[7260.338s][debug][gc,phases      ] GC(185)     Total                          Min: 0, Avg:  0.0, Max: 0, Diff: 0, Sum: 0, Workers: 4
[7260.338s][debug][gc,phases      ] GC(185) Weak Processing 0.322ms
[7260.338s][debug][gc,age         ] GC(185) Desired survivor size 48758784 bytes, new threshold 1 (max threshold 15)
[7260.338s][info ][gc,heap        ] GC(185) PSYoungGen: 2020640K(2046976K)->31296K(2049536K) Eden: 1997312K(1997312K)->0K(2001920K) From: 23328K(49664K)->31296K(47616K)
[7260.338s][info ][gc,heap        ] GC(185) ParOldGen: 2597642K(2597888K)->2617419K(2617856K)
[7260.338s][info ][gc,metaspace   ] GC(185) Metaspace: 116382K(117952K)->116382K(117952K) NonClass: 99104K(99968K)->99104K(99968K) Class: 17278K(17984K)->17278K(17984K)
[7260.339s][info ][gc             ] GC(185) Pause Young (Allocation Failure) 4510M->2586M(4558M) 30.834ms
[7260.339s][info ][gc,cpu         ] GC(185) User=0.10s Sys=0.02s Real=0.04s
[7260.339s][info ][safepoint      ] Safepoint "ParallelGCFailedAllocation", Time since last: 10842135929 ns, Reaching safepoint: 92602 ns, Cleanup: 6200 ns, At safepoint: 31151978 ns, Total: 31250780 ns
[7263.339s][info ][safepoint      ] Safepoint "Cleanup", Time since last: 3000319357 ns, Reaching safepoint: 81902 ns, Cleanup: 13300 ns, At safepoint: 6000 ns, Total: 101202 ns
[7264.784s][info ][safepoint      ] Safepoint "Cleanup", Time since last: 1444921244 ns, Reaching safepoint: 87002 ns, Cleanup: 13600 ns, At safepoint: 7400 ns, Total: 108002 ns
[7266.787s][info ][safepoint      ] Safepoint "Cleanup", Time since last: 2002350586 ns, Reaching safepoint: 84402 ns, Cleanup: 12900 ns, At safepoint: 6600 ns, Total: 103902 ns
[7269.126s][info ][gc,start       ] GC(186) Pause Young (Allocation Failure)
[7269.161s][debug][gc,phases      ] GC(186) Scavenge 34.884ms
[7269.161s][debug][gc,ref         ] GC(186) Skipped SoftWeakFinalRefsPhase of Reference Processing: no references
[7269.161s][debug][gc,ref         ] GC(186) Skipped KeepAliveFinalRefsPhase of Reference Processing: no references
[7269.161s][debug][gc,ref         ] GC(186) Skipped PhantomRefsPhase of Reference Processing: no references
[7269.161s][debug][gc,phases      ] GC(186) Reference Processing 0.021ms
[7269.161s][debug][gc,phases      ] GC(186)   VM Weak                        Min:  0.0, Avg:  0.0, Max:  0.0, Diff:  0.0, Sum:  0.0, Workers: 4
[7269.161s][debug][gc,phases      ] GC(186)     Dead                           Min: 0, Avg:  0.0, Max: 0, Diff: 0, Sum: 0, Workers: 4
[7269.161s][debug][gc,phases      ] GC(186)     Total                          Min: 51, Avg: 284.8, Max: 640, Diff: 589, Sum: 1139, Workers: 4
[7269.161s][debug][gc,phases      ] GC(186)   ObjectSynchronizer Weak        Min:  0.0, Avg:  0.0, Max:  0.0, Diff:  0.0, Sum:  0.0, Workers: 4
[7269.161s][debug][gc,phases      ] GC(186)     Dead                           Min: 0, Avg:  0.0, Max: 0, Diff: 0, Sum: 0, Workers: 4
[7269.161s][debug][gc,phases      ] GC(186)     Total                          Min: 0, Avg:  1.2, Max: 5, Diff: 5, Sum: 5, Workers: 4
[7269.161s][debug][gc,phases      ] GC(186)   JVMTI Tag Weak OopStorage      Min:  0.0, Avg:  0.0, Max:  0.0, Diff:  0.0, Sum:  0.0, Workers: 4
[7269.161s][debug][gc,phases      ] GC(186)     Dead                           Min: 0, Avg:  0.0, Max: 0, Diff: 0, Sum: 0, Workers: 4
[7269.161s][debug][gc,phases      ] GC(186)     Total                          Min: 0, Avg:  0.0, Max: 0, Diff: 0, Sum: 0, Workers: 4
[7269.161s][debug][gc,phases      ] GC(186)   StringTable Weak               Min:  0.1, Avg:  0.1, Max:  0.1, Diff:  0.0, Sum:  0.4, Workers: 4
[7269.161s][debug][gc,phases      ] GC(186)     Dead                           Min: 0, Avg:  0.0, Max: 0, Diff: 0, Sum: 0, Workers: 4
[7269.161s][debug][gc,phases      ] GC(186)     Total                          Min: 11775, Avg: 12633.0, Max: 14591, Diff: 2816, Sum: 50532, Workers: 4
[7269.161s][debug][gc,phases      ] GC(186)   ResolvedMethodTable Weak       Min:  0.0, Avg:  0.0, Max:  0.0, Diff:  0.0, Sum:  0.1, Workers: 4
[7269.161s][debug][gc,phases      ] GC(186)     Dead                           Min: 0, Avg:  0.0, Max: 0, Diff: 0, Sum: 0, Workers: 4
[7269.161s][debug][gc,phases      ] GC(186)     Total                          Min: 3447, Avg: 4094.8, Max: 4752, Diff: 1305, Sum: 16379, Workers: 4
[7269.161s][debug][gc,phases      ] GC(186)   JNI Weak                       Min:  0.0, Avg:  0.0, Max:  0.0, Diff:  0.0, Sum:  0.0, Workers: 4
[7269.161s][debug][gc,phases      ] GC(186)     Dead                           Min: 0, Avg:  0.0, Max: 0, Diff: 0, Sum: 0, Workers: 4
[7269.161s][debug][gc,phases      ] GC(186)     Total                          Min: 0, Avg: 13.0, Max: 52, Diff: 52, Sum: 52, Workers: 4
[7269.161s][debug][gc,phases      ] GC(186)   StringDedup Table Weak         Min:  0.0, Avg:  0.0, Max:  0.0, Diff:  0.0, Sum:  0.0, Workers: 4
[7269.161s][debug][gc,phases      ] GC(186)     Dead                           Min: 0, Avg:  0.0, Max: 0, Diff: 0, Sum: 0, Workers: 4
[7269.161s][debug][gc,phases      ] GC(186)     Total                          Min: 0, Avg:  0.0, Max: 0, Diff: 0, Sum: 0, Workers: 4
[7269.161s][debug][gc,phases      ] GC(186)   StringDedup Requests0 Weak     Min:  0.0, Avg:  0.0, Max:  0.0, Diff:  0.0, Sum:  0.0, Workers: 4
[7269.161s][debug][gc,phases      ] GC(186)     Dead                           Min: 0, Avg:  0.0, Max: 0, Diff: 0, Sum: 0, Workers: 4
[7269.161s][debug][gc,phases      ] GC(186)     Total                          Min: 0, Avg:  0.0, Max: 0, Diff: 0, Sum: 0, Workers: 4
[7269.161s][debug][gc,phases      ] GC(186)   StringDedup Requests1 Weak     Min:  0.0, Avg:  0.0, Max:  0.0, Diff:  0.0, Sum:  0.0, Workers: 4
[7269.161s][debug][gc,phases      ] GC(186)     Dead                           Min: 0, Avg:  0.0, Max: 0, Diff: 0, Sum: 0, Workers: 4
[7269.161s][debug][gc,phases      ] GC(186)     Total                          Min: 0, Avg:  0.0, Max: 0, Diff: 0, Sum: 0, Workers: 4
[7269.161s][debug][gc,phases      ] GC(186)   Weak JFR Old Object Samples    Min:  0.0, Avg:  0.0, Max:  0.0, Diff:  0.0, Sum:  0.0, Workers: 4
[7269.161s][debug][gc,phases      ] GC(186)     Dead                           Min: 0, Avg:  0.0, Max: 0, Diff: 0, Sum: 0, Workers: 4
[7269.161s][debug][gc,phases      ] GC(186)     Total                          Min: 0, Avg:  0.0, Max: 0, Diff: 0, Sum: 0, Workers: 4
[7269.161s][debug][gc,phases      ] GC(186) Weak Processing 0.330ms
[7269.161s][debug][gc,age         ] GC(186) Desired survivor size 51380224 bytes, new threshold 1 (max threshold 15)
[7269.161s][info ][gc,heap        ] GC(186) PSYoungGen: 2033216K(2049536K)->37968K(2040320K) Eden: 2001920K(2001920K)->0K(2001920K) From: 31296K(47616K)->37968K(38400K)
[7269.161s][info ][gc,heap        ] GC(186) ParOldGen: 2617419K(2617856K)->2645290K(2645504K)
[7269.161s][info ][gc,metaspace   ] GC(186) Metaspace: 116385K(117952K)->116385K(117952K) NonClass: 99107K(99968K)->99107K(99968K) Class: 17278K(17984K)->17278K(17984K)
[7269.161s][info ][gc             ] GC(186) Pause Young (Allocation Failure) 4541M->2620M(4576M) 35.393ms
[7269.161s][info ][gc,cpu         ] GC(186) User=0.12s Sys=0.02s Real=0.04s
[7269.161s][info ][safepoint      ] Safepoint "ParallelGCFailedAllocation", Time since last: 2338737455 ns, Reaching safepoint: 93702 ns, Cleanup: 5700 ns, At safepoint: 35491457 ns, Total: 35590859 ns
[7272.161s][info ][safepoint      ] Safepoint "Cleanup", Time since last: 3000228643 ns, Reaching safepoint: 13100 ns, Cleanup: 13700 ns, At safepoint: 3500 ns, Total: 30300 ns
[7273.161s][info ][safepoint      ] Safepoint "Cleanup", Time since last: 1000134016 ns, Reaching safepoint: 14200 ns, Cleanup: 15800 ns, At safepoint: 3800 ns, Total: 33800 ns
[7280.162s][info ][safepoint      ] Safepoint "Cleanup", Time since last: 7000816961 ns, Reaching safepoint: 88602 ns, Cleanup: 17700 ns, At safepoint: 37901 ns, Total: 144203 ns
[7281.185s][info ][gc,start       ] GC(187) Pause Young (Allocation Failure)
[7281.224s][debug][gc,phases      ] GC(187) Scavenge 39.262ms
[7281.224s][debug][gc,ref         ] GC(187) Skipped SoftWeakFinalRefsPhase of Reference Processing: no references
[7281.224s][debug][gc,ref         ] GC(187) Skipped KeepAliveFinalRefsPhase of Reference Processing: no references
[7281.224s][debug][gc,ref         ] GC(187) Skipped PhantomRefsPhase of Reference Processing: no references
[7281.224s][debug][gc,phases      ] GC(187) Reference Processing 0.023ms
[7281.224s][debug][gc,phases      ] GC(187)   VM Weak                        Min:  0.0, Avg:  0.0, Max:  0.0, Diff:  0.0, Sum:  0.0, Workers: 4
[7281.224s][debug][gc,phases      ] GC(187)     Dead                           Min: 0, Avg:  0.0, Max: 0, Diff: 0, Sum: 0, Workers: 4
[7281.224s][debug][gc,phases      ] GC(187)     Total                          Min: 0, Avg: 284.8, Max: 640, Diff: 640, Sum: 1139, Workers: 4
[7281.224s][debug][gc,phases      ] GC(187)   ObjectSynchronizer Weak        Min:  0.0, Avg:  0.0, Max:  0.0, Diff:  0.0, Sum:  0.0, Workers: 4
[7281.224s][debug][gc,phases      ] GC(187)     Dead                           Min: 0, Avg:  0.0, Max: 0, Diff: 0, Sum: 0, Workers: 4
[7281.224s][debug][gc,phases      ] GC(187)     Total                          Min: 0, Avg:  1.5, Max: 6, Diff: 6, Sum: 6, Workers: 4
[7281.224s][debug][gc,phases      ] GC(187)   JVMTI Tag Weak OopStorage      Min:  0.0, Avg:  0.0, Max:  0.0, Diff:  0.0, Sum:  0.0, Workers: 4
[7281.224s][debug][gc,phases      ] GC(187)     Dead                           Min: 0, Avg:  0.0, Max: 0, Diff: 0, Sum: 0, Workers: 4
[7281.224s][debug][gc,phases      ] GC(187)     Total                          Min: 0, Avg:  0.0, Max: 0, Diff: 0, Sum: 0, Workers: 4
[7281.224s][debug][gc,phases      ] GC(187)   StringTable Weak               Min:  0.1, Avg:  0.1, Max:  0.1, Diff:  0.0, Sum:  0.4, Workers: 4
[7281.224s][debug][gc,phases      ] GC(187)     Dead                           Min: 0, Avg:  0.0, Max: 0, Diff: 0, Sum: 0, Workers: 4
[7281.224s][debug][gc,phases      ] GC(187)     Total                          Min: 11264, Avg: 12633.0, Max: 13734, Diff: 2470, Sum: 50532, Workers: 4
[7281.224s][debug][gc,phases      ] GC(187)   ResolvedMethodTable Weak       Min:  0.0, Avg:  0.0, Max:  0.0, Diff:  0.0, Sum:  0.1, Workers: 4
[7281.224s][debug][gc,phases      ] GC(187)     Dead                           Min: 0, Avg:  4.0, Max: 11, Diff: 11, Sum: 16, Workers: 4
[7281.224s][debug][gc,phases      ] GC(187)     Total                          Min: 3361, Avg: 4094.8, Max: 4473, Diff: 1112, Sum: 16379, Workers: 4
[7281.224s][debug][gc,phases      ] GC(187)   JNI Weak                       Min:  0.0, Avg:  0.0, Max:  0.0, Diff:  0.0, Sum:  0.0, Workers: 4
[7281.224s][debug][gc,phases      ] GC(187)     Dead                           Min: 0, Avg:  0.0, Max: 0, Diff: 0, Sum: 0, Workers: 4
[7281.224s][debug][gc,phases      ] GC(187)     Total                          Min: 0, Avg: 13.0, Max: 52, Diff: 52, Sum: 52, Workers: 4
[7281.224s][debug][gc,phases      ] GC(187)   StringDedup Table Weak         Min:  0.0, Avg:  0.0, Max:  0.0, Diff:  0.0, Sum:  0.0, Workers: 4
[7281.224s][debug][gc,phases      ] GC(187)     Dead                           Min: 0, Avg:  0.0, Max: 0, Diff: 0, Sum: 0, Workers: 4
[7281.224s][debug][gc,phases      ] GC(187)     Total                          Min: 0, Avg:  0.0, Max: 0, Diff: 0, Sum: 0, Workers: 4
[7281.224s][debug][gc,phases      ] GC(187)   StringDedup Requests0 Weak     Min:  0.0, Avg:  0.0, Max:  0.0, Diff:  0.0, Sum:  0.0, Workers: 4
[7281.224s][debug][gc,phases      ] GC(187)     Dead                           Min: 0, Avg:  0.0, Max: 0, Diff: 0, Sum: 0, Workers: 4
[7281.225s][debug][gc,phases      ] GC(187)     Total                          Min: 0, Avg:  0.0, Max: 0, Diff: 0, Sum: 0, Workers: 4
[7281.225s][debug][gc,phases      ] GC(187)   StringDedup Requests1 Weak     Min:  0.0, Avg:  0.0, Max:  0.0, Diff:  0.0, Sum:  0.0, Workers: 4
[7281.225s][debug][gc,phases      ] GC(187)     Dead                           Min: 0, Avg:  0.0, Max: 0, Diff: 0, Sum: 0, Workers: 4
[7281.225s][debug][gc,phases      ] GC(187)     Total                          Min: 0, Avg:  0.0, Max: 0, Diff: 0, Sum: 0, Workers: 4
[7281.225s][debug][gc,phases      ] GC(187)   Weak JFR Old Object Samples    Min:  0.0, Avg:  0.0, Max:  0.0, Diff:  0.0, Sum:  0.0, Workers: 4
[7281.225s][debug][gc,phases      ] GC(187)     Dead                           Min: 0, Avg:  0.0, Max: 0, Diff: 0, Sum: 0, Workers: 4
[7281.225s][debug][gc,phases      ] GC(187)     Total                          Min: 0, Avg:  0.0, Max: 0, Diff: 0, Sum: 0, Workers: 4
[7281.225s][debug][gc,phases      ] GC(187) Weak Processing 0.348ms
[7281.225s][debug][gc,age         ] GC(187) Desired survivor size 50855936 bytes, new threshold 1 (max threshold 15)
[7281.225s][info ][gc,heap        ] GC(187) PSYoungGen: 2039888K(2040320K)->31216K(2047488K) Eden: 2001920K(2001920K)->0K(1997312K) From: 37968K(38400K)->31216K(50176K)
[7281.225s][info ][gc,heap        ] GC(187) ParOldGen: 2645290K(2645504K)->2680774K(2680832K)
[7281.225s][info ][gc,metaspace   ] GC(187) Metaspace: 116385K(117952K)->116385K(117952K) NonClass: 99107K(99968K)->99107K(99968K) Class: 17278K(17984K)->17278K(17984K)
[7281.225s][info ][gc             ] GC(187) Pause Young (Allocation Failure) 4575M->2648M(4617M) 39.785ms
[7281.225s][info ][gc,cpu         ] GC(187) User=0.12s Sys=0.03s Real=0.04s
[7281.225s][info ][safepoint      ] Safepoint "ParallelGCFailedAllocation", Time since last: 1022341409 ns, Reaching safepoint: 11600 ns, Cleanup: 6400 ns, At safepoint: 39879942 ns, Total: 39897942 ns
[7285.229s][info ][safepoint      ] Safepoint "Cleanup", Time since last: 4004014430 ns, Reaching safepoint: 89302 ns, Cleanup: 20600 ns, At safepoint: 10300 ns, Total: 120202 ns
[7287.229s][info ][safepoint      ] Safepoint "Cleanup", Time since last: 2000211035 ns, Reaching safepoint: 89702 ns, Cleanup: 11300 ns, At safepoint: 9700 ns, Total: 110702 ns
[7288.229s][info ][safepoint      ] Safepoint "Cleanup", Time since last: 1000145218 ns, Reaching safepoint: 85002 ns, Cleanup: 17900 ns, At safepoint: 9800 ns, Total: 112702 ns
[7290.230s][info ][safepoint      ] Safepoint "Cleanup", Time since last: 2000165334 ns, Reaching safepoint: 84502 ns, Cleanup: 11200 ns, At safepoint: 10700 ns, Total: 106402 ns
[7291.230s][info ][safepoint      ] Safepoint "Cleanup", Time since last: 1000110818 ns, Reaching safepoint: 82601 ns, Cleanup: 10501 ns, At safepoint: 14900 ns, Total: 108002 ns
[7291.477s][info ][safepoint      ] Safepoint "ParallelGCFailedAllocation", Time since last: 247203077 ns, Reaching safepoint: 86402 ns, Cleanup: 5700 ns, At safepoint: 14800 ns, Total: 106902 ns
[7291.477s][info ][gc,start       ] GC(188) Pause Young (GCLocker Initiated GC)
[7291.513s][debug][gc,phases      ] GC(188) Scavenge 35.629ms
[7291.513s][debug][gc,ref         ] GC(188) Skipped SoftWeakFinalRefsPhase of Reference Processing: no references
[7291.513s][debug][gc,ref         ] GC(188) Skipped KeepAliveFinalRefsPhase of Reference Processing: no references
[7291.513s][debug][gc,ref         ] GC(188) ReferenceProcessor::execute queues: 1, RefProcThreadModel::Single, marks_oops_alive: false
[7291.513s][debug][gc,phases      ] GC(188) Reference Processing 0.106ms
[7291.513s][debug][gc,phases      ] GC(188)   VM Weak                        Min:  0.0, Avg:  0.0, Max:  0.0, Diff:  0.0, Sum:  0.0, Workers: 4
[7291.513s][debug][gc,phases      ] GC(188)     Dead                           Min: 0, Avg:  0.0, Max: 0, Diff: 0, Sum: 0, Workers: 4
[7291.513s][debug][gc,phases      ] GC(188)     Total                          Min: 0, Avg: 284.8, Max: 960, Diff: 960, Sum: 1139, Workers: 4
[7291.513s][debug][gc,phases      ] GC(188)   ObjectSynchronizer Weak        Min:  0.0, Avg:  0.0, Max:  0.0, Diff:  0.0, Sum:  0.0, Workers: 4
[7291.513s][debug][gc,phases      ] GC(188)     Dead                           Min: 0, Avg:  0.0, Max: 0, Diff: 0, Sum: 0, Workers: 4
[7291.513s][debug][gc,phases      ] GC(188)     Total                          Min: 0, Avg:  1.5, Max: 6, Diff: 6, Sum: 6, Workers: 4
[7291.513s][debug][gc,phases      ] GC(188)   JVMTI Tag Weak OopStorage      Min:  0.0, Avg:  0.0, Max:  0.0, Diff:  0.0, Sum:  0.0, Workers: 4
[7291.513s][debug][gc,phases      ] GC(188)     Dead                           Min: 0, Avg:  0.0, Max: 0, Diff: 0, Sum: 0, Workers: 4
[7291.513s][debug][gc,phases      ] GC(188)     Total                          Min: 0, Avg:  0.0, Max: 0, Diff: 0, Sum: 0, Workers: 4
[7291.513s][debug][gc,phases      ] GC(188)   StringTable Weak               Min:  0.1, Avg:  0.1, Max:  0.1, Diff:  0.0, Sum:  0.4, Workers: 4
[7291.513s][debug][gc,phases      ] GC(188)     Dead                           Min: 0, Avg:  0.0, Max: 0, Diff: 0, Sum: 0, Workers: 4
[7291.513s][debug][gc,phases      ] GC(188)     Total                          Min: 11327, Avg: 12633.0, Max: 13760, Diff: 2433, Sum: 50532, Workers: 4
[7291.513s][debug][gc,phases      ] GC(188)   ResolvedMethodTable Weak       Min:  0.0, Avg:  0.0, Max:  0.0, Diff:  0.0, Sum:  0.1, Workers: 4
[7291.513s][debug][gc,phases      ] GC(188)     Dead                           Min: 0, Avg:  0.0, Max: 0, Diff: 0, Sum: 0, Workers: 4
[7291.513s][debug][gc,phases      ] GC(188)     Total                          Min: 3546, Avg: 4094.8, Max: 4780, Diff: 1234, Sum: 16379, Workers: 4
[7291.513s][debug][gc,phases      ] GC(188)   JNI Weak                       Min:  0.0, Avg:  0.0, Max:  0.0, Diff:  0.0, Sum:  0.0, Workers: 4
[7291.513s][debug][gc,phases      ] GC(188)     Dead                           Min: 0, Avg:  0.0, Max: 0, Diff: 0, Sum: 0, Workers: 4
[7291.513s][debug][gc,phases      ] GC(188)     Total                          Min: 0, Avg: 13.0, Max: 52, Diff: 52, Sum: 52, Workers: 4
[7291.513s][debug][gc,phases      ] GC(188)   StringDedup Table Weak         Min:  0.0, Avg:  0.0, Max:  0.0, Diff:  0.0, Sum:  0.0, Workers: 4
[7291.513s][debug][gc,phases      ] GC(188)     Dead                           Min: 0, Avg:  0.0, Max: 0, Diff: 0, Sum: 0, Workers: 4
[7291.513s][debug][gc,phases      ] GC(188)     Total                          Min: 0, Avg:  0.0, Max: 0, Diff: 0, Sum: 0, Workers: 4
[7291.513s][debug][gc,phases      ] GC(188)   StringDedup Requests0 Weak     Min:  0.0, Avg:  0.0, Max:  0.0, Diff:  0.0, Sum:  0.0, Workers: 4
[7291.513s][debug][gc,phases      ] GC(188)     Dead                           Min: 0, Avg:  0.0, Max: 0, Diff: 0, Sum: 0, Workers: 4
[7291.513s][debug][gc,phases      ] GC(188)     Total                          Min: 0, Avg:  0.0, Max: 0, Diff: 0, Sum: 0, Workers: 4
[7291.513s][debug][gc,phases      ] GC(188)   StringDedup Requests1 Weak     Min:  0.0, Avg:  0.0, Max:  0.0, Diff:  0.0, Sum:  0.0, Workers: 4
[7291.513s][debug][gc,phases      ] GC(188)     Dead                           Min: 0, Avg:  0.0, Max: 0, Diff: 0, Sum: 0, Workers: 4
[7291.513s][debug][gc,phases      ] GC(188)     Total                          Min: 0, Avg:  0.0, Max: 0, Diff: 0, Sum: 0, Workers: 4
[7291.513s][debug][gc,phases      ] GC(188)   Weak JFR Old Object Samples    Min:  0.0, Avg:  0.0, Max:  0.0, Diff:  0.0, Sum:  0.0, Workers: 4
[7291.513s][debug][gc,phases      ] GC(188)     Dead                           Min: 0, Avg:  0.0, Max: 0, Diff: 0, Sum: 0, Workers: 4
[7291.513s][debug][gc,phases      ] GC(188)     Total                          Min: 0, Avg:  0.0, Max: 0, Diff: 0, Sum: 0, Workers: 4
[7291.513s][debug][gc,phases      ] GC(188) Weak Processing 0.318ms
[7291.513s][debug][gc,age         ] GC(188) Desired survivor size 52428800 bytes, new threshold 1 (max threshold 15)
[7291.514s][info ][gc,heap        ] GC(188) PSYoungGen: 2028528K(2047488K)->36560K(2034176K) Eden: 1997312K(1997312K)->0K(1997312K) From: 31216K(50176K)->36560K(36864K)
[7291.514s][info ][gc,heap        ] GC(188) ParOldGen: 2680775K(2680832K)->2708468K(2708480K)
[7291.514s][info ][gc,metaspace   ] GC(188) Metaspace: 116389K(117952K)->116389K(117952K) NonClass: 99111K(99968K)->99111K(99968K) Class: 17278K(17984K)->17278K(17984K)
[7291.514s][info ][gc             ] GC(188) Pause Young (GCLocker Initiated GC) 4598M->2680M(4631M) 36.181ms
[7291.514s][info ][gc,cpu         ] GC(188) User=0.13s Sys=0.02s Real=0.04s
[7291.514s][info ][safepoint      ] Safepoint "ParallelGCSystemGC", Time since last: 91902 ns, Reaching safepoint: 73701 ns, Cleanup: 1100 ns, At safepoint: 36266472 ns, Total: 36341273 ns
[7292.514s][info ][safepoint      ] Safepoint "Cleanup", Time since last: 1000169418 ns, Reaching safepoint: 13200 ns, Cleanup: 14801 ns, At safepoint: 4200 ns, Total: 32201 ns
[7295.514s][info ][safepoint      ] Safepoint "Cleanup", Time since last: 3000363997 ns, Reaching safepoint: 13601 ns, Cleanup: 14400 ns, At safepoint: 4400 ns, Total: 32401 ns
[7299.515s][info ][safepoint      ] Safepoint "Cleanup", Time since last: 4000602684 ns, Reaching safepoint: 13500 ns, Cleanup: 16501 ns, At safepoint: 4200 ns, Total: 34201 ns
[7301.515s][info ][safepoint      ] Safepoint "Cleanup", Time since last: 2000291706 ns, Reaching safepoint: 132802 ns, Cleanup: 20401 ns, At safepoint: 21700 ns, Total: 174903 ns
[7304.516s][info ][safepoint      ] Safepoint "Cleanup", Time since last: 3000403072 ns, Reaching safepoint: 13000 ns, Cleanup: 13301 ns, At safepoint: 3000 ns, Total: 29301 ns
[7308.516s][info ][safepoint      ] Safepoint "Cleanup", Time since last: 4000628598 ns, Reaching safepoint: 13200 ns, Cleanup: 16600 ns, At safepoint: 3800 ns, Total: 33600 ns
[7313.560s][info ][gc,start       ] GC(189) Pause Young (Allocation Failure)
[7313.595s][debug][gc,phases      ] GC(189) Scavenge 35.527ms
[7313.595s][debug][gc,ref         ] GC(189) Skipped SoftWeakFinalRefsPhase of Reference Processing: no references
[7313.595s][debug][gc,ref         ] GC(189) Skipped KeepAliveFinalRefsPhase of Reference Processing: no references
[7313.595s][debug][gc,ref         ] GC(189) Skipped PhantomRefsPhase of Reference Processing: no references
[7313.595s][debug][gc,phases      ] GC(189) Reference Processing 0.021ms
[7313.596s][debug][gc,phases      ] GC(189)   VM Weak                        Min:  0.0, Avg:  0.0, Max:  0.0, Diff:  0.0, Sum:  0.0, Workers: 4
[7313.596s][debug][gc,phases      ] GC(189)     Dead                           Min: 0, Avg:  0.0, Max: 0, Diff: 0, Sum: 0, Workers: 4
[7313.596s][debug][gc,phases      ] GC(189)     Total                          Min: 0, Avg: 284.8, Max: 576, Diff: 576, Sum: 1139, Workers: 4
[7313.596s][debug][gc,phases      ] GC(189)   ObjectSynchronizer Weak        Min:  0.0, Avg:  0.0, Max:  0.0, Diff:  0.0, Sum:  0.0, Workers: 4
[7313.596s][debug][gc,phases      ] GC(189)     Dead                           Min: 0, Avg:  0.0, Max: 0, Diff: 0, Sum: 0, Workers: 4
[7313.596s][debug][gc,phases      ] GC(189)     Total                          Min: 0, Avg:  1.5, Max: 6, Diff: 6, Sum: 6, Workers: 4
[7313.596s][debug][gc,phases      ] GC(189)   JVMTI Tag Weak OopStorage      Min:  0.0, Avg:  0.0, Max:  0.0, Diff:  0.0, Sum:  0.0, Workers: 4
[7313.596s][debug][gc,phases      ] GC(189)     Dead                           Min: 0, Avg:  0.0, Max: 0, Diff: 0, Sum: 0, Workers: 4
[7313.596s][debug][gc,phases      ] GC(189)     Total                          Min: 0, Avg:  0.0, Max: 0, Diff: 0, Sum: 0, Workers: 4
[7313.596s][debug][gc,phases      ] GC(189)   StringTable Weak               Min:  0.1, Avg:  0.1, Max:  0.1, Diff:  0.0, Sum:  0.4, Workers: 4
[7313.596s][debug][gc,phases      ] GC(189)     Dead                           Min: 0, Avg:  0.0, Max: 0, Diff: 0, Sum: 0, Workers: 4
[7313.596s][debug][gc,phases      ] GC(189)     Total                          Min: 11495, Avg: 12633.5, Max: 14079, Diff: 2584, Sum: 50534, Workers: 4
[7313.596s][debug][gc,phases      ] GC(189)   ResolvedMethodTable Weak       Min:  0.0, Avg:  0.0, Max:  0.0, Diff:  0.0, Sum:  0.1, Workers: 4
[7313.596s][debug][gc,phases      ] GC(189)     Dead                           Min: 0, Avg:  4.0, Max: 11, Diff: 11, Sum: 16, Workers: 4
[7313.596s][debug][gc,phases      ] GC(189)     Total                          Min: 3578, Avg: 4094.8, Max: 4790, Diff: 1212, Sum: 16379, Workers: 4
[7313.596s][debug][gc,phases      ] GC(189)   JNI Weak                       Min:  0.0, Avg:  0.0, Max:  0.0, Diff:  0.0, Sum:  0.0, Workers: 4
[7313.596s][debug][gc,phases      ] GC(189)     Dead                           Min: 0, Avg:  0.0, Max: 0, Diff: 0, Sum: 0, Workers: 4
[7313.596s][debug][gc,phases      ] GC(189)     Total                          Min: 0, Avg: 13.0, Max: 52, Diff: 52, Sum: 52, Workers: 4
[7313.596s][debug][gc,phases      ] GC(189)   StringDedup Table Weak         Min:  0.0, Avg:  0.0, Max:  0.0, Diff:  0.0, Sum:  0.0, Workers: 4
[7313.596s][debug][gc,phases      ] GC(189)     Dead                           Min: 0, Avg:  0.0, Max: 0, Diff: 0, Sum: 0, Workers: 4
[7313.596s][debug][gc,phases      ] GC(189)     Total                          Min: 0, Avg:  0.0, Max: 0, Diff: 0, Sum: 0, Workers: 4
[7313.596s][debug][gc,phases      ] GC(189)   StringDedup Requests0 Weak     Min:  0.0, Avg:  0.0, Max:  0.0, Diff:  0.0, Sum:  0.0, Workers: 4
[7313.596s][debug][gc,phases      ] GC(189)     Dead                           Min: 0, Avg:  0.0, Max: 0, Diff: 0, Sum: 0, Workers: 4
[7313.596s][debug][gc,phases      ] GC(189)     Total                          Min: 0, Avg:  0.0, Max: 0, Diff: 0, Sum: 0, Workers: 4
[7313.596s][debug][gc,phases      ] GC(189)   StringDedup Requests1 Weak     Min:  0.0, Avg:  0.0, Max:  0.0, Diff:  0.0, Sum:  0.0, Workers: 4
[7313.596s][debug][gc,phases      ] GC(189)     Dead                           Min: 0, Avg:  0.0, Max: 0, Diff: 0, Sum: 0, Workers: 4
[7313.596s][debug][gc,phases      ] GC(189)     Total                          Min: 0, Avg:  0.0, Max: 0, Diff: 0, Sum: 0, Workers: 4
[7313.596s][debug][gc,phases      ] GC(189)   Weak JFR Old Object Samples    Min:  0.0, Avg:  0.0, Max:  0.0, Diff:  0.0, Sum:  0.0, Workers: 4
[7313.596s][debug][gc,phases      ] GC(189)     Dead                           Min: 0, Avg:  0.0, Max: 0, Diff: 0, Sum: 0, Workers: 4
[7313.596s][debug][gc,phases      ] GC(189)     Total                          Min: 0, Avg:  0.0, Max: 0, Diff: 0, Sum: 0, Workers: 4
[7313.596s][debug][gc,phases      ] GC(189) Weak Processing 0.340ms
[7313.596s][debug][gc,age         ] GC(189) Desired survivor size 50331648 bytes, new threshold 1 (max threshold 15)
[7313.596s][info ][gc,heap        ] GC(189) PSYoungGen: 2033872K(2034176K)->25264K(2048000K) Eden: 1997312K(1997312K)->0K(1996800K) From: 36560K(36864K)->25264K(51200K)
[7313.596s][info ][gc,heap        ] GC(189) ParOldGen: 2708470K(2708480K)->2742137K(2742272K)
[7313.596s][info ][gc,metaspace   ] GC(189) Metaspace: 116391K(117952K)->116391K(117952K) NonClass: 99113K(99968K)->99113K(99968K) Class: 17278K(17984K)->17278K(17984K)
[7313.596s][info ][gc             ] GC(189) Pause Young (Allocation Failure) 4631M->2702M(4678M) 36.034ms
[7313.596s][info ][gc,cpu         ] GC(189) User=0.12s Sys=0.01s Real=0.03s
[7313.596s][info ][safepoint      ] Safepoint "ParallelGCFailedAllocation", Time since last: 5043209446 ns, Reaching safepoint: 81402 ns, Cleanup: 6500 ns, At safepoint: 36137569 ns, Total: 36225471 ns
[7320.597s][info ][safepoint      ] Safepoint "Cleanup", Time since last: 7000851067 ns, Reaching safepoint: 12101 ns, Cleanup: 13600 ns, At safepoint: 3000 ns, Total: 28701 ns
[7323.597s][info ][safepoint      ] Safepoint "Cleanup", Time since last: 3000343127 ns, Reaching safepoint: 15100 ns, Cleanup: 20801 ns, At safepoint: 4700 ns, Total: 40601 ns
[7329.831s][info ][safepoint      ] Safepoint "Cleanup", Time since last: 6234213403 ns, Reaching safepoint: 89401 ns, Cleanup: 12201 ns, At safepoint: 28600 ns, Total: 130202 ns
[7329.946s][info ][gc,start       ] GC(190) Pause Young (Allocation Failure)
[7329.979s][debug][gc,phases      ] GC(190) Scavenge 33.125ms
[7329.979s][debug][gc,ref         ] GC(190) Skipped SoftWeakFinalRefsPhase of Reference Processing: no references
[7329.979s][debug][gc,ref         ] GC(190) Skipped KeepAliveFinalRefsPhase of Reference Processing: no references
[7329.979s][debug][gc,ref         ] GC(190) Skipped PhantomRefsPhase of Reference Processing: no references
[7329.979s][debug][gc,phases      ] GC(190) Reference Processing 0.022ms
[7329.979s][debug][gc,phases      ] GC(190)   VM Weak                        Min:  0.0, Avg:  0.0, Max:  0.0, Diff:  0.0, Sum:  0.0, Workers: 4
[7329.979s][debug][gc,phases      ] GC(190)     Dead                           Min: 0, Avg:  0.0, Max: 0, Diff: 0, Sum: 0, Workers: 4
[7329.979s][debug][gc,phases      ] GC(190)     Total                          Min: 0, Avg: 284.8, Max: 1139, Diff: 1139, Sum: 1139, Workers: 4
[7329.979s][debug][gc,phases      ] GC(190)   ObjectSynchronizer Weak        Min:  0.0, Avg:  0.0, Max:  0.0, Diff:  0.0, Sum:  0.0, Workers: 4
[7329.979s][debug][gc,phases      ] GC(190)     Dead                           Min: 0, Avg:  0.0, Max: 0, Diff: 0, Sum: 0, Workers: 4
[7329.979s][debug][gc,phases      ] GC(190)     Total                          Min: 0, Avg:  1.5, Max: 6, Diff: 6, Sum: 6, Workers: 4
[7329.979s][debug][gc,phases      ] GC(190)   JVMTI Tag Weak OopStorage      Min:  0.0, Avg:  0.0, Max:  0.0, Diff:  0.0, Sum:  0.0, Workers: 4
[7329.979s][debug][gc,phases      ] GC(190)     Dead                           Min: 0, Avg:  0.0, Max: 0, Diff: 0, Sum: 0, Workers: 4
[7329.979s][debug][gc,phases      ] GC(190)     Total                          Min: 0, Avg:  0.0, Max: 0, Diff: 0, Sum: 0, Workers: 4
[7329.979s][debug][gc,phases      ] GC(190)   StringTable Weak               Min:  0.0, Avg:  0.1, Max:  0.1, Diff:  0.1, Sum:  0.4, Workers: 4
[7329.979s][debug][gc,phases      ] GC(190)     Dead                           Min: 0, Avg:  0.0, Max: 0, Diff: 0, Sum: 0, Workers: 4
[7329.979s][debug][gc,phases      ] GC(190)     Total                          Min: 5824, Avg: 12633.5, Max: 16680, Diff: 10856, Sum: 50534, Workers: 4
[7329.979s][debug][gc,phases      ] GC(190)   ResolvedMethodTable Weak       Min:  0.0, Avg:  0.0, Max:  0.0, Diff:  0.0, Sum:  0.1, Workers: 4
[7329.979s][debug][gc,phases      ] GC(190)     Dead                           Min: 0, Avg:  4.0, Max: 7, Diff: 7, Sum: 16, Workers: 4
[7329.979s][debug][gc,phases      ] GC(190)     Total                          Min: 3528, Avg: 4094.8, Max: 4791, Diff: 1263, Sum: 16379, Workers: 4
[7329.979s][debug][gc,phases      ] GC(190)   JNI Weak                       Min:  0.0, Avg:  0.0, Max:  0.0, Diff:  0.0, Sum:  0.0, Workers: 4
[7329.979s][debug][gc,phases      ] GC(190)     Dead                           Min: 0, Avg:  0.0, Max: 0, Diff: 0, Sum: 0, Workers: 4
[7329.979s][debug][gc,phases      ] GC(190)     Total                          Min: 0, Avg: 13.0, Max: 52, Diff: 52, Sum: 52, Workers: 4
[7329.979s][debug][gc,phases      ] GC(190)   StringDedup Table Weak         Min:  0.0, Avg:  0.0, Max:  0.0, Diff:  0.0, Sum:  0.0, Workers: 4
[7329.979s][debug][gc,phases      ] GC(190)     Dead                           Min: 0, Avg:  0.0, Max: 0, Diff: 0, Sum: 0, Workers: 4
[7329.979s][debug][gc,phases      ] GC(190)     Total                          Min: 0, Avg:  0.0, Max: 0, Diff: 0, Sum: 0, Workers: 4
[7329.979s][debug][gc,phases      ] GC(190)   StringDedup Requests0 Weak     Min:  0.0, Avg:  0.0, Max:  0.0, Diff:  0.0, Sum:  0.0, Workers: 4
[7329.979s][debug][gc,phases      ] GC(190)     Dead                           Min: 0, Avg:  0.0, Max: 0, Diff: 0, Sum: 0, Workers: 4
[7329.979s][debug][gc,phases      ] GC(190)     Total                          Min: 0, Avg:  0.0, Max: 0, Diff: 0, Sum: 0, Workers: 4
[7329.979s][debug][gc,phases      ] GC(190)   StringDedup Requests1 Weak     Min:  0.0, Avg:  0.0, Max:  0.0, Diff:  0.0, Sum:  0.0, Workers: 4
[7329.979s][debug][gc,phases      ] GC(190)     Dead                           Min: 0, Avg:  0.0, Max: 0, Diff: 0, Sum: 0, Workers: 4
[7329.979s][debug][gc,phases      ] GC(190)     Total                          Min: 0, Avg:  0.0, Max: 0, Diff: 0, Sum: 0, Workers: 4
[7329.979s][debug][gc,phases      ] GC(190)   Weak JFR Old Object Samples    Min:  0.0, Avg:  0.0, Max:  0.0, Diff:  0.0, Sum:  0.0, Workers: 4
[7329.979s][debug][gc,phases      ] GC(190)     Dead                           Min: 0, Avg:  0.0, Max: 0, Diff: 0, Sum: 0, Workers: 4
[7329.979s][debug][gc,phases      ] GC(190)     Total                          Min: 0, Avg:  0.0, Max: 0, Diff: 0, Sum: 0, Workers: 4
[7329.979s][debug][gc,phases      ] GC(190) Weak Processing 0.325ms
[7329.979s][debug][gc,age         ] GC(190) Desired survivor size 50331648 bytes, new threshold 1 (max threshold 15)
[7329.979s][info ][gc,heap        ] GC(190) PSYoungGen: 2022064K(2048000K)->32768K(2045952K) Eden: 1996800K(1996800K)->0K(1996800K) From: 25264K(51200K)->32768K(49152K)
[7329.979s][info ][gc,heap        ] GC(190) ParOldGen: 2742137K(2742272K)->2764667K(2764800K)
[7329.979s][info ][gc,metaspace   ] GC(190) Metaspace: 116392K(117952K)->116392K(117952K) NonClass: 99114K(99968K)->99114K(99968K) Class: 17278K(17984K)->17278K(17984K)
[7329.979s][info ][gc             ] GC(190) Pause Young (Allocation Failure) 4652M->2731M(4698M) 33.612ms
[7329.979s][info ][gc,cpu         ] GC(190) User=0.12s Sys=0.01s Real=0.04s
[7329.979s][info ][safepoint      ] Safepoint "ParallelGCFailedAllocation", Time since last: 114210607 ns, Reaching safepoint: 13301 ns, Cleanup: 5800 ns, At safepoint: 33713422 ns, Total: 33732523 ns
[7335.980s][info ][safepoint      ] Safepoint "Cleanup", Time since last: 6000560557 ns, Reaching safepoint: 85001 ns, Cleanup: 13600 ns, At safepoint: 9300 ns, Total: 107901 ns
[7342.981s][info ][safepoint      ] Safepoint "Cleanup", Time since last: 7000718222 ns, Reaching safepoint: 82301 ns, Cleanup: 14000 ns, At safepoint: 34001 ns, Total: 130302 ns
[7343.981s][info ][safepoint      ] Safepoint "Cleanup", Time since last: 1000219170 ns, Reaching safepoint: 89801 ns, Cleanup: 14901 ns, At safepoint: 9200 ns, Total: 113902 ns
[7349.982s][info ][safepoint      ] Safepoint "Cleanup", Time since last: 6000543964 ns, Reaching safepoint: 93402 ns, Cleanup: 15400 ns, At safepoint: 7801 ns, Total: 116603 ns
[7350.982s][info ][safepoint      ] Safepoint "Cleanup", Time since last: 1000121023 ns, Reaching safepoint: 87401 ns, Cleanup: 10201 ns, At safepoint: 6300 ns, Total: 103902 ns
[7352.180s][info ][gc,start       ] GC(191) Pause Young (Allocation Failure)
[7352.214s][debug][gc,phases      ] GC(191) Scavenge 33.632ms
[7352.214s][debug][gc,ref         ] GC(191) ReferenceProcessor::execute queues: 1, RefProcThreadModel::Single, marks_oops_alive: false
[7352.214s][debug][gc,ref         ] GC(191) Skipped KeepAliveFinalRefsPhase of Reference Processing: no references
[7352.214s][debug][gc,ref         ] GC(191) Skipped PhantomRefsPhase of Reference Processing: no references
[7352.214s][debug][gc,phases      ] GC(191) Reference Processing 0.117ms
[7352.214s][debug][gc,phases      ] GC(191)   VM Weak                        Min:  0.0, Avg:  0.0, Max:  0.0, Diff:  0.0, Sum:  0.0, Workers: 4
[7352.214s][debug][gc,phases      ] GC(191)     Dead                           Min: 0, Avg:  0.0, Max: 0, Diff: 0, Sum: 0, Workers: 4
[7352.214s][debug][gc,phases      ] GC(191)     Total                          Min: 0, Avg: 284.8, Max: 627, Diff: 627, Sum: 1139, Workers: 4
[7352.214s][debug][gc,phases      ] GC(191)   ObjectSynchronizer Weak        Min:  0.0, Avg:  0.0, Max:  0.0, Diff:  0.0, Sum:  0.0, Workers: 4
[7352.214s][debug][gc,phases      ] GC(191)     Dead                           Min: 0, Avg:  0.0, Max: 0, Diff: 0, Sum: 0, Workers: 4
[7352.214s][debug][gc,phases      ] GC(191)     Total                          Min: 0, Avg:  1.5, Max: 6, Diff: 6, Sum: 6, Workers: 4
[7352.214s][debug][gc,phases      ] GC(191)   JVMTI Tag Weak OopStorage      Min:  0.0, Avg:  0.0, Max:  0.0, Diff:  0.0, Sum:  0.0, Workers: 4
[7352.214s][debug][gc,phases      ] GC(191)     Dead                           Min: 0, Avg:  0.0, Max: 0, Diff: 0, Sum: 0, Workers: 4
[7352.214s][debug][gc,phases      ] GC(191)     Total                          Min: 0, Avg:  0.0, Max: 0, Diff: 0, Sum: 0, Workers: 4
[7352.214s][debug][gc,phases      ] GC(191)   StringTable Weak               Min:  0.1, Avg:  0.1, Max:  0.1, Diff:  0.0, Sum:  0.4, Workers: 4
[7352.214s][debug][gc,phases      ] GC(191)     Dead                           Min: 0, Avg:  0.0, Max: 0, Diff: 0, Sum: 0, Workers: 4
[7352.214s][debug][gc,phases      ] GC(191)     Total                          Min: 10688, Avg: 12633.5, Max: 14696, Diff: 4008, Sum: 50534, Workers: 4
[7352.214s][debug][gc,phases      ] GC(191)   ResolvedMethodTable Weak       Min:  0.0, Avg:  0.0, Max:  0.0, Diff:  0.0, Sum:  0.1, Workers: 4
[7352.214s][debug][gc,phases      ] GC(191)     Dead                           Min: 0, Avg:  0.0, Max: 0, Diff: 0, Sum: 0, Workers: 4
[7352.214s][debug][gc,phases      ] GC(191)     Total                          Min: 3441, Avg: 4094.8, Max: 4825, Diff: 1384, Sum: 16379, Workers: 4
[7352.214s][debug][gc,phases      ] GC(191)   JNI Weak                       Min:  0.0, Avg:  0.0, Max:  0.0, Diff:  0.0, Sum:  0.0, Workers: 4
[7352.214s][debug][gc,phases      ] GC(191)     Dead                           Min: 0, Avg:  0.0, Max: 0, Diff: 0, Sum: 0, Workers: 4
[7352.214s][debug][gc,phases      ] GC(191)     Total                          Min: 0, Avg: 13.0, Max: 52, Diff: 52, Sum: 52, Workers: 4
[7352.214s][debug][gc,phases      ] GC(191)   StringDedup Table Weak         Min:  0.0, Avg:  0.0, Max:  0.0, Diff:  0.0, Sum:  0.0, Workers: 4
[7352.214s][debug][gc,phases      ] GC(191)     Dead                           Min: 0, Avg:  0.0, Max: 0, Diff: 0, Sum: 0, Workers: 4
[7352.214s][debug][gc,phases      ] GC(191)     Total                          Min: 0, Avg:  0.0, Max: 0, Diff: 0, Sum: 0, Workers: 4
[7352.214s][debug][gc,phases      ] GC(191)   StringDedup Requests0 Weak     Min:  0.0, Avg:  0.0, Max:  0.0, Diff:  0.0, Sum:  0.0, Workers: 4
[7352.214s][debug][gc,phases      ] GC(191)     Dead                           Min: 0, Avg:  0.0, Max: 0, Diff: 0, Sum: 0, Workers: 4
[7352.214s][debug][gc,phases      ] GC(191)     Total                          Min: 0, Avg:  0.0, Max: 0, Diff: 0, Sum: 0, Workers: 4
[7352.214s][debug][gc,phases      ] GC(191)   StringDedup Requests1 Weak     Min:  0.0, Avg:  0.0, Max:  0.0, Diff:  0.0, Sum:  0.0, Workers: 4
[7352.214s][debug][gc,phases      ] GC(191)     Dead                           Min: 0, Avg:  0.0, Max: 0, Diff: 0, Sum: 0, Workers: 4
[7352.214s][debug][gc,phases      ] GC(191)     Total                          Min: 0, Avg:  0.0, Max: 0, Diff: 0, Sum: 0, Workers: 4
[7352.214s][debug][gc,phases      ] GC(191)   Weak JFR Old Object Samples    Min:  0.0, Avg:  0.0, Max:  0.0, Diff:  0.0, Sum:  0.0, Workers: 4
[7352.214s][debug][gc,phases      ] GC(191)     Dead                           Min: 0, Avg:  0.0, Max: 0, Diff: 0, Sum: 0, Workers: 4
[7352.214s][debug][gc,phases      ] GC(191)     Total                          Min: 0, Avg:  0.0, Max: 0, Diff: 0, Sum: 0, Workers: 4
[7352.214s][debug][gc,phases      ] GC(191) Weak Processing 0.313ms
[7352.214s][debug][gc,age         ] GC(191) Desired survivor size 49807360 bytes, new threshold 1 (max threshold 15)
[7352.214s][info ][gc,heap        ] GC(191) PSYoungGen: 2029568K(2045952K)->32448K(2048512K) Eden: 1996800K(1996800K)->0K(1999360K) From: 32768K(49152K)->32448K(49152K)
[7352.214s][info ][gc,heap        ] GC(191) ParOldGen: 2764667K(2764800K)->2792661K(2792960K)
[7352.214s][info ][gc,metaspace   ] GC(191) Metaspace: 116393K(117952K)->116393K(117952K) NonClass: 99115K(99968K)->99115K(99968K) Class: 17278K(17984K)->17278K(17984K)
[7352.214s][info ][gc             ] GC(191) Pause Young (Allocation Failure) 4681M->2758M(4728M) 34.212ms
[7352.214s][info ][gc,cpu         ] GC(191) User=0.11s Sys=0.01s Real=0.03s
[7352.215s][info ][safepoint      ] Safepoint "ParallelGCFailedAllocation", Time since last: 1197979387 ns, Reaching safepoint: 95702 ns, Cleanup: 6500 ns, At safepoint: 34333336 ns, Total: 34435538 ns
[7355.215s][info ][safepoint      ] Safepoint "Cleanup", Time since last: 3000324269 ns, Reaching safepoint: 13900 ns, Cleanup: 15500 ns, At safepoint: 3001 ns, Total: 32401 ns
[7358.215s][info ][safepoint      ] Safepoint "Cleanup", Time since last: 3000431894 ns, Reaching safepoint: 12600 ns, Cleanup: 13601 ns, At safepoint: 4500 ns, Total: 30701 ns
[7361.216s][info ][safepoint      ] Safepoint "Cleanup", Time since last: 3000379934 ns, Reaching safepoint: 91701 ns, Cleanup: 12500 ns, At safepoint: 16501 ns, Total: 120702 ns
[7362.216s][info ][safepoint      ] Safepoint "Cleanup", Time since last: 1000307248 ns, Reaching safepoint: 37600 ns, Cleanup: 26801 ns, At safepoint: 10000 ns, Total: 74401 ns
[7376.986s][info ][gc,start       ] GC(192) Pause Young (Allocation Failure)
[7377.019s][debug][gc,phases      ] GC(192) Scavenge 32.677ms
[7377.019s][debug][gc,ref         ] GC(192) ReferenceProcessor::execute queues: 1, RefProcThreadModel::Single, marks_oops_alive: false
[7377.019s][debug][gc,ref         ] GC(192) Skipped KeepAliveFinalRefsPhase of Reference Processing: no references
[7377.019s][debug][gc,ref         ] GC(192) Skipped PhantomRefsPhase of Reference Processing: no references
[7377.019s][debug][gc,phases      ] GC(192) Reference Processing 0.145ms
[7377.019s][debug][gc,phases      ] GC(192)   VM Weak                        Min:  0.0, Avg:  0.0, Max:  0.0, Diff:  0.0, Sum:  0.0, Workers: 4
[7377.019s][debug][gc,phases      ] GC(192)     Dead                           Min: 0, Avg:  0.0, Max: 0, Diff: 0, Sum: 0, Workers: 4
[7377.019s][debug][gc,phases      ] GC(192)     Total                          Min: 0, Avg: 284.8, Max: 819, Diff: 819, Sum: 1139, Workers: 4
[7377.019s][debug][gc,phases      ] GC(192)   ObjectSynchronizer Weak        Min:  0.0, Avg:  0.0, Max:  0.0, Diff:  0.0, Sum:  0.0, Workers: 4
[7377.019s][debug][gc,phases      ] GC(192)     Dead                           Min: 0, Avg:  0.0, Max: 0, Diff: 0, Sum: 0, Workers: 4
[7377.019s][debug][gc,phases      ] GC(192)     Total                          Min: 0, Avg:  1.5, Max: 6, Diff: 6, Sum: 6, Workers: 4
[7377.019s][debug][gc,phases      ] GC(192)   JVMTI Tag Weak OopStorage      Min:  0.0, Avg:  0.0, Max:  0.0, Diff:  0.0, Sum:  0.0, Workers: 4
[7377.019s][debug][gc,phases      ] GC(192)     Dead                           Min: 0, Avg:  0.0, Max: 0, Diff: 0, Sum: 0, Workers: 4
[7377.019s][debug][gc,phases      ] GC(192)     Total                          Min: 0, Avg:  0.0, Max: 0, Diff: 0, Sum: 0, Workers: 4
[7377.019s][debug][gc,phases      ] GC(192)   StringTable Weak               Min:  0.1, Avg:  0.1, Max:  0.1, Diff:  0.0, Sum:  0.4, Workers: 4
[7377.019s][debug][gc,phases      ] GC(192)     Dead                           Min: 0, Avg:  0.0, Max: 0, Diff: 0, Sum: 0, Workers: 4
[7377.019s][debug][gc,phases      ] GC(192)     Total                          Min: 11327, Avg: 12633.5, Max: 14079, Diff: 2752, Sum: 50534, Workers: 4
[7377.019s][debug][gc,phases      ] GC(192)   ResolvedMethodTable Weak       Min:  0.0, Avg:  0.0, Max:  0.0, Diff:  0.0, Sum:  0.1, Workers: 4
[7377.019s][debug][gc,phases      ] GC(192)     Dead                           Min: 0, Avg:  4.0, Max: 8, Diff: 8, Sum: 16, Workers: 4
[7377.019s][debug][gc,phases      ] GC(192)     Total                          Min: 3459, Avg: 4094.8, Max: 4945, Diff: 1486, Sum: 16379, Workers: 4
[7377.019s][debug][gc,phases      ] GC(192)   JNI Weak                       Min:  0.0, Avg:  0.0, Max:  0.0, Diff:  0.0, Sum:  0.0, Workers: 4
[7377.019s][debug][gc,phases      ] GC(192)     Dead                           Min: 0, Avg:  0.0, Max: 0, Diff: 0, Sum: 0, Workers: 4
[7377.019s][debug][gc,phases      ] GC(192)     Total                          Min: 0, Avg: 13.0, Max: 52, Diff: 52, Sum: 52, Workers: 4
[7377.019s][debug][gc,phases      ] GC(192)   StringDedup Table Weak         Min:  0.0, Avg:  0.0, Max:  0.0, Diff:  0.0, Sum:  0.0, Workers: 4
[7377.019s][debug][gc,phases      ] GC(192)     Dead                           Min: 0, Avg:  0.0, Max: 0, Diff: 0, Sum: 0, Workers: 4
[7377.019s][debug][gc,phases      ] GC(192)     Total                          Min: 0, Avg:  0.0, Max: 0, Diff: 0, Sum: 0, Workers: 4
[7377.019s][debug][gc,phases      ] GC(192)   StringDedup Requests0 Weak     Min:  0.0, Avg:  0.0, Max:  0.0, Diff:  0.0, Sum:  0.0, Workers: 4
[7377.019s][debug][gc,phases      ] GC(192)     Dead                           Min: 0, Avg:  0.0, Max: 0, Diff: 0, Sum: 0, Workers: 4
[7377.019s][debug][gc,phases      ] GC(192)     Total                          Min: 0, Avg:  0.0, Max: 0, Diff: 0, Sum: 0, Workers: 4
[7377.019s][debug][gc,phases      ] GC(192)   StringDedup Requests1 Weak     Min:  0.0, Avg:  0.0, Max:  0.0, Diff:  0.0, Sum:  0.0, Workers: 4
[7377.019s][debug][gc,phases      ] GC(192)     Dead                           Min: 0, Avg:  0.0, Max: 0, Diff: 0, Sum: 0, Workers: 4
[7377.019s][debug][gc,phases      ] GC(192)     Total                          Min: 0, Avg:  0.0, Max: 0, Diff: 0, Sum: 0, Workers: 4
[7377.019s][debug][gc,phases      ] GC(192)   Weak JFR Old Object Samples    Min:  0.0, Avg:  0.0, Max:  0.0, Diff:  0.0, Sum:  0.0, Workers: 4
[7377.019s][debug][gc,phases      ] GC(192)     Dead                           Min: 0, Avg:  0.0, Max: 0, Diff: 0, Sum: 0, Workers: 4
[7377.019s][debug][gc,phases      ] GC(192)     Total                          Min: 0, Avg:  0.0, Max: 0, Diff: 0, Sum: 0, Workers: 4
[7377.019s][debug][gc,phases      ] GC(192) Weak Processing 0.371ms
[7377.019s][debug][gc,age         ] GC(192) Desired survivor size 48234496 bytes, new threshold 1 (max threshold 15)
[7377.019s][info ][gc,heap        ] GC(192) PSYoungGen: 2031808K(2048512K)->26912K(2048000K) Eden: 1999360K(1999360K)->0K(1999360K) From: 32448K(49152K)->26912K(48640K)
[7377.019s][info ][gc,heap        ] GC(192) ParOldGen: 2792661K(2792960K)->2819821K(2820096K)
[7377.019s][info ][gc,metaspace   ] GC(192) Metaspace: 116395K(117952K)->116395K(117952K) NonClass: 99117K(99968K)->99117K(99968K) Class: 17278K(17984K)->17278K(17984K)
[7377.019s][info ][gc             ] GC(192) Pause Young (Allocation Failure) 4711M->2780M(4754M) 33.373ms
[7377.019s][info ][gc,cpu         ] GC(192) User=0.12s Sys=0.01s Real=0.04s
[7377.019s][info ][safepoint      ] Safepoint "ParallelGCFailedAllocation", Time since last: 14769508013 ns, Reaching safepoint: 15400 ns, Cleanup: 7400 ns, At safepoint: 33487112 ns, Total: 33509912 ns
[7379.020s][info ][safepoint      ] Safepoint "Cleanup", Time since last: 2000283449 ns, Reaching safepoint: 16601 ns, Cleanup: 14800 ns, At safepoint: 3400 ns, Total: 34801 ns
[7381.020s][info ][safepoint      ] Safepoint "Cleanup", Time since last: 2000276550 ns, Reaching safepoint: 13200 ns, Cleanup: 12300 ns, At safepoint: 3300 ns, Total: 28800 ns
[7384.869s][info ][safepoint      ] Safepoint "Cleanup", Time since last: 3848664848 ns, Reaching safepoint: 14201 ns, Cleanup: 13200 ns, At safepoint: 4400 ns, Total: 31801 ns
[7386.869s][info ][safepoint      ] Safepoint "Cleanup", Time since last: 2000195982 ns, Reaching safepoint: 14400 ns, Cleanup: 16301 ns, At safepoint: 3600 ns, Total: 34301 ns
[7388.869s][info ][safepoint      ] Safepoint "Cleanup", Time since last: 2000282684 ns, Reaching safepoint: 14600 ns, Cleanup: 13900 ns, At safepoint: 3700 ns, Total: 32200 ns
[7391.870s][info ][safepoint      ] Safepoint "Cleanup", Time since last: 3000745246 ns, Reaching safepoint: 12400 ns, Cleanup: 13401 ns, At safepoint: 4000 ns, Total: 29801 ns
[7393.487s][info ][gc,start       ] GC(193) Pause Young (Allocation Failure)
[7393.520s][debug][gc,phases      ] GC(193) Scavenge 32.877ms
[7393.520s][debug][gc,ref         ] GC(193) Skipped SoftWeakFinalRefsPhase of Reference Processing: no references
[7393.520s][debug][gc,ref         ] GC(193) Skipped KeepAliveFinalRefsPhase of Reference Processing: no references
[7393.520s][debug][gc,ref         ] GC(193) ReferenceProcessor::execute queues: 1, RefProcThreadModel::Single, marks_oops_alive: false
[7393.520s][debug][gc,phases      ] GC(193) Reference Processing 0.102ms
[7393.520s][debug][gc,phases      ] GC(193)   VM Weak                        Min:  0.0, Avg:  0.0, Max:  0.0, Diff:  0.0, Sum:  0.0, Workers: 4
[7393.520s][debug][gc,phases      ] GC(193)     Dead                           Min: 0, Avg:  0.0, Max: 0, Diff: 0, Sum: 0, Workers: 4
[7393.520s][debug][gc,phases      ] GC(193)     Total                          Min: 0, Avg: 284.8, Max: 896, Diff: 896, Sum: 1139, Workers: 4
[7393.520s][debug][gc,phases      ] GC(193)   ObjectSynchronizer Weak        Min:  0.0, Avg:  0.0, Max:  0.0, Diff:  0.0, Sum:  0.0, Workers: 4
[7393.520s][debug][gc,phases      ] GC(193)     Dead                           Min: 0, Avg:  0.0, Max: 0, Diff: 0, Sum: 0, Workers: 4
[7393.520s][debug][gc,phases      ] GC(193)     Total                          Min: 0, Avg:  1.0, Max: 4, Diff: 4, Sum: 4, Workers: 4
[7393.520s][debug][gc,phases      ] GC(193)   JVMTI Tag Weak OopStorage      Min:  0.0, Avg:  0.0, Max:  0.0, Diff:  0.0, Sum:  0.0, Workers: 4
[7393.520s][debug][gc,phases      ] GC(193)     Dead                           Min: 0, Avg:  0.0, Max: 0, Diff: 0, Sum: 0, Workers: 4
[7393.520s][debug][gc,phases      ] GC(193)     Total                          Min: 0, Avg:  0.0, Max: 0, Diff: 0, Sum: 0, Workers: 4
[7393.520s][debug][gc,phases      ] GC(193)   StringTable Weak               Min:  0.1, Avg:  0.1, Max:  0.1, Diff:  0.0, Sum:  0.4, Workers: 4
[7393.520s][debug][gc,phases      ] GC(193)     Dead                           Min: 0, Avg:  0.0, Max: 0, Diff: 0, Sum: 0, Workers: 4
[7393.520s][debug][gc,phases      ] GC(193)     Total                          Min: 11176, Avg: 12633.5, Max: 14847, Diff: 3671, Sum: 50534, Workers: 4
[7393.520s][debug][gc,phases      ] GC(193)   ResolvedMethodTable Weak       Min:  0.0, Avg:  0.0, Max:  0.0, Diff:  0.0, Sum:  0.1, Workers: 4
[7393.520s][debug][gc,phases      ] GC(193)     Dead                           Min: 0, Avg:  0.0, Max: 0, Diff: 0, Sum: 0, Workers: 4
[7393.520s][debug][gc,phases      ] GC(193)     Total                          Min: 3906, Avg: 4094.8, Max: 4464, Diff: 558, Sum: 16379, Workers: 4
[7393.520s][debug][gc,phases      ] GC(193)   JNI Weak                       Min:  0.0, Avg:  0.0, Max:  0.0, Diff:  0.0, Sum:  0.0, Workers: 4
[7393.520s][debug][gc,phases      ] GC(193)     Dead                           Min: 0, Avg:  0.0, Max: 0, Diff: 0, Sum: 0, Workers: 4
[7393.520s][debug][gc,phases      ] GC(193)     Total                          Min: 0, Avg: 13.0, Max: 52, Diff: 52, Sum: 52, Workers: 4
[7393.520s][debug][gc,phases      ] GC(193)   StringDedup Table Weak         Min:  0.0, Avg:  0.0, Max:  0.0, Diff:  0.0, Sum:  0.0, Workers: 4
[7393.520s][debug][gc,phases      ] GC(193)     Dead                           Min: 0, Avg:  0.0, Max: 0, Diff: 0, Sum: 0, Workers: 4
[7393.520s][debug][gc,phases      ] GC(193)     Total                          Min: 0, Avg:  0.0, Max: 0, Diff: 0, Sum: 0, Workers: 4
[7393.520s][debug][gc,phases      ] GC(193)   StringDedup Requests0 Weak     Min:  0.0, Avg:  0.0, Max:  0.0, Diff:  0.0, Sum:  0.0, Workers: 4
[7393.520s][debug][gc,phases      ] GC(193)     Dead                           Min: 0, Avg:  0.0, Max: 0, Diff: 0, Sum: 0, Workers: 4
[7393.520s][debug][gc,phases      ] GC(193)     Total                          Min: 0, Avg:  0.0, Max: 0, Diff: 0, Sum: 0, Workers: 4
[7393.520s][debug][gc,phases      ] GC(193)   StringDedup Requests1 Weak     Min:  0.0, Avg:  0.0, Max:  0.0, Diff:  0.0, Sum:  0.0, Workers: 4
[7393.520s][debug][gc,phases      ] GC(193)     Dead                           Min: 0, Avg:  0.0, Max: 0, Diff: 0, Sum: 0, Workers: 4
[7393.520s][debug][gc,phases      ] GC(193)     Total                          Min: 0, Avg:  0.0, Max: 0, Diff: 0, Sum: 0, Workers: 4
[7393.520s][debug][gc,phases      ] GC(193)   Weak JFR Old Object Samples    Min:  0.0, Avg:  0.0, Max:  0.0, Diff:  0.0, Sum:  0.0, Workers: 4
[7393.520s][debug][gc,phases      ] GC(193)     Dead                           Min: 0, Avg:  0.0, Max: 0, Diff: 0, Sum: 0, Workers: 4
[7393.520s][debug][gc,phases      ] GC(193)     Total                          Min: 0, Avg:  0.0, Max: 0, Diff: 0, Sum: 0, Workers: 4
[7393.520s][debug][gc,phases      ] GC(193) Weak Processing 0.353ms
[7393.520s][debug][gc,age         ] GC(193) Desired survivor size 46661632 bytes, new threshold 1 (max threshold 15)
[7393.520s][info ][gc,heap        ] GC(193) PSYoungGen: 2025904K(2048000K)->29888K(2051584K) Eden: 1998992K(1999360K)->0K(2004480K) From: 26912K(48640K)->29888K(47104K)
[7393.520s][info ][gc,heap        ] GC(193) ParOldGen: 2819821K(2820096K)->2844772K(2845184K)
[7393.520s][info ][gc,metaspace   ] GC(193) Metaspace: 116401K(117952K)->116401K(117952K) NonClass: 99123K(99968K)->99123K(99968K) Class: 17278K(17984K)->17278K(17984K)
[7393.520s][info ][gc             ] GC(193) Pause Young (Allocation Failure) 4732M->2807M(4782M) 33.477ms
[7393.520s][info ][gc,cpu         ] GC(193) User=0.11s Sys=0.02s Real=0.04s
[7393.520s][info ][safepoint      ] Safepoint "ParallelGCFailedAllocation", Time since last: 1616738320 ns, Reaching safepoint: 10900 ns, Cleanup: 5400 ns, At safepoint: 33565719 ns, Total: 33582019 ns
[7399.521s][info ][safepoint      ] Safepoint "Cleanup", Time since last: 6000559535 ns, Reaching safepoint: 16301 ns, Cleanup: 14900 ns, At safepoint: 4700 ns, Total: 35901 ns
[7404.522s][info ][safepoint      ] Safepoint "Cleanup", Time since last: 5000655468 ns, Reaching safepoint: 12500 ns, Cleanup: 14801 ns, At safepoint: 4300 ns, Total: 31601 ns
[7411.522s][info ][safepoint      ] Safepoint "Cleanup", Time since last: 7000860731 ns, Reaching safepoint: 12900 ns, Cleanup: 15701 ns, At safepoint: 4200 ns, Total: 32801 ns
[7412.523s][info ][safepoint      ] Safepoint "Cleanup", Time since last: 1000136403 ns, Reaching safepoint: 13601 ns, Cleanup: 14000 ns, At safepoint: 3800 ns, Total: 31401 ns
[7414.731s][info ][gc,start       ] GC(194) Pause Young (Allocation Failure)
[7414.762s][debug][gc,phases      ] GC(194) Scavenge 31.503ms
[7414.762s][debug][gc,ref         ] GC(194) Skipped SoftWeakFinalRefsPhase of Reference Processing: no references
[7414.762s][debug][gc,ref         ] GC(194) Skipped KeepAliveFinalRefsPhase of Reference Processing: no references
[7414.762s][debug][gc,ref         ] GC(194) Skipped PhantomRefsPhase of Reference Processing: no references
[7414.762s][debug][gc,phases      ] GC(194) Reference Processing 0.027ms
[7414.762s][debug][gc,phases      ] GC(194)   VM Weak                        Min:  0.0, Avg:  0.0, Max:  0.0, Diff:  0.0, Sum:  0.0, Workers: 4
[7414.763s][debug][gc,phases      ] GC(194)     Dead                           Min: 0, Avg:  0.0, Max: 0, Diff: 0, Sum: 0, Workers: 4
[7414.763s][debug][gc,phases      ] GC(194)     Total                          Min: 0, Avg: 284.8, Max: 691, Diff: 691, Sum: 1139, Workers: 4
[7414.763s][debug][gc,phases      ] GC(194)   ObjectSynchronizer Weak        Min:  0.0, Avg:  0.0, Max:  0.0, Diff:  0.0, Sum:  0.0, Workers: 4
[7414.763s][debug][gc,phases      ] GC(194)     Dead                           Min: 0, Avg:  0.0, Max: 0, Diff: 0, Sum: 0, Workers: 4
[7414.763s][debug][gc,phases      ] GC(194)     Total                          Min: 0, Avg:  1.5, Max: 6, Diff: 6, Sum: 6, Workers: 4
[7414.763s][debug][gc,phases      ] GC(194)   JVMTI Tag Weak OopStorage      Min:  0.0, Avg:  0.0, Max:  0.0, Diff:  0.0, Sum:  0.0, Workers: 4
[7414.763s][debug][gc,phases      ] GC(194)     Dead                           Min: 0, Avg:  0.0, Max: 0, Diff: 0, Sum: 0, Workers: 4
[7414.763s][debug][gc,phases      ] GC(194)     Total                          Min: 0, Avg:  0.0, Max: 0, Diff: 0, Sum: 0, Workers: 4
[7414.763s][debug][gc,phases      ] GC(194)   StringTable Weak               Min:  0.1, Avg:  0.1, Max:  0.1, Diff:  0.0, Sum:  0.4, Workers: 4
[7414.763s][debug][gc,phases      ] GC(194)     Dead                           Min: 0, Avg:  0.0, Max: 0, Diff: 0, Sum: 0, Workers: 4
[7414.763s][debug][gc,phases      ] GC(194)     Total                          Min: 11135, Avg: 12633.5, Max: 14271, Diff: 3136, Sum: 50534, Workers: 4
[7414.763s][debug][gc,phases      ] GC(194)   ResolvedMethodTable Weak       Min:  0.0, Avg:  0.0, Max:  0.0, Diff:  0.0, Sum:  0.1, Workers: 4
[7414.763s][debug][gc,phases      ] GC(194)     Dead                           Min: 0, Avg:  4.0, Max: 8, Diff: 8, Sum: 16, Workers: 4
[7414.763s][debug][gc,phases      ] GC(194)     Total                          Min: 3570, Avg: 4094.8, Max: 4714, Diff: 1144, Sum: 16379, Workers: 4
[7414.763s][debug][gc,phases      ] GC(194)   JNI Weak                       Min:  0.0, Avg:  0.0, Max:  0.0, Diff:  0.0, Sum:  0.0, Workers: 4
[7414.763s][debug][gc,phases      ] GC(194)     Dead                           Min: 0, Avg:  0.0, Max: 0, Diff: 0, Sum: 0, Workers: 4
[7414.763s][debug][gc,phases      ] GC(194)     Total                          Min: 0, Avg: 13.0, Max: 52, Diff: 52, Sum: 52, Workers: 4
[7414.763s][debug][gc,phases      ] GC(194)   StringDedup Table Weak         Min:  0.0, Avg:  0.0, Max:  0.0, Diff:  0.0, Sum:  0.0, Workers: 4
[7414.763s][debug][gc,phases      ] GC(194)     Dead                           Min: 0, Avg:  0.0, Max: 0, Diff: 0, Sum: 0, Workers: 4
[7414.763s][debug][gc,phases      ] GC(194)     Total                          Min: 0, Avg:  0.0, Max: 0, Diff: 0, Sum: 0, Workers: 4
[7414.763s][debug][gc,phases      ] GC(194)   StringDedup Requests0 Weak     Min:  0.0, Avg:  0.0, Max:  0.0, Diff:  0.0, Sum:  0.0, Workers: 4
[7414.763s][debug][gc,phases      ] GC(194)     Dead                           Min: 0, Avg:  0.0, Max: 0, Diff: 0, Sum: 0, Workers: 4
[7414.763s][debug][gc,phases      ] GC(194)     Total                          Min: 0, Avg:  0.0, Max: 0, Diff: 0, Sum: 0, Workers: 4
[7414.763s][debug][gc,phases      ] GC(194)   StringDedup Requests1 Weak     Min:  0.0, Avg:  0.0, Max:  0.0, Diff:  0.0, Sum:  0.0, Workers: 4
[7414.763s][debug][gc,phases      ] GC(194)     Dead                           Min: 0, Avg:  0.0, Max: 0, Diff: 0, Sum: 0, Workers: 4
[7414.763s][debug][gc,phases      ] GC(194)     Total                          Min: 0, Avg:  0.0, Max: 0, Diff: 0, Sum: 0, Workers: 4
[7414.763s][debug][gc,phases      ] GC(194)   Weak JFR Old Object Samples    Min:  0.0, Avg:  0.0, Max:  0.0, Diff:  0.0, Sum:  0.0, Workers: 4
[7414.763s][debug][gc,phases      ] GC(194)     Dead                           Min: 0, Avg:  0.0, Max: 0, Diff: 0, Sum: 0, Workers: 4
[7414.763s][debug][gc,phases      ] GC(194)     Total                          Min: 0, Avg:  0.0, Max: 0, Diff: 0, Sum: 0, Workers: 4
[7414.763s][debug][gc,phases      ] GC(194) Weak Processing 0.371ms
[7414.763s][debug][gc,age         ] GC(194) Desired survivor size 47185920 bytes, new threshold 1 (max threshold 15)
[7414.763s][info ][gc,heap        ] GC(194) PSYoungGen: 2034368K(2051584K)->16544K(2050048K) Eden: 2004480K(2004480K)->0K(2004480K) From: 29888K(47104K)->16544K(45568K)
[7414.763s][info ][gc,heap        ] GC(194) ParOldGen: 2844772K(2845184K)->2871651K(2871808K)
[7414.763s][info ][gc,metaspace   ] GC(194) Metaspace: 116401K(117952K)->116401K(117952K) NonClass: 99123K(99968K)->99123K(99968K) Class: 17278K(17984K)->17278K(17984K)
[7414.763s][info ][gc             ] GC(194) Pause Young (Allocation Failure) 4764M->2820M(4806M) 32.063ms
[7414.763s][info ][gc,cpu         ] GC(194) User=0.10s Sys=0.01s Real=0.03s
[7414.763s][info ][safepoint      ] Safepoint "ParallelGCFailedAllocation", Time since last: 2208048652 ns, Reaching safepoint: 12201 ns, Cleanup: 6200 ns, At safepoint: 32165893 ns, Total: 32184294 ns
[7422.764s][info ][safepoint      ] Safepoint "Cleanup", Time since last: 8001052711 ns, Reaching safepoint: 13900 ns, Cleanup: 14200 ns, At safepoint: 3500 ns, Total: 31600 ns
[7424.764s][info ][safepoint      ] Safepoint "Cleanup", Time since last: 2000326973 ns, Reaching safepoint: 13300 ns, Cleanup: 13801 ns, At safepoint: 4600 ns, Total: 31701 ns
[7425.764s][info ][safepoint      ] Safepoint "Cleanup", Time since last: 1000193137 ns, Reaching safepoint: 14100 ns, Cleanup: 15600 ns, At safepoint: 3800 ns, Total: 33500 ns
[7427.765s][info ][safepoint      ] Safepoint "Cleanup", Time since last: 2000327373 ns, Reaching safepoint: 13001 ns, Cleanup: 15200 ns, At safepoint: 3700 ns, Total: 31901 ns
[7447.896s][info ][safepoint      ] Safepoint "Cleanup", Time since last: 20130852464 ns, Reaching safepoint: 13901 ns, Cleanup: 12100 ns, At safepoint: 6400 ns, Total: 32401 ns
[7451.680s][info ][gc,start       ] GC(195) Pause Young (Allocation Failure)
[7451.701s][debug][gc,phases      ] GC(195) Scavenge 21.431ms
[7451.701s][debug][gc,ref         ] GC(195) ReferenceProcessor::execute queues: 1, RefProcThreadModel::Single, marks_oops_alive: false
[7451.701s][debug][gc,ref         ] GC(195) Skipped KeepAliveFinalRefsPhase of Reference Processing: no references
[7451.701s][debug][gc,ref         ] GC(195) ReferenceProcessor::execute queues: 1, RefProcThreadModel::Single, marks_oops_alive: false
[7451.701s][debug][gc,phases      ] GC(195) Reference Processing 0.136ms
[7451.701s][debug][gc,phases      ] GC(195)   VM Weak                        Min:  0.0, Avg:  0.0, Max:  0.0, Diff:  0.0, Sum:  0.0, Workers: 4
[7451.701s][debug][gc,phases      ] GC(195)     Dead                           Min: 0, Avg:  0.0, Max: 0, Diff: 0, Sum: 0, Workers: 4
[7451.701s][debug][gc,phases      ] GC(195)     Total                          Min: 0, Avg: 284.8, Max: 627, Diff: 627, Sum: 1139, Workers: 4
[7451.701s][debug][gc,phases      ] GC(195)   ObjectSynchronizer Weak        Min:  0.0, Avg:  0.0, Max:  0.0, Diff:  0.0, Sum:  0.0, Workers: 4
[7451.701s][debug][gc,phases      ] GC(195)     Dead                           Min: 0, Avg:  0.0, Max: 0, Diff: 0, Sum: 0, Workers: 4
[7451.701s][debug][gc,phases      ] GC(195)     Total                          Min: 0, Avg:  1.5, Max: 6, Diff: 6, Sum: 6, Workers: 4
[7451.701s][debug][gc,phases      ] GC(195)   JVMTI Tag Weak OopStorage      Min:  0.0, Avg:  0.0, Max:  0.0, Diff:  0.0, Sum:  0.0, Workers: 4
[7451.701s][debug][gc,phases      ] GC(195)     Dead                           Min: 0, Avg:  0.0, Max: 0, Diff: 0, Sum: 0, Workers: 4
[7451.701s][debug][gc,phases      ] GC(195)     Total                          Min: 0, Avg:  0.0, Max: 0, Diff: 0, Sum: 0, Workers: 4
[7451.701s][debug][gc,phases      ] GC(195)   StringTable Weak               Min:  0.1, Avg:  0.1, Max:  0.1, Diff:  0.0, Sum:  0.4, Workers: 4
[7451.701s][debug][gc,phases      ] GC(195)     Dead                           Min: 0, Avg:  0.0, Max: 0, Diff: 0, Sum: 0, Workers: 4
[7451.701s][debug][gc,phases      ] GC(195)     Total                          Min: 12223, Avg: 12634.5, Max: 12992, Diff: 769, Sum: 50538, Workers: 4
[7451.701s][debug][gc,phases      ] GC(195)   ResolvedMethodTable Weak       Min:  0.0, Avg:  0.0, Max:  0.0, Diff:  0.0, Sum:  0.1, Workers: 4
[7451.701s][debug][gc,phases      ] GC(195)     Dead                           Min: 0, Avg:  4.0, Max: 13, Diff: 13, Sum: 16, Workers: 4
[7451.701s][debug][gc,phases      ] GC(195)     Total                          Min: 4048, Avg: 4096.8, Max: 4186, Diff: 138, Sum: 16387, Workers: 4
[7451.701s][debug][gc,phases      ] GC(195)   JNI Weak                       Min:  0.0, Avg:  0.0, Max:  0.0, Diff:  0.0, Sum:  0.0, Workers: 4
[7451.701s][debug][gc,phases      ] GC(195)     Dead                           Min: 0, Avg:  0.0, Max: 0, Diff: 0, Sum: 0, Workers: 4
[7451.701s][debug][gc,phases      ] GC(195)     Total                          Min: 0, Avg: 14.0, Max: 56, Diff: 56, Sum: 56, Workers: 4
[7451.701s][debug][gc,phases      ] GC(195)   StringDedup Table Weak         Min:  0.0, Avg:  0.0, Max:  0.0, Diff:  0.0, Sum:  0.0, Workers: 4
[7451.701s][debug][gc,phases      ] GC(195)     Dead                           Min: 0, Avg:  0.0, Max: 0, Diff: 0, Sum: 0, Workers: 4
[7451.701s][debug][gc,phases      ] GC(195)     Total                          Min: 0, Avg:  0.0, Max: 0, Diff: 0, Sum: 0, Workers: 4
[7451.701s][debug][gc,phases      ] GC(195)   StringDedup Requests0 Weak     Min:  0.0, Avg:  0.0, Max:  0.0, Diff:  0.0, Sum:  0.0, Workers: 4
[7451.701s][debug][gc,phases      ] GC(195)     Dead                           Min: 0, Avg:  0.0, Max: 0, Diff: 0, Sum: 0, Workers: 4
[7451.701s][debug][gc,phases      ] GC(195)     Total                          Min: 0, Avg:  0.0, Max: 0, Diff: 0, Sum: 0, Workers: 4
[7451.701s][debug][gc,phases      ] GC(195)   StringDedup Requests1 Weak     Min:  0.0, Avg:  0.0, Max:  0.0, Diff:  0.0, Sum:  0.0, Workers: 4
[7451.701s][debug][gc,phases      ] GC(195)     Dead                           Min: 0, Avg:  0.0, Max: 0, Diff: 0, Sum: 0, Workers: 4
[7451.702s][debug][gc,phases      ] GC(195)     Total                          Min: 0, Avg:  0.0, Max: 0, Diff: 0, Sum: 0, Workers: 4
[7451.702s][debug][gc,phases      ] GC(195)   Weak JFR Old Object Samples    Min:  0.0, Avg:  0.0, Max:  0.0, Diff:  0.0, Sum:  0.0, Workers: 4
[7451.702s][debug][gc,phases      ] GC(195)     Dead                           Min: 0, Avg:  0.0, Max: 0, Diff: 0, Sum: 0, Workers: 4
[7451.702s][debug][gc,phases      ] GC(195)     Total                          Min: 0, Avg:  0.0, Max: 0, Diff: 0, Sum: 0, Workers: 4
[7451.702s][debug][gc,phases      ] GC(195) Weak Processing 0.343ms
[7451.702s][debug][gc,age         ] GC(195) Desired survivor size 45613056 bytes, new threshold 1 (max threshold 15)
[7451.702s][info ][gc,heap        ] GC(195) PSYoungGen: 2021024K(2050048K)->23552K(2052608K) Eden: 2004480K(2004480K)->0K(2006528K) From: 16544K(45568K)->23552K(46080K)
[7451.702s][info ][gc,heap        ] GC(195) ParOldGen: 2871651K(2871808K)->2885537K(2885632K)
[7451.702s][info ][gc,metaspace   ] GC(195) Metaspace: 116417K(117952K)->116417K(117952K) NonClass: 99137K(99968K)->99137K(99968K) Class: 17280K(17984K)->17280K(17984K)
[7451.702s][info ][gc             ] GC(195) Pause Young (Allocation Failure) 4778M->2840M(4822M) 22.061ms
[7451.702s][info ][gc,cpu         ] GC(195) User=0.08s Sys=0.01s Real=0.02s
[7451.702s][info ][safepoint      ] Safepoint "ParallelGCFailedAllocation", Time since last: 3783670403 ns, Reaching safepoint: 94102 ns, Cleanup: 5100 ns, At safepoint: 22181208 ns, Total: 22280410 ns
[7455.702s][info ][safepoint      ] Safepoint "Cleanup", Time since last: 4000489336 ns, Reaching safepoint: 92901 ns, Cleanup: 12401 ns, At safepoint: 12900 ns, Total: 118202 ns
[7456.702s][info ][safepoint      ] Safepoint "Cleanup", Time since last: 1000128934 ns, Reaching safepoint: 12800 ns, Cleanup: 15100 ns, At safepoint: 3700 ns, Total: 31600 ns
[7457.703s][info ][safepoint      ] Safepoint "Cleanup", Time since last: 1000118334 ns, Reaching safepoint: 82402 ns, Cleanup: 14900 ns, At safepoint: 6100 ns, Total: 103402 ns
[7458.703s][info ][safepoint      ] Safepoint "Cleanup", Time since last: 1000244336 ns, Reaching safepoint: 21600 ns, Cleanup: 57802 ns, At safepoint: 8300 ns, Total: 87702 ns
[7459.703s][info ][safepoint      ] Safepoint "Cleanup", Time since last: 1000154934 ns, Reaching safepoint: 89002 ns, Cleanup: 11700 ns, At safepoint: 6600 ns, Total: 107302 ns
[7473.705s][info ][safepoint      ] Safepoint "Cleanup", Time since last: 14002126327 ns, Reaching safepoint: 13801 ns, Cleanup: 15300 ns, At safepoint: 3500 ns, Total: 32601 ns
[7474.706s][info ][safepoint      ] Safepoint "Cleanup", Time since last: 1000126633 ns, Reaching safepoint: 154802 ns, Cleanup: 11501 ns, At safepoint: 11900 ns, Total: 178203 ns
[7475.833s][info ][gc,start       ] GC(196) Pause Young (Allocation Failure)
[7475.861s][debug][gc,phases      ] GC(196) Scavenge 27.850ms
[7475.861s][debug][gc,ref         ] GC(196) Skipped SoftWeakFinalRefsPhase of Reference Processing: no references
[7475.861s][debug][gc,ref         ] GC(196) Skipped KeepAliveFinalRefsPhase of Reference Processing: no references
[7475.861s][debug][gc,ref         ] GC(196) ReferenceProcessor::execute queues: 1, RefProcThreadModel::Single, marks_oops_alive: false
[7475.861s][debug][gc,phases      ] GC(196) Reference Processing 0.104ms
[7475.861s][debug][gc,phases      ] GC(196)   VM Weak                        Min:  0.0, Avg:  0.0, Max:  0.0, Diff:  0.0, Sum:  0.0, Workers: 4
[7475.861s][debug][gc,phases      ] GC(196)     Dead                           Min: 0, Avg:  0.0, Max: 0, Diff: 0, Sum: 0, Workers: 4
[7475.861s][debug][gc,phases      ] GC(196)     Total                          Min: 0, Avg: 284.8, Max: 960, Diff: 960, Sum: 1139, Workers: 4
[7475.861s][debug][gc,phases      ] GC(196)   ObjectSynchronizer Weak        Min:  0.0, Avg:  0.0, Max:  0.0, Diff:  0.0, Sum:  0.0, Workers: 4
[7475.861s][debug][gc,phases      ] GC(196)     Dead                           Min: 0, Avg:  0.0, Max: 0, Diff: 0, Sum: 0, Workers: 4
[7475.861s][debug][gc,phases      ] GC(196)     Total                          Min: 0, Avg:  1.5, Max: 6, Diff: 6, Sum: 6, Workers: 4
[7475.861s][debug][gc,phases      ] GC(196)   JVMTI Tag Weak OopStorage      Min:  0.0, Avg:  0.0, Max:  0.0, Diff:  0.0, Sum:  0.0, Workers: 4
[7475.861s][debug][gc,phases      ] GC(196)     Dead                           Min: 0, Avg:  0.0, Max: 0, Diff: 0, Sum: 0, Workers: 4
[7475.861s][debug][gc,phases      ] GC(196)     Total                          Min: 0, Avg:  0.0, Max: 0, Diff: 0, Sum: 0, Workers: 4
[7475.861s][debug][gc,phases      ] GC(196)   StringTable Weak               Min:  0.1, Avg:  0.1, Max:  0.1, Diff:  0.0, Sum:  0.4, Workers: 4
[7475.861s][debug][gc,phases      ] GC(196)     Dead                           Min: 0, Avg:  0.0, Max: 0, Diff: 0, Sum: 0, Workers: 4
[7475.861s][debug][gc,phases      ] GC(196)     Total                          Min: 12224, Avg: 12634.5, Max: 13567, Diff: 1343, Sum: 50538, Workers: 4
[7475.861s][debug][gc,phases      ] GC(196)   ResolvedMethodTable Weak       Min:  0.0, Avg:  0.0, Max:  0.0, Diff:  0.0, Sum:  0.1, Workers: 4
[7475.861s][debug][gc,phases      ] GC(196)     Dead                           Min: 0, Avg:  0.0, Max: 0, Diff: 0, Sum: 0, Workers: 4
[7475.861s][debug][gc,phases      ] GC(196)     Total                          Min: 3988, Avg: 4096.8, Max: 4192, Diff: 204, Sum: 16387, Workers: 4
[7475.861s][debug][gc,phases      ] GC(196)   JNI Weak                       Min:  0.0, Avg:  0.0, Max:  0.0, Diff:  0.0, Sum:  0.0, Workers: 4
[7475.861s][debug][gc,phases      ] GC(196)     Dead                           Min: 0, Avg:  0.0, Max: 0, Diff: 0, Sum: 0, Workers: 4
[7475.861s][debug][gc,phases      ] GC(196)     Total                          Min: 0, Avg: 13.0, Max: 52, Diff: 52, Sum: 52, Workers: 4
[7475.861s][debug][gc,phases      ] GC(196)   StringDedup Table Weak         Min:  0.0, Avg:  0.0, Max:  0.0, Diff:  0.0, Sum:  0.0, Workers: 4
[7475.861s][debug][gc,phases      ] GC(196)     Dead                           Min: 0, Avg:  0.0, Max: 0, Diff: 0, Sum: 0, Workers: 4
[7475.861s][debug][gc,phases      ] GC(196)     Total                          Min: 0, Avg:  0.0, Max: 0, Diff: 0, Sum: 0, Workers: 4
[7475.861s][debug][gc,phases      ] GC(196)   StringDedup Requests0 Weak     Min:  0.0, Avg:  0.0, Max:  0.0, Diff:  0.0, Sum:  0.0, Workers: 4
[7475.861s][debug][gc,phases      ] GC(196)     Dead                           Min: 0, Avg:  0.0, Max: 0, Diff: 0, Sum: 0, Workers: 4
[7475.861s][debug][gc,phases      ] GC(196)     Total                          Min: 0, Avg:  0.0, Max: 0, Diff: 0, Sum: 0, Workers: 4
[7475.861s][debug][gc,phases      ] GC(196)   StringDedup Requests1 Weak     Min:  0.0, Avg:  0.0, Max:  0.0, Diff:  0.0, Sum:  0.0, Workers: 4
[7475.861s][debug][gc,phases      ] GC(196)     Dead                           Min: 0, Avg:  0.0, Max: 0, Diff: 0, Sum: 0, Workers: 4
[7475.861s][debug][gc,phases      ] GC(196)     Total                          Min: 0, Avg:  0.0, Max: 0, Diff: 0, Sum: 0, Workers: 4
[7475.861s][debug][gc,phases      ] GC(196)   Weak JFR Old Object Samples    Min:  0.0, Avg:  0.0, Max:  0.0, Diff:  0.0, Sum:  0.0, Workers: 4
[7475.861s][debug][gc,phases      ] GC(196)     Dead                           Min: 0, Avg:  0.0, Max: 0, Diff: 0, Sum: 0, Workers: 4
[7475.861s][debug][gc,phases      ] GC(196)     Total                          Min: 0, Avg:  0.0, Max: 0, Diff: 0, Sum: 0, Workers: 4
[7475.861s][debug][gc,phases      ] GC(196) Weak Processing 0.324ms
[7475.861s][debug][gc,age         ] GC(196) Desired survivor size 45613056 bytes, new threshold 1 (max threshold 15)
[7475.862s][info ][gc,heap        ] GC(196) PSYoungGen: 2030080K(2052608K)->31696K(2051072K) Eden: 2006528K(2006528K)->0K(2006528K) From: 23552K(46080K)->31696K(44544K)
[7475.862s][info ][gc,heap        ] GC(196) ParOldGen: 2885537K(2885632K)->2902753K(2903040K)
[7475.862s][info ][gc,metaspace   ] GC(196) Metaspace: 116422K(117952K)->116422K(117952K) NonClass: 99142K(99968K)->99142K(99968K) Class: 17280K(17984K)->17280K(17984K)
[7475.862s][info ][gc             ] GC(196) Pause Young (Allocation Failure) 4800M->2865M(4838M) 28.440ms
[7475.862s][info ][gc,cpu         ] GC(196) User=0.10s Sys=0.01s Real=0.03s
[7475.862s][info ][safepoint      ] Safepoint "ParallelGCFailedAllocation", Time since last: 1127274576 ns, Reaching safepoint: 88002 ns, Cleanup: 5300 ns, At safepoint: 28535626 ns, Total: 28628928 ns
[7494.864s][info ][safepoint      ] Safepoint "Cleanup", Time since last: 19002725517 ns, Reaching safepoint: 14001 ns, Cleanup: 13300 ns, At safepoint: 3800 ns, Total: 31101 ns
[7499.865s][info ][safepoint      ] Safepoint "Cleanup", Time since last: 5000700159 ns, Reaching safepoint: 14400 ns, Cleanup: 14500 ns, At safepoint: 4400 ns, Total: 33300 ns
[7511.926s][info ][safepoint      ] Safepoint "Cleanup", Time since last: 12060662545 ns, Reaching safepoint: 92601 ns, Cleanup: 13600 ns, At safepoint: 7801 ns, Total: 114002 ns
[7514.926s][info ][safepoint      ] Safepoint "Cleanup", Time since last: 3000389873 ns, Reaching safepoint: 89401 ns, Cleanup: 17701 ns, At safepoint: 8700 ns, Total: 115802 ns
[7525.345s][info ][gc,start       ] GC(197) Pause Young (Allocation Failure)
[7525.371s][debug][gc,phases      ] GC(197) Scavenge 25.551ms
[7525.371s][debug][gc,ref         ] GC(197) Skipped SoftWeakFinalRefsPhase of Reference Processing: no references
[7525.371s][debug][gc,ref         ] GC(197) Skipped KeepAliveFinalRefsPhase of Reference Processing: no references
[7525.371s][debug][gc,ref         ] GC(197) ReferenceProcessor::execute queues: 1, RefProcThreadModel::Single, marks_oops_alive: false
[7525.371s][debug][gc,phases      ] GC(197) Reference Processing 0.098ms
[7525.371s][debug][gc,phases      ] GC(197)   VM Weak                        Min:  0.0, Avg:  0.0, Max:  0.0, Diff:  0.0, Sum:  0.0, Workers: 4
[7525.371s][debug][gc,phases      ] GC(197)     Dead                           Min: 0, Avg:  0.0, Max: 0, Diff: 0, Sum: 0, Workers: 4
[7525.371s][debug][gc,phases      ] GC(197)     Total                          Min: 0, Avg: 284.8, Max: 704, Diff: 704, Sum: 1139, Workers: 4
[7525.371s][debug][gc,phases      ] GC(197)   ObjectSynchronizer Weak        Min:  0.0, Avg:  0.0, Max:  0.0, Diff:  0.0, Sum:  0.0, Workers: 4
[7525.371s][debug][gc,phases      ] GC(197)     Dead                           Min: 0, Avg:  0.0, Max: 0, Diff: 0, Sum: 0, Workers: 4
[7525.371s][debug][gc,phases      ] GC(197)     Total                          Min: 0, Avg:  1.0, Max: 4, Diff: 4, Sum: 4, Workers: 4
[7525.371s][debug][gc,phases      ] GC(197)   JVMTI Tag Weak OopStorage      Min:  0.0, Avg:  0.0, Max:  0.0, Diff:  0.0, Sum:  0.0, Workers: 4
[7525.371s][debug][gc,phases      ] GC(197)     Dead                           Min: 0, Avg:  0.0, Max: 0, Diff: 0, Sum: 0, Workers: 4
[7525.371s][debug][gc,phases      ] GC(197)     Total                          Min: 0, Avg:  0.0, Max: 0, Diff: 0, Sum: 0, Workers: 4
[7525.371s][debug][gc,phases      ] GC(197)   StringTable Weak               Min:  0.1, Avg:  0.1, Max:  0.1, Diff:  0.0, Sum:  0.4, Workers: 4
[7525.371s][debug][gc,phases      ] GC(197)     Dead                           Min: 0, Avg:  0.0, Max: 0, Diff: 0, Sum: 0, Workers: 4
[7525.371s][debug][gc,phases      ] GC(197)     Total                          Min: 10623, Avg: 12634.5, Max: 13887, Diff: 3264, Sum: 50538, Workers: 4
[7525.371s][debug][gc,phases      ] GC(197)   ResolvedMethodTable Weak       Min:  0.0, Avg:  0.0, Max:  0.0, Diff:  0.0, Sum:  0.1, Workers: 4
[7525.371s][debug][gc,phases      ] GC(197)     Dead                           Min: 0, Avg:  4.0, Max: 8, Diff: 8, Sum: 16, Workers: 4
[7525.371s][debug][gc,phases      ] GC(197)     Total                          Min: 3245, Avg: 4096.8, Max: 4663, Diff: 1418, Sum: 16387, Workers: 4
[7525.371s][debug][gc,phases      ] GC(197)   JNI Weak                       Min:  0.0, Avg:  0.0, Max:  0.0, Diff:  0.0, Sum:  0.0, Workers: 4
[7525.371s][debug][gc,phases      ] GC(197)     Dead                           Min: 0, Avg:  0.0, Max: 0, Diff: 0, Sum: 0, Workers: 4
[7525.371s][debug][gc,phases      ] GC(197)     Total                          Min: 0, Avg: 13.0, Max: 52, Diff: 52, Sum: 52, Workers: 4
[7525.371s][debug][gc,phases      ] GC(197)   StringDedup Table Weak         Min:  0.0, Avg:  0.0, Max:  0.0, Diff:  0.0, Sum:  0.0, Workers: 4
[7525.371s][debug][gc,phases      ] GC(197)     Dead                           Min: 0, Avg:  0.0, Max: 0, Diff: 0, Sum: 0, Workers: 4
[7525.371s][debug][gc,phases      ] GC(197)     Total                          Min: 0, Avg:  0.0, Max: 0, Diff: 0, Sum: 0, Workers: 4
[7525.371s][debug][gc,phases      ] GC(197)   StringDedup Requests0 Weak     Min:  0.0, Avg:  0.0, Max:  0.0, Diff:  0.0, Sum:  0.0, Workers: 4
[7525.371s][debug][gc,phases      ] GC(197)     Dead                           Min: 0, Avg:  0.0, Max: 0, Diff: 0, Sum: 0, Workers: 4
[7525.371s][debug][gc,phases      ] GC(197)     Total                          Min: 0, Avg:  0.0, Max: 0, Diff: 0, Sum: 0, Workers: 4
[7525.371s][debug][gc,phases      ] GC(197)   StringDedup Requests1 Weak     Min:  0.0, Avg:  0.0, Max:  0.0, Diff:  0.0, Sum:  0.0, Workers: 4
[7525.371s][debug][gc,phases      ] GC(197)     Dead                           Min: 0, Avg:  0.0, Max: 0, Diff: 0, Sum: 0, Workers: 4
[7525.371s][debug][gc,phases      ] GC(197)     Total                          Min: 0, Avg:  0.0, Max: 0, Diff: 0, Sum: 0, Workers: 4
[7525.371s][debug][gc,phases      ] GC(197)   Weak JFR Old Object Samples    Min:  0.0, Avg:  0.0, Max:  0.0, Diff:  0.0, Sum:  0.0, Workers: 4
[7525.371s][debug][gc,phases      ] GC(197)     Dead                           Min: 0, Avg:  0.0, Max: 0, Diff: 0, Sum: 0, Workers: 4
[7525.371s][debug][gc,phases      ] GC(197)     Total                          Min: 0, Avg:  0.0, Max: 0, Diff: 0, Sum: 0, Workers: 4
[7525.371s][debug][gc,phases      ] GC(197) Weak Processing 0.313ms
[7525.371s][debug][gc,age         ] GC(197) Desired survivor size 48234496 bytes, new threshold 1 (max threshold 15)
[7525.371s][info ][gc,heap        ] GC(197) PSYoungGen: 2038224K(2051072K)->4992K(2047488K) Eden: 2006528K(2006528K)->0K(2002944K) From: 31696K(44544K)->4992K(44544K)
[7525.371s][info ][gc,heap        ] GC(197) ParOldGen: 2902753K(2903040K)->2931302K(2931712K)
[7525.371s][info ][gc,metaspace   ] GC(197) Metaspace: 116434K(117952K)->116434K(117952K) NonClass: 99154K(99968K)->99154K(99968K) Class: 17280K(17984K)->17280K(17984K)
[7525.371s][info ][gc             ] GC(197) Pause Young (Allocation Failure) 4825M->2867M(4862M) 26.089ms
[7525.371s][info ][gc,cpu         ] GC(197) User=0.09s Sys=0.01s Real=0.03s
[7525.371s][info ][safepoint      ] Safepoint "ParallelGCFailedAllocation", Time since last: 10418545388 ns, Reaching safepoint: 19901 ns, Cleanup: 9500 ns, At safepoint: 26266082 ns, Total: 26295483 ns
[7530.372s][info ][safepoint      ] Safepoint "Cleanup", Time since last: 5000643610 ns, Reaching safepoint: 15500 ns, Cleanup: 16701 ns, At safepoint: 3800 ns, Total: 36001 ns
[7569.950s][info ][safepoint      ] Safepoint "Cleanup", Time since last: 39578021192 ns, Reaching safepoint: 20200 ns, Cleanup: 20200 ns, At safepoint: 8801 ns, Total: 49201 ns
[7571.238s][info ][gc,start       ] GC(198) Pause Young (Allocation Failure)
[7571.253s][debug][gc,phases      ] GC(198) Scavenge 14.530ms
[7571.253s][debug][gc,ref         ] GC(198) Skipped SoftWeakFinalRefsPhase of Reference Processing: no references
[7571.253s][debug][gc,ref         ] GC(198) Skipped KeepAliveFinalRefsPhase of Reference Processing: no references
[7571.253s][debug][gc,ref         ] GC(198) ReferenceProcessor::execute queues: 1, RefProcThreadModel::Single, marks_oops_alive: false
[7571.253s][debug][gc,phases      ] GC(198) Reference Processing 0.093ms
[7571.253s][debug][gc,phases      ] GC(198)   VM Weak                        Min:  0.0, Avg:  0.0, Max:  0.0, Diff:  0.0, Sum:  0.0, Workers: 4
[7571.253s][debug][gc,phases      ] GC(198)     Dead                           Min: 0, Avg:  0.0, Max: 0, Diff: 0, Sum: 0, Workers: 4
[7571.253s][debug][gc,phases      ] GC(198)     Total                          Min: 0, Avg: 284.8, Max: 883, Diff: 883, Sum: 1139, Workers: 4
[7571.253s][debug][gc,phases      ] GC(198)   ObjectSynchronizer Weak        Min:  0.0, Avg:  0.0, Max:  0.0, Diff:  0.0, Sum:  0.0, Workers: 4
[7571.253s][debug][gc,phases      ] GC(198)     Dead                           Min: 0, Avg:  0.0, Max: 0, Diff: 0, Sum: 0, Workers: 4
[7571.253s][debug][gc,phases      ] GC(198)     Total                          Min: 0, Avg:  1.0, Max: 4, Diff: 4, Sum: 4, Workers: 4
[7571.253s][debug][gc,phases      ] GC(198)   JVMTI Tag Weak OopStorage      Min:  0.0, Avg:  0.0, Max:  0.0, Diff:  0.0, Sum:  0.0, Workers: 4
[7571.253s][debug][gc,phases      ] GC(198)     Dead                           Min: 0, Avg:  0.0, Max: 0, Diff: 0, Sum: 0, Workers: 4
[7571.253s][debug][gc,phases      ] GC(198)     Total                          Min: 0, Avg:  0.0, Max: 0, Diff: 0, Sum: 0, Workers: 4
[7571.253s][debug][gc,phases      ] GC(198)   StringTable Weak               Min:  0.1, Avg:  0.1, Max:  0.1, Diff:  0.0, Sum:  0.4, Workers: 4
[7571.253s][debug][gc,phases      ] GC(198)     Dead                           Min: 0, Avg:  0.0, Max: 0, Diff: 0, Sum: 0, Workers: 4
[7571.253s][debug][gc,phases      ] GC(198)     Total                          Min: 12224, Avg: 12635.2, Max: 13423, Diff: 1199, Sum: 50541, Workers: 4
[7571.253s][debug][gc,phases      ] GC(198)   ResolvedMethodTable Weak       Min:  0.0, Avg:  0.0, Max:  0.0, Diff:  0.0, Sum:  0.1, Workers: 4
[7571.253s][debug][gc,phases      ] GC(198)     Dead                           Min: 0, Avg:  4.0, Max: 6, Diff: 6, Sum: 16, Workers: 4
[7571.253s][debug][gc,phases      ] GC(198)     Total                          Min: 3978, Avg: 4096.8, Max: 4179, Diff: 201, Sum: 16387, Workers: 4
[7571.253s][debug][gc,phases      ] GC(198)   JNI Weak                       Min:  0.0, Avg:  0.0, Max:  0.0, Diff:  0.0, Sum:  0.0, Workers: 4
[7571.253s][debug][gc,phases      ] GC(198)     Dead                           Min: 0, Avg:  0.0, Max: 0, Diff: 0, Sum: 0, Workers: 4
[7571.253s][debug][gc,phases      ] GC(198)     Total                          Min: 0, Avg: 13.0, Max: 52, Diff: 52, Sum: 52, Workers: 4
[7571.253s][debug][gc,phases      ] GC(198)   StringDedup Table Weak         Min:  0.0, Avg:  0.0, Max:  0.0, Diff:  0.0, Sum:  0.0, Workers: 4
[7571.253s][debug][gc,phases      ] GC(198)     Dead                           Min: 0, Avg:  0.0, Max: 0, Diff: 0, Sum: 0, Workers: 4
[7571.253s][debug][gc,phases      ] GC(198)     Total                          Min: 0, Avg:  0.0, Max: 0, Diff: 0, Sum: 0, Workers: 4
[7571.253s][debug][gc,phases      ] GC(198)   StringDedup Requests0 Weak     Min:  0.0, Avg:  0.0, Max:  0.0, Diff:  0.0, Sum:  0.0, Workers: 4
[7571.253s][debug][gc,phases      ] GC(198)     Dead                           Min: 0, Avg:  0.0, Max: 0, Diff: 0, Sum: 0, Workers: 4
[7571.253s][debug][gc,phases      ] GC(198)     Total                          Min: 0, Avg:  0.0, Max: 0, Diff: 0, Sum: 0, Workers: 4
[7571.253s][debug][gc,phases      ] GC(198)   StringDedup Requests1 Weak     Min:  0.0, Avg:  0.0, Max:  0.0, Diff:  0.0, Sum:  0.0, Workers: 4
[7571.253s][debug][gc,phases      ] GC(198)     Dead                           Min: 0, Avg:  0.0, Max: 0, Diff: 0, Sum: 0, Workers: 4
[7571.253s][debug][gc,phases      ] GC(198)     Total                          Min: 0, Avg:  0.0, Max: 0, Diff: 0, Sum: 0, Workers: 4
[7571.253s][debug][gc,phases      ] GC(198)   Weak JFR Old Object Samples    Min:  0.0, Avg:  0.0, Max:  0.0, Diff:  0.0, Sum:  0.0, Workers: 4
[7571.253s][debug][gc,phases      ] GC(198)     Dead                           Min: 0, Avg:  0.0, Max: 0, Diff: 0, Sum: 0, Workers: 4
[7571.253s][debug][gc,phases      ] GC(198)     Total                          Min: 0, Avg:  0.0, Max: 0, Diff: 0, Sum: 0, Workers: 4
[7571.253s][debug][gc,phases      ] GC(198) Weak Processing 0.321ms
[7571.253s][debug][gc,age         ] GC(198) Desired survivor size 47710208 bytes, new threshold 1 (max threshold 15)
[7571.253s][info ][gc,heap        ] GC(198) PSYoungGen: 2007936K(2047488K)->13952K(2050048K) Eden: 2002944K(2002944K)->0K(2002944K) From: 4992K(44544K)->13952K(47104K)
[7571.253s][info ][gc,heap        ] GC(198) ParOldGen: 2931302K(2931712K)->2932902K(2933248K)
[7571.253s][info ][gc,metaspace   ] GC(198) Metaspace: 116438K(117952K)->116438K(117952K) NonClass: 99158K(99968K)->99158K(99968K) Class: 17280K(17984K)->17280K(17984K)
[7571.253s][info ][gc             ] GC(198) Pause Young (Allocation Failure) 4823M->2877M(4866M) 15.071ms
[7571.253s][info ][gc,cpu         ] GC(198) User=0.05s Sys=0.00s Real=0.02s
[7571.253s][info ][safepoint      ] Safepoint "ParallelGCFailedAllocation", Time since last: 1287979109 ns, Reaching safepoint: 10301 ns, Cleanup: 22100 ns, At safepoint: 15155184 ns, Total: 15187585 ns
[7585.255s][info ][safepoint      ] Safepoint "Cleanup", Time since last: 14001559786 ns, Reaching safepoint: 14300 ns, Cleanup: 13100 ns, At safepoint: 5800 ns, Total: 33200 ns
[7586.255s][info ][safepoint      ] Safepoint "Cleanup", Time since last: 1000123340 ns, Reaching safepoint: 89101 ns, Cleanup: 11801 ns, At safepoint: 6900 ns, Total: 107802 ns
[7592.256s][info ][safepoint      ] Safepoint "Cleanup", Time since last: 6000740569 ns, Reaching safepoint: 13100 ns, Cleanup: 13101 ns, At safepoint: 3700 ns, Total: 29901 ns
[7595.256s][info ][safepoint      ] Safepoint "Cleanup", Time since last: 3000472654 ns, Reaching safepoint: 15300 ns, Cleanup: 13101 ns, At safepoint: 4200 ns, Total: 32601 ns
[7598.257s][info ][safepoint      ] Safepoint "Cleanup", Time since last: 3000292797 ns, Reaching safepoint: 14200 ns, Cleanup: 14800 ns, At safepoint: 4200 ns, Total: 33200 ns
[7604.678s][info ][gc,start       ] GC(199) Pause Young (Allocation Failure)
[7604.696s][debug][gc,phases      ] GC(199) Scavenge 18.289ms
[7604.696s][debug][gc,ref         ] GC(199) Skipped SoftWeakFinalRefsPhase of Reference Processing: no references
[7604.696s][debug][gc,ref         ] GC(199) Skipped KeepAliveFinalRefsPhase of Reference Processing: no references
[7604.696s][debug][gc,ref         ] GC(199) ReferenceProcessor::execute queues: 1, RefProcThreadModel::Single, marks_oops_alive: false
[7604.696s][debug][gc,phases      ] GC(199) Reference Processing 0.100ms
[7604.697s][debug][gc,phases      ] GC(199)   VM Weak                        Min:  0.0, Avg:  0.0, Max:  0.0, Diff:  0.0, Sum:  0.0, Workers: 4
[7604.697s][debug][gc,phases      ] GC(199)     Dead                           Min: 0, Avg:  0.0, Max: 0, Diff: 0, Sum: 0, Workers: 4
[7604.697s][debug][gc,phases      ] GC(199)     Total                          Min: 0, Avg: 284.8, Max: 1139, Diff: 1139, Sum: 1139, Workers: 4
[7604.697s][debug][gc,phases      ] GC(199)   ObjectSynchronizer Weak        Min:  0.0, Avg:  0.0, Max:  0.0, Diff:  0.0, Sum:  0.0, Workers: 4
[7604.697s][debug][gc,phases      ] GC(199)     Dead                           Min: 0, Avg:  0.0, Max: 0, Diff: 0, Sum: 0, Workers: 4
[7604.697s][debug][gc,phases      ] GC(199)     Total                          Min: 0, Avg:  1.0, Max: 4, Diff: 4, Sum: 4, Workers: 4
[7604.697s][debug][gc,phases      ] GC(199)   JVMTI Tag Weak OopStorage      Min:  0.0, Avg:  0.0, Max:  0.0, Diff:  0.0, Sum:  0.0, Workers: 4
[7604.697s][debug][gc,phases      ] GC(199)     Dead                           Min: 0, Avg:  0.0, Max: 0, Diff: 0, Sum: 0, Workers: 4
[7604.697s][debug][gc,phases      ] GC(199)     Total                          Min: 0, Avg:  0.0, Max: 0, Diff: 0, Sum: 0, Workers: 4
[7604.697s][debug][gc,phases      ] GC(199)   StringTable Weak               Min:  0.1, Avg:  0.1, Max:  0.1, Diff:  0.0, Sum:  0.4, Workers: 4
[7604.697s][debug][gc,phases      ] GC(199)     Dead                           Min: 0, Avg:  0.0, Max: 0, Diff: 0, Sum: 0, Workers: 4
[7604.697s][debug][gc,phases      ] GC(199)     Total                          Min: 11200, Avg: 12635.2, Max: 13487, Diff: 2287, Sum: 50541, Workers: 4
[7604.697s][debug][gc,phases      ] GC(199)   ResolvedMethodTable Weak       Min:  0.0, Avg:  0.0, Max:  0.0, Diff:  0.0, Sum:  0.1, Workers: 4
[7604.697s][debug][gc,phases      ] GC(199)     Dead                           Min: 0, Avg:  4.0, Max: 8, Diff: 8, Sum: 16, Workers: 4
[7604.697s][debug][gc,phases      ] GC(199)     Total                          Min: 3438, Avg: 4096.8, Max: 4450, Diff: 1012, Sum: 16387, Workers: 4
[7604.697s][debug][gc,phases      ] GC(199)   JNI Weak                       Min:  0.0, Avg:  0.0, Max:  0.0, Diff:  0.0, Sum:  0.0, Workers: 4
[7604.697s][debug][gc,phases      ] GC(199)     Dead                           Min: 0, Avg:  0.0, Max: 0, Diff: 0, Sum: 0, Workers: 4
[7604.697s][debug][gc,phases      ] GC(199)     Total                          Min: 0, Avg: 13.0, Max: 52, Diff: 52, Sum: 52, Workers: 4
[7604.697s][debug][gc,phases      ] GC(199)   StringDedup Table Weak         Min:  0.0, Avg:  0.0, Max:  0.0, Diff:  0.0, Sum:  0.0, Workers: 4
[7604.697s][debug][gc,phases      ] GC(199)     Dead                           Min: 0, Avg:  0.0, Max: 0, Diff: 0, Sum: 0, Workers: 4
[7604.697s][debug][gc,phases      ] GC(199)     Total                          Min: 0, Avg:  0.0, Max: 0, Diff: 0, Sum: 0, Workers: 4
[7604.697s][debug][gc,phases      ] GC(199)   StringDedup Requests0 Weak     Min:  0.0, Avg:  0.0, Max:  0.0, Diff:  0.0, Sum:  0.0, Workers: 4
[7604.697s][debug][gc,phases      ] GC(199)     Dead                           Min: 0, Avg:  0.0, Max: 0, Diff: 0, Sum: 0, Workers: 4
[7604.697s][debug][gc,phases      ] GC(199)     Total                          Min: 0, Avg:  0.0, Max: 0, Diff: 0, Sum: 0, Workers: 4
[7604.697s][debug][gc,phases      ] GC(199)   StringDedup Requests1 Weak     Min:  0.0, Avg:  0.0, Max:  0.0, Diff:  0.0, Sum:  0.0, Workers: 4
[7604.697s][debug][gc,phases      ] GC(199)     Dead                           Min: 0, Avg:  0.0, Max: 0, Diff: 0, Sum: 0, Workers: 4
[7604.697s][debug][gc,phases      ] GC(199)     Total                          Min: 0, Avg:  0.0, Max: 0, Diff: 0, Sum: 0, Workers: 4
[7604.697s][debug][gc,phases      ] GC(199)   Weak JFR Old Object Samples    Min:  0.0, Avg:  0.0, Max:  0.0, Diff:  0.0, Sum:  0.0, Workers: 4
[7604.697s][debug][gc,phases      ] GC(199)     Dead                           Min: 0, Avg:  0.0, Max: 0, Diff: 0, Sum: 0, Workers: 4
[7604.697s][debug][gc,phases      ] GC(199)     Total                          Min: 0, Avg:  0.0, Max: 0, Diff: 0, Sum: 0, Workers: 4
[7604.697s][debug][gc,phases      ] GC(199) Weak Processing 0.354ms
[7604.697s][debug][gc,age         ] GC(199) Desired survivor size 45613056 bytes, new threshold 1 (max threshold 15)
[7604.697s][info ][gc,heap        ] GC(199) PSYoungGen: 2016896K(2050048K)->24320K(2052608K) Eden: 2002944K(2002944K)->0K(2006016K) From: 13952K(47104K)->24320K(46592K)
[7604.697s][info ][gc,heap        ] GC(199) ParOldGen: 2932902K(2933248K)->2941310K(2941440K)
[7604.697s][info ][gc,metaspace   ] GC(199) Metaspace: 116446K(118016K)->116446K(118016K) NonClass: 99166K(100032K)->99166K(100032K) Class: 17280K(17984K)->17280K(17984K)
[7604.697s][info ][gc             ] GC(199) Pause Young (Allocation Failure) 4833M->2896M(4877M) 18.892ms
[7604.697s][info ][gc,cpu         ] GC(199) User=0.07s Sys=0.01s Real=0.02s
[7604.697s][info ][safepoint      ] Safepoint "ParallelGCFailedAllocation", Time since last: 6421214752 ns, Reaching safepoint: 93702 ns, Cleanup: 6000 ns, At safepoint: 18988745 ns, Total: 19088447 ns
[7613.698s][info ][safepoint      ] Safepoint "Cleanup", Time since last: 9000821017 ns, Reaching safepoint: 10800 ns, Cleanup: 11201 ns, At safepoint: 2800 ns, Total: 24801 ns
[7657.630s][info ][safepoint      ] Safepoint "ParallelGCFailedAllocation", Time since last: 43932524603 ns, Reaching safepoint: 98302 ns, Cleanup: 6501 ns, At safepoint: 27400 ns, Total: 132203 ns
[7657.631s][info ][gc,start       ] GC(200) Pause Young (GCLocker Initiated GC)
[7657.654s][debug][gc,phases      ] GC(200) Scavenge 23.221ms
[7657.654s][debug][gc,ref         ] GC(200) Skipped SoftWeakFinalRefsPhase of Reference Processing: no references
[7657.654s][debug][gc,ref         ] GC(200) Skipped KeepAliveFinalRefsPhase of Reference Processing: no references
[7657.654s][debug][gc,ref         ] GC(200) ReferenceProcessor::execute queues: 1, RefProcThreadModel::Single, marks_oops_alive: false
[7657.654s][debug][gc,phases      ] GC(200) Reference Processing 0.098ms
[7657.654s][debug][gc,phases      ] GC(200)   VM Weak                        Min:  0.0, Avg:  0.0, Max:  0.0, Diff:  0.0, Sum:  0.0, Workers: 4
[7657.654s][debug][gc,phases      ] GC(200)     Dead                           Min: 0, Avg:  0.0, Max: 0, Diff: 0, Sum: 0, Workers: 4
[7657.654s][debug][gc,phases      ] GC(200)     Total                          Min: 0, Avg: 284.8, Max: 896, Diff: 896, Sum: 1139, Workers: 4
[7657.654s][debug][gc,phases      ] GC(200)   ObjectSynchronizer Weak        Min:  0.0, Avg:  0.0, Max:  0.0, Diff:  0.0, Sum:  0.0, Workers: 4
[7657.654s][debug][gc,phases      ] GC(200)     Dead                           Min: 0, Avg:  0.0, Max: 0, Diff: 0, Sum: 0, Workers: 4
[7657.654s][debug][gc,phases      ] GC(200)     Total                          Min: 0, Avg:  1.0, Max: 4, Diff: 4, Sum: 4, Workers: 4
[7657.654s][debug][gc,phases      ] GC(200)   JVMTI Tag Weak OopStorage      Min:  0.0, Avg:  0.0, Max:  0.0, Diff:  0.0, Sum:  0.0, Workers: 4
[7657.654s][debug][gc,phases      ] GC(200)     Dead                           Min: 0, Avg:  0.0, Max: 0, Diff: 0, Sum: 0, Workers: 4
[7657.654s][debug][gc,phases      ] GC(200)     Total                          Min: 0, Avg:  0.0, Max: 0, Diff: 0, Sum: 0, Workers: 4
[7657.654s][debug][gc,phases      ] GC(200)   StringTable Weak               Min:  0.1, Avg:  0.1, Max:  0.1, Diff:  0.0, Sum:  0.4, Workers: 4
[7657.654s][debug][gc,phases      ] GC(200)     Dead                           Min: 0, Avg:  0.0, Max: 0, Diff: 0, Sum: 0, Workers: 4
[7657.654s][debug][gc,phases      ] GC(200)     Total                          Min: 10607, Avg: 12635.2, Max: 13824, Diff: 3217, Sum: 50541, Workers: 4
[7657.654s][debug][gc,phases      ] GC(200)   ResolvedMethodTable Weak       Min:  0.0, Avg:  0.0, Max:  0.0, Diff:  0.0, Sum:  0.1, Workers: 4
[7657.654s][debug][gc,phases      ] GC(200)     Dead                           Min: 0, Avg:  4.0, Max: 8, Diff: 8, Sum: 16, Workers: 4
[7657.654s][debug][gc,phases      ] GC(200)     Total                          Min: 3212, Avg: 4096.8, Max: 4687, Diff: 1475, Sum: 16387, Workers: 4
[7657.654s][debug][gc,phases      ] GC(200)   JNI Weak                       Min:  0.0, Avg:  0.0, Max:  0.0, Diff:  0.0, Sum:  0.0, Workers: 4
[7657.654s][debug][gc,phases      ] GC(200)     Dead                           Min: 0, Avg:  0.0, Max: 0, Diff: 0, Sum: 0, Workers: 4
[7657.654s][debug][gc,phases      ] GC(200)     Total                          Min: 0, Avg: 13.0, Max: 52, Diff: 52, Sum: 52, Workers: 4
[7657.654s][debug][gc,phases      ] GC(200)   StringDedup Table Weak         Min:  0.0, Avg:  0.0, Max:  0.0, Diff:  0.0, Sum:  0.0, Workers: 4
[7657.654s][debug][gc,phases      ] GC(200)     Dead                           Min: 0, Avg:  0.0, Max: 0, Diff: 0, Sum: 0, Workers: 4
[7657.654s][debug][gc,phases      ] GC(200)     Total                          Min: 0, Avg:  0.0, Max: 0, Diff: 0, Sum: 0, Workers: 4
[7657.654s][debug][gc,phases      ] GC(200)   StringDedup Requests0 Weak     Min:  0.0, Avg:  0.0, Max:  0.0, Diff:  0.0, Sum:  0.0, Workers: 4
[7657.654s][debug][gc,phases      ] GC(200)     Dead                           Min: 0, Avg:  0.0, Max: 0, Diff: 0, Sum: 0, Workers: 4
[7657.654s][debug][gc,phases      ] GC(200)     Total                          Min: 0, Avg:  0.0, Max: 0, Diff: 0, Sum: 0, Workers: 4
[7657.654s][debug][gc,phases      ] GC(200)   StringDedup Requests1 Weak     Min:  0.0, Avg:  0.0, Max:  0.0, Diff:  0.0, Sum:  0.0, Workers: 4
[7657.654s][debug][gc,phases      ] GC(200)     Dead                           Min: 0, Avg:  0.0, Max: 0, Diff: 0, Sum: 0, Workers: 4
[7657.654s][debug][gc,phases      ] GC(200)     Total                          Min: 0, Avg:  0.0, Max: 0, Diff: 0, Sum: 0, Workers: 4
[7657.654s][debug][gc,phases      ] GC(200)   Weak JFR Old Object Samples    Min:  0.0, Avg:  0.0, Max:  0.0, Diff:  0.0, Sum:  0.0, Workers: 4
[7657.654s][debug][gc,phases      ] GC(200)     Dead                           Min: 0, Avg:  0.0, Max: 0, Diff: 0, Sum: 0, Workers: 4
[7657.654s][debug][gc,phases      ] GC(200)     Total                          Min: 0, Avg:  0.0, Max: 0, Diff: 0, Sum: 0, Workers: 4
[7657.654s][debug][gc,phases      ] GC(200) Weak Processing 0.322ms
[7657.654s][debug][gc,age         ] GC(200) Desired survivor size 44564480 bytes, new threshold 1 (max threshold 15)
[7657.654s][info ][gc,heap        ] GC(200) PSYoungGen: 2030336K(2052608K)->16720K(2050560K) Eden: 2006016K(2006016K)->0K(2006016K) From: 24320K(46592K)->16720K(44544K)
[7657.654s][info ][gc,heap        ] GC(200) ParOldGen: 2941326K(2941440K)->2960855K(2960896K)
[7657.654s][info ][gc,metaspace   ] GC(200) Metaspace: 116449K(118016K)->116449K(118016K) NonClass: 99169K(100032K)->99169K(100032K) Class: 17280K(17984K)->17280K(17984K)
[7657.654s][info ][gc             ] GC(200) Pause Young (GCLocker Initiated GC) 4855M->2907M(4894M) 23.754ms
[7657.654s][info ][gc,cpu         ] GC(200) User=0.08s Sys=0.02s Real=0.02s
[7657.654s][info ][safepoint      ] Safepoint "ParallelGCSystemGC", Time since last: 93402 ns, Reaching safepoint: 78002 ns, Cleanup: 2000 ns, At safepoint: 23840982 ns, Total: 23920984 ns
[7674.466s][info ][safepoint      ] Safepoint "Cleanup", Time since last: 16811721088 ns, Reaching safepoint: 6100 ns, Cleanup: 10900 ns, At safepoint: 2500 ns, Total: 19500 ns
[7677.471s][info ][safepoint      ] Safepoint "Cleanup", Time since last: 3004795211 ns, Reaching safepoint: 16200 ns, Cleanup: 16100 ns, At safepoint: 3800 ns, Total: 36100 ns
[7683.472s][info ][safepoint      ] Safepoint "Cleanup", Time since last: 6000777118 ns, Reaching safepoint: 13800 ns, Cleanup: 15400 ns, At safepoint: 3600 ns, Total: 32800 ns
[7693.004s][info ][safepoint      ] Safepoint "Cleanup", Time since last: 9531998676 ns, Reaching safepoint: 18100 ns, Cleanup: 22701 ns, At safepoint: 7900 ns, Total: 48701 ns
[7694.004s][info ][safepoint      ] Safepoint "Cleanup", Time since last: 1000220168 ns, Reaching safepoint: 12700 ns, Cleanup: 13700 ns, At safepoint: 3400 ns, Total: 29800 ns
[7710.006s][info ][safepoint      ] Safepoint "Cleanup", Time since last: 16002069745 ns, Reaching safepoint: 14301 ns, Cleanup: 14700 ns, At safepoint: 29101 ns, Total: 58102 ns
[7712.007s][info ][safepoint      ] Safepoint "Cleanup", Time since last: 2000338560 ns, Reaching safepoint: 13900 ns, Cleanup: 15001 ns, At safepoint: 4500 ns, Total: 33401 ns
[7713.007s][info ][safepoint      ] Safepoint "Cleanup", Time since last: 1000127229 ns, Reaching safepoint: 12501 ns, Cleanup: 14100 ns, At safepoint: 4200 ns, Total: 30801 ns
[7714.007s][info ][safepoint      ] Safepoint "Cleanup", Time since last: 1000190031 ns, Reaching safepoint: 14800 ns, Cleanup: 15100 ns, At safepoint: 4500 ns, Total: 34400 ns
[7716.007s][info ][safepoint      ] Safepoint "Cleanup", Time since last: 2000333661 ns, Reaching safepoint: 13200 ns, Cleanup: 23600 ns, At safepoint: 3601 ns, Total: 40401 ns
[7719.008s][info ][safepoint      ] Safepoint "Cleanup", Time since last: 3000419428 ns, Reaching safepoint: 12300 ns, Cleanup: 16800 ns, At safepoint: 3601 ns, Total: 32701 ns
[7720.542s][info ][gc,start       ] GC(201) Pause Young (Allocation Failure)
[7720.562s][debug][gc,phases      ] GC(201) Scavenge 19.951ms
[7720.562s][debug][gc,ref         ] GC(201) ReferenceProcessor::execute queues: 1, RefProcThreadModel::Single, marks_oops_alive: false
[7720.562s][debug][gc,ref         ] GC(201) Skipped KeepAliveFinalRefsPhase of Reference Processing: no references
[7720.562s][debug][gc,ref         ] GC(201) ReferenceProcessor::execute queues: 1, RefProcThreadModel::Single, marks_oops_alive: false
[7720.562s][debug][gc,phases      ] GC(201) Reference Processing 0.110ms
[7720.562s][debug][gc,phases      ] GC(201)   VM Weak                        Min:  0.0, Avg:  0.0, Max:  0.0, Diff:  0.0, Sum:  0.0, Workers: 4
[7720.562s][debug][gc,phases      ] GC(201)     Dead                           Min: 0, Avg:  0.0, Max: 0, Diff: 0, Sum: 0, Workers: 4
[7720.562s][debug][gc,phases      ] GC(201)     Total                          Min: 0, Avg: 292.8, Max: 640, Diff: 640, Sum: 1171, Workers: 4
[7720.562s][debug][gc,phases      ] GC(201)   ObjectSynchronizer Weak        Min:  0.0, Avg:  0.0, Max:  0.0, Diff:  0.0, Sum:  0.0, Workers: 4
[7720.562s][debug][gc,phases      ] GC(201)     Dead                           Min: 0, Avg:  0.0, Max: 0, Diff: 0, Sum: 0, Workers: 4
[7720.562s][debug][gc,phases      ] GC(201)     Total                          Min: 0, Avg:  1.0, Max: 4, Diff: 4, Sum: 4, Workers: 4
[7720.562s][debug][gc,phases      ] GC(201)   JVMTI Tag Weak OopStorage      Min:  0.0, Avg:  0.0, Max:  0.0, Diff:  0.0, Sum:  0.0, Workers: 4
[7720.562s][debug][gc,phases      ] GC(201)     Dead                           Min: 0, Avg:  0.0, Max: 0, Diff: 0, Sum: 0, Workers: 4
[7720.562s][debug][gc,phases      ] GC(201)     Total                          Min: 0, Avg:  0.0, Max: 0, Diff: 0, Sum: 0, Workers: 4
[7720.562s][debug][gc,phases      ] GC(201)   StringTable Weak               Min:  0.1, Avg:  0.1, Max:  0.1, Diff:  0.0, Sum:  0.4, Workers: 4
[7720.562s][debug][gc,phases      ] GC(201)     Dead                           Min: 0, Avg:  0.8, Max: 3, Diff: 3, Sum: 3, Workers: 4
[7720.562s][debug][gc,phases      ] GC(201)     Total                          Min: 8320, Avg: 12641.8, Max: 15623, Diff: 7303, Sum: 50567, Workers: 4
[7720.562s][debug][gc,phases      ] GC(201)   ResolvedMethodTable Weak       Min:  0.0, Avg:  0.0, Max:  0.0, Diff:  0.0, Sum:  0.1, Workers: 4
[7720.562s][debug][gc,phases      ] GC(201)     Dead                           Min: 3, Avg: 11.2, Max: 23, Diff: 20, Sum: 45, Workers: 4
[7720.562s][debug][gc,phases      ] GC(201)     Total                          Min: 3559, Avg: 4116.2, Max: 4685, Diff: 1126, Sum: 16465, Workers: 4
[7720.562s][debug][gc,phases      ] GC(201)   JNI Weak                       Min:  0.0, Avg:  0.0, Max:  0.0, Diff:  0.0, Sum:  0.0, Workers: 4
[7720.562s][debug][gc,phases      ] GC(201)     Dead                           Min: 0, Avg:  0.0, Max: 0, Diff: 0, Sum: 0, Workers: 4
[7720.562s][debug][gc,phases      ] GC(201)     Total                          Min: 0, Avg: 13.8, Max: 54, Diff: 54, Sum: 55, Workers: 4
[7720.562s][debug][gc,phases      ] GC(201)   StringDedup Table Weak         Min:  0.0, Avg:  0.0, Max:  0.0, Diff:  0.0, Sum:  0.0, Workers: 4
[7720.562s][debug][gc,phases      ] GC(201)     Dead                           Min: 0, Avg:  0.0, Max: 0, Diff: 0, Sum: 0, Workers: 4
[7720.562s][debug][gc,phases      ] GC(201)     Total                          Min: 0, Avg:  0.0, Max: 0, Diff: 0, Sum: 0, Workers: 4
[7720.562s][debug][gc,phases      ] GC(201)   StringDedup Requests0 Weak     Min:  0.0, Avg:  0.0, Max:  0.0, Diff:  0.0, Sum:  0.0, Workers: 4
[7720.562s][debug][gc,phases      ] GC(201)     Dead                           Min: 0, Avg:  0.0, Max: 0, Diff: 0, Sum: 0, Workers: 4
[7720.562s][debug][gc,phases      ] GC(201)     Total                          Min: 0, Avg:  0.0, Max: 0, Diff: 0, Sum: 0, Workers: 4
[7720.562s][debug][gc,phases      ] GC(201)   StringDedup Requests1 Weak     Min:  0.0, Avg:  0.0, Max:  0.0, Diff:  0.0, Sum:  0.0, Workers: 4
[7720.562s][debug][gc,phases      ] GC(201)     Dead                           Min: 0, Avg:  0.0, Max: 0, Diff: 0, Sum: 0, Workers: 4
[7720.562s][debug][gc,phases      ] GC(201)     Total                          Min: 0, Avg:  0.0, Max: 0, Diff: 0, Sum: 0, Workers: 4
[7720.562s][debug][gc,phases      ] GC(201)   Weak JFR Old Object Samples    Min:  0.0, Avg:  0.0, Max:  0.0, Diff:  0.0, Sum:  0.0, Workers: 4
[7720.562s][debug][gc,phases      ] GC(201)     Dead                           Min: 0, Avg:  0.0, Max: 0, Diff: 0, Sum: 0, Workers: 4
[7720.562s][debug][gc,phases      ] GC(201)     Total                          Min: 0, Avg:  0.0, Max: 0, Diff: 0, Sum: 0, Workers: 4
[7720.562s][debug][gc,phases      ] GC(201) Weak Processing 0.338ms
[7720.562s][debug][gc,age         ] GC(201) Desired survivor size 43515904 bytes, new threshold 1 (max threshold 15)
[7720.562s][info ][gc,heap        ] GC(201) PSYoungGen: 2022736K(2050560K)->18055K(2054656K) Eden: 2006016K(2006016K)->0K(2011136K) From: 16720K(44544K)->18055K(43520K)
[7720.562s][info ][gc,heap        ] GC(201) ParOldGen: 2962409K(2962944K)->2975074K(2975232K)
[7720.562s][info ][gc,metaspace   ] GC(201) Metaspace: 116611K(118080K)->116611K(118080K) NonClass: 99302K(100096K)->99302K(100096K) Class: 17309K(17984K)->17309K(17984K)
[7720.562s][info ][gc             ] GC(201) Pause Young (Allocation Failure) 4868M->2922M(4912M) 20.543ms
[7720.562s][info ][gc,cpu         ] GC(201) User=0.08s Sys=0.01s Real=0.02s
[7720.562s][info ][safepoint      ] Safepoint "ParallelGCFailedAllocation", Time since last: 1533460551 ns, Reaching safepoint: 163404 ns, Cleanup: 39701 ns, At safepoint: 20695950 ns, Total: 20899055 ns
[7721.562s][info ][safepoint      ] Safepoint "Cleanup", Time since last: 1000099251 ns, Reaching safepoint: 14300 ns, Cleanup: 37701 ns, At safepoint: 4600 ns, Total: 56601 ns
[7722.563s][info ][safepoint      ] Safepoint "Cleanup", Time since last: 1000186354 ns, Reaching safepoint: 10300 ns, Cleanup: 38901 ns, At safepoint: 7300 ns, Total: 56501 ns
[7722.731s][info ][gc,start       ] GC(202) Pause Young (Allocation Failure)
[7722.776s][debug][gc,phases      ] GC(202) Scavenge 45.049ms
[7722.776s][debug][gc,ref         ] GC(202) Skipped SoftWeakFinalRefsPhase of Reference Processing: no references
[7722.776s][debug][gc,ref         ] GC(202) Skipped KeepAliveFinalRefsPhase of Reference Processing: no references
[7722.776s][debug][gc,ref         ] GC(202) ReferenceProcessor::execute queues: 1, RefProcThreadModel::Single, marks_oops_alive: false
[7722.776s][debug][gc,phases      ] GC(202) Reference Processing 0.125ms
[7722.776s][debug][gc,phases      ] GC(202)   VM Weak                        Min:  0.0, Avg:  0.0, Max:  0.0, Diff:  0.0, Sum:  0.0, Workers: 4
[7722.776s][debug][gc,phases      ] GC(202)     Dead                           Min: 0, Avg:  0.0, Max: 0, Diff: 0, Sum: 0, Workers: 4
[7722.776s][debug][gc,phases      ] GC(202)     Total                          Min: 0, Avg: 292.8, Max: 1107, Diff: 1107, Sum: 1171, Workers: 4
[7722.776s][debug][gc,phases      ] GC(202)   ObjectSynchronizer Weak        Min:  0.0, Avg:  0.0, Max:  0.0, Diff:  0.0, Sum:  0.0, Workers: 4
[7722.776s][debug][gc,phases      ] GC(202)     Dead                           Min: 0, Avg:  0.0, Max: 0, Diff: 0, Sum: 0, Workers: 4
[7722.776s][debug][gc,phases      ] GC(202)     Total                          Min: 0, Avg:  1.0, Max: 4, Diff: 4, Sum: 4, Workers: 4
[7722.776s][debug][gc,phases      ] GC(202)   JVMTI Tag Weak OopStorage      Min:  0.0, Avg:  0.0, Max:  0.0, Diff:  0.0, Sum:  0.0, Workers: 4
[7722.776s][debug][gc,phases      ] GC(202)     Dead                           Min: 0, Avg:  0.0, Max: 0, Diff: 0, Sum: 0, Workers: 4
[7722.776s][debug][gc,phases      ] GC(202)     Total                          Min: 0, Avg:  0.0, Max: 0, Diff: 0, Sum: 0, Workers: 4
[7722.776s][debug][gc,phases      ] GC(202)   StringTable Weak               Min:  0.1, Avg:  0.1, Max:  0.1, Diff:  0.0, Sum:  0.4, Workers: 4
[7722.776s][debug][gc,phases      ] GC(202)     Dead                           Min: 0, Avg:  0.0, Max: 0, Diff: 0, Sum: 0, Workers: 4
[7722.776s][debug][gc,phases      ] GC(202)     Total                          Min: 10752, Avg: 12642.5, Max: 14656, Diff: 3904, Sum: 50570, Workers: 4
[7722.776s][debug][gc,phases      ] GC(202)   ResolvedMethodTable Weak       Min:  0.0, Avg:  0.0, Max:  0.0, Diff:  0.0, Sum:  0.1, Workers: 4
[7722.776s][debug][gc,phases      ] GC(202)     Dead                           Min: 0, Avg:  0.0, Max: 0, Diff: 0, Sum: 0, Workers: 4
[7722.776s][debug][gc,phases      ] GC(202)     Total                          Min: 3595, Avg: 4116.2, Max: 4753, Diff: 1158, Sum: 16465, Workers: 4
[7722.776s][debug][gc,phases      ] GC(202)   JNI Weak                       Min:  0.0, Avg:  0.0, Max:  0.0, Diff:  0.0, Sum:  0.0, Workers: 4
[7722.776s][debug][gc,phases      ] GC(202)     Dead                           Min: 0, Avg:  0.0, Max: 0, Diff: 0, Sum: 0, Workers: 4
[7722.776s][debug][gc,phases      ] GC(202)     Total                          Min: 0, Avg: 13.0, Max: 52, Diff: 52, Sum: 52, Workers: 4
[7722.776s][debug][gc,phases      ] GC(202)   StringDedup Table Weak         Min:  0.0, Avg:  0.0, Max:  0.0, Diff:  0.0, Sum:  0.0, Workers: 4
[7722.776s][debug][gc,phases      ] GC(202)     Dead                           Min: 0, Avg:  0.0, Max: 0, Diff: 0, Sum: 0, Workers: 4
[7722.776s][debug][gc,phases      ] GC(202)     Total                          Min: 0, Avg:  0.0, Max: 0, Diff: 0, Sum: 0, Workers: 4
[7722.776s][debug][gc,phases      ] GC(202)   StringDedup Requests0 Weak     Min:  0.0, Avg:  0.0, Max:  0.0, Diff:  0.0, Sum:  0.0, Workers: 4
[7722.776s][debug][gc,phases      ] GC(202)     Dead                           Min: 0, Avg:  0.0, Max: 0, Diff: 0, Sum: 0, Workers: 4
[7722.776s][debug][gc,phases      ] GC(202)     Total                          Min: 0, Avg:  0.0, Max: 0, Diff: 0, Sum: 0, Workers: 4
[7722.776s][debug][gc,phases      ] GC(202)   StringDedup Requests1 Weak     Min:  0.0, Avg:  0.0, Max:  0.0, Diff:  0.0, Sum:  0.0, Workers: 4
[7722.776s][debug][gc,phases      ] GC(202)     Dead                           Min: 0, Avg:  0.0, Max: 0, Diff: 0, Sum: 0, Workers: 4
[7722.776s][debug][gc,phases      ] GC(202)     Total                          Min: 0, Avg:  0.0, Max: 0, Diff: 0, Sum: 0, Workers: 4
[7722.776s][debug][gc,phases      ] GC(202)   Weak JFR Old Object Samples    Min:  0.0, Avg:  0.0, Max:  0.0, Diff:  0.0, Sum:  0.0, Workers: 4
[7722.776s][debug][gc,phases      ] GC(202)     Dead                           Min: 0, Avg:  0.0, Max: 0, Diff: 0, Sum: 0, Workers: 4
[7722.776s][debug][gc,phases      ] GC(202)     Total                          Min: 0, Avg:  0.0, Max: 0, Diff: 0, Sum: 0, Workers: 4
[7722.777s][debug][gc,phases      ] GC(202) Weak Processing 0.421ms
[7722.777s][debug][gc,age         ] GC(202) Desired survivor size 62390272 bytes, new threshold 1 (max threshold 15)
[7722.777s][info ][gc,heap        ] GC(202) PSYoungGen: 2029191K(2054656K)->42480K(2053632K) Eden: 2011136K(2011136K)->0K(2011136K) From: 18055K(43520K)->42480K(42496K)
[7722.777s][info ][gc,heap        ] GC(202) ParOldGen: 2975074K(2975232K)->3010386K(3010560K)
[7722.777s][info ][gc,metaspace   ] GC(202) Metaspace: 116614K(118080K)->116614K(118080K) NonClass: 99305K(100096K)->99305K(100096K) Class: 17309K(17984K)->17309K(17984K)
[7722.777s][info ][gc             ] GC(202) Pause Young (Allocation Failure) 4886M->2981M(4945M) 45.778ms
[7722.777s][info ][gc,cpu         ] GC(202) User=0.15s Sys=0.03s Real=0.04s
[7722.777s][info ][safepoint      ] Safepoint "ParallelGCFailedAllocation", Time since last: 168153257 ns, Reaching safepoint: 94502 ns, Cleanup: 5500 ns, At safepoint: 45905699 ns, Total: 46005701 ns
[7723.777s][info ][safepoint      ] Safepoint "Cleanup", Time since last: 1000108451 ns, Reaching safepoint: 87702 ns, Cleanup: 16801 ns, At safepoint: 10100 ns, Total: 114603 ns
[7725.777s][info ][safepoint      ] Safepoint "Cleanup", Time since last: 2000206238 ns, Reaching safepoint: 87801 ns, Cleanup: 12901 ns, At safepoint: 10100 ns, Total: 110802 ns
[7726.777s][info ][safepoint      ] Safepoint "Cleanup", Time since last: 1000145292 ns, Reaching safepoint: 92201 ns, Cleanup: 14701 ns, At safepoint: 10300 ns, Total: 117202 ns
[7728.778s][info ][safepoint      ] Safepoint "Cleanup", Time since last: 2000234182 ns, Reaching safepoint: 92202 ns, Cleanup: 14400 ns, At safepoint: 18901 ns, Total: 125503 ns
[7741.779s][info ][safepoint      ] Safepoint "Cleanup", Time since last: 13001102756 ns, Reaching safepoint: 81502 ns, Cleanup: 11600 ns, At safepoint: 6900 ns, Total: 100002 ns
[7743.779s][info ][safepoint      ] Safepoint "Cleanup", Time since last: 2000186112 ns, Reaching safepoint: 83102 ns, Cleanup: 11800 ns, At safepoint: 7400 ns, Total: 102302 ns
[7750.031s][info ][safepoint      ] Safepoint "Cleanup", Time since last: 6251437962 ns, Reaching safepoint: 83601 ns, Cleanup: 13000 ns, At safepoint: 8401 ns, Total: 105002 ns
[7752.031s][info ][safepoint      ] Safepoint "Cleanup", Time since last: 2000284002 ns, Reaching safepoint: 83601 ns, Cleanup: 12301 ns, At safepoint: 8600 ns, Total: 104502 ns
[7755.032s][info ][safepoint      ] Safepoint "Cleanup", Time since last: 3000483404 ns, Reaching safepoint: 89002 ns, Cleanup: 15000 ns, At safepoint: 10500 ns, Total: 114502 ns
[7757.032s][info ][safepoint      ] Safepoint "Cleanup", Time since last: 2000262502 ns, Reaching safepoint: 82801 ns, Cleanup: 15101 ns, At safepoint: 6900 ns, Total: 104802 ns
[7757.185s][info ][gc,start       ] GC(203) Pause Young (Allocation Failure)
[7757.220s][debug][gc,phases      ] GC(203) Scavenge 35.287ms
[7757.220s][debug][gc,ref         ] GC(203) Skipped SoftWeakFinalRefsPhase of Reference Processing: no references
[7757.220s][debug][gc,ref         ] GC(203) Skipped KeepAliveFinalRefsPhase of Reference Processing: no references
[7757.220s][debug][gc,ref         ] GC(203) ReferenceProcessor::execute queues: 1, RefProcThreadModel::Single, marks_oops_alive: false
[7757.220s][debug][gc,phases      ] GC(203) Reference Processing 0.115ms
[7757.221s][debug][gc,phases      ] GC(203)   VM Weak                        Min:  0.0, Avg:  0.0, Max:  0.0, Diff:  0.0, Sum:  0.0, Workers: 4
[7757.221s][debug][gc,phases      ] GC(203)     Dead                           Min: 0, Avg:  0.0, Max: 0, Diff: 0, Sum: 0, Workers: 4
[7757.221s][debug][gc,phases      ] GC(203)     Total                          Min: 0, Avg: 292.8, Max: 659, Diff: 659, Sum: 1171, Workers: 4
[7757.221s][debug][gc,phases      ] GC(203)   ObjectSynchronizer Weak        Min:  0.0, Avg:  0.0, Max:  0.0, Diff:  0.0, Sum:  0.0, Workers: 4
[7757.221s][debug][gc,phases      ] GC(203)     Dead                           Min: 0, Avg:  0.0, Max: 0, Diff: 0, Sum: 0, Workers: 4
[7757.221s][debug][gc,phases      ] GC(203)     Total                          Min: 0, Avg:  1.0, Max: 4, Diff: 4, Sum: 4, Workers: 4
[7757.221s][debug][gc,phases      ] GC(203)   JVMTI Tag Weak OopStorage      Min:  0.0, Avg:  0.0, Max:  0.0, Diff:  0.0, Sum:  0.0, Workers: 4
[7757.221s][debug][gc,phases      ] GC(203)     Dead                           Min: 0, Avg:  0.0, Max: 0, Diff: 0, Sum: 0, Workers: 4
[7757.221s][debug][gc,phases      ] GC(203)     Total                          Min: 0, Avg:  0.0, Max: 0, Diff: 0, Sum: 0, Workers: 4
[7757.221s][debug][gc,phases      ] GC(203)   StringTable Weak               Min:  0.1, Avg:  0.1, Max:  0.1, Diff:  0.0, Sum:  0.4, Workers: 4
[7757.221s][debug][gc,phases      ] GC(203)     Dead                           Min: 0, Avg:  0.0, Max: 0, Diff: 0, Sum: 0, Workers: 4
[7757.221s][debug][gc,phases      ] GC(203)     Total                          Min: 11904, Avg: 12642.5, Max: 14336, Diff: 2432, Sum: 50570, Workers: 4
[7757.221s][debug][gc,phases      ] GC(203)   ResolvedMethodTable Weak       Min:  0.0, Avg:  0.0, Max:  0.0, Diff:  0.0, Sum:  0.2, Workers: 4
[7757.221s][debug][gc,phases      ] GC(203)     Dead                           Min: 0, Avg:  4.0, Max: 10, Diff: 10, Sum: 16, Workers: 4
[7757.221s][debug][gc,phases      ] GC(203)     Total                          Min: 3315, Avg: 4116.2, Max: 4638, Diff: 1323, Sum: 16465, Workers: 4
[7757.221s][debug][gc,phases      ] GC(203)   JNI Weak                       Min:  0.0, Avg:  0.0, Max:  0.0, Diff:  0.0, Sum:  0.0, Workers: 4
[7757.221s][debug][gc,phases      ] GC(203)     Dead                           Min: 0, Avg:  0.0, Max: 0, Diff: 0, Sum: 0, Workers: 4
[7757.221s][debug][gc,phases      ] GC(203)     Total                          Min: 0, Avg: 13.0, Max: 52, Diff: 52, Sum: 52, Workers: 4
[7757.221s][debug][gc,phases      ] GC(203)   StringDedup Table Weak         Min:  0.0, Avg:  0.0, Max:  0.0, Diff:  0.0, Sum:  0.0, Workers: 4
[7757.221s][debug][gc,phases      ] GC(203)     Dead                           Min: 0, Avg:  0.0, Max: 0, Diff: 0, Sum: 0, Workers: 4
[7757.221s][debug][gc,phases      ] GC(203)     Total                          Min: 0, Avg:  0.0, Max: 0, Diff: 0, Sum: 0, Workers: 4
[7757.221s][debug][gc,phases      ] GC(203)   StringDedup Requests0 Weak     Min:  0.0, Avg:  0.0, Max:  0.0, Diff:  0.0, Sum:  0.0, Workers: 4
[7757.221s][debug][gc,phases      ] GC(203)     Dead                           Min: 0, Avg:  0.0, Max: 0, Diff: 0, Sum: 0, Workers: 4
[7757.221s][debug][gc,phases      ] GC(203)     Total                          Min: 0, Avg:  0.0, Max: 0, Diff: 0, Sum: 0, Workers: 4
[7757.221s][debug][gc,phases      ] GC(203)   StringDedup Requests1 Weak     Min:  0.0, Avg:  0.0, Max:  0.0, Diff:  0.0, Sum:  0.0, Workers: 4
[7757.221s][debug][gc,phases      ] GC(203)     Dead                           Min: 0, Avg:  0.0, Max: 0, Diff: 0, Sum: 0, Workers: 4
[7757.221s][debug][gc,phases      ] GC(203)     Total                          Min: 0, Avg:  0.0, Max: 0, Diff: 0, Sum: 0, Workers: 4
[7757.221s][debug][gc,phases      ] GC(203)   Weak JFR Old Object Samples    Min:  0.0, Avg:  0.0, Max:  0.0, Diff:  0.0, Sum:  0.0, Workers: 4
[7757.221s][debug][gc,phases      ] GC(203)     Dead                           Min: 0, Avg:  0.0, Max: 0, Diff: 0, Sum: 0, Workers: 4
[7757.221s][debug][gc,phases      ] GC(203)     Total                          Min: 0, Avg:  0.0, Max: 0, Diff: 0, Sum: 0, Workers: 4
[7757.221s][debug][gc,phases      ] GC(203) Weak Processing 0.380ms
[7757.221s][debug][gc,age         ] GC(203) Desired survivor size 62914560 bytes, new threshold 1 (max threshold 15)
[7757.221s][info ][gc,heap        ] GC(203) PSYoungGen: 2053616K(2053632K)->5280K(2017792K) Eden: 2011136K(2011136K)->0K(1974272K) From: 42480K(42496K)->5280K(43520K)
[7757.221s][info ][gc,heap        ] GC(203) ParOldGen: 3010386K(3010560K)->3051943K(3052032K)
[7757.221s][info ][gc,metaspace   ] GC(203) Metaspace: 116621K(118080K)->116621K(118080K) NonClass: 99312K(100096K)->99312K(100096K) Class: 17309K(17984K)->17309K(17984K)
[7757.221s][info ][gc             ] GC(203) Pause Young (Allocation Failure) 4945M->2985M(4951M) 35.942ms
[7757.221s][info ][gc,cpu         ] GC(203) User=0.10s Sys=0.03s Real=0.04s
[7757.221s][info ][safepoint      ] Safepoint "ParallelGCFailedAllocation", Time since last: 152537843 ns, Reaching safepoint: 11301 ns, Cleanup: 5700 ns, At safepoint: 36037695 ns, Total: 36054696 ns
[7764.222s][info ][safepoint      ] Safepoint "Cleanup", Time since last: 7000644110 ns, Reaching safepoint: 14201 ns, Cleanup: 33600 ns, At safepoint: 4700 ns, Total: 52501 ns
[7765.222s][info ][safepoint      ] Safepoint "Cleanup", Time since last: 1000193012 ns, Reaching safepoint: 13700 ns, Cleanup: 17001 ns, At safepoint: 4000 ns, Total: 34701 ns
[7779.224s][info ][safepoint      ] Safepoint "Cleanup", Time since last: 14002094643 ns, Reaching safepoint: 12500 ns, Cleanup: 15701 ns, At safepoint: 4100 ns, Total: 32301 ns
[7789.225s][info ][safepoint      ] Safepoint "Cleanup", Time since last: 10001492201 ns, Reaching safepoint: 92002 ns, Cleanup: 15200 ns, At safepoint: 10700 ns, Total: 117902 ns
[7791.226s][info ][safepoint      ] Safepoint "Cleanup", Time since last: 2000242914 ns, Reaching safepoint: 87402 ns, Cleanup: 12600 ns, At safepoint: 12201 ns, Total: 112203 ns
[7792.130s][info ][gc,start       ] GC(204) Pause Young (Allocation Failure)
[7792.138s][debug][gc,phases      ] GC(204) Scavenge 8.380ms
[7792.139s][debug][gc,ref         ] GC(204) ReferenceProcessor::execute queues: 1, RefProcThreadModel::Single, marks_oops_alive: false
[7792.139s][debug][gc,ref         ] GC(204) Skipped KeepAliveFinalRefsPhase of Reference Processing: no references
[7792.139s][debug][gc,ref         ] GC(204) ReferenceProcessor::execute queues: 1, RefProcThreadModel::Single, marks_oops_alive: false
[7792.139s][debug][gc,phases      ] GC(204) Reference Processing 0.106ms
[7792.139s][debug][gc,phases      ] GC(204)   VM Weak                        Min:  0.0, Avg:  0.0, Max:  0.0, Diff:  0.0, Sum:  0.0, Workers: 4
[7792.139s][debug][gc,phases      ] GC(204)     Dead                           Min: 0, Avg:  0.0, Max: 0, Diff: 0, Sum: 0, Workers: 4
[7792.139s][debug][gc,phases      ] GC(204)     Total                          Min: 0, Avg: 292.8, Max: 1043, Diff: 1043, Sum: 1171, Workers: 4
[7792.139s][debug][gc,phases      ] GC(204)   ObjectSynchronizer Weak        Min:  0.0, Avg:  0.0, Max:  0.0, Diff:  0.0, Sum:  0.0, Workers: 4
[7792.139s][debug][gc,phases      ] GC(204)     Dead                           Min: 0, Avg:  0.0, Max: 0, Diff: 0, Sum: 0, Workers: 4
[7792.139s][debug][gc,phases      ] GC(204)     Total                          Min: 0, Avg:  1.0, Max: 4, Diff: 4, Sum: 4, Workers: 4
[7792.139s][debug][gc,phases      ] GC(204)   JVMTI Tag Weak OopStorage      Min:  0.0, Avg:  0.0, Max:  0.0, Diff:  0.0, Sum:  0.0, Workers: 4
[7792.139s][debug][gc,phases      ] GC(204)     Dead                           Min: 0, Avg:  0.0, Max: 0, Diff: 0, Sum: 0, Workers: 4
[7792.139s][debug][gc,phases      ] GC(204)     Total                          Min: 0, Avg:  0.0, Max: 0, Diff: 0, Sum: 0, Workers: 4
[7792.139s][debug][gc,phases      ] GC(204)   StringTable Weak               Min:  0.1, Avg:  0.1, Max:  0.1, Diff:  0.0, Sum:  0.4, Workers: 4
[7792.139s][debug][gc,phases      ] GC(204)     Dead                           Min: 0, Avg:  0.2, Max: 1, Diff: 1, Sum: 1, Workers: 4
[7792.139s][debug][gc,phases      ] GC(204)     Total                          Min: 10623, Avg: 12642.8, Max: 14592, Diff: 3969, Sum: 50571, Workers: 4
[7792.139s][debug][gc,phases      ] GC(204)   ResolvedMethodTable Weak       Min:  0.0, Avg:  0.0, Max:  0.0, Diff:  0.0, Sum:  0.1, Workers: 4
[7792.139s][debug][gc,phases      ] GC(204)     Dead                           Min: 0, Avg:  0.0, Max: 0, Diff: 0, Sum: 0, Workers: 4
[7792.139s][debug][gc,phases      ] GC(204)     Total                          Min: 3426, Avg: 4116.8, Max: 4862, Diff: 1436, Sum: 16467, Workers: 4
[7792.139s][debug][gc,phases      ] GC(204)   JNI Weak                       Min:  0.0, Avg:  0.0, Max:  0.0, Diff:  0.0, Sum:  0.0, Workers: 4
[7792.139s][debug][gc,phases      ] GC(204)     Dead                           Min: 0, Avg:  0.0, Max: 0, Diff: 0, Sum: 0, Workers: 4
[7792.139s][debug][gc,phases      ] GC(204)     Total                          Min: 0, Avg: 13.0, Max: 52, Diff: 52, Sum: 52, Workers: 4
[7792.139s][debug][gc,phases      ] GC(204)   StringDedup Table Weak         Min:  0.0, Avg:  0.0, Max:  0.0, Diff:  0.0, Sum:  0.0, Workers: 4
[7792.139s][debug][gc,phases      ] GC(204)     Dead                           Min: 0, Avg:  0.0, Max: 0, Diff: 0, Sum: 0, Workers: 4
[7792.139s][debug][gc,phases      ] GC(204)     Total                          Min: 0, Avg:  0.0, Max: 0, Diff: 0, Sum: 0, Workers: 4
[7792.139s][debug][gc,phases      ] GC(204)   StringDedup Requests0 Weak     Min:  0.0, Avg:  0.0, Max:  0.0, Diff:  0.0, Sum:  0.0, Workers: 4
[7792.139s][debug][gc,phases      ] GC(204)     Dead                           Min: 0, Avg:  0.0, Max: 0, Diff: 0, Sum: 0, Workers: 4
[7792.139s][debug][gc,phases      ] GC(204)     Total                          Min: 0, Avg:  0.0, Max: 0, Diff: 0, Sum: 0, Workers: 4
[7792.139s][debug][gc,phases      ] GC(204)   StringDedup Requests1 Weak     Min:  0.0, Avg:  0.0, Max:  0.0, Diff:  0.0, Sum:  0.0, Workers: 4
[7792.139s][debug][gc,phases      ] GC(204)     Dead                           Min: 0, Avg:  0.0, Max: 0, Diff: 0, Sum: 0, Workers: 4
[7792.139s][debug][gc,phases      ] GC(204)     Total                          Min: 0, Avg:  0.0, Max: 0, Diff: 0, Sum: 0, Workers: 4
[7792.139s][debug][gc,phases      ] GC(204)   Weak JFR Old Object Samples    Min:  0.0, Avg:  0.0, Max:  0.0, Diff:  0.0, Sum:  0.0, Workers: 4
[7792.139s][debug][gc,phases      ] GC(204)     Dead                           Min: 0, Avg:  0.0, Max: 0, Diff: 0, Sum: 0, Workers: 4
[7792.139s][debug][gc,phases      ] GC(204)     Total                          Min: 0, Avg:  0.0, Max: 0, Diff: 0, Sum: 0, Workers: 4
[7792.139s][debug][gc,phases      ] GC(204) Weak Processing 0.353ms
[7792.139s][debug][gc,age         ] GC(204) Desired survivor size 62914560 bytes, new threshold 1 (max threshold 15)
[7792.139s][info ][gc,heap        ] GC(204) PSYoungGen: 1979552K(2017792K)->5008K(2035712K) Eden: 1974272K(1974272K)->0K(1974272K) From: 5280K(43520K)->5008K(61440K)
[7792.139s][info ][gc,heap        ] GC(204) ParOldGen: 3051943K(3052032K)->3054380K(3054592K)
[7792.139s][info ][gc,metaspace   ] GC(204) Metaspace: 116631K(118144K)->116631K(118144K) NonClass: 99321K(100160K)->99321K(100160K) Class: 17309K(17984K)->17309K(17984K)
[7792.139s][info ][gc             ] GC(204) Pause Young (Allocation Failure) 4913M->2987M(4971M) 8.985ms
[7792.139s][info ][gc,cpu         ] GC(204) User=0.03s Sys=0.00s Real=0.01s
[7792.139s][info ][safepoint      ] Safepoint "ParallelGCFailedAllocation", Time since last: 904049448 ns, Reaching safepoint: 89701 ns, Cleanup: 14101 ns, At safepoint: 9075876 ns, Total: 9179678 ns
[7807.055s][info ][safepoint      ] Safepoint "Cleanup", Time since last: 14916373095 ns, Reaching safepoint: 11101 ns, Cleanup: 14600 ns, At safepoint: 3400 ns, Total: 29101 ns
[7809.056s][info ][safepoint      ] Safepoint "Cleanup", Time since last: 2000291987 ns, Reaching safepoint: 12601 ns, Cleanup: 20000 ns, At safepoint: 3400 ns, Total: 36001 ns
[7814.057s][info ][safepoint      ] Safepoint "Cleanup", Time since last: 5000667945 ns, Reaching safepoint: 14000 ns, Cleanup: 47201 ns, At safepoint: 5000 ns, Total: 66201 ns
[7821.058s][info ][safepoint      ] Safepoint "Cleanup", Time since last: 7000983651 ns, Reaching safepoint: 13201 ns, Cleanup: 13600 ns, At safepoint: 4900 ns, Total: 31701 ns
[7842.060s][info ][safepoint      ] Safepoint "Cleanup", Time since last: 21002468862 ns, Reaching safepoint: 13000 ns, Cleanup: 16700 ns, At safepoint: 3500 ns, Total: 33200 ns
[7843.060s][info ][safepoint      ] Safepoint "Cleanup", Time since last: 1000146486 ns, Reaching safepoint: 13100 ns, Cleanup: 20600 ns, At safepoint: 4000 ns, Total: 37700 ns
[7844.061s][info ][safepoint      ] Safepoint "Cleanup", Time since last: 1000242387 ns, Reaching safepoint: 66902 ns, Cleanup: 25600 ns, At safepoint: 9000 ns, Total: 101502 ns
[7845.061s][info ][safepoint      ] Safepoint "Cleanup", Time since last: 1000266088 ns, Reaching safepoint: 18900 ns, Cleanup: 24501 ns, At safepoint: 7500 ns, Total: 50901 ns
[7846.061s][info ][safepoint      ] Safepoint "Cleanup", Time since last: 1000162081 ns, Reaching safepoint: 14500 ns, Cleanup: 17100 ns, At safepoint: 3600 ns, Total: 35200 ns
[7847.778s][info ][gc,start       ] GC(205) Pause Young (Allocation Failure)
[7847.786s][debug][gc,phases      ] GC(205) Scavenge 8.028ms
[7847.786s][debug][gc,ref         ] GC(205) ReferenceProcessor::execute queues: 1, RefProcThreadModel::Single, marks_oops_alive: false
[7847.786s][debug][gc,ref         ] GC(205) Skipped KeepAliveFinalRefsPhase of Reference Processing: no references
[7847.786s][debug][gc,ref         ] GC(205) ReferenceProcessor::execute queues: 1, RefProcThreadModel::Single, marks_oops_alive: false
[7847.786s][debug][gc,phases      ] GC(205) Reference Processing 0.104ms
[7847.787s][debug][gc,phases      ] GC(205)   VM Weak                        Min:  0.0, Avg:  0.0, Max:  0.0, Diff:  0.0, Sum:  0.0, Workers: 4
[7847.787s][debug][gc,phases      ] GC(205)     Dead                           Min: 0, Avg:  0.0, Max: 0, Diff: 0, Sum: 0, Workers: 4
[7847.787s][debug][gc,phases      ] GC(205)     Total                          Min: 0, Avg: 292.8, Max: 640, Diff: 640, Sum: 1171, Workers: 4
[7847.787s][debug][gc,phases      ] GC(205)   ObjectSynchronizer Weak        Min:  0.0, Avg:  0.0, Max:  0.0, Diff:  0.0, Sum:  0.0, Workers: 4
[7847.787s][debug][gc,phases      ] GC(205)     Dead                           Min: 0, Avg:  0.0, Max: 0, Diff: 0, Sum: 0, Workers: 4
[7847.787s][debug][gc,phases      ] GC(205)     Total                          Min: 0, Avg:  1.0, Max: 4, Diff: 4, Sum: 4, Workers: 4
[7847.787s][debug][gc,phases      ] GC(205)   JVMTI Tag Weak OopStorage      Min:  0.0, Avg:  0.0, Max:  0.0, Diff:  0.0, Sum:  0.0, Workers: 4
[7847.787s][debug][gc,phases      ] GC(205)     Dead                           Min: 0, Avg:  0.0, Max: 0, Diff: 0, Sum: 0, Workers: 4
[7847.787s][debug][gc,phases      ] GC(205)     Total                          Min: 0, Avg:  0.0, Max: 0, Diff: 0, Sum: 0, Workers: 4
[7847.787s][debug][gc,phases      ] GC(205)   StringTable Weak               Min:  0.1, Avg:  0.1, Max:  0.1, Diff:  0.0, Sum:  0.4, Workers: 4
[7847.787s][debug][gc,phases      ] GC(205)     Dead                           Min: 0, Avg:  0.0, Max: 0, Diff: 0, Sum: 0, Workers: 4
[7847.787s][debug][gc,phases      ] GC(205)     Total                          Min: 10446, Avg: 12643.2, Max: 14016, Diff: 3570, Sum: 50573, Workers: 4
[7847.787s][debug][gc,phases      ] GC(205)   ResolvedMethodTable Weak       Min:  0.0, Avg:  0.0, Max:  0.0, Diff:  0.0, Sum:  0.1, Workers: 4
[7847.787s][debug][gc,phases      ] GC(205)     Dead                           Min: 0, Avg:  7.8, Max: 19, Diff: 19, Sum: 31, Workers: 4
[7847.787s][debug][gc,phases      ] GC(205)     Total                          Min: 3467, Avg: 4117.8, Max: 4537, Diff: 1070, Sum: 16471, Workers: 4
[7847.787s][debug][gc,phases      ] GC(205)   JNI Weak                       Min:  0.0, Avg:  0.0, Max:  0.0, Diff:  0.0, Sum:  0.0, Workers: 4
[7847.787s][debug][gc,phases      ] GC(205)     Dead                           Min: 0, Avg:  0.0, Max: 0, Diff: 0, Sum: 0, Workers: 4
[7847.787s][debug][gc,phases      ] GC(205)     Total                          Min: 0, Avg: 13.0, Max: 52, Diff: 52, Sum: 52, Workers: 4
[7847.787s][debug][gc,phases      ] GC(205)   StringDedup Table Weak         Min:  0.0, Avg:  0.0, Max:  0.0, Diff:  0.0, Sum:  0.0, Workers: 4
[7847.787s][debug][gc,phases      ] GC(205)     Dead                           Min: 0, Avg:  0.0, Max: 0, Diff: 0, Sum: 0, Workers: 4
[7847.787s][debug][gc,phases      ] GC(205)     Total                          Min: 0, Avg:  0.0, Max: 0, Diff: 0, Sum: 0, Workers: 4
[7847.787s][debug][gc,phases      ] GC(205)   StringDedup Requests0 Weak     Min:  0.0, Avg:  0.0, Max:  0.0, Diff:  0.0, Sum:  0.0, Workers: 4
[7847.787s][debug][gc,phases      ] GC(205)     Dead                           Min: 0, Avg:  0.0, Max: 0, Diff: 0, Sum: 0, Workers: 4
[7847.787s][debug][gc,phases      ] GC(205)     Total                          Min: 0, Avg:  0.0, Max: 0, Diff: 0, Sum: 0, Workers: 4
[7847.787s][debug][gc,phases      ] GC(205)   StringDedup Requests1 Weak     Min:  0.0, Avg:  0.0, Max:  0.0, Diff:  0.0, Sum:  0.0, Workers: 4
[7847.787s][debug][gc,phases      ] GC(205)     Dead                           Min: 0, Avg:  0.0, Max: 0, Diff: 0, Sum: 0, Workers: 4
[7847.787s][debug][gc,phases      ] GC(205)     Total                          Min: 0, Avg:  0.0, Max: 0, Diff: 0, Sum: 0, Workers: 4
[7847.787s][debug][gc,phases      ] GC(205)   Weak JFR Old Object Samples    Min:  0.0, Avg:  0.0, Max:  0.0, Diff:  0.0, Sum:  0.0, Workers: 4
[7847.787s][debug][gc,phases      ] GC(205)     Dead                           Min: 0, Avg:  0.0, Max: 0, Diff: 0, Sum: 0, Workers: 4
[7847.787s][debug][gc,phases      ] GC(205)     Total                          Min: 0, Avg:  0.0, Max: 0, Diff: 0, Sum: 0, Workers: 4
[7847.787s][debug][gc,phases      ] GC(205) Weak Processing 0.354ms
[7847.787s][debug][gc,age         ] GC(205) Desired survivor size 62390272 bytes, new threshold 1 (max threshold 15)
[7847.787s][info ][gc,heap        ] GC(205) PSYoungGen: 1979280K(2035712K)->5136K(2036224K) Eden: 1974272K(1974272K)->0K(1974784K) From: 5008K(61440K)->5136K(61440K)
[7847.787s][info ][gc,heap        ] GC(205) ParOldGen: 3054380K(3054592K)->3055569K(3055616K)
[7847.787s][info ][gc,metaspace   ] GC(205) Metaspace: 116648K(118144K)->116648K(118144K) NonClass: 99337K(100160K)->99337K(100160K) Class: 17310K(17984K)->17310K(17984K)
[7847.787s][info ][gc             ] GC(205) Pause Young (Allocation Failure) 4915M->2988M(4972M) 8.634ms
[7847.787s][info ][gc,cpu         ] GC(205) User=0.03s Sys=0.00s Real=0.01s
[7847.787s][info ][safepoint      ] Safepoint "ParallelGCFailedAllocation", Time since last: 1716874722 ns, Reaching safepoint: 82402 ns, Cleanup: 6100 ns, At safepoint: 8734370 ns, Total: 8822872 ns
[7849.787s][info ][safepoint      ] Safepoint "Cleanup", Time since last: 2000175937 ns, Reaching safepoint: 12700 ns, Cleanup: 13900 ns, At safepoint: 3000 ns, Total: 29600 ns
[7852.787s][info ][safepoint      ] Safepoint "Cleanup", Time since last: 3000270205 ns, Reaching safepoint: 12301 ns, Cleanup: 14400 ns, At safepoint: 3300 ns, Total: 30001 ns
[7854.788s][info ][safepoint      ] Safepoint "Cleanup", Time since last: 2000257514 ns, Reaching safepoint: 13700 ns, Cleanup: 14000 ns, At safepoint: 4400 ns, Total: 32100 ns
[7860.788s][info ][safepoint      ] Safepoint "Cleanup", Time since last: 6000721708 ns, Reaching safepoint: 11601 ns, Cleanup: 14200 ns, At safepoint: 3300 ns, Total: 29101 ns
[7866.082s][info ][safepoint      ] Safepoint "Cleanup", Time since last: 5293989432 ns, Reaching safepoint: 89502 ns, Cleanup: 18600 ns, At safepoint: 10801 ns, Total: 118903 ns
[7870.083s][info ][safepoint      ] Safepoint "Cleanup", Time since last: 4000452902 ns, Reaching safepoint: 11500 ns, Cleanup: 13800 ns, At safepoint: 9700 ns, Total: 35000 ns
[7883.084s][info ][safepoint      ] Safepoint "Cleanup", Time since last: 13001433280 ns, Reaching safepoint: 11600 ns, Cleanup: 12101 ns, At safepoint: 3400 ns, Total: 27101 ns
[7899.086s][info ][safepoint      ] Safepoint "Cleanup", Time since last: 16001783224 ns, Reaching safepoint: 15800 ns, Cleanup: 12700 ns, At safepoint: 2900 ns, Total: 31400 ns
[7904.087s][info ][safepoint      ] Safepoint "Cleanup", Time since last: 5000569776 ns, Reaching safepoint: 15300 ns, Cleanup: 12001 ns, At safepoint: 3400 ns, Total: 30701 ns
[7913.088s][info ][safepoint      ] Safepoint "Cleanup", Time since last: 9001150512 ns, Reaching safepoint: 16300 ns, Cleanup: 23401 ns, At safepoint: 3600 ns, Total: 43301 ns
[8032.615s][info ][safepoint      ] Safepoint "JFRCheckpoint", Time since last: 119527072279 ns, Reaching safepoint: 76802 ns, Cleanup: 15600 ns, At safepoint: 24400 ns, Total: 116802 ns
[8032.618s][info ][gc,heap,exit   ] Heap
[8032.618s][info ][gc,heap,exit   ]  PSYoungGen      total 2036224K, used 1930368K [0x0000000780000000, 0x0000000800000000, 0x0000000800000000)
[8032.618s][info ][gc,heap,exit   ]   eden space 1974784K, 97% used [0x0000000780000000,0x00000007f581c178,0x00000007f8880000)
[8032.618s][info ][gc,heap,exit   ]   from space 61440K, 8% used [0x00000007fc400000,0x00000007fc9040f0,0x0000000800000000)
[8032.618s][info ][gc,heap,exit   ]   to   space 60928K, 0% used [0x00000007f8880000,0x00000007f8880000,0x00000007fc400000)
[8032.618s][info ][gc,heap,exit   ]  ParOldGen       total 3055616K, used 3055569K [0x00000006c0000000, 0x000000077a800000, 0x0000000780000000)
[8032.618s][info ][gc,heap,exit   ]   object space 3055616K, 99% used [0x00000006c0000000,0x000000077a7f4440,0x000000077a800000)
[8032.618s][info ][gc,heap,exit   ]  Metaspace       used 116784K, committed 118336K, reserved 1179648K
[8032.618s][info ][gc,heap,exit   ]   class space    used 17338K, committed 18048K, reserved 1048576K
